Archive member included to satisfy reference by file (symbol)

/usr/lib/gcc/avr/4.9.2/../../../avr/lib/avr5/libm.a(fixsfsi.o)
                              .build/obj_ergodox_ez_pydemia/common/mousekey.o (__fixsfsi)
/usr/lib/gcc/avr/4.9.2/../../../avr/lib/avr5/libm.a(fixunssfsi.o)
                              /usr/lib/gcc/avr/4.9.2/../../../avr/lib/avr5/libm.a(fixsfsi.o) (__fixunssfsi)
/usr/lib/gcc/avr/4.9.2/../../../avr/lib/avr5/libm.a(floatsisf.o)
                              .build/obj_ergodox_ez_pydemia/common/mousekey.o (__floatsisf)
/usr/lib/gcc/avr/4.9.2/../../../avr/lib/avr5/libm.a(fp_split3.o)
                              /usr/lib/gcc/avr/4.9.2/../../../avr/lib/avr5/libm.a(fixunssfsi.o) (__fp_splitA)
/usr/lib/gcc/avr/4.9.2/../../../avr/lib/avr5/libm.a(fp_zero.o)
                              /usr/lib/gcc/avr/4.9.2/../../../avr/lib/avr5/libm.a(fixunssfsi.o) (__fp_zero)
/usr/lib/gcc/avr/4.9.2/../../../avr/lib/avr5/libm.a(mulsf3.o)
                              .build/obj_ergodox_ez_pydemia/common/mousekey.o (__mulsf3)
/usr/lib/gcc/avr/4.9.2/../../../avr/lib/avr5/libm.a(mulsf3x.o)
                              /usr/lib/gcc/avr/4.9.2/../../../avr/lib/avr5/libm.a(mulsf3.o) (__mulsf3x)
/usr/lib/gcc/avr/4.9.2/../../../avr/lib/avr5/libm.a(fp_inf.o)
                              /usr/lib/gcc/avr/4.9.2/../../../avr/lib/avr5/libm.a(mulsf3x.o) (__fp_inf)
/usr/lib/gcc/avr/4.9.2/../../../avr/lib/avr5/libm.a(fp_nan.o)
                              /usr/lib/gcc/avr/4.9.2/../../../avr/lib/avr5/libm.a(mulsf3x.o) (__fp_nan)
/usr/lib/gcc/avr/4.9.2/../../../avr/lib/avr5/libm.a(fp_pscA.o)
                              /usr/lib/gcc/avr/4.9.2/../../../avr/lib/avr5/libm.a(mulsf3x.o) (__fp_pscA)
/usr/lib/gcc/avr/4.9.2/../../../avr/lib/avr5/libm.a(fp_pscB.o)
                              /usr/lib/gcc/avr/4.9.2/../../../avr/lib/avr5/libm.a(mulsf3x.o) (__fp_pscB)
/usr/lib/gcc/avr/4.9.2/../../../avr/lib/avr5/libm.a(fp_round.o)
                              /usr/lib/gcc/avr/4.9.2/../../../avr/lib/avr5/libm.a(mulsf3.o) (__fp_round)
/usr/lib/gcc/avr/4.9.2/avr5/libgcc.a(_divmodhi4.o)
                              .build/obj_ergodox_ez_pydemia/keyboards/ergodox/ez/keymaps/pydemia/keymap.o (__divmodhi4)
/usr/lib/gcc/avr/4.9.2/avr5/libgcc.a(_exit.o)
                              /usr/lib/gcc/avr/4.9.2/../../../avr/lib/avr5/crtatmega32u4.o (exit)
/usr/lib/gcc/avr/4.9.2/avr5/libgcc.a(_tablejump2.o)
                              .build/obj_ergodox_ez_pydemia/keyboards/ergodox/ez/keymaps/pydemia/keymap.o (__tablejump2__)
/usr/lib/gcc/avr/4.9.2/avr5/libgcc.a(_copy_data.o)
                              .build/obj_ergodox_ez_pydemia/matrix.o (__do_copy_data)
/usr/lib/gcc/avr/4.9.2/avr5/libgcc.a(_clear_bss.o)
                              .build/obj_ergodox_ez_pydemia/matrix.o (__do_clear_bss)
/usr/lib/gcc/avr/4.9.2/avr5/libgcc.a(_udivmodhi4.o)
                              /usr/lib/gcc/avr/4.9.2/avr5/libgcc.a(_divmodhi4.o) (__udivmodhi4)
/usr/lib/gcc/avr/4.9.2/../../../avr/lib/avr5/libc.a(strstr.o)
                              .build/obj_ergodox_ez_pydemia/keyboards/ergodox/ez/keymaps/pydemia/keymap.o (strstr)
/usr/lib/gcc/avr/4.9.2/../../../avr/lib/avr5/libc.a(sscanf.o)
                              .build/obj_ergodox_ez_pydemia/keyboards/ergodox/ez/keymaps/pydemia/keymap.o (sscanf)
/usr/lib/gcc/avr/4.9.2/../../../avr/lib/avr5/libc.a(vfscanf_std.o)
                              /usr/lib/gcc/avr/4.9.2/../../../avr/lib/avr5/libc.a(sscanf.o) (vfscanf)
/usr/lib/gcc/avr/4.9.2/../../../avr/lib/avr5/libc.a(isspace.o)
                              /usr/lib/gcc/avr/4.9.2/../../../avr/lib/avr5/libc.a(vfscanf_std.o) (isspace)
/usr/lib/gcc/avr/4.9.2/../../../avr/lib/avr5/libc.a(strchr_P.o)
                              /usr/lib/gcc/avr/4.9.2/../../../avr/lib/avr5/libc.a(vfscanf_std.o) (strchr_P)
/usr/lib/gcc/avr/4.9.2/../../../avr/lib/avr5/libc.a(fgetc.o)
                              /usr/lib/gcc/avr/4.9.2/../../../avr/lib/avr5/libc.a(vfscanf_std.o) (fgetc)
/usr/lib/gcc/avr/4.9.2/../../../avr/lib/avr5/libc.a(ungetc.o)
                              /usr/lib/gcc/avr/4.9.2/../../../avr/lib/avr5/libc.a(vfscanf_std.o) (ungetc)
/usr/lib/gcc/avr/4.9.2/../../../avr/lib/avr5/libc.a(cty_isfalse.o)
                              /usr/lib/gcc/avr/4.9.2/../../../avr/lib/avr5/libc.a(isspace.o) (__ctype_isfalse)
/usr/lib/gcc/avr/4.9.2/../../../avr/lib/avr5/libatmega32u4.a(eerd_byte.o)
                              .build/obj_ergodox_ez_pydemia/common/eeconfig.o (eeprom_read_byte)
/usr/lib/gcc/avr/4.9.2/../../../avr/lib/avr5/libatmega32u4.a(eerd_word.o)
                              .build/obj_ergodox_ez_pydemia/common/eeconfig.o (eeprom_read_word)
/usr/lib/gcc/avr/4.9.2/../../../avr/lib/avr5/libatmega32u4.a(eeupd_byte.o)
                              .build/obj_ergodox_ez_pydemia/common/eeconfig.o (eeprom_update_byte)
/usr/lib/gcc/avr/4.9.2/../../../avr/lib/avr5/libatmega32u4.a(eeupd_word.o)
[...]
Memory Configuration

Name             Origin             Length             Attributes
text             0x0000000000000000 0x0000000000020000 xr
data             0x0000000000800060 0x000000000000ffa0 rw !x
eeprom           0x0000000000810000 0x0000000000010000 rw !x
fuse             0x0000000000820000 0x0000000000000400 rw !x
lock             0x0000000000830000 0x0000000000000400 rw !x
signature        0x0000000000840000 0x0000000000000400 rw !x
user_signatures  0x0000000000850000 0x0000000000000400 rw !x
*default*        0x0000000000000000 0xffffffffffffffff

Linker script and memory map

Address of section .data set to 0x800100
LOAD /usr/lib/gcc/avr/4.9.2/../../../avr/lib/avr5/crtatmega32u4.o
LOAD .build/obj_ergodox_ez_pydemia/twimaster.o
LOAD .build/obj_ergodox_ez_pydemia/matrix.o
LOAD .build/obj_ergodox_ez_pydemia/keyboards/ergodox/ergodox.o
LOAD .build/obj_ergodox_ez_pydemia/keyboards/ergodox/ez/keymaps/pydemia/keymap.o
LOAD .build/obj_ergodox_ez_pydemia/quantum/quantum.o
LOAD .build/obj_ergodox_ez_pydemia/quantum/keymap_common.o
LOAD .build/obj_ergodox_ez_pydemia/quantum/keycode_config.o
LOAD .build/obj_ergodox_ez_pydemia/quantum/process_keycode/process_leader.o
LOAD .build/obj_ergodox_ez_pydemia/keyboards/ergodox/ez/ez.o
LOAD .build/obj_ergodox_ez_pydemia/quantum/process_keycode/process_unicode.o
LOAD .build/obj_ergodox_ez_pydemia/quantum/process_keycode/process_tap_dance.o
LOAD .build/obj_ergodox_ez_pydemia/common/host.o
LOAD .build/obj_ergodox_ez_pydemia/common/keyboard.o
LOAD .build/obj_ergodox_ez_pydemia/common/action.o
LOAD .build/obj_ergodox_ez_pydemia/common/action_tapping.o
LOAD .build/obj_ergodox_ez_pydemia/common/action_macro.o
LOAD .build/obj_ergodox_ez_pydemia/common/action_layer.o
LOAD .build/obj_ergodox_ez_pydemia/common/action_util.o
LOAD .build/obj_ergodox_ez_pydemia/common/print.o
LOAD .build/obj_ergodox_ez_pydemia/common/debug.o
LOAD .build/obj_ergodox_ez_pydemia/common/util.o
LOAD .build/obj_ergodox_ez_pydemia/common/eeconfig.o
LOAD .build/obj_ergodox_ez_pydemia/common/avr/suspend.o
LOAD .build/obj_ergodox_ez_pydemia/common/avr/timer.o
LOAD .build/obj_ergodox_ez_pydemia/common/avr/bootloader.o
LOAD .build/obj_ergodox_ez_pydemia/common/avr/xprintf.o
LOAD .build/obj_ergodox_ez_pydemia/common/magic.o
LOAD .build/obj_ergodox_ez_pydemia/common/mousekey.o
LOAD .build/obj_ergodox_ez_pydemia/common/command.o
LOAD .build/obj_ergodox_ez_pydemia/lufa.o
LOAD .build/obj_ergodox_ez_pydemia/descriptor.o
LOAD .build/obj_ergodox_ez_pydemia/protocol/lufa/LUFA-git/LUFA/Drivers/USB/Class/Common/HIDParser.o
LOAD .build/obj_ergodox_ez_pydemia/protocol/lufa/LUFA-git/LUFA/Drivers/USB/Core/AVR8/Device_AVR8.o
LOAD .build/obj_ergodox_ez_pydemia/protocol/lufa/LUFA-git/LUFA/Drivers/USB/Core/AVR8/EndpointStream_AVR8.o
LOAD .build/obj_ergodox_ez_pydemia/protocol/lufa/LUFA-git/LUFA/Drivers/USB/Core/AVR8/Endpoint_AVR8.o
LOAD .build/obj_ergodox_ez_pydemia/protocol/lufa/LUFA-git/LUFA/Drivers/USB/Core/AVR8/Host_AVR8.o
LOAD .build/obj_ergodox_ez_pydemia/protocol/lufa/LUFA-git/LUFA/Drivers/USB/Core/AVR8/PipeStream_AVR8.o
LOAD .build/obj_ergodox_ez_pydemia/protocol/lufa/LUFA-git/LUFA/Drivers/USB/Core/AVR8/Pipe_AVR8.o
LOAD .build/obj_ergodox_ez_pydemia/protocol/lufa/LUFA-git/LUFA/Drivers/USB/Core/AVR8/USBController_AVR8.o
LOAD .build/obj_ergodox_ez_pydemia/protocol/lufa/LUFA-git/LUFA/Drivers/USB/Core/AVR8/USBInterrupt_AVR8.o
LOAD .build/obj_ergodox_ez_pydemia/protocol/lufa/LUFA-git/LUFA/Drivers/USB/Core/ConfigDescriptors.o
LOAD .build/obj_ergodox_ez_pydemia/protocol/lufa/LUFA-git/LUFA/Drivers/USB/Core/DeviceStandardReq.o
LOAD .build/obj_ergodox_ez_pydemia/protocol/lufa/LUFA-git/LUFA/Drivers/USB/Core/Events.o
LOAD .build/obj_ergodox_ez_pydemia/protocol/lufa/LUFA-git/LUFA/Drivers/USB/Core/HostStandardReq.o
LOAD .build/obj_ergodox_ez_pydemia/protocol/lufa/LUFA-git/LUFA/Drivers/USB/Core/USBTask.o
LOAD /usr/lib/gcc/avr/4.9.2/../../../avr/lib/avr5/libm.a
START GROUP
LOAD /usr/lib/gcc/avr/4.9.2/avr5/libgcc.a
LOAD /usr/lib/gcc/avr/4.9.2/../../../avr/lib/avr5/libm.a
LOAD /usr/lib/gcc/avr/4.9.2/../../../avr/lib/avr5/libc.a
LOAD /usr/lib/gcc/avr/4.9.2/../../../avr/lib/avr5/libatmega32u4.a
END GROUP

.hash
 *(.hash)

.dynsym
 *(.dynsym)

.dynstr
 *(.dynstr)

.gnu.version
 *(.gnu.version)

.gnu.version_d
 *(.gnu.version_d)

.gnu.version_r
 *(.gnu.version_r)

.rel.init
 *(.rel.init)

.rela.init
 *(.rela.init)

.rel.text
 *(.rel.text)
 *(.rel.text.*)
 *(.rel.gnu.linkonce.t*)

.rela.text
 *(.rela.text)
 *(.rela.text.*)
 *(.rela.gnu.linkonce.t*)

.rel.fini
 *(.rel.fini)

.rela.fini
 *(.rela.fini)

.rel.rodata
 *(.rel.rodata)
 *(.rel.rodata.*)
 *(.rel.gnu.linkonce.r*)

.rela.rodata
 *(.rela.rodata)
 *(.rela.rodata.*)
 *(.rela.gnu.linkonce.r*)

.rel.data
 *(.rel.data)
 *(.rel.data.*)
 *(.rel.gnu.linkonce.d*)

.rela.data
 *(.rela.data)
 *(.rela.data.*)
 *(.rela.gnu.linkonce.d*)

.rel.ctors
 *(.rel.ctors)

.rela.ctors
 *(.rela.ctors)

.rel.dtors
 *(.rel.dtors)

.rela.dtors
 *(.rela.dtors)

.rel.got
 *(.rel.got)

.rela.got
 *(.rela.got)

.rel.bss
 *(.rel.bss)

.rela.bss
 *(.rela.bss)

.rel.plt
 *(.rel.plt)

.rela.plt
 *(.rela.plt)

.text           0x0000000000000000     0x539c
 *(.vectors)
 .vectors       0x0000000000000000       0xac /usr/lib/gcc/avr/4.9.2/../../../avr/lib/avr5/crtatmega32u4.o
                0x0000000000000000                __vectors
                0x0000000000000000                __vector_default
 *(.vectors)
 *(.progmem.gcc*)
 .progmem.gcc_sw_table.action_get_macro
                0x00000000000000ac       0x26 .build/obj_ergodox_ez_pydemia/keyboards/ergodox/ez/keymaps/pydemia/keymap.o
 .progmem.gcc_sw_table.process_record_quantum
                0x00000000000000d2       0x24 .build/obj_ergodox_ez_pydemia/quantum/quantum.o
 .progmem.gcc_sw_table.process_action
                0x00000000000000f6       0x4a .build/obj_ergodox_ez_pydemia/common/action.o
 .progmem.gcc_sw_table.is_tap_key
                0x0000000000000140       0x1c .build/obj_ergodox_ez_pydemia/common/action.o
 .progmem.gcc_sw_table.USB_Device_ProcessControlRequest
                0x000000000000015c       0x14 .build/obj_ergodox_ez_pydemia/protocol/lufa/LUFA-git/LUFA/Drivers/USB/Core/DeviceStandardReq.o
                0x0000000000000170                . = ALIGN (0x2)
                0x0000000000000170                __trampolines_start = .
 *(.trampolines)
 .trampolines   0x0000000000000170        0x0 linker stubs
 *(.trampolines*)
                0x0000000000000170                __trampolines_end = .
 *(.progmem*)
 .progmem.data.__m.5320
                0x0000000000000170        0x9 .build/obj_ergodox_ez_pydemia/keyboards/ergodox/ez/keymaps/pydemia/keymap.o
 .progmem.data.__m.5317
                0x0000000000000179        0x9 .build/obj_ergodox_ez_pydemia/keyboards/ergodox/ez/keymaps/pydemia/keymap.o
 .progmem.data.__m.5314
                0x0000000000000182       0x11 .build/obj_ergodox_ez_pydemia/keyboards/ergodox/ez/keymaps/pydemia/keymap.o
 .progmem.data.__m.5311
                0x0000000000000193       0x11 .build/obj_ergodox_ez_pydemia/keyboards/ergodox/ez/keymaps/pydemia/keymap.o
 .progmem.data.__m.5308
                0x00000000000001a4        0xd .build/obj_ergodox_ez_pydemia/keyboards/ergodox/ez/keymaps/pydemia/keymap.o
 .progmem.data.__m.5305
                0x00000000000001b1        0x9 .build/obj_ergodox_ez_pydemia/keyboards/ergodox/ez/keymaps/pydemia/keymap.o
 .progmem.data.__c.5302
                0x00000000000001ba       0x15 .build/obj_ergodox_ez_pydemia/keyboards/ergodox/ez/keymaps/pydemia/keymap.o
 .progmem.data.__c.5299
                0x00000000000001cf        0x9 .build/obj_ergodox_ez_pydemia/keyboards/ergodox/ez/keymaps/pydemia/keymap.o
 .progmem.data.__c.5296
                0x00000000000001d8        0xc .build/obj_ergodox_ez_pydemia/keyboards/ergodox/ez/keymaps/pydemia/keymap.o
 .progmem.data.__c.5293
                0x00000000000001e4       0x24 .build/obj_ergodox_ez_pydemia/keyboards/ergodox/ez/keymaps/pydemia/keymap.o
 .progmem.data.__c.5290
                0x0000000000000208      0x159 .build/obj_ergodox_ez_pydemia/keyboards/ergodox/ez/keymaps/pydemia/keymap.o
 .progmem.data.__c.5287
                0x0000000000000361       0xd9 .build/obj_ergodox_ez_pydemia/keyboards/ergodox/ez/keymaps/pydemia/keymap.o
 .progmem.data.__c.5284
                0x000000000000043a       0x7b .build/obj_ergodox_ez_pydemia/keyboards/ergodox/ez/keymaps/pydemia/keymap.o
 .progmem.data.__m.5281
                0x00000000000004b5       0x39 .build/obj_ergodox_ez_pydemia/keyboards/ergodox/ez/keymaps/pydemia/keymap.o
 .progmem.data.__m.5278
                0x00000000000004ee       0x15 .build/obj_ergodox_ez_pydemia/keyboards/ergodox/ez/keymaps/pydemia/keymap.o
 .progmem.data.__c.5275
                0x0000000000000503       0x11 .build/obj_ergodox_ez_pydemia/keyboards/ergodox/ez/keymaps/pydemia/keymap.o
 .progmem.data.__m.5272
                0x0000000000000514        0xd .build/obj_ergodox_ez_pydemia/keyboards/ergodox/ez/keymaps/pydemia/keymap.o
 .progmem.data.__c.5269
                0x0000000000000521       0x46 .build/obj_ergodox_ez_pydemia/keyboards/ergodox/ez/keymaps/pydemia/keymap.o
 .progmem.data.__c.5265
                0x0000000000000567       0x1f .build/obj_ergodox_ez_pydemia/keyboards/ergodox/ez/keymaps/pydemia/keymap.o
 .progmem.data.keymaps
                0x0000000000000586      0x3f0 .build/obj_ergodox_ez_pydemia/keyboards/ergodox/ez/keymaps/pydemia/keymap.o
                0x0000000000000586                keymaps
 .progmem.data.fn_actions
                0x0000000000000976        0xa .build/obj_ergodox_ez_pydemia/keyboards/ergodox/ez/keymaps/pydemia/keymap.o
                0x0000000000000976                fn_actions
 .progmem.data.ascii_to_qwerty_keycode_lut
                0x0000000000000980       0x80 .build/obj_ergodox_ez_pydemia/quantum/quantum.o
                0x0000000000000980                ascii_to_qwerty_keycode_lut
 .progmem.data.ascii_to_qwerty_shift_lut
                0x0000000000000a00       0x80 .build/obj_ergodox_ez_pydemia/quantum/quantum.o
                0x0000000000000a00                ascii_to_qwerty_shift_lut
 .progmem.data.ProductString
                0x0000000000000a80       0x18 .build/obj_ergodox_ez_pydemia/descriptor.o
                0x0000000000000a80                ProductString
 .progmem.data.ManufacturerString
                0x0000000000000a98       0x18 .build/obj_ergodox_ez_pydemia/descriptor.o
                0x0000000000000a98                ManufacturerString
 .progmem.data.LanguageString
                0x0000000000000ab0        0x4 .build/obj_ergodox_ez_pydemia/descriptor.o
                0x0000000000000ab0                LanguageString
 .progmem.data.ConfigurationDescriptor
                0x0000000000000ab4       0x6d .build/obj_ergodox_ez_pydemia/descriptor.o
                0x0000000000000ab4                ConfigurationDescriptor
 .progmem.data.DeviceDescriptor
                0x0000000000000b21       0x12 .build/obj_ergodox_ez_pydemia/descriptor.o
                0x0000000000000b21                DeviceDescriptor
 .progmem.data.NKROReport
                0x0000000000000b33       0x39 .build/obj_ergodox_ez_pydemia/descriptor.o
                0x0000000000000b33                NKROReport
 .progmem.data.ExtrakeyReport
                0x0000000000000b6c       0x36 .build/obj_ergodox_ez_pydemia/descriptor.o
                0x0000000000000b6c                ExtrakeyReport
 .progmem.data.MouseReport
                0x0000000000000ba2       0x4d .build/obj_ergodox_ez_pydemia/descriptor.o
                0x0000000000000ba2                MouseReport
 .progmem.data.KeyboardReport
                0x0000000000000bef       0x40 .build/obj_ergodox_ez_pydemia/descriptor.o
                0x0000000000000bef                KeyboardReport
                0x0000000000000c30                . = ALIGN (0x2)
 *fill*         0x0000000000000c2f        0x1 
 *(.jumptables)
 *(.jumptables*)
 *(.lowtext)
 *(.lowtext*)
                0x0000000000000c30                __ctors_start = .
 *(.ctors)
                0x0000000000000c30                __ctors_end = .
                0x0000000000000c30                __dtors_start = .
 *(.dtors)
                0x0000000000000c30                __dtors_end = .
 SORT(*)(.ctors)
 SORT(*)(.dtors)
 *(.init0)
 .init0         0x0000000000000c30        0x0 /usr/lib/gcc/avr/4.9.2/../../../avr/lib/avr5/crtatmega32u4.o
                0x0000000000000c30                __init
 *(.init0)
 *(.init1)
 *(.init1)
 *(.init2)
 .init2         0x0000000000000c30        0xc /usr/lib/gcc/avr/4.9.2/../../../avr/lib/avr5/crtatmega32u4.o
 *(.init2)
 *(.init3)
 .init3         0x0000000000000c3c       0x54 .build/obj_ergodox_ez_pydemia/common/avr/bootloader.o
                0x0000000000000c3c                bootloader_jump_after_watchdog_reset
 *(.init3)
 *(.init4)
 .init4         0x0000000000000c90       0x16 /usr/lib/gcc/avr/4.9.2/avr5/libgcc.a(_copy_data.o)
                0x0000000000000c90                __do_copy_data
 .init4         0x0000000000000ca6       0x10 /usr/lib/gcc/avr/4.9.2/avr5/libgcc.a(_clear_bss.o)
                0x0000000000000ca6                __do_clear_bss
 *(.init4)
 *(.init5)
 *(.init5)
 *(.init6)
 *(.init6)
 *(.init7)
 *(.init7)
 *(.init8)
 *(.init8)
 *(.init9)
 .init9         0x0000000000000cb6        0x8 /usr/lib/gcc/avr/4.9.2/../../../avr/lib/avr5/crtatmega32u4.o
 *(.init9)
 *(.text)
 .text          0x0000000000000cbe        0x4 /usr/lib/gcc/avr/4.9.2/../../../avr/lib/avr5/crtatmega32u4.o
                0x0000000000000cbe                __vector_38
                0x0000000000000cbe                __vector_22
                0x0000000000000cbe                __vector_28
                0x0000000000000cbe                __vector_1
                0x0000000000000cbe                __vector_32
                0x0000000000000cbe                __vector_34
                0x0000000000000cbe                __vector_24
                0x0000000000000cbe                __bad_interrupt
                0x0000000000000cbe                __vector_6
                0x0000000000000cbe                __vector_31
                0x0000000000000cbe                __vector_35
                0x0000000000000cbe                __vector_39
                0x0000000000000cbe                __vector_3
                0x0000000000000cbe                __vector_23
                0x0000000000000cbe                __vector_30
                0x0000000000000cbe                __vector_25
                0x0000000000000cbe                __vector_13
                0x0000000000000cbe                __vector_17
                0x0000000000000cbe                __vector_19
                0x0000000000000cbe                __vector_7
                0x0000000000000cbe                __vector_41
                0x0000000000000cbe                __vector_27
                0x0000000000000cbe                __vector_5
                0x0000000000000cbe                __vector_33
                0x0000000000000cbe                __vector_37
                0x0000000000000cbe                __vector_4
                0x0000000000000cbe                __vector_9
                0x0000000000000cbe                __vector_2
                0x0000000000000cbe                __vector_15
                0x0000000000000cbe                __vector_36
                0x0000000000000cbe                __vector_29
                0x0000000000000cbe                __vector_40
                0x0000000000000cbe                __vector_8
                0x0000000000000cbe                __vector_26
                0x0000000000000cbe                __vector_14
                0x0000000000000cbe                __vector_16
                0x0000000000000cbe                __vector_18
                0x0000000000000cbe                __vector_20
                0x0000000000000cbe                __vector_42
                0x0000000000000cc2                . = ALIGN (0x2)
 *(.text.*)
 .text.i2c_init
                0x0000000000000cc2        0xc .build/obj_ergodox_ez_pydemia/twimaster.o
                0x0000000000000cc2                i2c_init
 .text.i2c_start
                0x0000000000000cce       0x44 .build/obj_ergodox_ez_pydemia/twimaster.o
                0x0000000000000cce                i2c_start
 .text.i2c_stop
                0x0000000000000d12       0x10 .build/obj_ergodox_ez_pydemia/twimaster.o
                0x0000000000000d12                i2c_stop
 .text.i2c_write
                0x0000000000000d22       0x22 .build/obj_ergodox_ez_pydemia/twimaster.o
                0x0000000000000d22                i2c_write
 .text.i2c_readNak
                0x0000000000000d44       0x14 .build/obj_ergodox_ez_pydemia/twimaster.o
                0x0000000000000d44                i2c_readNak
 .text.init_cols
                0x0000000000000d58        0xe .build/obj_ergodox_ez_pydemia/matrix.o
 .text.unselect_rows
                0x0000000000000d66       0x50 .build/obj_ergodox_ez_pydemia/matrix.o
 .text.matrix_scan_kb
                0x0000000000000db6        0x4 .build/obj_ergodox_ez_pydemia/matrix.o
                0x0000000000000db6                matrix_scan_kb
 .text.matrix_init
                0x0000000000000dba       0x28 .build/obj_ergodox_ez_pydemia/matrix.o
                0x0000000000000dba                matrix_init
 .text.matrix_power_up
                0x0000000000000de2       0x26 .build/obj_ergodox_ez_pydemia/matrix.o
                0x0000000000000de2                matrix_power_up
 .text.matrix_scan
                0x0000000000000e08      0x1dc .build/obj_ergodox_ez_pydemia/matrix.o
                0x0000000000000e08                matrix_scan
 .text.matrix_get_row
                0x0000000000000fe4        0xc .build/obj_ergodox_ez_pydemia/matrix.o
                0x0000000000000fe4                matrix_get_row
 .text.matrix_print
                0x0000000000000ff0        0x2 .build/obj_ergodox_ez_pydemia/matrix.o
                0x0000000000000ff0                matrix_print
 .text.dance_press_t
                0x0000000000000ff2       0x18 .build/obj_ergodox_ez_pydemia/keyboards/ergodox/ez/keymaps/pydemia/keymap.o
                0x0000000000000ff2                dance_press_t
 .text.dance_dbrc
                0x000000000000100a       0x30 .build/obj_ergodox_ez_pydemia/keyboards/ergodox/ez/keymaps/pydemia/keymap.o
                0x000000000000100a                dance_dbrc
 .text.dance_press_g
                0x000000000000103a       0x18 .build/obj_ergodox_ez_pydemia/keyboards/ergodox/ez/keymaps/pydemia/keymap.o
                0x000000000000103a                dance_press_g
 .text.dance_dcbr
                0x0000000000001052       0x3c .build/obj_ergodox_ez_pydemia/keyboards/ergodox/ez/keymaps/pydemia/keymap.o
                0x0000000000001052                dance_dcbr
 .text.dance_press_b
                0x000000000000108e       0x18 .build/obj_ergodox_ez_pydemia/keyboards/ergodox/ez/keymaps/pydemia/keymap.o
                0x000000000000108e                dance_press_b
 .text.dance_dprn
                0x00000000000010a6       0x3c .build/obj_ergodox_ez_pydemia/keyboards/ergodox/ez/keymaps/pydemia/keymap.o
                0x00000000000010a6                dance_dprn
 .text.dance_press_equal
                0x00000000000010e2       0x18 .build/obj_ergodox_ez_pydemia/keyboards/ergodox/ez/keymaps/pydemia/keymap.o
                0x00000000000010e2                dance_press_equal
 .text.dance_press_rassign
                0x00000000000010fa       0x30 .build/obj_ergodox_ez_pydemia/keyboards/ergodox/ez/keymaps/pydemia/keymap.o
                0x00000000000010fa                dance_press_rassign
 .text.action_get_macro
                0x000000000000112a       0xf2 .build/obj_ergodox_ez_pydemia/keyboards/ergodox/ez/keymaps/pydemia/keymap.o
                0x000000000000112a                action_get_macro
 .text.matrix_init_user
                0x000000000000121c        0x2 .build/obj_ergodox_ez_pydemia/keyboards/ergodox/ez/keymaps/pydemia/keymap.o
                0x000000000000121c                matrix_init_user
 .text.matrix_scan_user
                0x000000000000121e       0x50 .build/obj_ergodox_ez_pydemia/keyboards/ergodox/ez/keymaps/pydemia/keymap.o
                0x000000000000121e                matrix_scan_user
 .text.do_code16
                0x000000000000126e       0x8e .build/obj_ergodox_ez_pydemia/quantum/quantum.o
 .text.register_code16
                0x00000000000012fc       0x14 .build/obj_ergodox_ez_pydemia/quantum/quantum.o
                0x00000000000012fc                register_code16
 .text.unregister_code16
                0x0000000000001310       0x28 .build/obj_ergodox_ez_pydemia/quantum/quantum.o
                0x0000000000001310                unregister_code16
 .text.process_action_kb
                0x0000000000001338        0x4 .build/obj_ergodox_ez_pydemia/quantum/quantum.o
                0x0000000000001338                process_action_kb
 .text.process_record_user
                0x000000000000133c        0x4 .build/obj_ergodox_ez_pydemia/quantum/quantum.o
                0x000000000000133c                process_record_user
 .text.process_record_kb
                0x0000000000001340        0x4 .build/obj_ergodox_ez_pydemia/quantum/quantum.o
                0x0000000000001340                process_record_kb
 .text.reset_keyboard
                0x0000000000001344       0x1a .build/obj_ergodox_ez_pydemia/quantum/quantum.o
                0x0000000000001344                reset_keyboard
 .text.process_record_quantum
                0x000000000000135e      0x1c6 .build/obj_ergodox_ez_pydemia/quantum/quantum.o
                0x000000000000135e                process_record_quantum
 .text.send_string
                0x0000000000001524       0x56 .build/obj_ergodox_ez_pydemia/quantum/quantum.o
                0x0000000000001524                send_string
 .text.matrix_scan_quantum
                0x000000000000157a        0x8 .build/obj_ergodox_ez_pydemia/quantum/quantum.o
                0x000000000000157a                matrix_scan_quantum
 .text.led_set_user
                0x0000000000001582        0x2 .build/obj_ergodox_ez_pydemia/quantum/quantum.o
                0x0000000000001582                led_set_user
 .text.led_set_kb
                0x0000000000001584        0x4 .build/obj_ergodox_ez_pydemia/quantum/quantum.o
                0x0000000000001584                led_set_kb
 .text.led_set  0x0000000000001588        0x4 .build/obj_ergodox_ez_pydemia/quantum/quantum.o
                0x0000000000001588                led_set
 .text.action_for_key
                0x000000000000158c      0x31e .build/obj_ergodox_ez_pydemia/quantum/keymap_common.o
                0x000000000000158c                action_for_key
 .text.action_function
                0x00000000000018aa        0x2 .build/obj_ergodox_ez_pydemia/quantum/keymap_common.o
                0x00000000000018aa                action_function
 .text.keymap_key_to_keycode
                0x00000000000018ac       0x24 .build/obj_ergodox_ez_pydemia/quantum/keymap_common.o
                0x00000000000018ac                keymap_key_to_keycode
 .text.keycode_config
                0x00000000000018d0       0xfa .build/obj_ergodox_ez_pydemia/quantum/keycode_config.o
                0x00000000000018d0                keycode_config
 .text.leader_start
                0x00000000000019ca        0x2 .build/obj_ergodox_ez_pydemia/quantum/process_keycode/process_leader.o
                0x00000000000019ca                leader_start
 .text.process_leader
                0x00000000000019cc       0x9e .build/obj_ergodox_ez_pydemia/quantum/process_keycode/process_leader.o
                0x00000000000019cc                process_leader
 .text.ergodox_blink_all_leds
                0x0000000000001a6a       0xb0 .build/obj_ergodox_ez_pydemia/keyboards/ergodox/ez/ez.o
                0x0000000000001a6a                ergodox_blink_all_leds
 .text.matrix_init_kb
                0x0000000000001b1a       0x2c .build/obj_ergodox_ez_pydemia/keyboards/ergodox/ez/ez.o
                0x0000000000001b1a                matrix_init_kb
 .text.init_mcp23018
                0x0000000000001b46       0x9e .build/obj_ergodox_ez_pydemia/keyboards/ergodox/ez/ez.o
                0x0000000000001b46                init_mcp23018
 .text.hex_to_keycode
                0x0000000000001be4       0x1a .build/obj_ergodox_ez_pydemia/quantum/process_keycode/process_unicode.o
                0x0000000000001be4                hex_to_keycode
 .text.unicode_input_start
                0x0000000000001bfe       0x58 .build/obj_ergodox_ez_pydemia/quantum/process_keycode/process_unicode.o
                0x0000000000001bfe                unicode_input_start
 .text.unicode_input_finish
                0x0000000000001c56       0x20 .build/obj_ergodox_ez_pydemia/quantum/process_keycode/process_unicode.o
                0x0000000000001c56                unicode_input_finish
 .text.register_hex
                0x0000000000001c76       0x4c .build/obj_ergodox_ez_pydemia/quantum/process_keycode/process_unicode.o
                0x0000000000001c76                register_hex
 .text.process_unicode
                0x0000000000001cc2       0x2e .build/obj_ergodox_ez_pydemia/quantum/process_keycode/process_unicode.o
                0x0000000000001cc2                process_unicode
 .text.process_tap_dance_action_on_dance_finished
                0x0000000000001cf0       0x30 .build/obj_ergodox_ez_pydemia/quantum/process_keycode/process_tap_dance.o
 .text.qk_tap_dance_pair_finished
                0x0000000000001d20       0x20 .build/obj_ergodox_ez_pydemia/quantum/process_keycode/process_tap_dance.o
                0x0000000000001d20                qk_tap_dance_pair_finished
 .text.qk_tap_dance_pair_reset
                0x0000000000001d40       0x20 .build/obj_ergodox_ez_pydemia/quantum/process_keycode/process_tap_dance.o
                0x0000000000001d40                qk_tap_dance_pair_reset
 .text.reset_tap_dance
                0x0000000000001d60       0x54 .build/obj_ergodox_ez_pydemia/quantum/process_keycode/process_tap_dance.o
                0x0000000000001d60                reset_tap_dance
 .text.process_tap_dance
                0x0000000000001db4      0x13c .build/obj_ergodox_ez_pydemia/quantum/process_keycode/process_tap_dance.o
                0x0000000000001db4                process_tap_dance
 .text.matrix_scan_tap_dance
                0x0000000000001ef0       0x5c .build/obj_ergodox_ez_pydemia/quantum/process_keycode/process_tap_dance.o
                0x0000000000001ef0                matrix_scan_tap_dance
 .text.host_set_driver
                0x0000000000001f4c        0xa .build/obj_ergodox_ez_pydemia/common/host.o
                0x0000000000001f4c                host_set_driver
 .text.host_keyboard_leds
                0x0000000000001f56       0x18 .build/obj_ergodox_ez_pydemia/common/host.o
                0x0000000000001f56                host_keyboard_leds
 .text.host_keyboard_send
                0x0000000000001f6e       0x16 .build/obj_ergodox_ez_pydemia/common/host.o
                0x0000000000001f6e                host_keyboard_send
 .text.host_mouse_send
                0x0000000000001f84       0x16 .build/obj_ergodox_ez_pydemia/common/host.o
                0x0000000000001f84                host_mouse_send
 .text.host_system_send
                0x0000000000001f9a       0x2c .build/obj_ergodox_ez_pydemia/common/host.o
                0x0000000000001f9a                host_system_send
 .text.host_consumer_send
                0x0000000000001fc6       0x2c .build/obj_ergodox_ez_pydemia/common/host.o
                0x0000000000001fc6                host_consumer_send
 .text.matrix_setup
                0x0000000000001ff2        0x2 .build/obj_ergodox_ez_pydemia/common/keyboard.o
                0x0000000000001ff2                matrix_setup
 .text.keyboard_setup
                0x0000000000001ff4        0x4 .build/obj_ergodox_ez_pydemia/common/keyboard.o
                0x0000000000001ff4                keyboard_setup
 .text.keyboard_init
                0x0000000000001ff8        0xc .build/obj_ergodox_ez_pydemia/common/keyboard.o
                0x0000000000001ff8                keyboard_init
 .text.keyboard_task
                0x0000000000002004      0x146 .build/obj_ergodox_ez_pydemia/common/keyboard.o
                0x0000000000002004                keyboard_task
 .text.process_hand_swap
                0x000000000000214a       0x78 .build/obj_ergodox_ez_pydemia/common/action.o
                0x000000000000214a                process_hand_swap
 .text.action_exec
                0x00000000000021c2       0x7a .build/obj_ergodox_ez_pydemia/common/action.o
                0x00000000000021c2                action_exec
 .text.register_code
                0x000000000000223c      0x1a6 .build/obj_ergodox_ez_pydemia/common/action.o
                0x000000000000223c                register_code
 .text.unregister_code
                0x00000000000023e2       0x9e .build/obj_ergodox_ez_pydemia/common/action.o
                0x00000000000023e2                unregister_code
 .text.register_mods
                0x0000000000002480        0xe .build/obj_ergodox_ez_pydemia/common/action.o
                0x0000000000002480                register_mods
 .text.unregister_mods
                0x000000000000248e        0xe .build/obj_ergodox_ez_pydemia/common/action.o
                0x000000000000248e                unregister_mods
 .text.process_action
                0x000000000000249c      0x4be .build/obj_ergodox_ez_pydemia/common/action.o
                0x000000000000249c                process_action
 .text.process_record
                0x000000000000295a       0x4e .build/obj_ergodox_ez_pydemia/common/action.o
                0x000000000000295a                process_record
 .text.clear_keyboard_but_mods
                0x00000000000029a8       0x28 .build/obj_ergodox_ez_pydemia/common/action.o
                0x00000000000029a8                clear_keyboard_but_mods
 .text.clear_keyboard
                0x00000000000029d0        0x8 .build/obj_ergodox_ez_pydemia/common/action.o
                0x00000000000029d0                clear_keyboard
 .text.is_tap_key
                0x00000000000029d8       0x48 .build/obj_ergodox_ez_pydemia/common/action.o
                0x00000000000029d8                is_tap_key
 .text.debug_event
                0x0000000000002a20       0x1e .build/obj_ergodox_ez_pydemia/common/action.o
                0x0000000000002a20                debug_event
 .text.debug_record
                0x0000000000002a3e       0x20 .build/obj_ergodox_ez_pydemia/common/action.o
                0x0000000000002a3e                debug_record
 .text.debug_waiting_buffer
                0x0000000000002a5e       0x42 .build/obj_ergodox_ez_pydemia/common/action_tapping.o
 .text.debug_tapping_key
                0x0000000000002aa0       0x1c .build/obj_ergodox_ez_pydemia/common/action_tapping.o
 .text.waiting_buffer_scan_tap
                0x0000000000002abc       0xb6 .build/obj_ergodox_ez_pydemia/common/action_tapping.o
 .text.process_tapping
                0x0000000000002b72      0x38e .build/obj_ergodox_ez_pydemia/common/action_tapping.o
 .text.action_tapping_process
                0x0000000000002f00      0x148 .build/obj_ergodox_ez_pydemia/common/action_tapping.o
                0x0000000000002f00                action_tapping_process
 .text.action_macro_play
                0x0000000000003048       0xfa .build/obj_ergodox_ez_pydemia/common/action_macro.o
                0x0000000000003048                action_macro_play
 .text.default_layer_debug
                0x0000000000003142        0x2 .build/obj_ergodox_ez_pydemia/common/action_layer.o
                0x0000000000003142                default_layer_debug
 .text.default_layer_set
                0x0000000000003144       0x14 .build/obj_ergodox_ez_pydemia/common/action_layer.o
                0x0000000000003144                default_layer_set
 .text.default_layer_or
                0x0000000000003158       0x38 .build/obj_ergodox_ez_pydemia/common/action_layer.o
                0x0000000000003158                default_layer_or
 .text.default_layer_and
                0x0000000000003190       0x38 .build/obj_ergodox_ez_pydemia/common/action_layer.o
                0x0000000000003190                default_layer_and
 .text.default_layer_xor
                0x00000000000031c8       0x38 .build/obj_ergodox_ez_pydemia/common/action_layer.o
                0x00000000000031c8                default_layer_xor
 .text.layer_clear
                0x0000000000003200       0x14 .build/obj_ergodox_ez_pydemia/common/action_layer.o
                0x0000000000003200                layer_clear
 .text.layer_move
                0x0000000000003214       0x2a .build/obj_ergodox_ez_pydemia/common/action_layer.o
                0x0000000000003214                layer_move
 .text.layer_on
                0x000000000000323e       0x42 .build/obj_ergodox_ez_pydemia/common/action_layer.o
                0x000000000000323e                layer_on
 .text.layer_off
                0x0000000000003280       0x4a .build/obj_ergodox_ez_pydemia/common/action_layer.o
                0x0000000000003280                layer_off
 .text.layer_invert
                0x00000000000032ca       0x42 .build/obj_ergodox_ez_pydemia/common/action_layer.o
                0x00000000000032ca                layer_invert
 .text.layer_or
                0x000000000000330c       0x38 .build/obj_ergodox_ez_pydemia/common/action_layer.o
                0x000000000000330c                layer_or
 .text.layer_and
                0x0000000000003344       0x38 .build/obj_ergodox_ez_pydemia/common/action_layer.o
                0x0000000000003344                layer_and
 .text.layer_xor
                0x000000000000337c       0x38 .build/obj_ergodox_ez_pydemia/common/action_layer.o
                0x000000000000337c                layer_xor
 .text.layer_debug
                0x00000000000033b4        0x2 .build/obj_ergodox_ez_pydemia/common/action_layer.o
                0x00000000000033b4                layer_debug
 .text.layer_switch_get_layer
                0x00000000000033b6       0x7e .build/obj_ergodox_ez_pydemia/common/action_layer.o
                0x00000000000033b6                layer_switch_get_layer
 .text.layer_switch_get_action
                0x0000000000003434       0x16 .build/obj_ergodox_ez_pydemia/common/action_layer.o
                0x0000000000003434                layer_switch_get_action
 .text.store_or_get_action
                0x000000000000344a        0x8 .build/obj_ergodox_ez_pydemia/common/action_layer.o
                0x000000000000344a                store_or_get_action
 .text.get_oneshot_layer
                0x0000000000003452        0xc .build/obj_ergodox_ez_pydemia/common/action_util.o
                0x0000000000003452                get_oneshot_layer
 .text.get_oneshot_layer_state
                0x000000000000345e        0x8 .build/obj_ergodox_ez_pydemia/common/action_util.o
                0x000000000000345e                get_oneshot_layer_state
 .text.set_oneshot_layer
                0x0000000000003466       0x12 .build/obj_ergodox_ez_pydemia/common/action_util.o
                0x0000000000003466                set_oneshot_layer
 .text.clear_oneshot_layer_state
                0x0000000000003478       0x2e .build/obj_ergodox_ez_pydemia/common/action_util.o
                0x0000000000003478                clear_oneshot_layer_state
 .text.is_oneshot_layer_active
                0x00000000000034a6        0xe .build/obj_ergodox_ez_pydemia/common/action_util.o
                0x00000000000034a6                is_oneshot_layer_active
 .text.add_key  0x00000000000034b4       0x84 .build/obj_ergodox_ez_pydemia/common/action_util.o
                0x00000000000034b4                add_key
 .text.del_key  0x0000000000003538       0x6c .build/obj_ergodox_ez_pydemia/common/action_util.o
                0x0000000000003538                del_key
 .text.clear_keys
                0x00000000000035a4       0x1c .build/obj_ergodox_ez_pydemia/common/action_util.o
                0x00000000000035a4                clear_keys
 .text.add_mods
                0x00000000000035c0        0xc .build/obj_ergodox_ez_pydemia/common/action_util.o
                0x00000000000035c0                add_mods
 .text.del_mods
                0x00000000000035cc        0xe .build/obj_ergodox_ez_pydemia/common/action_util.o
                0x00000000000035cc                del_mods
 .text.clear_mods
                0x00000000000035da        0x6 .build/obj_ergodox_ez_pydemia/common/action_util.o
                0x00000000000035da                clear_mods
 .text.add_weak_mods
                0x00000000000035e0        0xc .build/obj_ergodox_ez_pydemia/common/action_util.o
                0x00000000000035e0                add_weak_mods
 .text.del_weak_mods
                0x00000000000035ec        0xe .build/obj_ergodox_ez_pydemia/common/action_util.o
                0x00000000000035ec                del_weak_mods
 .text.clear_weak_mods
                0x00000000000035fa        0x6 .build/obj_ergodox_ez_pydemia/common/action_util.o
                0x00000000000035fa                clear_weak_mods
 .text.add_macro_mods
                0x0000000000003600        0xc .build/obj_ergodox_ez_pydemia/common/action_util.o
                0x0000000000003600                add_macro_mods
 .text.del_macro_mods
                0x000000000000360c        0xe .build/obj_ergodox_ez_pydemia/common/action_util.o
                0x000000000000360c                del_macro_mods
 .text.clear_macro_mods
                0x000000000000361a        0x6 .build/obj_ergodox_ez_pydemia/common/action_util.o
                0x000000000000361a                clear_macro_mods
 .text.set_oneshot_mods
                0x0000000000003620        0x6 .build/obj_ergodox_ez_pydemia/common/action_util.o
                0x0000000000003620                set_oneshot_mods
 .text.clear_oneshot_mods
                0x0000000000003626        0x6 .build/obj_ergodox_ez_pydemia/common/action_util.o
                0x0000000000003626                clear_oneshot_mods
 .text.has_anykey
                0x000000000000362c       0x22 .build/obj_ergodox_ez_pydemia/common/action_util.o
                0x000000000000362c                has_anykey
 .text.send_keyboard_report
                0x000000000000364e       0x5e .build/obj_ergodox_ez_pydemia/common/action_util.o
                0x000000000000364e                send_keyboard_report
 .text.biton32  0x00000000000036ac       0xa0 .build/obj_ergodox_ez_pydemia/common/util.o
                0x00000000000036ac                biton32
 .text.eeconfig_init
                0x000000000000374c       0x34 .build/obj_ergodox_ez_pydemia/common/eeconfig.o
                0x000000000000374c                eeconfig_init
 .text.eeconfig_is_enabled
                0x0000000000003780       0x16 .build/obj_ergodox_ez_pydemia/common/eeconfig.o
                0x0000000000003780                eeconfig_is_enabled
 .text.eeconfig_read_debug
                0x0000000000003796        0x8 .build/obj_ergodox_ez_pydemia/common/eeconfig.o
                0x0000000000003796                eeconfig_read_debug
 .text.eeconfig_read_default_layer
                0x000000000000379e        0x8 .build/obj_ergodox_ez_pydemia/common/eeconfig.o
                0x000000000000379e                eeconfig_read_default_layer
 .text.eeconfig_read_keymap
                0x00000000000037a6        0x8 .build/obj_ergodox_ez_pydemia/common/eeconfig.o
                0x00000000000037a6                eeconfig_read_keymap
 .text.eeconfig_update_keymap
                0x00000000000037ae        0xa .build/obj_ergodox_ez_pydemia/common/eeconfig.o
                0x00000000000037ae                eeconfig_update_keymap
 .text.suspend_power_down
                0x00000000000037b8       0x58 .build/obj_ergodox_ez_pydemia/common/avr/suspend.o
                0x00000000000037b8                suspend_power_down
 .text.matrix_power_down
                0x0000000000003810        0x2 .build/obj_ergodox_ez_pydemia/common/avr/suspend.o
                0x0000000000003810                matrix_power_down
 .text.suspend_wakeup_condition
                0x0000000000003812       0x28 .build/obj_ergodox_ez_pydemia/common/avr/suspend.o
                0x0000000000003812                suspend_wakeup_condition
 .text.suspend_wakeup_init
                0x000000000000383a        0xc .build/obj_ergodox_ez_pydemia/common/avr/suspend.o
                0x000000000000383a                suspend_wakeup_init
 .text.__vector_12
                0x0000000000003846       0x52 .build/obj_ergodox_ez_pydemia/common/avr/suspend.o
                0x0000000000003846                __vector_12
 .text.timer_init
                0x0000000000003898       0x12 .build/obj_ergodox_ez_pydemia/common/avr/timer.o
                0x0000000000003898                timer_init
 .text.timer_read
                0x00000000000038aa       0x18 .build/obj_ergodox_ez_pydemia/common/avr/timer.o
                0x00000000000038aa                timer_read
 .text.timer_elapsed
                0x00000000000038c2       0x54 .build/obj_ergodox_ez_pydemia/common/avr/timer.o
                0x00000000000038c2                timer_elapsed
 .text.__vector_21
                0x0000000000003916       0x4a .build/obj_ergodox_ez_pydemia/common/avr/timer.o
                0x0000000000003916                __vector_21
 .text.bootloader_jump
                0x0000000000003960       0x44 .build/obj_ergodox_ez_pydemia/common/avr/bootloader.o
                0x0000000000003960                bootloader_jump
 .text.magic    0x00000000000039a4       0x32 .build/obj_ergodox_ez_pydemia/common/magic.o
                0x00000000000039a4                magic
 .text.move_unit
                0x00000000000039d6       0x92 .build/obj_ergodox_ez_pydemia/common/mousekey.o
 .text.wheel_unit
                0x0000000000003a68       0x72 .build/obj_ergodox_ez_pydemia/common/mousekey.o
 .text.mousekey_on
                0x0000000000003ada       0xd0 .build/obj_ergodox_ez_pydemia/common/mousekey.o
                0x0000000000003ada                mousekey_on
 .text.mousekey_off
                0x0000000000003baa      0x10a .build/obj_ergodox_ez_pydemia/common/mousekey.o
                0x0000000000003baa                mousekey_off
 .text.mousekey_send
                0x0000000000003cb4       0x16 .build/obj_ergodox_ez_pydemia/common/mousekey.o
                0x0000000000003cb4                mousekey_send
 .text.mousekey_task
                0x0000000000003cca      0x14a .build/obj_ergodox_ez_pydemia/common/mousekey.o
                0x0000000000003cca                mousekey_task
 .text.mousekey_clear
                0x0000000000003e14       0x18 .build/obj_ergodox_ez_pydemia/common/mousekey.o
                0x0000000000003e14                mousekey_clear
 .text.mousekey_param_inc
                0x0000000000003e2c       0xec .build/obj_ergodox_ez_pydemia/common/command.o
 .text.mousekey_param_dec
                0x0000000000003f18       0xa0 .build/obj_ergodox_ez_pydemia/common/command.o
 .text.command_common
                0x0000000000003fb8      0x178 .build/obj_ergodox_ez_pydemia/common/command.o
 .text.command_extra
                0x0000000000004130        0x4 .build/obj_ergodox_ez_pydemia/common/command.o
                0x0000000000004130                command_extra
 .text.command_console_extra
                0x0000000000004134        0x4 .build/obj_ergodox_ez_pydemia/common/command.o
                0x0000000000004134                command_console_extra
 .text.numkey2num
                0x0000000000004138       0x16 .build/obj_ergodox_ez_pydemia/common/command.o
                0x0000000000004138                numkey2num
 .text.command_proc
                0x000000000000414e      0x134 .build/obj_ergodox_ez_pydemia/common/command.o
                0x000000000000414e                command_proc
 .text.keyboard_leds
                0x0000000000004282        0x6 .build/obj_ergodox_ez_pydemia/lufa.o
 .text.send_consumer
                0x0000000000004288       0x68 .build/obj_ergodox_ez_pydemia/lufa.o
 .text.send_system
                0x00000000000042f0       0x68 .build/obj_ergodox_ez_pydemia/lufa.o
 .text.send_mouse
                0x0000000000004358       0x46 .build/obj_ergodox_ez_pydemia/lufa.o
 .text.send_keyboard
                0x000000000000439e       0xa2 .build/obj_ergodox_ez_pydemia/lufa.o
 .text.EVENT_USB_Device_Connect
                0x0000000000004440       0x1c .build/obj_ergodox_ez_pydemia/lufa.o
                0x0000000000004440                EVENT_USB_Device_Connect
 .text.EVENT_USB_Device_Disconnect
                0x000000000000445c        0x6 .build/obj_ergodox_ez_pydemia/lufa.o
                0x000000000000445c                EVENT_USB_Device_Disconnect
 .text.EVENT_USB_Device_Reset
                0x0000000000004462        0x2 .build/obj_ergodox_ez_pydemia/lufa.o
                0x0000000000004462                EVENT_USB_Device_Reset
 .text.EVENT_USB_Device_Suspend
                0x0000000000004464        0x2 .build/obj_ergodox_ez_pydemia/lufa.o
                0x0000000000004464                EVENT_USB_Device_Suspend
 .text.EVENT_USB_Device_WakeUp
                0x0000000000004466        0x4 .build/obj_ergodox_ez_pydemia/lufa.o
                0x0000000000004466                EVENT_USB_Device_WakeUp
 .text.EVENT_USB_Device_ConfigurationChanged
                0x000000000000446a       0x28 .build/obj_ergodox_ez_pydemia/lufa.o
                0x000000000000446a                EVENT_USB_Device_ConfigurationChanged
 .text.EVENT_USB_Device_ControlRequest
                0x0000000000004492      0x164 .build/obj_ergodox_ez_pydemia/lufa.o
                0x0000000000004492                EVENT_USB_Device_ControlRequest
 .text.startup.main
                0x00000000000045f6       0x76 .build/obj_ergodox_ez_pydemia/lufa.o
                0x00000000000045f6                main
 .text.CALLBACK_USB_GetDescriptor
                0x000000000000466c       0xb0 .build/obj_ergodox_ez_pydemia/descriptor.o
                0x000000000000466c                CALLBACK_USB_GetDescriptor
 .text.USB_Device_SendRemoteWakeup
                0x000000000000471c       0x2c .build/obj_ergodox_ez_pydemia/protocol/lufa/LUFA-git/LUFA/Drivers/USB/Core/AVR8/Device_AVR8.o
                0x000000000000471c                USB_Device_SendRemoteWakeup
 .text.Endpoint_Write_Stream_LE
                0x0000000000004748       0x96 .build/obj_ergodox_ez_pydemia/protocol/lufa/LUFA-git/LUFA/Drivers/USB/Core/AVR8/EndpointStream_AVR8.o
                0x0000000000004748                Endpoint_Write_Stream_LE
 .text.Endpoint_Write_Control_Stream_LE
                0x00000000000047de       0xc6 .build/obj_ergodox_ez_pydemia/protocol/lufa/LUFA-git/LUFA/Drivers/USB/Core/AVR8/EndpointStream_AVR8.o
                0x00000000000047de                Endpoint_Write_Control_Stream_LE
 .text.Endpoint_Write_Control_PStream_LE
                0x00000000000048a4       0xc2 .build/obj_ergodox_ez_pydemia/protocol/lufa/LUFA-git/LUFA/Drivers/USB/Core/AVR8/EndpointStream_AVR8.o
                0x00000000000048a4                Endpoint_Write_Control_PStream_LE
 .text.Endpoint_ConfigureEndpoint_Prv
                0x0000000000004966       0x6a .build/obj_ergodox_ez_pydemia/protocol/lufa/LUFA-git/LUFA/Drivers/USB/Core/AVR8/Endpoint_AVR8.o
                0x0000000000004966                Endpoint_ConfigureEndpoint_Prv
 .text.Endpoint_ClearStatusStage
                0x00000000000049d0       0x3e .build/obj_ergodox_ez_pydemia/protocol/lufa/LUFA-git/LUFA/Drivers/USB/Core/AVR8/Endpoint_AVR8.o
                0x00000000000049d0                Endpoint_ClearStatusStage
 .text.Endpoint_WaitUntilReady
                0x0000000000004a0e       0x64 .build/obj_ergodox_ez_pydemia/protocol/lufa/LUFA-git/LUFA/Drivers/USB/Core/AVR8/Endpoint_AVR8.o
                0x0000000000004a0e                Endpoint_WaitUntilReady
 .text.USB_Disable
                0x0000000000004a72       0x34 .build/obj_ergodox_ez_pydemia/protocol/lufa/LUFA-git/LUFA/Drivers/USB/Core/AVR8/USBController_AVR8.o
                0x0000000000004a72                USB_Disable
 .text.USB_ResetInterface
                0x0000000000004aa6       0x86 .build/obj_ergodox_ez_pydemia/protocol/lufa/LUFA-git/LUFA/Drivers/USB/Core/AVR8/USBController_AVR8.o
                0x0000000000004aa6                USB_ResetInterface
 .text.USB_Init
                0x0000000000004b2c       0x22 .build/obj_ergodox_ez_pydemia/protocol/lufa/LUFA-git/LUFA/Drivers/USB/Core/AVR8/USBController_AVR8.o
                0x0000000000004b2c                USB_Init
 .text.USB_INT_DisableAllInterrupts
                0x0000000000004b4e       0x10 .build/obj_ergodox_ez_pydemia/protocol/lufa/LUFA-git/LUFA/Drivers/USB/Core/AVR8/USBInterrupt_AVR8.o
                0x0000000000004b4e                USB_INT_DisableAllInterrupts
 .text.USB_INT_ClearAllInterrupts
                0x0000000000004b5e        0xa .build/obj_ergodox_ez_pydemia/protocol/lufa/LUFA-git/LUFA/Drivers/USB/Core/AVR8/USBInterrupt_AVR8.o
                0x0000000000004b5e                USB_INT_ClearAllInterrupts
 .text.__vector_10
                0x0000000000004b68      0x1a4 .build/obj_ergodox_ez_pydemia/protocol/lufa/LUFA-git/LUFA/Drivers/USB/Core/AVR8/USBInterrupt_AVR8.o
                0x0000000000004b68                __vector_10
 .text.__vector_11
                0x0000000000004d0c       0x88 .build/obj_ergodox_ez_pydemia/protocol/lufa/LUFA-git/LUFA/Drivers/USB/Core/AVR8/USBInterrupt_AVR8.o
                0x0000000000004d0c                __vector_11
 .text.USB_Device_ProcessControlRequest
                0x0000000000004d94      0x2a2 .build/obj_ergodox_ez_pydemia/protocol/lufa/LUFA-git/LUFA/Drivers/USB/Core/DeviceStandardReq.o
                0x0000000000004d94                USB_Device_ProcessControlRequest
 .text.USB_Event_Stub
                0x0000000000005036        0x2 .build/obj_ergodox_ez_pydemia/protocol/lufa/LUFA-git/LUFA/Drivers/USB/Core/Events.o
                0x0000000000005036                USB_Event_Stub
                0x0000000000005036                EVENT_USB_Device_StartOfFrame
 .text.USB_USBTask
                0x0000000000005038       0x36 .build/obj_ergodox_ez_pydemia/protocol/lufa/LUFA-git/LUFA/Drivers/USB/Core/USBTask.o
                0x0000000000005038                USB_USBTask
 .text.avr-libc.fplib
                0x000000000000506e        0xe /usr/lib/gcc/avr/4.9.2/../../../avr/lib/avr5/libm.a(fixsfsi.o)
                0x000000000000506e                __fixsfsi
 .text.avr-libc.fplib
                0x000000000000507c       0x5e /usr/lib/gcc/avr/4.9.2/../../../avr/lib/avr5/libm.a(fixunssfsi.o)
                0x000000000000507c                __fixunssfsi
 .text.avr-libc.fplib
                0x00000000000050da       0x7a /usr/lib/gcc/avr/4.9.2/../../../avr/lib/avr5/libm.a(floatsisf.o)
                0x00000000000050da                __floatunsisf
                0x00000000000050de                __floatsisf
 .text.avr-libc.fplib
                0x0000000000005154       0x44 /usr/lib/gcc/avr/4.9.2/../../../avr/lib/avr5/libm.a(fp_split3.o)
                0x0000000000005154                __fp_split3
                0x0000000000005164                __fp_splitA
 .text.avr-libc.fplib
                0x0000000000005198        0xe /usr/lib/gcc/avr/4.9.2/../../../avr/lib/avr5/libm.a(fp_zero.o)
                0x0000000000005198                __fp_zero
                0x000000000000519a                __fp_szero
 .text.avr-libc.fplib
                0x00000000000051a6        0x8 /usr/lib/gcc/avr/4.9.2/../../../avr/lib/avr5/libm.a(mulsf3.o)
                0x00000000000051a6                __mulsf3
 .text.avr-libc.fplib
                0x00000000000051ae       0xd2 /usr/lib/gcc/avr/4.9.2/../../../avr/lib/avr5/libm.a(mulsf3x.o)
                0x00000000000051cc                __mulsf3x
                0x00000000000051d2                __mulsf3_pse
 .text.avr-libc.fplib
                0x0000000000005280        0xc /usr/lib/gcc/avr/4.9.2/../../../avr/lib/avr5/libm.a(fp_inf.o)
                0x0000000000005280                __fp_inf
 .text.avr-libc.fplib
                0x000000000000528c        0x6 /usr/lib/gcc/avr/4.9.2/../../../avr/lib/avr5/libm.a(fp_nan.o)
                0x000000000000528c                __fp_nan
 .text.avr-libc.fplib
                0x0000000000005292        0xe /usr/lib/gcc/avr/4.9.2/../../../avr/lib/avr5/libm.a(fp_pscA.o)
                0x0000000000005292                __fp_pscA
 .text.avr-libc.fplib
                0x00000000000052a0        0xe /usr/lib/gcc/avr/4.9.2/../../../avr/lib/avr5/libm.a(fp_pscB.o)
                0x00000000000052a0                __fp_pscB
 .text.avr-libc.fplib
                0x00000000000052ae       0x22 /usr/lib/gcc/avr/4.9.2/../../../avr/lib/avr5/libm.a(fp_round.o)
                0x00000000000052ae                __fp_round
 .text.libgcc.div
                0x00000000000052d0       0x28 /usr/lib/gcc/avr/4.9.2/avr5/libgcc.a(_divmodhi4.o)
                0x00000000000052d0                __divmodhi4
                0x00000000000052d0                _div
 .text.libgcc   0x00000000000052f8        0xc /usr/lib/gcc/avr/4.9.2/avr5/libgcc.a(_tablejump2.o)
                0x00000000000052f8                __tablejump2__
 .text.libgcc.div
                0x0000000000005304       0x28 /usr/lib/gcc/avr/4.9.2/avr5/libgcc.a(_udivmodhi4.o)
                0x0000000000005304                __udivmodhi4
 .text.avr-libc
                0x000000000000532c       0x10 /usr/lib/gcc/avr/4.9.2/../../../avr/lib/avr5/libatmega32u4.a(eerd_byte.o)
                0x000000000000532c                eeprom_read_byte
 .text.avr-libc
                0x000000000000533c        0xc /usr/lib/gcc/avr/4.9.2/../../../avr/lib/avr5/libatmega32u4.a(eerd_word.o)
                0x000000000000533c                eeprom_read_word
 .text.avr-libc
                0x0000000000005348       0x24 /usr/lib/gcc/avr/4.9.2/../../../avr/lib/avr5/libatmega32u4.a(eeupd_byte.o)
                0x0000000000005348                eeprom_update_byte
                0x000000000000534a                eeprom_update_r18
 .text.avr-libc
                0x000000000000536c        0xc /usr/lib/gcc/avr/4.9.2/../../../avr/lib/avr5/libatmega32u4.a(eeupd_word.o)
                0x000000000000536c                eeprom_update_word
 .text.avr-libc
                0x0000000000005378       0x20 /usr/lib/gcc/avr/4.9.2/../../../avr/lib/avr5/libatmega32u4.a(eerd_block.o)
                0x0000000000005378                eeprom_read_block
                0x000000000000537c                eeprom_read_blraw
                0x0000000000005398                . = ALIGN (0x2)
 *(.fini9)
 .fini9         0x0000000000005398        0x0 /usr/lib/gcc/avr/4.9.2/avr5/libgcc.a(_exit.o)
                0x0000000000005398                exit
                0x0000000000005398                _exit
 *(.fini9)
 *(.fini8)
 *(.fini8)
 *(.fini7)
 *(.fini7)
 *(.fini6)
 *(.fini6)
 *(.fini5)
 *(.fini5)
 *(.fini4)
 *(.fini4)
 *(.fini3)
 *(.fini3)
 *(.fini2)
 *(.fini2)
 *(.fini1)
 *(.fini1)
 *(.fini0)
 .fini0         0x0000000000005398        0x4 /usr/lib/gcc/avr/4.9.2/avr5/libgcc.a(_exit.o)
 *(.fini0)
                0x000000000000539c                _etext = .

.data           0x0000000000800100      0x2c0 load address 0x000000000000539c
                0x0000000000800100                PROVIDE (__data_start, .)
 *(.data)
 *(.data*)
 .data.debouncing
                0x0000000000800100        0x1 .build/obj_ergodox_ez_pydemia/matrix.o
 .data.tap_dance_actions
                0x0000000000800101      0x190 .build/obj_ergodox_ez_pydemia/keyboards/ergodox/ez/keymaps/pydemia/keymap.o
                0x0000000000800101                tap_dance_actions
 .data.__compound_literal.20
                0x0000000000800291        0x4 .build/obj_ergodox_ez_pydemia/keyboards/ergodox/ez/keymaps/pydemia/keymap.o
 .data.__compound_literal.19
                0x0000000000800295        0x4 .build/obj_ergodox_ez_pydemia/keyboards/ergodox/ez/keymaps/pydemia/keymap.o
 .data.__compound_literal.18
                0x0000000000800299        0x4 .build/obj_ergodox_ez_pydemia/keyboards/ergodox/ez/keymaps/pydemia/keymap.o
 .data.__compound_literal.17
                0x000000000080029d        0x4 .build/obj_ergodox_ez_pydemia/keyboards/ergodox/ez/keymaps/pydemia/keymap.o
 .data.__compound_literal.16
                0x00000000008002a1        0x4 .build/obj_ergodox_ez_pydemia/keyboards/ergodox/ez/keymaps/pydemia/keymap.o
 .data.__compound_literal.15
                0x00000000008002a5        0x4 .build/obj_ergodox_ez_pydemia/keyboards/ergodox/ez/keymaps/pydemia/keymap.o
 .data.__compound_literal.14
                0x00000000008002a9        0x4 .build/obj_ergodox_ez_pydemia/keyboards/ergodox/ez/keymaps/pydemia/keymap.o
 .data.__compound_literal.13
                0x00000000008002ad        0x4 .build/obj_ergodox_ez_pydemia/keyboards/ergodox/ez/keymaps/pydemia/keymap.o
 .data.__compound_literal.12
                0x00000000008002b1        0x4 .build/obj_ergodox_ez_pydemia/keyboards/ergodox/ez/keymaps/pydemia/keymap.o
 .data.__compound_literal.11
                0x00000000008002b5        0x4 .build/obj_ergodox_ez_pydemia/keyboards/ergodox/ez/keymaps/pydemia/keymap.o
 .data.__compound_literal.10
                0x00000000008002b9        0x4 .build/obj_ergodox_ez_pydemia/keyboards/ergodox/ez/keymaps/pydemia/keymap.o
 .data.__compound_literal.9
                0x00000000008002bd        0x4 .build/obj_ergodox_ez_pydemia/keyboards/ergodox/ez/keymaps/pydemia/keymap.o
 .data.__compound_literal.8
                0x00000000008002c1        0x4 .build/obj_ergodox_ez_pydemia/keyboards/ergodox/ez/keymaps/pydemia/keymap.o
 .data.__compound_literal.7
                0x00000000008002c5        0x4 .build/obj_ergodox_ez_pydemia/keyboards/ergodox/ez/keymaps/pydemia/keymap.o
 .data.__compound_literal.6
                0x00000000008002c9        0x4 .build/obj_ergodox_ez_pydemia/keyboards/ergodox/ez/keymaps/pydemia/keymap.o
 .data.__compound_literal.5
                0x00000000008002cd        0x4 .build/obj_ergodox_ez_pydemia/keyboards/ergodox/ez/keymaps/pydemia/keymap.o
 .data.__compound_literal.4
                0x00000000008002d1        0x4 .build/obj_ergodox_ez_pydemia/keyboards/ergodox/ez/keymaps/pydemia/keymap.o
 .data.__compound_literal.3
                0x00000000008002d5        0x4 .build/obj_ergodox_ez_pydemia/keyboards/ergodox/ez/keymaps/pydemia/keymap.o
 .data.__compound_literal.2
                0x00000000008002d9        0x4 .build/obj_ergodox_ez_pydemia/keyboards/ergodox/ez/keymaps/pydemia/keymap.o
 .data.__compound_literal.1
                0x00000000008002dd        0x4 .build/obj_ergodox_ez_pydemia/keyboards/ergodox/ez/keymaps/pydemia/keymap.o
 .data.__compound_literal.0
                0x00000000008002e1        0x4 .build/obj_ergodox_ez_pydemia/keyboards/ergodox/ez/keymaps/pydemia/keymap.o
 .data.mcp23018_status
                0x00000000008002e5        0x1 .build/obj_ergodox_ez_pydemia/keyboards/ergodox/ez/ez.o
                0x00000000008002e5                mcp23018_status
 .data.highest_td
                0x00000000008002e6        0x1 .build/obj_ergodox_ez_pydemia/quantum/process_keycode/process_tap_dance.o
 .data.keyboard_report
                0x00000000008002e7        0x2 .build/obj_ergodox_ez_pydemia/common/action_util.o
                0x00000000008002e7                keyboard_report
 .data.mk_wheel_time_to_max
                0x00000000008002e9        0x1 .build/obj_ergodox_ez_pydemia/common/mousekey.o
                0x00000000008002e9                mk_wheel_time_to_max
 .data.mk_wheel_max_speed
                0x00000000008002ea        0x1 .build/obj_ergodox_ez_pydemia/common/mousekey.o
                0x00000000008002ea                mk_wheel_max_speed
 .data.mk_time_to_max
                0x00000000008002eb        0x1 .build/obj_ergodox_ez_pydemia/common/mousekey.o
                0x00000000008002eb                mk_time_to_max
 .data.mk_max_speed
                0x00000000008002ec        0x1 .build/obj_ergodox_ez_pydemia/common/mousekey.o
                0x00000000008002ec                mk_max_speed
 .data.mk_interval
                0x00000000008002ed        0x1 .build/obj_ergodox_ez_pydemia/common/mousekey.o
                0x00000000008002ed                mk_interval
 .data.mk_delay
                0x00000000008002ee        0x1 .build/obj_ergodox_ez_pydemia/common/mousekey.o
                0x00000000008002ee                mk_delay
 .data.lufa_driver
                0x00000000008002ef        0xa .build/obj_ergodox_ez_pydemia/lufa.o
                0x00000000008002ef                lufa_driver
 .data.keyboard_protocol
                0x00000000008002f9        0x1 .build/obj_ergodox_ez_pydemia/lufa.o
                0x00000000008002f9                keyboard_protocol
 *(.rodata)
 *(.rodata*)
 .rodata.hand_swap_config
                0x00000000008002fa       0xa8 .build/obj_ergodox_ez_pydemia/keyboards/ergodox/ergodox.o
                0x00000000008002fa                hand_swap_config
 .rodata.CSWTCH.46
                0x00000000008003a2        0xa .build/obj_ergodox_ez_pydemia/common/command.o
 .rodata.CSWTCH.3
                0x00000000008003ac        0x4 .build/obj_ergodox_ez_pydemia/descriptor.o
 .rodata.CSWTCH.2
                0x00000000008003b0        0x8 .build/obj_ergodox_ez_pydemia/descriptor.o
 .rodata.CSWTCH.1
                0x00000000008003b8        0x8 .build/obj_ergodox_ez_pydemia/descriptor.o
 *(.gnu.linkonce.d*)
                0x00000000008003c0                . = ALIGN (0x2)
                0x00000000008003c0                _edata = .
                0x00000000008003c0                PROVIDE (__data_end, .)

.bss            0x00000000008003c0       0xfc
                0x00000000008003c0                PROVIDE (__bss_start, .)
 *(.bss)
 *(.bss*)
 .bss.mcp23018_reset_loop
                0x00000000008003c0        0x1 .build/obj_ergodox_ez_pydemia/matrix.o
 .bss.matrix_debouncing
                0x00000000008003c1        0xe .build/obj_ergodox_ez_pydemia/matrix.o
 .bss.matrix    0x00000000008003cf        0xe .build/obj_ergodox_ez_pydemia/matrix.o
 .bss.shift_interrupted
                0x00000000008003dd        0x2 .build/obj_ergodox_ez_pydemia/quantum/quantum.o
 .bss.leader_sequence_size
                0x00000000008003df        0x1 .build/obj_ergodox_ez_pydemia/quantum/process_keycode/process_leader.o
                0x00000000008003df                leader_sequence_size
 .bss.leader_sequence
                0x00000000008003e0        0xa .build/obj_ergodox_ez_pydemia/quantum/process_keycode/process_leader.o
                0x00000000008003e0                leader_sequence
 .bss.leader_time
                0x00000000008003ea        0x2 .build/obj_ergodox_ez_pydemia/quantum/process_keycode/process_leader.o
                0x00000000008003ea                leader_time
 .bss.leading   0x00000000008003ec        0x1 .build/obj_ergodox_ez_pydemia/quantum/process_keycode/process_leader.o
                0x00000000008003ec                leading
 .bss.i2c_initialized
                0x00000000008003ed        0x1 .build/obj_ergodox_ez_pydemia/keyboards/ergodox/ez/ez.o
                0x00000000008003ed                i2c_initialized
 .bss.input_mode
                0x00000000008003ee        0x1 .build/obj_ergodox_ez_pydemia/quantum/process_keycode/process_unicode.o
 .bss.last_td   0x00000000008003ef        0x2 .build/obj_ergodox_ez_pydemia/quantum/process_keycode/process_tap_dance.o
 .bss.last_consumer_report
                0x00000000008003f1        0x2 .build/obj_ergodox_ez_pydemia/common/host.o
 .bss.last_system_report
                0x00000000008003f3        0x2 .build/obj_ergodox_ez_pydemia/common/host.o
 .bss.driver    0x00000000008003f5        0x2 .build/obj_ergodox_ez_pydemia/common/host.o
 .bss.led_status.4914
                0x00000000008003f7        0x1 .build/obj_ergodox_ez_pydemia/common/keyboard.o
 .bss.matrix_prev.4913
                0x00000000008003f8        0xe .build/obj_ergodox_ez_pydemia/common/keyboard.o
 .bss.swap_state.4800
                0x0000000000800406        0xe .build/obj_ergodox_ez_pydemia/common/action.o
 .bss.swap_hands
                0x0000000000800414        0x1 .build/obj_ergodox_ez_pydemia/common/action.o
                0x0000000000800414                swap_hands
 .bss.waiting_buffer_tail
                0x0000000000800415        0x1 .build/obj_ergodox_ez_pydemia/common/action_tapping.o
 .bss.waiting_buffer_head
                0x0000000000800416        0x1 .build/obj_ergodox_ez_pydemia/common/action_tapping.o
 .bss.waiting_buffer
                0x0000000000800417       0x30 .build/obj_ergodox_ez_pydemia/common/action_tapping.o
 .bss.tapping_key
                0x0000000000800447        0x6 .build/obj_ergodox_ez_pydemia/common/action_tapping.o
 .bss.layer_state
                0x000000000080044d        0x4 .build/obj_ergodox_ez_pydemia/common/action_layer.o
                0x000000000080044d                layer_state
 .bss.default_layer_state
                0x0000000000800451        0x4 .build/obj_ergodox_ez_pydemia/common/action_layer.o
                0x0000000000800451                default_layer_state
 .bss.oneshot_layer_data
                0x0000000000800455        0x1 .build/obj_ergodox_ez_pydemia/common/action_util.o
 .bss.oneshot_mods
                0x0000000000800456        0x1 .build/obj_ergodox_ez_pydemia/common/action_util.o
 .bss.__compound_literal.0
                0x0000000000800457       0x20 .build/obj_ergodox_ez_pydemia/common/action_util.o
 .bss.macro_mods
                0x0000000000800477        0x1 .build/obj_ergodox_ez_pydemia/common/action_util.o
 .bss.weak_mods
                0x0000000000800478        0x1 .build/obj_ergodox_ez_pydemia/common/action_util.o
 .bss.real_mods
                0x0000000000800479        0x1 .build/obj_ergodox_ez_pydemia/common/action_util.o
 .bss.debug_config
                0x000000000080047a        0x1 .build/obj_ergodox_ez_pydemia/common/debug.o
                0x000000000080047a                debug_config
 .bss.wdt_timeout
                0x000000000080047b        0x1 .build/obj_ergodox_ez_pydemia/common/avr/suspend.o
 .bss.timer_count
                0x000000000080047c        0x4 .build/obj_ergodox_ez_pydemia/common/avr/timer.o
                0x000000000080047c                timer_count
 .bss.last_timer
                0x0000000000800480        0x2 .build/obj_ergodox_ez_pydemia/common/mousekey.o
 .bss.mousekey_accel
                0x0000000000800482        0x1 .build/obj_ergodox_ez_pydemia/common/mousekey.o
 .bss.mousekey_repeat
                0x0000000000800483        0x1 .build/obj_ergodox_ez_pydemia/common/mousekey.o
 .bss.mouse_report
                0x0000000000800484        0x5 .build/obj_ergodox_ez_pydemia/common/mousekey.o
 .bss.mousekey_param
                0x0000000000800489        0x1 .build/obj_ergodox_ez_pydemia/common/command.o
 .bss.command_state
                0x000000000080048a        0x1 .build/obj_ergodox_ez_pydemia/common/command.o
                0x000000000080048a                command_state
 .bss.keyboard_report_sent
                0x000000000080048b       0x20 .build/obj_ergodox_ez_pydemia/lufa.o
 .bss.keyboard_led_stats
                0x00000000008004ab        0x1 .build/obj_ergodox_ez_pydemia/lufa.o
 .bss.keyboard_idle
                0x00000000008004ac        0x1 .build/obj_ergodox_ez_pydemia/lufa.o
                0x00000000008004ac                keyboard_idle
 *(COMMON)
 COMMON         0x00000000008004ad        0x2 .build/obj_ergodox_ez_pydemia/common/magic.o
                0x00000000008004ad                keymap_config
 COMMON         0x00000000008004af        0x3 .build/obj_ergodox_ez_pydemia/protocol/lufa/LUFA-git/LUFA/Drivers/USB/Core/DeviceStandardReq.o
                0x00000000008004af                USB_Device_ConfigurationNumber
                0x00000000008004b0                USB_Device_CurrentlySelfPowered
                0x00000000008004b1                USB_Device_RemoteWakeupEnabled
 COMMON         0x00000000008004b2        0xa .build/obj_ergodox_ez_pydemia/protocol/lufa/LUFA-git/LUFA/Drivers/USB/Core/USBTask.o
                0x00000000008004b2                USB_IsInitialized
                0x00000000008004b3                USB_DeviceState
                0x00000000008004b4                USB_ControlRequest
                0x00000000008004bc                PROVIDE (__bss_end, .)
                0x000000000000539c                __data_load_start = LOADADDR (.data)
                0x000000000000565c                __data_load_end = (__data_load_start + SIZEOF (.data))

.noinit         0x00000000008004bc        0x4
                0x00000000008004bc                PROVIDE (__noinit_start, .)
 *(.noinit*)
 .noinit        0x00000000008004bc        0x4 .build/obj_ergodox_ez_pydemia/common/avr/bootloader.o
                0x00000000008004bc                reset_key
                0x00000000008004c0                PROVIDE (__noinit_end, .)
                0x00000000008004c0                _end = .
                0x00000000008004c0                PROVIDE (__heap_start, .)

.eeprom         0x0000000000810000        0x0
 *(.eeprom*)
                0x0000000000810000                __eeprom_end = .

.fuse
 *(.fuse)
 *(.lfuse)
 *(.hfuse)
 *(.efuse)

.lock
 *(.lock*)

.signature
 *(.signature*)

.user_signatures
 *(.user_signatures*)

.stab
 *(.stab)

.stabstr        0x0000000000000000       0x6f
 *(.stabstr)
 .stabstr       0x0000000000000000       0x6f .build/obj_ergodox_ez_pydemia/common/avr/xprintf.o

.stab.excl
 *(.stab.excl)

.stab.exclstr
 *(.stab.exclstr)

.stab.index
 *(.stab.index)

.stab.indexstr
 *(.stab.indexstr)

.comment        0x0000000000000000       0x11
 *(.comment)
 .comment       0x0000000000000000       0x11 .build/obj_ergodox_ez_pydemia/twimaster.o
                                         0x12 (size before relaxing)
 .comment       0x0000000000000011       0x12 .build/obj_ergodox_ez_pydemia/matrix.o
 .comment       0x0000000000000011       0x12 .build/obj_ergodox_ez_pydemia/keyboards/ergodox/ergodox.o
 .comment       0x0000000000000011       0x12 .build/obj_ergodox_ez_pydemia/keyboards/ergodox/ez/keymaps/pydemia/keymap.o
 .comment       0x0000000000000011       0x12 .build/obj_ergodox_ez_pydemia/quantum/quantum.o
 .comment       0x0000000000000011       0x12 .build/obj_ergodox_ez_pydemia/quantum/keymap_common.o
 .comment       0x0000000000000011       0x12 .build/obj_ergodox_ez_pydemia/quantum/keycode_config.o
 .comment       0x0000000000000011       0x12 .build/obj_ergodox_ez_pydemia/quantum/process_keycode/process_leader.o
 .comment       0x0000000000000011       0x12 .build/obj_ergodox_ez_pydemia/keyboards/ergodox/ez/ez.o
 .comment       0x0000000000000011       0x12 .build/obj_ergodox_ez_pydemia/quantum/process_keycode/process_unicode.o
 .comment       0x0000000000000011       0x12 .build/obj_ergodox_ez_pydemia/quantum/process_keycode/process_tap_dance.o
 .comment       0x0000000000000011       0x12 .build/obj_ergodox_ez_pydemia/common/host.o
 .comment       0x0000000000000011       0x12 .build/obj_ergodox_ez_pydemia/common/keyboard.o
 .comment       0x0000000000000011       0x12 .build/obj_ergodox_ez_pydemia/common/action.o
 .comment       0x0000000000000011       0x12 .build/obj_ergodox_ez_pydemia/common/action_tapping.o
 .comment       0x0000000000000011       0x12 .build/obj_ergodox_ez_pydemia/common/action_macro.o
 .comment       0x0000000000000011       0x12 .build/obj_ergodox_ez_pydemia/common/action_layer.o
 .comment       0x0000000000000011       0x12 .build/obj_ergodox_ez_pydemia/common/action_util.o
 .comment       0x0000000000000011       0x12 .build/obj_ergodox_ez_pydemia/common/debug.o
 .comment       0x0000000000000011       0x12 .build/obj_ergodox_ez_pydemia/common/util.o
 .comment       0x0000000000000011       0x12 .build/obj_ergodox_ez_pydemia/common/eeconfig.o
 .comment       0x0000000000000011       0x12 .build/obj_ergodox_ez_pydemia/common/avr/suspend.o
 .comment       0x0000000000000011       0x12 .build/obj_ergodox_ez_pydemia/common/avr/timer.o
 .comment       0x0000000000000011       0x12 .build/obj_ergodox_ez_pydemia/common/avr/bootloader.o
 .comment       0x0000000000000011       0x12 .build/obj_ergodox_ez_pydemia/common/magic.o
 .comment       0x0000000000000011       0x12 .build/obj_ergodox_ez_pydemia/common/mousekey.o
 .comment       0x0000000000000011       0x12 .build/obj_ergodox_ez_pydemia/common/command.o
 .comment       0x0000000000000011       0x12 .build/obj_ergodox_ez_pydemia/lufa.o
 .comment       0x0000000000000011       0x12 .build/obj_ergodox_ez_pydemia/descriptor.o
 .comment       0x0000000000000011       0x12 .build/obj_ergodox_ez_pydemia/protocol/lufa/LUFA-git/LUFA/Drivers/USB/Core/AVR8/Device_AVR8.o
 .comment       0x0000000000000011       0x12 .build/obj_ergodox_ez_pydemia/protocol/lufa/LUFA-git/LUFA/Drivers/USB/Core/AVR8/EndpointStream_AVR8.o
 .comment       0x0000000000000011       0x12 .build/obj_ergodox_ez_pydemia/protocol/lufa/LUFA-git/LUFA/Drivers/USB/Core/AVR8/Endpoint_AVR8.o
 .comment       0x0000000000000011       0x12 .build/obj_ergodox_ez_pydemia/protocol/lufa/LUFA-git/LUFA/Drivers/USB/Core/AVR8/USBController_AVR8.o
 .comment       0x0000000000000011       0x12 .build/obj_ergodox_ez_pydemia/protocol/lufa/LUFA-git/LUFA/Drivers/USB/Core/AVR8/USBInterrupt_AVR8.o
 .comment       0x0000000000000011       0x12 .build/obj_ergodox_ez_pydemia/protocol/lufa/LUFA-git/LUFA/Drivers/USB/Core/DeviceStandardReq.o
 .comment       0x0000000000000011       0x12 .build/obj_ergodox_ez_pydemia/protocol/lufa/LUFA-git/LUFA/Drivers/USB/Core/Events.o
 .comment       0x0000000000000011       0x12 .build/obj_ergodox_ez_pydemia/protocol/lufa/LUFA-git/LUFA/Drivers/USB/Core/USBTask.o

.note.gnu.avr.deviceinfo
                0x0000000000000000       0x40
 .note.gnu.avr.deviceinfo
                0x0000000000000000       0x40 /usr/lib/gcc/avr/4.9.2/../../../avr/lib/avr5/crtatmega32u4.o

.note.gnu.build-id
 *(.note.gnu.build-id)

.debug
 *(.debug)

.line
 *(.line)

.debug_srcinfo
 *(.debug_srcinfo)

.debug_sfnames
 *(.debug_sfnames)

.debug_aranges  0x0000000000000000      0xc18
 *(.debug_aranges)
 .debug_aranges
                0x0000000000000000       0x58 .build/obj_ergodox_ez_pydemia/twimaster.o
 .debug_aranges
                0x0000000000000058       0x98 .build/obj_ergodox_ez_pydemia/matrix.o
 .debug_aranges
                0x00000000000000f0       0x18 .build/obj_ergodox_ez_pydemia/keyboards/ergodox/ergodox.o
 .debug_aranges
                0x0000000000000108       0xa0 .build/obj_ergodox_ez_pydemia/keyboards/ergodox/ez/keymaps/pydemia/keymap.o
 .debug_aranges
                0x00000000000001a8       0xc0 .build/obj_ergodox_ez_pydemia/quantum/quantum.o
 .debug_aranges
                0x0000000000000268       0x38 .build/obj_ergodox_ez_pydemia/quantum/keymap_common.o
 .debug_aranges
                0x00000000000002a0       0x20 .build/obj_ergodox_ez_pydemia/quantum/keycode_config.o
 .debug_aranges
                0x00000000000002c0       0x30 .build/obj_ergodox_ez_pydemia/quantum/process_keycode/process_leader.o
 .debug_aranges
                0x00000000000002f0       0x30 .build/obj_ergodox_ez_pydemia/keyboards/ergodox/ez/ez.o
 .debug_aranges
                0x0000000000000320       0x50 .build/obj_ergodox_ez_pydemia/quantum/process_keycode/process_unicode.o
 .debug_aranges
                0x0000000000000370       0x48 .build/obj_ergodox_ez_pydemia/quantum/process_keycode/process_tap_dance.o
 .debug_aranges
                0x00000000000003b8       0x60 .build/obj_ergodox_ez_pydemia/common/host.o
 .debug_aranges
                0x0000000000000418       0x40 .build/obj_ergodox_ez_pydemia/common/keyboard.o
 .debug_aranges
                0x0000000000000458       0x98 .build/obj_ergodox_ez_pydemia/common/action.o
 .debug_aranges
                0x00000000000004f0       0x40 .build/obj_ergodox_ez_pydemia/common/action_tapping.o
 .debug_aranges
                0x0000000000000530       0x20 .build/obj_ergodox_ez_pydemia/common/action_macro.o
 .debug_aranges
                0x0000000000000550       0xa0 .build/obj_ergodox_ez_pydemia/common/action_layer.o
 .debug_aranges
                0x00000000000005f0      0x128 .build/obj_ergodox_ez_pydemia/common/action_util.o
 .debug_aranges
                0x0000000000000718       0x18 .build/obj_ergodox_ez_pydemia/common/debug.o
 .debug_aranges
                0x0000000000000730       0x60 .build/obj_ergodox_ez_pydemia/common/util.o
 .debug_aranges
                0x0000000000000790       0x68 .build/obj_ergodox_ez_pydemia/common/eeconfig.o
 .debug_aranges
                0x00000000000007f8       0x50 .build/obj_ergodox_ez_pydemia/common/avr/suspend.o
 .debug_aranges
                0x0000000000000848       0x50 .build/obj_ergodox_ez_pydemia/common/avr/timer.o
 .debug_aranges
                0x0000000000000898       0x28 .build/obj_ergodox_ez_pydemia/common/avr/bootloader.o
 .debug_aranges
                0x00000000000008c0       0x20 .build/obj_ergodox_ez_pydemia/common/magic.o
 .debug_aranges
                0x00000000000008e0       0x50 .build/obj_ergodox_ez_pydemia/common/mousekey.o
 .debug_aranges
                0x0000000000000930       0x50 .build/obj_ergodox_ez_pydemia/common/command.o
 .debug_aranges
                0x0000000000000980       0x88 .build/obj_ergodox_ez_pydemia/lufa.o
 .debug_aranges
                0x0000000000000a08       0x20 .build/obj_ergodox_ez_pydemia/descriptor.o
 .debug_aranges
                0x0000000000000a28       0x20 .build/obj_ergodox_ez_pydemia/protocol/lufa/LUFA-git/LUFA/Drivers/USB/Core/AVR8/Device_AVR8.o
 .debug_aranges
                0x0000000000000a48       0xc8 .build/obj_ergodox_ez_pydemia/protocol/lufa/LUFA-git/LUFA/Drivers/USB/Core/AVR8/EndpointStream_AVR8.o
 .debug_aranges
                0x0000000000000b10       0x40 .build/obj_ergodox_ez_pydemia/protocol/lufa/LUFA-git/LUFA/Drivers/USB/Core/AVR8/Endpoint_AVR8.o
 .debug_aranges
                0x0000000000000b50       0x30 .build/obj_ergodox_ez_pydemia/protocol/lufa/LUFA-git/LUFA/Drivers/USB/Core/AVR8/USBController_AVR8.o
 .debug_aranges
                0x0000000000000b80       0x38 .build/obj_ergodox_ez_pydemia/protocol/lufa/LUFA-git/LUFA/Drivers/USB/Core/AVR8/USBInterrupt_AVR8.o
 .debug_aranges
                0x0000000000000bb8       0x20 .build/obj_ergodox_ez_pydemia/protocol/lufa/LUFA-git/LUFA/Drivers/USB/Core/DeviceStandardReq.o
 .debug_aranges
                0x0000000000000bd8       0x20 .build/obj_ergodox_ez_pydemia/protocol/lufa/LUFA-git/LUFA/Drivers/USB/Core/Events.o
 .debug_aranges
                0x0000000000000bf8       0x20 .build/obj_ergodox_ez_pydemia/protocol/lufa/LUFA-git/LUFA/Drivers/USB/Core/USBTask.o

.debug_pubnames
 *(.debug_pubnames)

.debug_info     0x0000000000000000    0x13277
 *(.debug_info .gnu.linkonce.wi.*)
 .debug_info    0x0000000000000000      0x1be .build/obj_ergodox_ez_pydemia/twimaster.o
 .debug_info    0x00000000000001be      0x6de .build/obj_ergodox_ez_pydemia/matrix.o
 .debug_info    0x000000000000089c       0xe5 .build/obj_ergodox_ez_pydemia/keyboards/ergodox/ergodox.o
 .debug_info    0x0000000000000981     0x1976 .build/obj_ergodox_ez_pydemia/keyboards/ergodox/ez/keymaps/pydemia/keymap.o
 .debug_info    0x00000000000022f7     0x1559 .build/obj_ergodox_ez_pydemia/quantum/quantum.o
 .debug_info    0x0000000000003850     0x121d .build/obj_ergodox_ez_pydemia/quantum/keymap_common.o
 .debug_info    0x0000000000004a6d      0x5ec .build/obj_ergodox_ez_pydemia/quantum/keycode_config.o
 .debug_info    0x0000000000005059      0x5d2 .build/obj_ergodox_ez_pydemia/quantum/process_keycode/process_leader.o
 .debug_info    0x000000000000562b      0x5d2 .build/obj_ergodox_ez_pydemia/keyboards/ergodox/ez/ez.o
 .debug_info    0x0000000000005bfd      0xc9b .build/obj_ergodox_ez_pydemia/quantum/process_keycode/process_unicode.o
 .debug_info    0x0000000000006898      0xa53 .build/obj_ergodox_ez_pydemia/quantum/process_keycode/process_tap_dance.o
 .debug_info    0x00000000000072eb      0x4a9 .build/obj_ergodox_ez_pydemia/common/host.o
 .debug_info    0x0000000000007794      0x435 .build/obj_ergodox_ez_pydemia/common/keyboard.o
 .debug_info    0x0000000000007bc9     0x1a19 .build/obj_ergodox_ez_pydemia/common/action.o
 .debug_info    0x00000000000095e2      0xe54 .build/obj_ergodox_ez_pydemia/common/action_tapping.o
 .debug_info    0x000000000000a436      0x83e .build/obj_ergodox_ez_pydemia/common/action_macro.o
 .debug_info    0x000000000000ac74      0x8ef .build/obj_ergodox_ez_pydemia/common/action_layer.o
 .debug_info    0x000000000000b563      0x9a2 .build/obj_ergodox_ez_pydemia/common/action_util.o
 .debug_info    0x000000000000bf05       0xfc .build/obj_ergodox_ez_pydemia/common/debug.o
 .debug_info    0x000000000000c001      0x29b .build/obj_ergodox_ez_pydemia/common/util.o
 .debug_info    0x000000000000c29c      0x3cb .build/obj_ergodox_ez_pydemia/common/eeconfig.o
 .debug_info    0x000000000000c667      0x2fc .build/obj_ergodox_ez_pydemia/common/avr/suspend.o
 .debug_info    0x000000000000c963      0x204 .build/obj_ergodox_ez_pydemia/common/avr/timer.o
 .debug_info    0x000000000000cb67      0x204 .build/obj_ergodox_ez_pydemia/common/avr/bootloader.o
 .debug_info    0x000000000000cd6b      0x2b3 .build/obj_ergodox_ez_pydemia/common/magic.o
 .debug_info    0x000000000000d01e      0x63f .build/obj_ergodox_ez_pydemia/common/mousekey.o
 .debug_info    0x000000000000d65d      0xb3e .build/obj_ergodox_ez_pydemia/common/command.o
 .debug_info    0x000000000000e19b     0x109a .build/obj_ergodox_ez_pydemia/lufa.o
 .debug_info    0x000000000000f235      0x7b9 .build/obj_ergodox_ez_pydemia/descriptor.o
 .debug_info    0x000000000000f9ee       0xd2 .build/obj_ergodox_ez_pydemia/protocol/lufa/LUFA-git/LUFA/Drivers/USB/Core/AVR8/Device_AVR8.o
 .debug_info    0x000000000000fac0     0x17d6 .build/obj_ergodox_ez_pydemia/protocol/lufa/LUFA-git/LUFA/Drivers/USB/Core/AVR8/EndpointStream_AVR8.o
 .debug_info    0x0000000000011296      0x614 .build/obj_ergodox_ez_pydemia/protocol/lufa/LUFA-git/LUFA/Drivers/USB/Core/AVR8/Endpoint_AVR8.o
 .debug_info    0x00000000000118aa      0x4cb .build/obj_ergodox_ez_pydemia/protocol/lufa/LUFA-git/LUFA/Drivers/USB/Core/AVR8/USBController_AVR8.o
 .debug_info    0x0000000000011d75      0x7c8 .build/obj_ergodox_ez_pydemia/protocol/lufa/LUFA-git/LUFA/Drivers/USB/Core/AVR8/USBInterrupt_AVR8.o
 .debug_info    0x000000000001253d      0xa57 .build/obj_ergodox_ez_pydemia/protocol/lufa/LUFA-git/LUFA/Drivers/USB/Core/DeviceStandardReq.o
 .debug_info    0x0000000000012f94       0x78 .build/obj_ergodox_ez_pydemia/protocol/lufa/LUFA-git/LUFA/Drivers/USB/Core/Events.o
 .debug_info    0x000000000001300c      0x26b .build/obj_ergodox_ez_pydemia/protocol/lufa/LUFA-git/LUFA/Drivers/USB/Core/USBTask.o

.debug_abbrev   0x0000000000000000     0x4678
 *(.debug_abbrev)
 .debug_abbrev  0x0000000000000000       0xe8 .build/obj_ergodox_ez_pydemia/twimaster.o
 .debug_abbrev  0x00000000000000e8      0x2ef .build/obj_ergodox_ez_pydemia/matrix.o
 .debug_abbrev  0x00000000000003d7       0x91 .build/obj_ergodox_ez_pydemia/keyboards/ergodox/ergodox.o
 .debug_abbrev  0x0000000000000468      0x2c0 .build/obj_ergodox_ez_pydemia/keyboards/ergodox/ez/keymaps/pydemia/keymap.o
 .debug_abbrev  0x0000000000000728      0x3b7 .build/obj_ergodox_ez_pydemia/quantum/quantum.o
 .debug_abbrev  0x0000000000000adf      0x299 .build/obj_ergodox_ez_pydemia/quantum/keymap_common.o
 .debug_abbrev  0x0000000000000d78       0xd0 .build/obj_ergodox_ez_pydemia/quantum/keycode_config.o
 .debug_abbrev  0x0000000000000e48      0x150 .build/obj_ergodox_ez_pydemia/quantum/process_keycode/process_leader.o
 .debug_abbrev  0x0000000000000f98      0x1ce .build/obj_ergodox_ez_pydemia/keyboards/ergodox/ez/ez.o
 .debug_abbrev  0x0000000000001166      0x260 .build/obj_ergodox_ez_pydemia/quantum/process_keycode/process_unicode.o
 .debug_abbrev  0x00000000000013c6      0x28d .build/obj_ergodox_ez_pydemia/quantum/process_keycode/process_tap_dance.o
 .debug_abbrev  0x0000000000001653      0x183 .build/obj_ergodox_ez_pydemia/common/host.o
 .debug_abbrev  0x00000000000017d6      0x23d .build/obj_ergodox_ez_pydemia/common/keyboard.o
 .debug_abbrev  0x0000000000001a13      0x372 .build/obj_ergodox_ez_pydemia/common/action.o
 .debug_abbrev  0x0000000000001d85      0x2d7 .build/obj_ergodox_ez_pydemia/common/action_tapping.o
 .debug_abbrev  0x000000000000205c      0x192 .build/obj_ergodox_ez_pydemia/common/action_macro.o
 .debug_abbrev  0x00000000000021ee      0x243 .build/obj_ergodox_ez_pydemia/common/action_layer.o
 .debug_abbrev  0x0000000000002431      0x30e .build/obj_ergodox_ez_pydemia/common/action_util.o
 .debug_abbrev  0x000000000000273f       0x87 .build/obj_ergodox_ez_pydemia/common/debug.o
 .debug_abbrev  0x00000000000027c6       0xcb .build/obj_ergodox_ez_pydemia/common/util.o
 .debug_abbrev  0x0000000000002891       0xef .build/obj_ergodox_ez_pydemia/common/eeconfig.o
 .debug_abbrev  0x0000000000002980      0x204 .build/obj_ergodox_ez_pydemia/common/avr/suspend.o
 .debug_abbrev  0x0000000000002b84      0x11e .build/obj_ergodox_ez_pydemia/common/avr/timer.o
 .debug_abbrev  0x0000000000002ca2      0x15c .build/obj_ergodox_ez_pydemia/common/avr/bootloader.o
 .debug_abbrev  0x0000000000002dfe      0x123 .build/obj_ergodox_ez_pydemia/common/magic.o
 .debug_abbrev  0x0000000000002f21      0x1e9 .build/obj_ergodox_ez_pydemia/common/mousekey.o
 .debug_abbrev  0x000000000000310a      0x2d6 .build/obj_ergodox_ez_pydemia/common/command.o
 .debug_abbrev  0x00000000000033e0      0x441 .build/obj_ergodox_ez_pydemia/lufa.o
 .debug_abbrev  0x0000000000003821      0x177 .build/obj_ergodox_ez_pydemia/descriptor.o
 .debug_abbrev  0x0000000000003998       0x80 .build/obj_ergodox_ez_pydemia/protocol/lufa/LUFA-git/LUFA/Drivers/USB/Core/AVR8/Device_AVR8.o
 .debug_abbrev  0x0000000000003a18      0x204 .build/obj_ergodox_ez_pydemia/protocol/lufa/LUFA-git/LUFA/Drivers/USB/Core/AVR8/EndpointStream_AVR8.o
 .debug_abbrev  0x0000000000003c1c      0x213 .build/obj_ergodox_ez_pydemia/protocol/lufa/LUFA-git/LUFA/Drivers/USB/Core/AVR8/Endpoint_AVR8.o
 .debug_abbrev  0x0000000000003e2f      0x196 .build/obj_ergodox_ez_pydemia/protocol/lufa/LUFA-git/LUFA/Drivers/USB/Core/AVR8/USBController_AVR8.o
 .debug_abbrev  0x0000000000003fc5      0x23e .build/obj_ergodox_ez_pydemia/protocol/lufa/LUFA-git/LUFA/Drivers/USB/Core/AVR8/USBInterrupt_AVR8.o
 .debug_abbrev  0x0000000000004203      0x2c9 .build/obj_ergodox_ez_pydemia/protocol/lufa/LUFA-git/LUFA/Drivers/USB/Core/DeviceStandardReq.o
 .debug_abbrev  0x00000000000044cc       0x44 .build/obj_ergodox_ez_pydemia/protocol/lufa/LUFA-git/LUFA/Drivers/USB/Core/Events.o
 .debug_abbrev  0x0000000000004510      0x168 .build/obj_ergodox_ez_pydemia/protocol/lufa/LUFA-git/LUFA/Drivers/USB/Core/USBTask.o

.debug_line     0x0000000000000000     0x5a09
 *(.debug_line .debug_line.* .debug_line_end)
 .debug_line    0x0000000000000000      0x153 .build/obj_ergodox_ez_pydemia/twimaster.o
 .debug_line    0x0000000000000153      0x2d2 .build/obj_ergodox_ez_pydemia/matrix.o
 .debug_line    0x0000000000000425       0xbf .build/obj_ergodox_ez_pydemia/keyboards/ergodox/ergodox.o
 .debug_line    0x00000000000004e4      0x361 .build/obj_ergodox_ez_pydemia/keyboards/ergodox/ez/keymaps/pydemia/keymap.o
 .debug_line    0x0000000000000845      0x3d4 .build/obj_ergodox_ez_pydemia/quantum/quantum.o
 .debug_line    0x0000000000000c19      0x214 .build/obj_ergodox_ez_pydemia/quantum/keymap_common.o
 .debug_line    0x0000000000000e2d       0xc1 .build/obj_ergodox_ez_pydemia/quantum/keycode_config.o
 .debug_line    0x0000000000000eee      0x144 .build/obj_ergodox_ez_pydemia/quantum/process_keycode/process_leader.o
 .debug_line    0x0000000000001032      0x191 .build/obj_ergodox_ez_pydemia/keyboards/ergodox/ez/ez.o
 .debug_line    0x00000000000011c3      0x1ce .build/obj_ergodox_ez_pydemia/quantum/process_keycode/process_unicode.o
 .debug_line    0x0000000000001391      0x209 .build/obj_ergodox_ez_pydemia/quantum/process_keycode/process_tap_dance.o
 .debug_line    0x000000000000159a      0x162 .build/obj_ergodox_ez_pydemia/common/host.o
 .debug_line    0x00000000000016fc      0x191 .build/obj_ergodox_ez_pydemia/common/keyboard.o
 .debug_line    0x000000000000188d      0x467 .build/obj_ergodox_ez_pydemia/common/action.o
 .debug_line    0x0000000000001cf4      0x28a .build/obj_ergodox_ez_pydemia/common/action_tapping.o
 .debug_line    0x0000000000001f7e      0x153 .build/obj_ergodox_ez_pydemia/common/action_macro.o
 .debug_line    0x00000000000020d1      0x201 .build/obj_ergodox_ez_pydemia/common/action_layer.o
 .debug_line    0x00000000000022d2      0x3c0 .build/obj_ergodox_ez_pydemia/common/action_util.o
 .debug_line    0x0000000000002692       0x63 .build/obj_ergodox_ez_pydemia/common/debug.o
 .debug_line    0x00000000000026f5      0x175 .build/obj_ergodox_ez_pydemia/common/util.o
 .debug_line    0x000000000000286a      0x123 .build/obj_ergodox_ez_pydemia/common/eeconfig.o
 .debug_line    0x000000000000298d      0x1f4 .build/obj_ergodox_ez_pydemia/common/avr/suspend.o
 .debug_line    0x0000000000002b81      0x107 .build/obj_ergodox_ez_pydemia/common/avr/timer.o
 .debug_line    0x0000000000002c88      0x197 .build/obj_ergodox_ez_pydemia/common/avr/bootloader.o
 .debug_line    0x0000000000002e1f       0xfb .build/obj_ergodox_ez_pydemia/common/magic.o
 .debug_line    0x0000000000002f1a      0x323 .build/obj_ergodox_ez_pydemia/common/mousekey.o
 .debug_line    0x000000000000323d      0x2c1 .build/obj_ergodox_ez_pydemia/common/command.o
 .debug_line    0x00000000000034fe      0x608 .build/obj_ergodox_ez_pydemia/lufa.o
 .debug_line    0x0000000000003b06      0x1bc .build/obj_ergodox_ez_pydemia/descriptor.o
 .debug_line    0x0000000000003cc2      0x120 .build/obj_ergodox_ez_pydemia/protocol/lufa/LUFA-git/LUFA/Drivers/USB/Core/AVR8/Device_AVR8.o
 .debug_line    0x0000000000003de2      0xb6b .build/obj_ergodox_ez_pydemia/protocol/lufa/LUFA-git/LUFA/Drivers/USB/Core/AVR8/EndpointStream_AVR8.o
 .debug_line    0x000000000000494d      0x3d3 .build/obj_ergodox_ez_pydemia/protocol/lufa/LUFA-git/LUFA/Drivers/USB/Core/AVR8/Endpoint_AVR8.o
 .debug_line    0x0000000000004d20      0x2de .build/obj_ergodox_ez_pydemia/protocol/lufa/LUFA-git/LUFA/Drivers/USB/Core/AVR8/USBController_AVR8.o
 .debug_line    0x0000000000004ffe      0x4ae .build/obj_ergodox_ez_pydemia/protocol/lufa/LUFA-git/LUFA/Drivers/USB/Core/AVR8/USBInterrupt_AVR8.o
 .debug_line    0x00000000000054ac      0x369 .build/obj_ergodox_ez_pydemia/protocol/lufa/LUFA-git/LUFA/Drivers/USB/Core/DeviceStandardReq.o
 .debug_line    0x0000000000005815       0x6d .build/obj_ergodox_ez_pydemia/protocol/lufa/LUFA-git/LUFA/Drivers/USB/Core/Events.o
 .debug_line    0x0000000000005882      0x187 .build/obj_ergodox_ez_pydemia/protocol/lufa/LUFA-git/LUFA/Drivers/USB/Core/USBTask.o

.debug_frame    0x0000000000000000     0x1cd8
 *(.debug_frame)
 .debug_frame   0x0000000000000000       0x94 .build/obj_ergodox_ez_pydemia/twimaster.o
 .debug_frame   0x0000000000000094      0x164 .build/obj_ergodox_ez_pydemia/matrix.o
 .debug_frame   0x00000000000001f8      0x164 .build/obj_ergodox_ez_pydemia/keyboards/ergodox/ez/keymaps/pydemia/keymap.o
 .debug_frame   0x000000000000035c      0x1f8 .build/obj_ergodox_ez_pydemia/quantum/quantum.o
 .debug_frame   0x0000000000000554       0x54 .build/obj_ergodox_ez_pydemia/quantum/keymap_common.o
 .debug_frame   0x00000000000005a8       0x24 .build/obj_ergodox_ez_pydemia/quantum/keycode_config.o
 .debug_frame   0x00000000000005cc       0x58 .build/obj_ergodox_ez_pydemia/quantum/process_keycode/process_leader.o
 .debug_frame   0x0000000000000624       0x44 .build/obj_ergodox_ez_pydemia/keyboards/ergodox/ez/ez.o
 .debug_frame   0x0000000000000668       0xb0 .build/obj_ergodox_ez_pydemia/quantum/process_keycode/process_unicode.o
 .debug_frame   0x0000000000000718       0xbc .build/obj_ergodox_ez_pydemia/quantum/process_keycode/process_tap_dance.o
 .debug_frame   0x00000000000007d4       0xa4 .build/obj_ergodox_ez_pydemia/common/host.o
 .debug_frame   0x0000000000000878       0x9c .build/obj_ergodox_ez_pydemia/common/keyboard.o
 .debug_frame   0x0000000000000914      0x1c0 .build/obj_ergodox_ez_pydemia/common/action.o
 .debug_frame   0x0000000000000ad4       0xc8 .build/obj_ergodox_ez_pydemia/common/action_tapping.o
 .debug_frame   0x0000000000000b9c       0x48 .build/obj_ergodox_ez_pydemia/common/action_macro.o
 .debug_frame   0x0000000000000be4      0x1a8 .build/obj_ergodox_ez_pydemia/common/action_layer.o
 .debug_frame   0x0000000000000d8c      0x240 .build/obj_ergodox_ez_pydemia/common/action_util.o
 .debug_frame   0x0000000000000fcc      0x11c .build/obj_ergodox_ez_pydemia/common/util.o
 .debug_frame   0x00000000000010e8       0xb4 .build/obj_ergodox_ez_pydemia/common/eeconfig.o
 .debug_frame   0x000000000000119c       0xb0 .build/obj_ergodox_ez_pydemia/common/avr/suspend.o
 .debug_frame   0x000000000000124c       0xf0 .build/obj_ergodox_ez_pydemia/common/avr/timer.o
 .debug_frame   0x000000000000133c       0x34 .build/obj_ergodox_ez_pydemia/common/avr/bootloader.o
 .debug_frame   0x0000000000001370       0x24 .build/obj_ergodox_ez_pydemia/common/magic.o
 .debug_frame   0x0000000000001394       0x98 .build/obj_ergodox_ez_pydemia/common/mousekey.o
 .debug_frame   0x000000000000142c       0x98 .build/obj_ergodox_ez_pydemia/common/command.o
 .debug_frame   0x00000000000014c4      0x128 .build/obj_ergodox_ez_pydemia/lufa.o
 .debug_frame   0x00000000000015ec       0x24 .build/obj_ergodox_ez_pydemia/descriptor.o
 .debug_frame   0x0000000000001610       0x24 .build/obj_ergodox_ez_pydemia/protocol/lufa/LUFA-git/LUFA/Drivers/USB/Core/AVR8/Device_AVR8.o
 .debug_frame   0x0000000000001634      0x42c .build/obj_ergodox_ez_pydemia/protocol/lufa/LUFA-git/LUFA/Drivers/USB/Core/AVR8/EndpointStream_AVR8.o
 .debug_frame   0x0000000000001a60       0x88 .build/obj_ergodox_ez_pydemia/protocol/lufa/LUFA-git/LUFA/Drivers/USB/Core/AVR8/Endpoint_AVR8.o
 .debug_frame   0x0000000000001ae8       0x5c .build/obj_ergodox_ez_pydemia/protocol/lufa/LUFA-git/LUFA/Drivers/USB/Core/AVR8/USBController_AVR8.o
 .debug_frame   0x0000000000001b44      0x108 .build/obj_ergodox_ez_pydemia/protocol/lufa/LUFA-git/LUFA/Drivers/USB/Core/AVR8/USBInterrupt_AVR8.o
 .debug_frame   0x0000000000001c4c       0x3c .build/obj_ergodox_ez_pydemia/protocol/lufa/LUFA-git/LUFA/Drivers/USB/Core/DeviceStandardReq.o