Archive member included to satisfy reference by file (symbol)

/usr/lib/gcc/avr/5.4.0/../../../avr/lib/avr5/libm.a(fixsfsi.o)
                              .build/obj_ergodox_ez_pydemia/common/mousekey.o (__fixsfsi)
/usr/lib/gcc/avr/5.4.0/../../../avr/lib/avr5/libm.a(fixunssfsi.o)
                              /usr/lib/gcc/avr/5.4.0/../../../avr/lib/avr5/libm.a(fixsfsi.o) (__fixunssfsi)
/usr/lib/gcc/avr/5.4.0/../../../avr/lib/avr5/libm.a(floatsisf.o)
                              .build/obj_ergodox_ez_pydemia/common/mousekey.o (__floatsisf)
/usr/lib/gcc/avr/5.4.0/../../../avr/lib/avr5/libm.a(fp_split3.o)
                              /usr/lib/gcc/avr/5.4.0/../../../avr/lib/avr5/libm.a(fixunssfsi.o) (__fp_splitA)
/usr/lib/gcc/avr/5.4.0/../../../avr/lib/avr5/libm.a(fp_zero.o)
                              /usr/lib/gcc/avr/5.4.0/../../../avr/lib/avr5/libm.a(fixunssfsi.o) (__fp_zero)
/usr/lib/gcc/avr/5.4.0/../../../avr/lib/avr5/libm.a(mulsf3.o)
                              .build/obj_ergodox_ez_pydemia/common/mousekey.o (__mulsf3)
/usr/lib/gcc/avr/5.4.0/../../../avr/lib/avr5/libm.a(mulsf3x.o)
                              /usr/lib/gcc/avr/5.4.0/../../../avr/lib/avr5/libm.a(mulsf3.o) (__mulsf3x)
/usr/lib/gcc/avr/5.4.0/../../../avr/lib/avr5/libm.a(fp_inf.o)
                              /usr/lib/gcc/avr/5.4.0/../../../avr/lib/avr5/libm.a(mulsf3x.o) (__fp_inf)
/usr/lib/gcc/avr/5.4.0/../../../avr/lib/avr5/libm.a(fp_nan.o)
                              /usr/lib/gcc/avr/5.4.0/../../../avr/lib/avr5/libm.a(mulsf3x.o) (__fp_nan)
/usr/lib/gcc/avr/5.4.0/../../../avr/lib/avr5/libm.a(fp_pscA.o)
                              /usr/lib/gcc/avr/5.4.0/../../../avr/lib/avr5/libm.a(mulsf3x.o) (__fp_pscA)
/usr/lib/gcc/avr/5.4.0/../../../avr/lib/avr5/libm.a(fp_pscB.o)
                              /usr/lib/gcc/avr/5.4.0/../../../avr/lib/avr5/libm.a(mulsf3x.o) (__fp_pscB)
/usr/lib/gcc/avr/5.4.0/../../../avr/lib/avr5/libm.a(fp_round.o)
                              /usr/lib/gcc/avr/5.4.0/../../../avr/lib/avr5/libm.a(mulsf3.o) (__fp_round)
/usr/lib/gcc/avr/5.4.0/avr5/libgcc.a(_divmodhi4.o)
                              .build/obj_ergodox_ez_pydemia/keyboards/ergodox/ez/keymaps/pydemia/keymap.o (__divmodhi4)
/usr/lib/gcc/avr/5.4.0/avr5/libgcc.a(_exit.o)
                              /usr/lib/gcc/avr/5.4.0/../../../avr/lib/avr5/crtatmega32u4.o (exit)
/usr/lib/gcc/avr/5.4.0/avr5/libgcc.a(_tablejump2.o)
                              .build/obj_ergodox_ez_pydemia/keyboards/ergodox/ez/keymaps/pydemia/keymap.o (__tablejump2__)
/usr/lib/gcc/avr/5.4.0/avr5/libgcc.a(_copy_data.o)
                              .build/obj_ergodox_ez_pydemia/matrix.o (__do_copy_data)
/usr/lib/gcc/avr/5.4.0/avr5/libgcc.a(_clear_bss.o)
                              .build/obj_ergodox_ez_pydemia/matrix.o (__do_clear_bss)
/usr/lib/gcc/avr/5.4.0/avr5/libgcc.a(_udivmodhi4.o)
                              /usr/lib/gcc/avr/5.4.0/avr5/libgcc.a(_divmodhi4.o) (__udivmodhi4)
/usr/lib/gcc/avr/5.4.0/../../../avr/lib/avr5/libc.a(strstr.o)
                              .build/obj_ergodox_ez_pydemia/keyboards/ergodox/ez/keymaps/pydemia/keymap.o (strstr)
/usr/lib/gcc/avr/5.4.0/../../../avr/lib/avr5/libc.a(sscanf.o)
                              .build/obj_ergodox_ez_pydemia/keyboards/ergodox/ez/keymaps/pydemia/keymap.o (sscanf)
/usr/lib/gcc/avr/5.4.0/../../../avr/lib/avr5/libc.a(vfscanf_std.o)
                              /usr/lib/gcc/avr/5.4.0/../../../avr/lib/avr5/libc.a(sscanf.o) (vfscanf)
/usr/lib/gcc/avr/5.4.0/../../../avr/lib/avr5/libc.a(isspace.o)
                              /usr/lib/gcc/avr/5.4.0/../../../avr/lib/avr5/libc.a(vfscanf_std.o) (isspace)
/usr/lib/gcc/avr/5.4.0/../../../avr/lib/avr5/libc.a(strchr_P.o)
                              /usr/lib/gcc/avr/5.4.0/../../../avr/lib/avr5/libc.a(vfscanf_std.o) (strchr_P)
/usr/lib/gcc/avr/5.4.0/../../../avr/lib/avr5/libc.a(fgetc.o)
                              /usr/lib/gcc/avr/5.4.0/../../../avr/lib/avr5/libc.a(vfscanf_std.o) (fgetc)
/usr/lib/gcc/avr/5.4.0/../../../avr/lib/avr5/libc.a(ungetc.o)
                              /usr/lib/gcc/avr/5.4.0/../../../avr/lib/avr5/libc.a(vfscanf_std.o) (ungetc)
/usr/lib/gcc/avr/5.4.0/../../../avr/lib/avr5/libc.a(cty_isfalse.o)
                              /usr/lib/gcc/avr/5.4.0/../../../avr/lib/avr5/libc.a(isspace.o) (__ctype_isfalse)
/usr/lib/gcc/avr/5.4.0/../../../avr/lib/avr5/libatmega32u4.a(eerd_byte.o)
                              .build/obj_ergodox_ez_pydemia/common/eeconfig.o (eeprom_read_byte)
/usr/lib/gcc/avr/5.4.0/../../../avr/lib/avr5/libatmega32u4.a(eerd_word.o)
                              .build/obj_ergodox_ez_pydemia/common/eeconfig.o (eeprom_read_word)
/usr/lib/gcc/avr/5.4.0/../../../avr/lib/avr5/libatmega32u4.a(eeupd_byte.o)
                              .build/obj_ergodox_ez_pydemia/common/eeconfig.o (eeprom_update_byte)
/usr/lib/gcc/avr/5.4.0/../../../avr/lib/avr5/libatmega32u4.a(eeupd_word.o)
[...]
Memory Configuration

Name             Origin             Length             Attributes
text             0x0000000000000000 0x0000000000020000 xr
data             0x0000000000800060 0x000000000000ffa0 rw !x
eeprom           0x0000000000810000 0x0000000000010000 rw !x
fuse             0x0000000000820000 0x0000000000000003 rw !x
lock             0x0000000000830000 0x0000000000000400 rw !x
signature        0x0000000000840000 0x0000000000000400 rw !x
user_signatures  0x0000000000850000 0x0000000000000400 rw !x
*default*        0x0000000000000000 0xffffffffffffffff

Linker script and memory map

Address of section .data set to 0x800100
LOAD /usr/lib/gcc/avr/5.4.0/../../../avr/lib/avr5/crtatmega32u4.o
LOAD .build/obj_ergodox_ez_pydemia/twimaster.o
LOAD .build/obj_ergodox_ez_pydemia/matrix.o
LOAD .build/obj_ergodox_ez_pydemia/keyboards/ergodox/ergodox.o
LOAD .build/obj_ergodox_ez_pydemia/keyboards/ergodox/ez/keymaps/pydemia/keymap.o
LOAD .build/obj_ergodox_ez_pydemia/quantum/quantum.o
LOAD .build/obj_ergodox_ez_pydemia/quantum/keymap_common.o
LOAD .build/obj_ergodox_ez_pydemia/quantum/keycode_config.o
LOAD .build/obj_ergodox_ez_pydemia/quantum/process_keycode/process_leader.o
LOAD .build/obj_ergodox_ez_pydemia/keyboards/ergodox/ez/ez.o
LOAD .build/obj_ergodox_ez_pydemia/quantum/process_keycode/process_unicode.o
LOAD .build/obj_ergodox_ez_pydemia/quantum/process_keycode/process_tap_dance.o
LOAD .build/obj_ergodox_ez_pydemia/common/host.o
LOAD .build/obj_ergodox_ez_pydemia/common/keyboard.o
LOAD .build/obj_ergodox_ez_pydemia/common/action.o
LOAD .build/obj_ergodox_ez_pydemia/common/action_tapping.o
LOAD .build/obj_ergodox_ez_pydemia/common/action_macro.o
LOAD .build/obj_ergodox_ez_pydemia/common/action_layer.o
LOAD .build/obj_ergodox_ez_pydemia/common/action_util.o
LOAD .build/obj_ergodox_ez_pydemia/common/print.o
LOAD .build/obj_ergodox_ez_pydemia/common/debug.o
LOAD .build/obj_ergodox_ez_pydemia/common/util.o
LOAD .build/obj_ergodox_ez_pydemia/common/eeconfig.o
LOAD .build/obj_ergodox_ez_pydemia/common/avr/suspend.o
LOAD .build/obj_ergodox_ez_pydemia/common/avr/timer.o
LOAD .build/obj_ergodox_ez_pydemia/common/avr/bootloader.o
LOAD .build/obj_ergodox_ez_pydemia/common/avr/xprintf.o
LOAD .build/obj_ergodox_ez_pydemia/common/magic.o
LOAD .build/obj_ergodox_ez_pydemia/common/mousekey.o
LOAD .build/obj_ergodox_ez_pydemia/common/command.o
LOAD .build/obj_ergodox_ez_pydemia/lufa.o
LOAD .build/obj_ergodox_ez_pydemia/descriptor.o
LOAD .build/obj_ergodox_ez_pydemia/protocol/lufa/LUFA-git/LUFA/Drivers/USB/Class/Common/HIDParser.o
LOAD .build/obj_ergodox_ez_pydemia/protocol/lufa/LUFA-git/LUFA/Drivers/USB/Core/AVR8/Device_AVR8.o
LOAD .build/obj_ergodox_ez_pydemia/protocol/lufa/LUFA-git/LUFA/Drivers/USB/Core/AVR8/EndpointStream_AVR8.o
LOAD .build/obj_ergodox_ez_pydemia/protocol/lufa/LUFA-git/LUFA/Drivers/USB/Core/AVR8/Endpoint_AVR8.o
LOAD .build/obj_ergodox_ez_pydemia/protocol/lufa/LUFA-git/LUFA/Drivers/USB/Core/AVR8/Host_AVR8.o
LOAD .build/obj_ergodox_ez_pydemia/protocol/lufa/LUFA-git/LUFA/Drivers/USB/Core/AVR8/PipeStream_AVR8.o
LOAD .build/obj_ergodox_ez_pydemia/protocol/lufa/LUFA-git/LUFA/Drivers/USB/Core/AVR8/Pipe_AVR8.o
LOAD .build/obj_ergodox_ez_pydemia/protocol/lufa/LUFA-git/LUFA/Drivers/USB/Core/AVR8/USBController_AVR8.o
LOAD .build/obj_ergodox_ez_pydemia/protocol/lufa/LUFA-git/LUFA/Drivers/USB/Core/AVR8/USBInterrupt_AVR8.o
LOAD .build/obj_ergodox_ez_pydemia/protocol/lufa/LUFA-git/LUFA/Drivers/USB/Core/ConfigDescriptors.o
LOAD .build/obj_ergodox_ez_pydemia/protocol/lufa/LUFA-git/LUFA/Drivers/USB/Core/DeviceStandardReq.o
LOAD .build/obj_ergodox_ez_pydemia/protocol/lufa/LUFA-git/LUFA/Drivers/USB/Core/Events.o
LOAD .build/obj_ergodox_ez_pydemia/protocol/lufa/LUFA-git/LUFA/Drivers/USB/Core/HostStandardReq.o
LOAD .build/obj_ergodox_ez_pydemia/protocol/lufa/LUFA-git/LUFA/Drivers/USB/Core/USBTask.o
LOAD /usr/lib/gcc/avr/5.4.0/../../../avr/lib/avr5/libm.a
START GROUP
LOAD /usr/lib/gcc/avr/5.4.0/avr5/libgcc.a
LOAD /usr/lib/gcc/avr/5.4.0/../../../avr/lib/avr5/libm.a
LOAD /usr/lib/gcc/avr/5.4.0/../../../avr/lib/avr5/libc.a
LOAD /usr/lib/gcc/avr/5.4.0/../../../avr/lib/avr5/libatmega32u4.a
END GROUP
                0x0000000000000000                __TEXT_REGION_ORIGIN__ = DEFINED (__TEXT_REGION_ORIGIN__)?__TEXT_REGION_ORIGIN__:0x0
                0x0000000000800060                __DATA_REGION_ORIGIN__ = DEFINED (__DATA_REGION_ORIGIN__)?__DATA_REGION_ORIGIN__:0x800060
                0x0000000000020000                __TEXT_REGION_LENGTH__ = DEFINED (__TEXT_REGION_LENGTH__)?__TEXT_REGION_LENGTH__:0x20000
                0x000000000000ffa0                __DATA_REGION_LENGTH__ = DEFINED (__DATA_REGION_LENGTH__)?__DATA_REGION_LENGTH__:0xffa0
                0x0000000000010000                __EEPROM_REGION_LENGTH__ = DEFINED (__EEPROM_REGION_LENGTH__)?__EEPROM_REGION_LENGTH__:0x10000
                [0x0000000000000003]                __FUSE_REGION_LENGTH__ = DEFINED (__FUSE_REGION_LENGTH__)?__FUSE_REGION_LENGTH__:0x400
                0x0000000000000400                __LOCK_REGION_LENGTH__ = DEFINED (__LOCK_REGION_LENGTH__)?__LOCK_REGION_LENGTH__:0x400
                0x0000000000000400                __SIGNATURE_REGION_LENGTH__ = DEFINED (__SIGNATURE_REGION_LENGTH__)?__SIGNATURE_REGION_LENGTH__:0x400
                0x0000000000000400                __USER_SIGNATURE_REGION_LENGTH__ = DEFINED (__USER_SIGNATURE_REGION_LENGTH__)?__USER_SIGNATURE_REGION_LENGTH__:0x400

.hash
 *(.hash)

.dynsym
 *(.dynsym)

.dynstr
 *(.dynstr)

.gnu.version
 *(.gnu.version)

.gnu.version_d
 *(.gnu.version_d)

.gnu.version_r
 *(.gnu.version_r)

.rel.init
 *(.rel.init)

.rela.init
 *(.rela.init)

.rel.text
 *(.rel.text)
 *(.rel.text.*)
 *(.rel.gnu.linkonce.t*)

.rela.text
 *(.rela.text)
 *(.rela.text.*)
 *(.rela.gnu.linkonce.t*)

.rel.fini
 *(.rel.fini)

.rela.fini
 *(.rela.fini)

.rel.rodata
 *(.rel.rodata)
 *(.rel.rodata.*)
 *(.rel.gnu.linkonce.r*)

.rela.rodata
 *(.rela.rodata)
 *(.rela.rodata.*)
 *(.rela.gnu.linkonce.r*)

.rel.data
 *(.rel.data)
 *(.rel.data.*)
 *(.rel.gnu.linkonce.d*)

.rela.data
 *(.rela.data)
 *(.rela.data.*)
 *(.rela.gnu.linkonce.d*)

.rel.ctors
 *(.rel.ctors)

.rela.ctors
 *(.rela.ctors)

.rel.dtors
 *(.rel.dtors)

.rela.dtors
 *(.rela.dtors)

.rel.got
 *(.rel.got)

.rela.got
 *(.rela.got)

.rel.bss
 *(.rel.bss)

.rela.bss
 *(.rela.bss)

.rel.plt
 *(.rel.plt)

.rela.plt
 *(.rela.plt)

.text           0x0000000000000000     0x514a
 *(.vectors)
 .vectors       0x0000000000000000       0xac /usr/lib/gcc/avr/5.4.0/../../../avr/lib/avr5/crtatmega32u4.o
                0x0000000000000000                __vectors
                0x0000000000000000                __vector_default
 *(.vectors)
 *(.progmem.gcc*)
 .progmem.gcc_sw_table.action_get_macro
                0x00000000000000ac       0x28 .build/obj_ergodox_ez_pydemia/keyboards/ergodox/ez/keymaps/pydemia/keymap.o
 .progmem.gcc_sw_table.process_record_quantum
                0x00000000000000d4       0x24 .build/obj_ergodox_ez_pydemia/quantum/quantum.o
 .progmem.gcc_sw_table.process_action
                0x00000000000000f8       0x4a .build/obj_ergodox_ez_pydemia/common/action.o
 .progmem.gcc_sw_table.is_tap_key
                0x0000000000000142       0x1c .build/obj_ergodox_ez_pydemia/common/action.o
 .progmem.gcc_sw_table.USB_Device_ProcessControlRequest
                0x000000000000015e       0x14 .build/obj_ergodox_ez_pydemia/protocol/lufa/LUFA-git/LUFA/Drivers/USB/Core/DeviceStandardReq.o
                0x0000000000000172                . = ALIGN (0x2)
                0x0000000000000172                __trampolines_start = .
 *(.trampolines)
 .trampolines   0x0000000000000172        0x0 linker stubs
 *(.trampolines*)
                0x0000000000000172                __trampolines_end = .
 *libprintf_flt.a:*(.progmem.data)
 *libc.a:*(.progmem.data)
 *(.progmem*)
 .progmem.data.__m.5474
                0x0000000000000172       0x25 .build/obj_ergodox_ez_pydemia/keyboards/ergodox/ez/keymaps/pydemia/keymap.o
 .progmem.data.__m.5471
                0x0000000000000197        0x9 .build/obj_ergodox_ez_pydemia/keyboards/ergodox/ez/keymaps/pydemia/keymap.o
 .progmem.data.__m.5468
                0x00000000000001a0        0x9 .build/obj_ergodox_ez_pydemia/keyboards/ergodox/ez/keymaps/pydemia/keymap.o
 .progmem.data.__m.5465
                0x00000000000001a9       0x11 .build/obj_ergodox_ez_pydemia/keyboards/ergodox/ez/keymaps/pydemia/keymap.o
 .progmem.data.__m.5462
                0x00000000000001ba       0x11 .build/obj_ergodox_ez_pydemia/keyboards/ergodox/ez/keymaps/pydemia/keymap.o
 .progmem.data.__m.5459
                0x00000000000001cb        0xd .build/obj_ergodox_ez_pydemia/keyboards/ergodox/ez/keymaps/pydemia/keymap.o
 .progmem.data.__m.5456
                0x00000000000001d8        0x9 .build/obj_ergodox_ez_pydemia/keyboards/ergodox/ez/keymaps/pydemia/keymap.o
 .progmem.data.__c.5453
                0x00000000000001e1       0x15 .build/obj_ergodox_ez_pydemia/keyboards/ergodox/ez/keymaps/pydemia/keymap.o
 .progmem.data.__c.5450
                0x00000000000001f6        0x9 .build/obj_ergodox_ez_pydemia/keyboards/ergodox/ez/keymaps/pydemia/keymap.o
 .progmem.data.__c.5447
                0x00000000000001ff        0xc .build/obj_ergodox_ez_pydemia/keyboards/ergodox/ez/keymaps/pydemia/keymap.o
 .progmem.data.__c.5444
                0x000000000000020b       0x24 .build/obj_ergodox_ez_pydemia/keyboards/ergodox/ez/keymaps/pydemia/keymap.o
 .progmem.data.__c.5441
                0x000000000000022f      0x159 .build/obj_ergodox_ez_pydemia/keyboards/ergodox/ez/keymaps/pydemia/keymap.o
 .progmem.data.__c.5438
                0x0000000000000388       0xd9 .build/obj_ergodox_ez_pydemia/keyboards/ergodox/ez/keymaps/pydemia/keymap.o
 .progmem.data.__c.5435
                0x0000000000000461       0x7b .build/obj_ergodox_ez_pydemia/keyboards/ergodox/ez/keymaps/pydemia/keymap.o
 .progmem.data.__m.5432
                0x00000000000004dc       0x35 .build/obj_ergodox_ez_pydemia/keyboards/ergodox/ez/keymaps/pydemia/keymap.o
 .progmem.data.__m.5429
                0x0000000000000511       0x15 .build/obj_ergodox_ez_pydemia/keyboards/ergodox/ez/keymaps/pydemia/keymap.o
 .progmem.data.__c.5426
                0x0000000000000526       0x11 .build/obj_ergodox_ez_pydemia/keyboards/ergodox/ez/keymaps/pydemia/keymap.o
 .progmem.data.__m.5423
                0x0000000000000537        0xd .build/obj_ergodox_ez_pydemia/keyboards/ergodox/ez/keymaps/pydemia/keymap.o
 .progmem.data.__c.5420
                0x0000000000000544       0x79 .build/obj_ergodox_ez_pydemia/keyboards/ergodox/ez/keymaps/pydemia/keymap.o
 .progmem.data.__c.5416
                0x00000000000005bd       0x1f .build/obj_ergodox_ez_pydemia/keyboards/ergodox/ez/keymaps/pydemia/keymap.o
 .progmem.data.keymaps
                0x00000000000005dc      0x1f8 .build/obj_ergodox_ez_pydemia/keyboards/ergodox/ez/keymaps/pydemia/keymap.o
                0x00000000000005dc                keymaps
 .progmem.data.fn_actions
                0x00000000000007d4        0x6 .build/obj_ergodox_ez_pydemia/keyboards/ergodox/ez/keymaps/pydemia/keymap.o
                0x00000000000007d4                fn_actions
 .progmem.data.ascii_to_qwerty_keycode_lut
                0x00000000000007da       0x80 .build/obj_ergodox_ez_pydemia/quantum/quantum.o
                0x00000000000007da                ascii_to_qwerty_keycode_lut
 .progmem.data.ascii_to_qwerty_shift_lut
                0x000000000000085a       0x80 .build/obj_ergodox_ez_pydemia/quantum/quantum.o
                0x000000000000085a                ascii_to_qwerty_shift_lut
 .progmem.data.ProductString
                0x00000000000008da       0x18 .build/obj_ergodox_ez_pydemia/descriptor.o
                0x00000000000008da                ProductString
 .progmem.data.ManufacturerString
                0x00000000000008f2       0x18 .build/obj_ergodox_ez_pydemia/descriptor.o
                0x00000000000008f2                ManufacturerString
 .progmem.data.LanguageString
                0x000000000000090a        0x4 .build/obj_ergodox_ez_pydemia/descriptor.o
                0x000000000000090a                LanguageString
 .progmem.data.ConfigurationDescriptor
                0x000000000000090e       0x6d .build/obj_ergodox_ez_pydemia/descriptor.o
                0x000000000000090e                ConfigurationDescriptor
 .progmem.data.DeviceDescriptor
                0x000000000000097b       0x12 .build/obj_ergodox_ez_pydemia/descriptor.o
                0x000000000000097b                DeviceDescriptor
 .progmem.data.NKROReport
                0x000000000000098d       0x39 .build/obj_ergodox_ez_pydemia/descriptor.o
                0x000000000000098d                NKROReport
 .progmem.data.ExtrakeyReport
                0x00000000000009c6       0x36 .build/obj_ergodox_ez_pydemia/descriptor.o
                0x00000000000009c6                ExtrakeyReport
 .progmem.data.MouseReport
                0x00000000000009fc       0x4d .build/obj_ergodox_ez_pydemia/descriptor.o
                0x00000000000009fc                MouseReport
 .progmem.data.KeyboardReport
                0x0000000000000a49       0x40 .build/obj_ergodox_ez_pydemia/descriptor.o
                0x0000000000000a49                KeyboardReport
                0x0000000000000a8a                . = ALIGN (0x2)
 *fill*         0x0000000000000a89        0x1 
 *(.jumptables)
 *(.jumptables*)
 *(.lowtext)
 *(.lowtext*)
                0x0000000000000a8a                __ctors_start = .
 *(.ctors)
                0x0000000000000a8a                __ctors_end = .
                0x0000000000000a8a                __dtors_start = .
 *(.dtors)
                0x0000000000000a8a                __dtors_end = .
 SORT(*)(.ctors)
 SORT(*)(.dtors)
 *(.init0)
 .init0         0x0000000000000a8a        0x0 /usr/lib/gcc/avr/5.4.0/../../../avr/lib/avr5/crtatmega32u4.o
                0x0000000000000a8a                __init
 *(.init0)
 *(.init1)
 *(.init1)
 *(.init2)
 .init2         0x0000000000000a8a        0xc /usr/lib/gcc/avr/5.4.0/../../../avr/lib/avr5/crtatmega32u4.o
 *(.init2)
 *(.init3)
 .init3         0x0000000000000a96       0x54 .build/obj_ergodox_ez_pydemia/common/avr/bootloader.o
                0x0000000000000a96                bootloader_jump_after_watchdog_reset
 *(.init3)
 *(.init4)
 .init4         0x0000000000000aea       0x16 /usr/lib/gcc/avr/5.4.0/avr5/libgcc.a(_copy_data.o)
                0x0000000000000aea                __do_copy_data
 .init4         0x0000000000000b00       0x10 /usr/lib/gcc/avr/5.4.0/avr5/libgcc.a(_clear_bss.o)
                0x0000000000000b00                __do_clear_bss
 *(.init4)
 *(.init5)
 *(.init5)
 *(.init6)
 *(.init6)
 *(.init7)
 *(.init7)
 *(.init8)
 *(.init8)
 *(.init9)
 .init9         0x0000000000000b10        0x8 /usr/lib/gcc/avr/5.4.0/../../../avr/lib/avr5/crtatmega32u4.o
 *(.init9)
 *(.text)
 .text          0x0000000000000b18        0x4 /usr/lib/gcc/avr/5.4.0/../../../avr/lib/avr5/crtatmega32u4.o
                0x0000000000000b18                __vector_38
                0x0000000000000b18                __vector_22
                0x0000000000000b18                __vector_28
                0x0000000000000b18                __vector_1
                0x0000000000000b18                __vector_32
                0x0000000000000b18                __vector_34
                0x0000000000000b18                __vector_24
                0x0000000000000b18                __bad_interrupt
                0x0000000000000b18                __vector_6
                0x0000000000000b18                __vector_31
                0x0000000000000b18                __vector_35
                0x0000000000000b18                __vector_39
                0x0000000000000b18                __vector_3
                0x0000000000000b18                __vector_23
                0x0000000000000b18                __vector_30
                0x0000000000000b18                __vector_25
                0x0000000000000b18                __vector_13
                0x0000000000000b18                __vector_17
                0x0000000000000b18                __vector_19
                0x0000000000000b18                __vector_7
                0x0000000000000b18                __vector_41
                0x0000000000000b18                __vector_27
                0x0000000000000b18                __vector_5
                0x0000000000000b18                __vector_33
                0x0000000000000b18                __vector_37
                0x0000000000000b18                __vector_4
                0x0000000000000b18                __vector_9
                0x0000000000000b18                __vector_2
                0x0000000000000b18                __vector_15
                0x0000000000000b18                __vector_36
                0x0000000000000b18                __vector_29
                0x0000000000000b18                __vector_40
                0x0000000000000b18                __vector_8
                0x0000000000000b18                __vector_26
                0x0000000000000b18                __vector_14
                0x0000000000000b18                __vector_16
                0x0000000000000b18                __vector_18
                0x0000000000000b18                __vector_20
                0x0000000000000b18                __vector_42
                0x0000000000000b1c                . = ALIGN (0x2)
 *(.text.*)
 .text.i2c_init
                0x0000000000000b1c        0xc .build/obj_ergodox_ez_pydemia/twimaster.o
                0x0000000000000b1c                i2c_init
 .text.i2c_start
                0x0000000000000b28       0x44 .build/obj_ergodox_ez_pydemia/twimaster.o
                0x0000000000000b28                i2c_start
 .text.i2c_stop
                0x0000000000000b6c       0x10 .build/obj_ergodox_ez_pydemia/twimaster.o
                0x0000000000000b6c                i2c_stop
 .text.i2c_write
                0x0000000000000b7c       0x22 .build/obj_ergodox_ez_pydemia/twimaster.o
                0x0000000000000b7c                i2c_write
 .text.i2c_readNak
                0x0000000000000b9e       0x14 .build/obj_ergodox_ez_pydemia/twimaster.o
                0x0000000000000b9e                i2c_readNak
 .text.init_cols
                0x0000000000000bb2        0xe .build/obj_ergodox_ez_pydemia/matrix.o
 .text.unselect_rows
                0x0000000000000bc0       0x50 .build/obj_ergodox_ez_pydemia/matrix.o
 .text.matrix_scan_kb
                0x0000000000000c10        0x4 .build/obj_ergodox_ez_pydemia/matrix.o
                0x0000000000000c10                matrix_scan_kb
 .text.matrix_init
                0x0000000000000c14       0x28 .build/obj_ergodox_ez_pydemia/matrix.o
                0x0000000000000c14                matrix_init
 .text.matrix_power_up
                0x0000000000000c3c       0x26 .build/obj_ergodox_ez_pydemia/matrix.o
                0x0000000000000c3c                matrix_power_up
 .text.matrix_scan
                0x0000000000000c62      0x1f0 .build/obj_ergodox_ez_pydemia/matrix.o
                0x0000000000000c62                matrix_scan
 .text.matrix_get_row
                0x0000000000000e52        0xc .build/obj_ergodox_ez_pydemia/matrix.o
                0x0000000000000e52                matrix_get_row
 .text.matrix_print
                0x0000000000000e5e        0x2 .build/obj_ergodox_ez_pydemia/matrix.o
                0x0000000000000e5e                matrix_print
 .text.dance_press_equal
                0x0000000000000e60       0x18 .build/obj_ergodox_ez_pydemia/keyboards/ergodox/ez/keymaps/pydemia/keymap.o
                0x0000000000000e60                dance_press_equal
 .text.dance_press_rassign
                0x0000000000000e78       0x30 .build/obj_ergodox_ez_pydemia/keyboards/ergodox/ez/keymaps/pydemia/keymap.o
                0x0000000000000e78                dance_press_rassign
 .text.action_get_macro
                0x0000000000000ea8       0xfe .build/obj_ergodox_ez_pydemia/keyboards/ergodox/ez/keymaps/pydemia/keymap.o
                0x0000000000000ea8                action_get_macro
 .text.matrix_init_user
                0x0000000000000fa6        0x2 .build/obj_ergodox_ez_pydemia/keyboards/ergodox/ez/keymaps/pydemia/keymap.o
                0x0000000000000fa6                matrix_init_user
 .text.matrix_scan_user
                0x0000000000000fa8       0x6e .build/obj_ergodox_ez_pydemia/keyboards/ergodox/ez/keymaps/pydemia/keymap.o
                0x0000000000000fa8                matrix_scan_user
 .text.do_code16
                0x0000000000001016       0x8e .build/obj_ergodox_ez_pydemia/quantum/quantum.o
 .text.register_code16
                0x00000000000010a4       0x14 .build/obj_ergodox_ez_pydemia/quantum/quantum.o
                0x00000000000010a4                register_code16
 .text.unregister_code16
                0x00000000000010b8       0x18 .build/obj_ergodox_ez_pydemia/quantum/quantum.o
                0x00000000000010b8                unregister_code16
 .text.process_action_kb
                0x00000000000010d0        0x4 .build/obj_ergodox_ez_pydemia/quantum/quantum.o
                0x00000000000010d0                process_action_kb
 .text.process_record_user
                0x00000000000010d4        0x4 .build/obj_ergodox_ez_pydemia/quantum/quantum.o
                0x00000000000010d4                process_record_user
 .text.process_record_kb
                0x00000000000010d8        0x4 .build/obj_ergodox_ez_pydemia/quantum/quantum.o
                0x00000000000010d8                process_record_kb
 .text.reset_keyboard
                0x00000000000010dc       0x1a .build/obj_ergodox_ez_pydemia/quantum/quantum.o
                0x00000000000010dc                reset_keyboard
 .text.process_record_quantum
                0x00000000000010f6      0x1c6 .build/obj_ergodox_ez_pydemia/quantum/quantum.o
                0x00000000000010f6                process_record_quantum
 .text.send_string
                0x00000000000012bc       0x56 .build/obj_ergodox_ez_pydemia/quantum/quantum.o
                0x00000000000012bc                send_string
 .text.matrix_scan_quantum
                0x0000000000001312        0x8 .build/obj_ergodox_ez_pydemia/quantum/quantum.o
                0x0000000000001312                matrix_scan_quantum
 .text.led_set_user
                0x000000000000131a        0x2 .build/obj_ergodox_ez_pydemia/quantum/quantum.o
                0x000000000000131a                led_set_user
 .text.led_set_kb
                0x000000000000131c        0x4 .build/obj_ergodox_ez_pydemia/quantum/quantum.o
                0x000000000000131c                led_set_kb
 .text.led_set  0x0000000000001320        0x4 .build/obj_ergodox_ez_pydemia/quantum/quantum.o
                0x0000000000001320                led_set
 .text.action_for_key
                0x0000000000001324      0x322 .build/obj_ergodox_ez_pydemia/quantum/keymap_common.o
                0x0000000000001324                action_for_key
 .text.action_function
                0x0000000000001646        0x2 .build/obj_ergodox_ez_pydemia/quantum/keymap_common.o
                0x0000000000001646                action_function
 .text.keymap_key_to_keycode
                0x0000000000001648       0x26 .build/obj_ergodox_ez_pydemia/quantum/keymap_common.o
                0x0000000000001648                keymap_key_to_keycode
 .text.keycode_config
                0x000000000000166e       0xf8 .build/obj_ergodox_ez_pydemia/quantum/keycode_config.o
                0x000000000000166e                keycode_config
 .text.leader_start
                0x0000000000001766        0x2 .build/obj_ergodox_ez_pydemia/quantum/process_keycode/process_leader.o
                0x0000000000001766                leader_start
 .text.process_leader
                0x0000000000001768       0x9e .build/obj_ergodox_ez_pydemia/quantum/process_keycode/process_leader.o
                0x0000000000001768                process_leader
 .text.ergodox_blink_all_leds
                0x0000000000001806       0xb0 .build/obj_ergodox_ez_pydemia/keyboards/ergodox/ez/ez.o
                0x0000000000001806                ergodox_blink_all_leds
 .text.matrix_init_kb
                0x00000000000018b6       0x2c .build/obj_ergodox_ez_pydemia/keyboards/ergodox/ez/ez.o
                0x00000000000018b6                matrix_init_kb
 .text.init_mcp23018
                0x00000000000018e2       0x9e .build/obj_ergodox_ez_pydemia/keyboards/ergodox/ez/ez.o
                0x00000000000018e2                init_mcp23018
 .text.hex_to_keycode
                0x0000000000001980       0x18 .build/obj_ergodox_ez_pydemia/quantum/process_keycode/process_unicode.o
                0x0000000000001980                hex_to_keycode
 .text.unicode_input_start
                0x0000000000001998       0x58 .build/obj_ergodox_ez_pydemia/quantum/process_keycode/process_unicode.o
                0x0000000000001998                unicode_input_start
 .text.unicode_input_finish
                0x00000000000019f0       0x20 .build/obj_ergodox_ez_pydemia/quantum/process_keycode/process_unicode.o
                0x00000000000019f0                unicode_input_finish
 .text.register_hex
                0x0000000000001a10       0x4c .build/obj_ergodox_ez_pydemia/quantum/process_keycode/process_unicode.o
                0x0000000000001a10                register_hex
 .text.process_unicode
                0x0000000000001a5c       0x2e .build/obj_ergodox_ez_pydemia/quantum/process_keycode/process_unicode.o
                0x0000000000001a5c                process_unicode
 .text.process_tap_dance_action_on_dance_finished
                0x0000000000001a8a       0x30 .build/obj_ergodox_ez_pydemia/quantum/process_keycode/process_tap_dance.o
 .text.qk_tap_dance_pair_finished
                0x0000000000001aba       0x20 .build/obj_ergodox_ez_pydemia/quantum/process_keycode/process_tap_dance.o
                0x0000000000001aba                qk_tap_dance_pair_finished
 .text.qk_tap_dance_pair_reset
                0x0000000000001ada       0x20 .build/obj_ergodox_ez_pydemia/quantum/process_keycode/process_tap_dance.o
                0x0000000000001ada                qk_tap_dance_pair_reset
 .text.reset_tap_dance
                0x0000000000001afa       0x52 .build/obj_ergodox_ez_pydemia/quantum/process_keycode/process_tap_dance.o
                0x0000000000001afa                reset_tap_dance
 .text.process_tap_dance
                0x0000000000001b4c      0x138 .build/obj_ergodox_ez_pydemia/quantum/process_keycode/process_tap_dance.o
                0x0000000000001b4c                process_tap_dance
 .text.matrix_scan_tap_dance
                0x0000000000001c84       0x5c .build/obj_ergodox_ez_pydemia/quantum/process_keycode/process_tap_dance.o
                0x0000000000001c84                matrix_scan_tap_dance
 .text.host_set_driver
                0x0000000000001ce0        0xa .build/obj_ergodox_ez_pydemia/common/host.o
                0x0000000000001ce0                host_set_driver
 .text.host_keyboard_leds
                0x0000000000001cea       0x18 .build/obj_ergodox_ez_pydemia/common/host.o
                0x0000000000001cea                host_keyboard_leds
 .text.host_keyboard_send
                0x0000000000001d02       0x16 .build/obj_ergodox_ez_pydemia/common/host.o
                0x0000000000001d02                host_keyboard_send
 .text.host_mouse_send
                0x0000000000001d18       0x16 .build/obj_ergodox_ez_pydemia/common/host.o
                0x0000000000001d18                host_mouse_send
 .text.host_system_send
                0x0000000000001d2e       0x2c .build/obj_ergodox_ez_pydemia/common/host.o
                0x0000000000001d2e                host_system_send
 .text.host_consumer_send
                0x0000000000001d5a       0x2c .build/obj_ergodox_ez_pydemia/common/host.o
                0x0000000000001d5a                host_consumer_send
 .text.matrix_setup
                0x0000000000001d86        0x2 .build/obj_ergodox_ez_pydemia/common/keyboard.o
                0x0000000000001d86                matrix_setup
 .text.keyboard_setup
                0x0000000000001d88        0x4 .build/obj_ergodox_ez_pydemia/common/keyboard.o
                0x0000000000001d88                keyboard_setup
 .text.keyboard_init
                0x0000000000001d8c        0xc .build/obj_ergodox_ez_pydemia/common/keyboard.o
                0x0000000000001d8c                keyboard_init
 .text.keyboard_task
                0x0000000000001d98      0x148 .build/obj_ergodox_ez_pydemia/common/keyboard.o
                0x0000000000001d98                keyboard_task
 .text.process_hand_swap
                0x0000000000001ee0       0x78 .build/obj_ergodox_ez_pydemia/common/action.o
                0x0000000000001ee0                process_hand_swap
 .text.action_exec
                0x0000000000001f58       0x86 .build/obj_ergodox_ez_pydemia/common/action.o
                0x0000000000001f58                action_exec
 .text.register_code
                0x0000000000001fde      0x1a6 .build/obj_ergodox_ez_pydemia/common/action.o
                0x0000000000001fde                register_code
 .text.unregister_code
                0x0000000000002184       0x9e .build/obj_ergodox_ez_pydemia/common/action.o
                0x0000000000002184                unregister_code
 .text.register_mods
                0x0000000000002222        0xe .build/obj_ergodox_ez_pydemia/common/action.o
                0x0000000000002222                register_mods
 .text.unregister_mods
                0x0000000000002230        0xe .build/obj_ergodox_ez_pydemia/common/action.o
                0x0000000000002230                unregister_mods
 .text.process_action
                0x000000000000223e      0x46e .build/obj_ergodox_ez_pydemia/common/action.o
                0x000000000000223e                process_action
 .text.process_record
                0x00000000000026ac       0x5c .build/obj_ergodox_ez_pydemia/common/action.o
                0x00000000000026ac                process_record
 .text.clear_keyboard_but_mods
                0x0000000000002708       0x28 .build/obj_ergodox_ez_pydemia/common/action.o
                0x0000000000002708                clear_keyboard_but_mods
 .text.clear_keyboard
                0x0000000000002730        0x8 .build/obj_ergodox_ez_pydemia/common/action.o
                0x0000000000002730                clear_keyboard
 .text.is_tap_key
                0x0000000000002738       0x4c .build/obj_ergodox_ez_pydemia/common/action.o
                0x0000000000002738                is_tap_key
 .text.debug_event
                0x0000000000002784       0x1e .build/obj_ergodox_ez_pydemia/common/action.o
                0x0000000000002784                debug_event
 .text.debug_record
                0x00000000000027a2       0x20 .build/obj_ergodox_ez_pydemia/common/action.o
                0x00000000000027a2                debug_record
 .text.debug_waiting_buffer
                0x00000000000027c2       0x42 .build/obj_ergodox_ez_pydemia/common/action_tapping.o
 .text.debug_tapping_key
                0x0000000000002804       0x1c .build/obj_ergodox_ez_pydemia/common/action_tapping.o
 .text.waiting_buffer_scan_tap
                0x0000000000002820       0xd0 .build/obj_ergodox_ez_pydemia/common/action_tapping.o
 .text.process_tapping
                0x00000000000028f0      0x3c0 .build/obj_ergodox_ez_pydemia/common/action_tapping.o
 .text.action_tapping_process
                0x0000000000002cb0      0x15c .build/obj_ergodox_ez_pydemia/common/action_tapping.o
                0x0000000000002cb0                action_tapping_process
 .text.action_macro_play
                0x0000000000002e0c       0xfa .build/obj_ergodox_ez_pydemia/common/action_macro.o
                0x0000000000002e0c                action_macro_play
 .text.default_layer_debug
                0x0000000000002f06        0x2 .build/obj_ergodox_ez_pydemia/common/action_layer.o
                0x0000000000002f06                default_layer_debug
 .text.default_layer_set
                0x0000000000002f08       0x14 .build/obj_ergodox_ez_pydemia/common/action_layer.o
                0x0000000000002f08                default_layer_set
 .text.default_layer_or
                0x0000000000002f1c       0x38 .build/obj_ergodox_ez_pydemia/common/action_layer.o
                0x0000000000002f1c                default_layer_or
 .text.default_layer_and
                0x0000000000002f54       0x38 .build/obj_ergodox_ez_pydemia/common/action_layer.o
                0x0000000000002f54                default_layer_and
 .text.default_layer_xor
                0x0000000000002f8c       0x38 .build/obj_ergodox_ez_pydemia/common/action_layer.o
                0x0000000000002f8c                default_layer_xor
 .text.layer_clear
                0x0000000000002fc4       0x14 .build/obj_ergodox_ez_pydemia/common/action_layer.o
                0x0000000000002fc4                layer_clear
 .text.layer_move
                0x0000000000002fd8       0x2a .build/obj_ergodox_ez_pydemia/common/action_layer.o
                0x0000000000002fd8                layer_move
 .text.layer_on
                0x0000000000003002       0x42 .build/obj_ergodox_ez_pydemia/common/action_layer.o
                0x0000000000003002                layer_on
 .text.layer_off
                0x0000000000003044       0x4a .build/obj_ergodox_ez_pydemia/common/action_layer.o
                0x0000000000003044                layer_off
 .text.layer_invert
                0x000000000000308e       0x42 .build/obj_ergodox_ez_pydemia/common/action_layer.o
                0x000000000000308e                layer_invert
 .text.layer_or
                0x00000000000030d0       0x38 .build/obj_ergodox_ez_pydemia/common/action_layer.o
                0x00000000000030d0                layer_or
 .text.layer_and
                0x0000000000003108       0x38 .build/obj_ergodox_ez_pydemia/common/action_layer.o
                0x0000000000003108                layer_and
 .text.layer_xor
                0x0000000000003140       0x38 .build/obj_ergodox_ez_pydemia/common/action_layer.o
                0x0000000000003140                layer_xor
 .text.layer_debug
                0x0000000000003178        0x2 .build/obj_ergodox_ez_pydemia/common/action_layer.o
                0x0000000000003178                layer_debug
 .text.layer_switch_get_layer
                0x000000000000317a       0x7e .build/obj_ergodox_ez_pydemia/common/action_layer.o
                0x000000000000317a                layer_switch_get_layer
 .text.layer_switch_get_action
                0x00000000000031f8       0x16 .build/obj_ergodox_ez_pydemia/common/action_layer.o
                0x00000000000031f8                layer_switch_get_action
 .text.store_or_get_action
                0x000000000000320e        0x8 .build/obj_ergodox_ez_pydemia/common/action_layer.o
                0x000000000000320e                store_or_get_action
 .text.get_oneshot_layer
                0x0000000000003216        0xc .build/obj_ergodox_ez_pydemia/common/action_util.o
                0x0000000000003216                get_oneshot_layer
 .text.get_oneshot_layer_state
                0x0000000000003222        0x8 .build/obj_ergodox_ez_pydemia/common/action_util.o
                0x0000000000003222                get_oneshot_layer_state
 .text.set_oneshot_layer
                0x000000000000322a       0x12 .build/obj_ergodox_ez_pydemia/common/action_util.o
                0x000000000000322a                set_oneshot_layer
 .text.clear_oneshot_layer_state
                0x000000000000323c       0x2e .build/obj_ergodox_ez_pydemia/common/action_util.o
                0x000000000000323c                clear_oneshot_layer_state
 .text.is_oneshot_layer_active
                0x000000000000326a        0xe .build/obj_ergodox_ez_pydemia/common/action_util.o
                0x000000000000326a                is_oneshot_layer_active
 .text.add_key  0x0000000000003278       0x7e .build/obj_ergodox_ez_pydemia/common/action_util.o
                0x0000000000003278                add_key
 .text.del_key  0x00000000000032f6       0x66 .build/obj_ergodox_ez_pydemia/common/action_util.o
                0x00000000000032f6                del_key
 .text.clear_keys
                0x000000000000335c       0x1c .build/obj_ergodox_ez_pydemia/common/action_util.o
                0x000000000000335c                clear_keys
 .text.add_mods
                0x0000000000003378        0xc .build/obj_ergodox_ez_pydemia/common/action_util.o
                0x0000000000003378                add_mods
 .text.del_mods
                0x0000000000003384        0xe .build/obj_ergodox_ez_pydemia/common/action_util.o
                0x0000000000003384                del_mods
 .text.clear_mods
                0x0000000000003392        0x6 .build/obj_ergodox_ez_pydemia/common/action_util.o
                0x0000000000003392                clear_mods
 .text.add_weak_mods
                0x0000000000003398        0xc .build/obj_ergodox_ez_pydemia/common/action_util.o
                0x0000000000003398                add_weak_mods
 .text.del_weak_mods
                0x00000000000033a4        0xe .build/obj_ergodox_ez_pydemia/common/action_util.o
                0x00000000000033a4                del_weak_mods
 .text.clear_weak_mods
                0x00000000000033b2        0x6 .build/obj_ergodox_ez_pydemia/common/action_util.o
                0x00000000000033b2                clear_weak_mods
 .text.add_macro_mods
                0x00000000000033b8        0xc .build/obj_ergodox_ez_pydemia/common/action_util.o
                0x00000000000033b8                add_macro_mods
 .text.del_macro_mods
                0x00000000000033c4        0xe .build/obj_ergodox_ez_pydemia/common/action_util.o
                0x00000000000033c4                del_macro_mods
 .text.clear_macro_mods
                0x00000000000033d2        0x6 .build/obj_ergodox_ez_pydemia/common/action_util.o
                0x00000000000033d2                clear_macro_mods
 .text.set_oneshot_mods
                0x00000000000033d8        0x6 .build/obj_ergodox_ez_pydemia/common/action_util.o
                0x00000000000033d8                set_oneshot_mods
 .text.clear_oneshot_mods
                0x00000000000033de        0x6 .build/obj_ergodox_ez_pydemia/common/action_util.o
                0x00000000000033de                clear_oneshot_mods
 .text.has_anykey
                0x00000000000033e4       0x22 .build/obj_ergodox_ez_pydemia/common/action_util.o
                0x00000000000033e4                has_anykey
 .text.send_keyboard_report
                0x0000000000003406       0x5e .build/obj_ergodox_ez_pydemia/common/action_util.o
                0x0000000000003406                send_keyboard_report
 .text.biton32  0x0000000000003464       0xa0 .build/obj_ergodox_ez_pydemia/common/util.o
                0x0000000000003464                biton32
 .text.eeconfig_init
                0x0000000000003504       0x34 .build/obj_ergodox_ez_pydemia/common/eeconfig.o
                0x0000000000003504                eeconfig_init
 .text.eeconfig_is_enabled
                0x0000000000003538       0x16 .build/obj_ergodox_ez_pydemia/common/eeconfig.o
                0x0000000000003538                eeconfig_is_enabled
 .text.eeconfig_read_debug
                0x000000000000354e        0x8 .build/obj_ergodox_ez_pydemia/common/eeconfig.o
                0x000000000000354e                eeconfig_read_debug
 .text.eeconfig_read_default_layer
                0x0000000000003556        0x8 .build/obj_ergodox_ez_pydemia/common/eeconfig.o
                0x0000000000003556                eeconfig_read_default_layer
 .text.eeconfig_read_keymap
                0x000000000000355e        0x8 .build/obj_ergodox_ez_pydemia/common/eeconfig.o
                0x000000000000355e                eeconfig_read_keymap
 .text.eeconfig_update_keymap
                0x0000000000003566        0xa .build/obj_ergodox_ez_pydemia/common/eeconfig.o
                0x0000000000003566                eeconfig_update_keymap
 .text.suspend_power_down
                0x0000000000003570       0x58 .build/obj_ergodox_ez_pydemia/common/avr/suspend.o
                0x0000000000003570                suspend_power_down
 .text.matrix_power_down
                0x00000000000035c8        0x2 .build/obj_ergodox_ez_pydemia/common/avr/suspend.o
                0x00000000000035c8                matrix_power_down
 .text.suspend_wakeup_condition
                0x00000000000035ca       0x28 .build/obj_ergodox_ez_pydemia/common/avr/suspend.o
                0x00000000000035ca                suspend_wakeup_condition
 .text.suspend_wakeup_init
                0x00000000000035f2        0xc .build/obj_ergodox_ez_pydemia/common/avr/suspend.o
                0x00000000000035f2                suspend_wakeup_init
 .text.__vector_12
                0x00000000000035fe       0x52 .build/obj_ergodox_ez_pydemia/common/avr/suspend.o
                0x00000000000035fe                __vector_12
 .text.timer_init
                0x0000000000003650       0x12 .build/obj_ergodox_ez_pydemia/common/avr/timer.o
                0x0000000000003650                timer_init
 .text.timer_read
                0x0000000000003662       0x18 .build/obj_ergodox_ez_pydemia/common/avr/timer.o
                0x0000000000003662                timer_read
 .text.timer_elapsed
                0x000000000000367a       0x54 .build/obj_ergodox_ez_pydemia/common/avr/timer.o
                0x000000000000367a                timer_elapsed
 .text.__vector_21
                0x00000000000036ce       0x4a .build/obj_ergodox_ez_pydemia/common/avr/timer.o
                0x00000000000036ce                __vector_21
 .text.bootloader_jump
                0x0000000000003718       0x44 .build/obj_ergodox_ez_pydemia/common/avr/bootloader.o
                0x0000000000003718                bootloader_jump
 .text.magic    0x000000000000375c       0x32 .build/obj_ergodox_ez_pydemia/common/magic.o
                0x000000000000375c                magic
 .text.move_unit
                0x000000000000378e       0x92 .build/obj_ergodox_ez_pydemia/common/mousekey.o
 .text.wheel_unit
                0x0000000000003820       0x72 .build/obj_ergodox_ez_pydemia/common/mousekey.o
 .text.mousekey_on
                0x0000000000003892       0xd0 .build/obj_ergodox_ez_pydemia/common/mousekey.o
                0x0000000000003892                mousekey_on
 .text.mousekey_off
                0x0000000000003962      0x10a .build/obj_ergodox_ez_pydemia/common/mousekey.o
                0x0000000000003962                mousekey_off
 .text.mousekey_send
                0x0000000000003a6c       0x16 .build/obj_ergodox_ez_pydemia/common/mousekey.o
                0x0000000000003a6c                mousekey_send
 .text.mousekey_task
                0x0000000000003a82      0x14a .build/obj_ergodox_ez_pydemia/common/mousekey.o
                0x0000000000003a82                mousekey_task
 .text.mousekey_clear
                0x0000000000003bcc       0x18 .build/obj_ergodox_ez_pydemia/common/mousekey.o
                0x0000000000003bcc                mousekey_clear
 .text.mousekey_param_inc
                0x0000000000003be4       0xec .build/obj_ergodox_ez_pydemia/common/command.o
 .text.mousekey_param_dec
                0x0000000000003cd0       0xa0 .build/obj_ergodox_ez_pydemia/common/command.o
 .text.switch_default_layer
                0x0000000000003d70       0x2e .build/obj_ergodox_ez_pydemia/common/command.o
 .text.command_common
                0x0000000000003d9e      0x142 .build/obj_ergodox_ez_pydemia/common/command.o
 .text.command_console_extra
                0x0000000000003ee0        0x4 .build/obj_ergodox_ez_pydemia/common/command.o
                0x0000000000003ee0                command_console_extra
 .text.command_extra
                0x0000000000003ee4        0x4 .build/obj_ergodox_ez_pydemia/common/command.o
                0x0000000000003ee4                command_extra
 .text.numkey2num
                0x0000000000003ee8       0x16 .build/obj_ergodox_ez_pydemia/common/command.o
                0x0000000000003ee8                numkey2num
 .text.command_proc
                0x0000000000003efe      0x134 .build/obj_ergodox_ez_pydemia/common/command.o
                0x0000000000003efe                command_proc
 .text.keyboard_leds
                0x0000000000004032        0x6 .build/obj_ergodox_ez_pydemia/lufa.o
 .text.send_consumer
                0x0000000000004038       0x68 .build/obj_ergodox_ez_pydemia/lufa.o
 .text.send_system
                0x00000000000040a0       0x68 .build/obj_ergodox_ez_pydemia/lufa.o
 .text.send_mouse
                0x0000000000004108       0x46 .build/obj_ergodox_ez_pydemia/lufa.o
 .text.send_keyboard
                0x000000000000414e       0xa2 .build/obj_ergodox_ez_pydemia/lufa.o
 .text.EVENT_USB_Device_Connect
                0x00000000000041f0       0x1c .build/obj_ergodox_ez_pydemia/lufa.o
                0x00000000000041f0                EVENT_USB_Device_Connect
 .text.EVENT_USB_Device_Disconnect
                0x000000000000420c        0x6 .build/obj_ergodox_ez_pydemia/lufa.o
                0x000000000000420c                EVENT_USB_Device_Disconnect
 .text.EVENT_USB_Device_Reset
                0x0000000000004212        0x2 .build/obj_ergodox_ez_pydemia/lufa.o
                0x0000000000004212                EVENT_USB_Device_Reset
 .text.EVENT_USB_Device_Suspend
                0x0000000000004214        0x2 .build/obj_ergodox_ez_pydemia/lufa.o
                0x0000000000004214                EVENT_USB_Device_Suspend
 .text.EVENT_USB_Device_WakeUp
                0x0000000000004216        0x4 .build/obj_ergodox_ez_pydemia/lufa.o
                0x0000000000004216                EVENT_USB_Device_WakeUp
 .text.EVENT_USB_Device_ConfigurationChanged
                0x000000000000421a       0x28 .build/obj_ergodox_ez_pydemia/lufa.o
                0x000000000000421a                EVENT_USB_Device_ConfigurationChanged
 .text.EVENT_USB_Device_ControlRequest
                0x0000000000004242      0x164 .build/obj_ergodox_ez_pydemia/lufa.o
                0x0000000000004242                EVENT_USB_Device_ControlRequest
 .text.startup.main
                0x00000000000043a6       0x76 .build/obj_ergodox_ez_pydemia/lufa.o
                0x00000000000043a6                main
 .text.CALLBACK_USB_GetDescriptor
                0x000000000000441c       0xac .build/obj_ergodox_ez_pydemia/descriptor.o
                0x000000000000441c                CALLBACK_USB_GetDescriptor
 .text.USB_Device_SendRemoteWakeup
                0x00000000000044c8       0x2c .build/obj_ergodox_ez_pydemia/protocol/lufa/LUFA-git/LUFA/Drivers/USB/Core/AVR8/Device_AVR8.o
                0x00000000000044c8                USB_Device_SendRemoteWakeup
 .text.Endpoint_Write_Stream_LE
                0x00000000000044f4       0x96 .build/obj_ergodox_ez_pydemia/protocol/lufa/LUFA-git/LUFA/Drivers/USB/Core/AVR8/EndpointStream_AVR8.o
                0x00000000000044f4                Endpoint_Write_Stream_LE
 .text.Endpoint_Write_Control_Stream_LE
                0x000000000000458a       0xbc .build/obj_ergodox_ez_pydemia/protocol/lufa/LUFA-git/LUFA/Drivers/USB/Core/AVR8/EndpointStream_AVR8.o
                0x000000000000458a                Endpoint_Write_Control_Stream_LE
 .text.Endpoint_Write_Control_PStream_LE
                0x0000000000004646       0xc2 .build/obj_ergodox_ez_pydemia/protocol/lufa/LUFA-git/LUFA/Drivers/USB/Core/AVR8/EndpointStream_AVR8.o
                0x0000000000004646                Endpoint_Write_Control_PStream_LE
 .text.Endpoint_ConfigureEndpoint_Prv
                0x0000000000004708       0x6a .build/obj_ergodox_ez_pydemia/protocol/lufa/LUFA-git/LUFA/Drivers/USB/Core/AVR8/Endpoint_AVR8.o
                0x0000000000004708                Endpoint_ConfigureEndpoint_Prv
 .text.Endpoint_ClearStatusStage
                0x0000000000004772       0x3e .build/obj_ergodox_ez_pydemia/protocol/lufa/LUFA-git/LUFA/Drivers/USB/Core/AVR8/Endpoint_AVR8.o
                0x0000000000004772                Endpoint_ClearStatusStage
 .text.Endpoint_WaitUntilReady
                0x00000000000047b0       0x66 .build/obj_ergodox_ez_pydemia/protocol/lufa/LUFA-git/LUFA/Drivers/USB/Core/AVR8/Endpoint_AVR8.o
                0x00000000000047b0                Endpoint_WaitUntilReady
 .text.USB_Disable
                0x0000000000004816       0x34 .build/obj_ergodox_ez_pydemia/protocol/lufa/LUFA-git/LUFA/Drivers/USB/Core/AVR8/USBController_AVR8.o
                0x0000000000004816                USB_Disable
 .text.USB_ResetInterface
                0x000000000000484a       0x86 .build/obj_ergodox_ez_pydemia/protocol/lufa/LUFA-git/LUFA/Drivers/USB/Core/AVR8/USBController_AVR8.o
                0x000000000000484a                USB_ResetInterface
 .text.USB_Init
                0x00000000000048d0       0x22 .build/obj_ergodox_ez_pydemia/protocol/lufa/LUFA-git/LUFA/Drivers/USB/Core/AVR8/USBController_AVR8.o
                0x00000000000048d0                USB_Init
 .text.USB_INT_DisableAllInterrupts
                0x00000000000048f2       0x10 .build/obj_ergodox_ez_pydemia/protocol/lufa/LUFA-git/LUFA/Drivers/USB/Core/AVR8/USBInterrupt_AVR8.o
                0x00000000000048f2                USB_INT_DisableAllInterrupts
 .text.USB_INT_ClearAllInterrupts
                0x0000000000004902        0xa .build/obj_ergodox_ez_pydemia/protocol/lufa/LUFA-git/LUFA/Drivers/USB/Core/AVR8/USBInterrupt_AVR8.o
                0x0000000000004902                USB_INT_ClearAllInterrupts
 .text.__vector_10
                0x000000000000490c      0x1a4 .build/obj_ergodox_ez_pydemia/protocol/lufa/LUFA-git/LUFA/Drivers/USB/Core/AVR8/USBInterrupt_AVR8.o
                0x000000000000490c                __vector_10
 .text.__vector_11
                0x0000000000004ab0       0x88 .build/obj_ergodox_ez_pydemia/protocol/lufa/LUFA-git/LUFA/Drivers/USB/Core/AVR8/USBInterrupt_AVR8.o
                0x0000000000004ab0                __vector_11
 .text.USB_Device_ProcessControlRequest
                0x0000000000004b38      0x2ac .build/obj_ergodox_ez_pydemia/protocol/lufa/LUFA-git/LUFA/Drivers/USB/Core/DeviceStandardReq.o
                0x0000000000004b38                USB_Device_ProcessControlRequest
 .text.USB_Event_Stub
                0x0000000000004de4        0x2 .build/obj_ergodox_ez_pydemia/protocol/lufa/LUFA-git/LUFA/Drivers/USB/Core/Events.o
                0x0000000000004de4                USB_Event_Stub
                0x0000000000004de4                EVENT_USB_Device_StartOfFrame
 .text.USB_USBTask
                0x0000000000004de6       0x36 .build/obj_ergodox_ez_pydemia/protocol/lufa/LUFA-git/LUFA/Drivers/USB/Core/USBTask.o
                0x0000000000004de6                USB_USBTask
 .text.avr-libc.fplib
                0x0000000000004e1c        0xe /usr/lib/gcc/avr/5.4.0/../../../avr/lib/avr5/libm.a(fixsfsi.o)
                0x0000000000004e1c                __fixsfsi
 .text.avr-libc.fplib
                0x0000000000004e2a       0x5e /usr/lib/gcc/avr/5.4.0/../../../avr/lib/avr5/libm.a(fixunssfsi.o)
                0x0000000000004e2a                __fixunssfsi
 .text.avr-libc.fplib
                0x0000000000004e88       0x7a /usr/lib/gcc/avr/5.4.0/../../../avr/lib/avr5/libm.a(floatsisf.o)
                0x0000000000004e88                __floatunsisf
                0x0000000000004e8c                __floatsisf
 .text.avr-libc.fplib
                0x0000000000004f02       0x44 /usr/lib/gcc/avr/5.4.0/../../../avr/lib/avr5/libm.a(fp_split3.o)
                0x0000000000004f02                __fp_split3
                0x0000000000004f12                __fp_splitA
 .text.avr-libc.fplib
                0x0000000000004f46        0xe /usr/lib/gcc/avr/5.4.0/../../../avr/lib/avr5/libm.a(fp_zero.o)
                0x0000000000004f46                __fp_zero
                0x0000000000004f48                __fp_szero
 .text.avr-libc.fplib
                0x0000000000004f54        0x8 /usr/lib/gcc/avr/5.4.0/../../../avr/lib/avr5/libm.a(mulsf3.o)
                0x0000000000004f54                __mulsf3
 .text.avr-libc.fplib
                0x0000000000004f5c       0xd2 /usr/lib/gcc/avr/5.4.0/../../../avr/lib/avr5/libm.a(mulsf3x.o)
                0x0000000000004f7a                __mulsf3x
                0x0000000000004f80                __mulsf3_pse
 .text.avr-libc.fplib
                0x000000000000502e        0xc /usr/lib/gcc/avr/5.4.0/../../../avr/lib/avr5/libm.a(fp_inf.o)
                0x000000000000502e                __fp_inf
 .text.avr-libc.fplib
                0x000000000000503a        0x6 /usr/lib/gcc/avr/5.4.0/../../../avr/lib/avr5/libm.a(fp_nan.o)
                0x000000000000503a                __fp_nan
 .text.avr-libc.fplib
                0x0000000000005040        0xe /usr/lib/gcc/avr/5.4.0/../../../avr/lib/avr5/libm.a(fp_pscA.o)
                0x0000000000005040                __fp_pscA
 .text.avr-libc.fplib
                0x000000000000504e        0xe /usr/lib/gcc/avr/5.4.0/../../../avr/lib/avr5/libm.a(fp_pscB.o)
                0x000000000000504e                __fp_pscB
 .text.avr-libc.fplib
                0x000000000000505c       0x22 /usr/lib/gcc/avr/5.4.0/../../../avr/lib/avr5/libm.a(fp_round.o)
                0x000000000000505c                __fp_round
 .text.libgcc.div
                0x000000000000507e       0x28 /usr/lib/gcc/avr/5.4.0/avr5/libgcc.a(_divmodhi4.o)
                0x000000000000507e                __divmodhi4
                0x000000000000507e                _div
 .text.libgcc   0x00000000000050a6        0xc /usr/lib/gcc/avr/5.4.0/avr5/libgcc.a(_tablejump2.o)
                0x00000000000050a6                __tablejump2__
 .text.libgcc.div
                0x00000000000050b2       0x28 /usr/lib/gcc/avr/5.4.0/avr5/libgcc.a(_udivmodhi4.o)
                0x00000000000050b2                __udivmodhi4
 .text.avr-libc
                0x00000000000050da       0x10 /usr/lib/gcc/avr/5.4.0/../../../avr/lib/avr5/libatmega32u4.a(eerd_byte.o)
                0x00000000000050da                eeprom_read_byte
 .text.avr-libc
                0x00000000000050ea        0xc /usr/lib/gcc/avr/5.4.0/../../../avr/lib/avr5/libatmega32u4.a(eerd_word.o)
                0x00000000000050ea                eeprom_read_word
 .text.avr-libc
                0x00000000000050f6       0x24 /usr/lib/gcc/avr/5.4.0/../../../avr/lib/avr5/libatmega32u4.a(eeupd_byte.o)
                0x00000000000050f6                eeprom_update_byte
                0x00000000000050f8                eeprom_update_r18
 .text.avr-libc
                0x000000000000511a        0xc /usr/lib/gcc/avr/5.4.0/../../../avr/lib/avr5/libatmega32u4.a(eeupd_word.o)
                0x000000000000511a                eeprom_update_word
 .text.avr-libc
                0x0000000000005126       0x20 /usr/lib/gcc/avr/5.4.0/../../../avr/lib/avr5/libatmega32u4.a(eerd_block.o)
                0x0000000000005126                eeprom_read_block
                0x000000000000512a                eeprom_read_blraw
                0x0000000000005146                . = ALIGN (0x2)
 *(.fini9)
 .fini9         0x0000000000005146        0x0 /usr/lib/gcc/avr/5.4.0/avr5/libgcc.a(_exit.o)
                0x0000000000005146                exit
                0x0000000000005146                _exit
 *(.fini9)
 *(.fini8)
 *(.fini8)
 *(.fini7)
 *(.fini7)
 *(.fini6)
 *(.fini6)
 *(.fini5)
 *(.fini5)
 *(.fini4)
 *(.fini4)
 *(.fini3)
 *(.fini3)
 *(.fini2)
 *(.fini2)
 *(.fini1)
 *(.fini1)
 *(.fini0)
 .fini0         0x0000000000005146        0x4 /usr/lib/gcc/avr/5.4.0/avr5/libgcc.a(_exit.o)
 *(.fini0)
                0x000000000000514a                _etext = .

.data           0x0000000000800100      0x27c load address 0x000000000000514a
                0x0000000000800100                PROVIDE (__data_start, .)
 *(.data)
 *(.data*)
 .data.debouncing
                0x0000000000800100        0x1 .build/obj_ergodox_ez_pydemia/matrix.o
 .data.tap_dance_actions
                0x0000000000800101      0x150 .build/obj_ergodox_ez_pydemia/keyboards/ergodox/ez/keymaps/pydemia/keymap.o
                0x0000000000800101                tap_dance_actions
 .data.__compound_literal.19
                0x0000000000800251        0x4 .build/obj_ergodox_ez_pydemia/keyboards/ergodox/ez/keymaps/pydemia/keymap.o
 .data.__compound_literal.18
                0x0000000000800255        0x4 .build/obj_ergodox_ez_pydemia/keyboards/ergodox/ez/keymaps/pydemia/keymap.o
 .data.__compound_literal.17
                0x0000000000800259        0x4 .build/obj_ergodox_ez_pydemia/keyboards/ergodox/ez/keymaps/pydemia/keymap.o
 .data.__compound_literal.16
                0x000000000080025d        0x4 .build/obj_ergodox_ez_pydemia/keyboards/ergodox/ez/keymaps/pydemia/keymap.o
 .data.__compound_literal.15
                0x0000000000800261        0x4 .build/obj_ergodox_ez_pydemia/keyboards/ergodox/ez/keymaps/pydemia/keymap.o
 .data.__compound_literal.14
                0x0000000000800265        0x4 .build/obj_ergodox_ez_pydemia/keyboards/ergodox/ez/keymaps/pydemia/keymap.o
 .data.__compound_literal.13
                0x0000000000800269        0x4 .build/obj_ergodox_ez_pydemia/keyboards/ergodox/ez/keymaps/pydemia/keymap.o
 .data.__compound_literal.12
                0x000000000080026d        0x4 .build/obj_ergodox_ez_pydemia/keyboards/ergodox/ez/keymaps/pydemia/keymap.o
 .data.__compound_literal.11
                0x0000000000800271        0x4 .build/obj_ergodox_ez_pydemia/keyboards/ergodox/ez/keymaps/pydemia/keymap.o
 .data.__compound_literal.10
                0x0000000000800275        0x4 .build/obj_ergodox_ez_pydemia/keyboards/ergodox/ez/keymaps/pydemia/keymap.o
 .data.__compound_literal.9
                0x0000000000800279        0x4 .build/obj_ergodox_ez_pydemia/keyboards/ergodox/ez/keymaps/pydemia/keymap.o
 .data.__compound_literal.8
                0x000000000080027d        0x4 .build/obj_ergodox_ez_pydemia/keyboards/ergodox/ez/keymaps/pydemia/keymap.o
 .data.__compound_literal.7
                0x0000000000800281        0x4 .build/obj_ergodox_ez_pydemia/keyboards/ergodox/ez/keymaps/pydemia/keymap.o
 .data.__compound_literal.6
                0x0000000000800285        0x4 .build/obj_ergodox_ez_pydemia/keyboards/ergodox/ez/keymaps/pydemia/keymap.o
 .data.__compound_literal.5
                0x0000000000800289        0x4 .build/obj_ergodox_ez_pydemia/keyboards/ergodox/ez/keymaps/pydemia/keymap.o
 .data.__compound_literal.4
                0x000000000080028d        0x4 .build/obj_ergodox_ez_pydemia/keyboards/ergodox/ez/keymaps/pydemia/keymap.o
 .data.__compound_literal.3
                0x0000000000800291        0x4 .build/obj_ergodox_ez_pydemia/keyboards/ergodox/ez/keymaps/pydemia/keymap.o
 .data.__compound_literal.2
                0x0000000000800295        0x4 .build/obj_ergodox_ez_pydemia/keyboards/ergodox/ez/keymaps/pydemia/keymap.o
 .data.__compound_literal.1
                0x0000000000800299        0x4 .build/obj_ergodox_ez_pydemia/keyboards/ergodox/ez/keymaps/pydemia/keymap.o
 .data.__compound_literal.0
                0x000000000080029d        0x4 .build/obj_ergodox_ez_pydemia/keyboards/ergodox/ez/keymaps/pydemia/keymap.o
 .data.mcp23018_status
                0x00000000008002a1        0x1 .build/obj_ergodox_ez_pydemia/keyboards/ergodox/ez/ez.o
                0x00000000008002a1                mcp23018_status
 .data.highest_td
                0x00000000008002a2        0x1 .build/obj_ergodox_ez_pydemia/quantum/process_keycode/process_tap_dance.o
 .data.keyboard_report
                0x00000000008002a3        0x2 .build/obj_ergodox_ez_pydemia/common/action_util.o
                0x00000000008002a3                keyboard_report
 .data.mk_wheel_time_to_max
                0x00000000008002a5        0x1 .build/obj_ergodox_ez_pydemia/common/mousekey.o
                0x00000000008002a5                mk_wheel_time_to_max
 .data.mk_wheel_max_speed
                0x00000000008002a6        0x1 .build/obj_ergodox_ez_pydemia/common/mousekey.o
                0x00000000008002a6                mk_wheel_max_speed
 .data.mk_time_to_max
                0x00000000008002a7        0x1 .build/obj_ergodox_ez_pydemia/common/mousekey.o
                0x00000000008002a7                mk_time_to_max
 .data.mk_max_speed
                0x00000000008002a8        0x1 .build/obj_ergodox_ez_pydemia/common/mousekey.o
                0x00000000008002a8                mk_max_speed
 .data.mk_interval
                0x00000000008002a9        0x1 .build/obj_ergodox_ez_pydemia/common/mousekey.o
                0x00000000008002a9                mk_interval
 .data.mk_delay
                0x00000000008002aa        0x1 .build/obj_ergodox_ez_pydemia/common/mousekey.o
                0x00000000008002aa                mk_delay
 .data.lufa_driver
                0x00000000008002ab        0xa .build/obj_ergodox_ez_pydemia/lufa.o
                0x00000000008002ab                lufa_driver
 .data.keyboard_protocol
                0x00000000008002b5        0x1 .build/obj_ergodox_ez_pydemia/lufa.o
                0x00000000008002b5                keyboard_protocol
 *(.gnu.linkonce.d*)
 *(.rodata)
 *(.rodata*)
 .rodata.hand_swap_config
                0x00000000008002b6       0xa8 .build/obj_ergodox_ez_pydemia/keyboards/ergodox/ergodox.o
                0x00000000008002b6                hand_swap_config
 .rodata.CSWTCH.46
                0x000000000080035e        0xa .build/obj_ergodox_ez_pydemia/common/command.o
 .rodata.CSWTCH.3
                0x0000000000800368        0x4 .build/obj_ergodox_ez_pydemia/descriptor.o
 .rodata.CSWTCH.2
                0x000000000080036c        0x8 .build/obj_ergodox_ez_pydemia/descriptor.o
 .rodata.CSWTCH.1
                0x0000000000800374        0x8 .build/obj_ergodox_ez_pydemia/descriptor.o
 *(.gnu.linkonce.r*)
                0x000000000080037c                . = ALIGN (0x2)
                0x000000000080037c                _edata = .
                0x000000000080037c                PROVIDE (__data_end, .)

.bss            0x000000000080037c       0xfc
                0x000000000080037c                PROVIDE (__bss_start, .)
 *(.bss)
 *(.bss*)
 .bss.mcp23018_reset_loop
                0x000000000080037c        0x1 .build/obj_ergodox_ez_pydemia/matrix.o
 .bss.matrix_debouncing
                0x000000000080037d        0xe .build/obj_ergodox_ez_pydemia/matrix.o
 .bss.matrix    0x000000000080038b        0xe .build/obj_ergodox_ez_pydemia/matrix.o
 .bss.shift_interrupted
                0x0000000000800399        0x2 .build/obj_ergodox_ez_pydemia/quantum/quantum.o
 .bss.leader_sequence_size
                0x000000000080039b        0x1 .build/obj_ergodox_ez_pydemia/quantum/process_keycode/process_leader.o
                0x000000000080039b                leader_sequence_size
 .bss.leader_sequence
                0x000000000080039c        0xa .build/obj_ergodox_ez_pydemia/quantum/process_keycode/process_leader.o
                0x000000000080039c                leader_sequence
 .bss.leader_time
                0x00000000008003a6        0x2 .build/obj_ergodox_ez_pydemia/quantum/process_keycode/process_leader.o
                0x00000000008003a6                leader_time
 .bss.leading   0x00000000008003a8        0x1 .build/obj_ergodox_ez_pydemia/quantum/process_keycode/process_leader.o
                0x00000000008003a8                leading
 .bss.i2c_initialized
                0x00000000008003a9        0x1 .build/obj_ergodox_ez_pydemia/keyboards/ergodox/ez/ez.o
                0x00000000008003a9                i2c_initialized
 .bss.input_mode
                0x00000000008003aa        0x1 .build/obj_ergodox_ez_pydemia/quantum/process_keycode/process_unicode.o
 .bss.last_td   0x00000000008003ab        0x2 .build/obj_ergodox_ez_pydemia/quantum/process_keycode/process_tap_dance.o
 .bss.last_consumer_report
                0x00000000008003ad        0x2 .build/obj_ergodox_ez_pydemia/common/host.o
 .bss.last_system_report
                0x00000000008003af        0x2 .build/obj_ergodox_ez_pydemia/common/host.o
 .bss.driver    0x00000000008003b1        0x2 .build/obj_ergodox_ez_pydemia/common/host.o
 .bss.led_status.5058
                0x00000000008003b3        0x1 .build/obj_ergodox_ez_pydemia/common/keyboard.o
 .bss.matrix_prev.5057
                0x00000000008003b4        0xe .build/obj_ergodox_ez_pydemia/common/keyboard.o
 .bss.swap_state.4944
                0x00000000008003c2        0xe .build/obj_ergodox_ez_pydemia/common/action.o
 .bss.swap_hands
                0x00000000008003d0        0x1 .build/obj_ergodox_ez_pydemia/common/action.o
                0x00000000008003d0                swap_hands
 .bss.waiting_buffer_tail
                0x00000000008003d1        0x1 .build/obj_ergodox_ez_pydemia/common/action_tapping.o
 .bss.waiting_buffer_head
                0x00000000008003d2        0x1 .build/obj_ergodox_ez_pydemia/common/action_tapping.o
 .bss.waiting_buffer
                0x00000000008003d3       0x30 .build/obj_ergodox_ez_pydemia/common/action_tapping.o
 .bss.tapping_key
                0x0000000000800403        0x6 .build/obj_ergodox_ez_pydemia/common/action_tapping.o
 .bss.layer_state
                0x0000000000800409        0x4 .build/obj_ergodox_ez_pydemia/common/action_layer.o
                0x0000000000800409                layer_state
 .bss.default_layer_state
                0x000000000080040d        0x4 .build/obj_ergodox_ez_pydemia/common/action_layer.o
                0x000000000080040d                default_layer_state
 .bss.oneshot_layer_data
                0x0000000000800411        0x1 .build/obj_ergodox_ez_pydemia/common/action_util.o
 .bss.oneshot_mods
                0x0000000000800412        0x1 .build/obj_ergodox_ez_pydemia/common/action_util.o
 .bss.__compound_literal.0
                0x0000000000800413       0x20 .build/obj_ergodox_ez_pydemia/common/action_util.o
 .bss.macro_mods
                0x0000000000800433        0x1 .build/obj_ergodox_ez_pydemia/common/action_util.o
 .bss.weak_mods
                0x0000000000800434        0x1 .build/obj_ergodox_ez_pydemia/common/action_util.o
 .bss.real_mods
                0x0000000000800435        0x1 .build/obj_ergodox_ez_pydemia/common/action_util.o
 .bss.debug_config
                0x0000000000800436        0x1 .build/obj_ergodox_ez_pydemia/common/debug.o
                0x0000000000800436                debug_config
 .bss.wdt_timeout
                0x0000000000800437        0x1 .build/obj_ergodox_ez_pydemia/common/avr/suspend.o
 .bss.timer_count
                0x0000000000800438        0x4 .build/obj_ergodox_ez_pydemia/common/avr/timer.o
                0x0000000000800438                timer_count
 .bss.last_timer
                0x000000000080043c        0x2 .build/obj_ergodox_ez_pydemia/common/mousekey.o
 .bss.mousekey_accel
                0x000000000080043e        0x1 .build/obj_ergodox_ez_pydemia/common/mousekey.o
 .bss.mousekey_repeat
                0x000000000080043f        0x1 .build/obj_ergodox_ez_pydemia/common/mousekey.o
 .bss.mouse_report
                0x0000000000800440        0x5 .build/obj_ergodox_ez_pydemia/common/mousekey.o
 .bss.mousekey_param
                0x0000000000800445        0x1 .build/obj_ergodox_ez_pydemia/common/command.o
 .bss.command_state
                0x0000000000800446        0x1 .build/obj_ergodox_ez_pydemia/common/command.o
                0x0000000000800446                command_state
 .bss.keyboard_report_sent
                0x0000000000800447       0x20 .build/obj_ergodox_ez_pydemia/lufa.o
 .bss.keyboard_led_stats
                0x0000000000800467        0x1 .build/obj_ergodox_ez_pydemia/lufa.o
 .bss.keyboard_idle
                0x0000000000800468        0x1 .build/obj_ergodox_ez_pydemia/lufa.o
                0x0000000000800468                keyboard_idle
 *(COMMON)
 COMMON         0x0000000000800469        0x2 .build/obj_ergodox_ez_pydemia/common/magic.o
                0x0000000000800469                keymap_config
 COMMON         0x000000000080046b        0x3 .build/obj_ergodox_ez_pydemia/protocol/lufa/LUFA-git/LUFA/Drivers/USB/Core/DeviceStandardReq.o
                0x000000000080046b                USB_Device_ConfigurationNumber
                0x000000000080046c                USB_Device_CurrentlySelfPowered
                0x000000000080046d                USB_Device_RemoteWakeupEnabled
 COMMON         0x000000000080046e        0xa .build/obj_ergodox_ez_pydemia/protocol/lufa/LUFA-git/LUFA/Drivers/USB/Core/USBTask.o
                0x000000000080046e                USB_IsInitialized
                0x000000000080046f                USB_DeviceState
                0x0000000000800470                USB_ControlRequest
                0x0000000000800478                PROVIDE (__bss_end, .)
                0x000000000000514a                __data_load_start = LOADADDR (.data)
                0x00000000000053c6                __data_load_end = (__data_load_start + SIZEOF (.data))

.noinit         0x0000000000800478        0x4
                [!provide]                        PROVIDE (__noinit_start, .)
 *(.noinit*)
 .noinit        0x0000000000800478        0x4 .build/obj_ergodox_ez_pydemia/common/avr/bootloader.o
                0x0000000000800478                reset_key
                [!provide]                        PROVIDE (__noinit_end, .)
                0x000000000080047c                _end = .
                [!provide]                        PROVIDE (__heap_start, .)

.eeprom         0x0000000000810000        0x0
 *(.eeprom*)
                0x0000000000810000                __eeprom_end = .

.fuse
 *(.fuse)
 *(.lfuse)
 *(.hfuse)
 *(.efuse)

.lock
 *(.lock*)

.signature
 *(.signature*)

.user_signatures
 *(.user_signatures*)

.stab
 *(.stab)

.stabstr        0x0000000000000000       0x6f
 *(.stabstr)
 .stabstr       0x0000000000000000       0x6f .build/obj_ergodox_ez_pydemia/common/avr/xprintf.o

.stab.excl
 *(.stab.excl)

.stab.exclstr
 *(.stab.exclstr)

.stab.index
 *(.stab.index)

.stab.indexstr
 *(.stab.indexstr)

.comment        0x0000000000000000       0x11
 *(.comment)
 .comment       0x0000000000000000       0x11 .build/obj_ergodox_ez_pydemia/twimaster.o
                                         0x12 (size before relaxing)
 .comment       0x0000000000000011       0x12 .build/obj_ergodox_ez_pydemia/matrix.o
 .comment       0x0000000000000011       0x12 .build/obj_ergodox_ez_pydemia/keyboards/ergodox/ergodox.o
 .comment       0x0000000000000011       0x12 .build/obj_ergodox_ez_pydemia/keyboards/ergodox/ez/keymaps/pydemia/keymap.o
 .comment       0x0000000000000011       0x12 .build/obj_ergodox_ez_pydemia/quantum/quantum.o
 .comment       0x0000000000000011       0x12 .build/obj_ergodox_ez_pydemia/quantum/keymap_common.o
 .comment       0x0000000000000011       0x12 .build/obj_ergodox_ez_pydemia/quantum/keycode_config.o
 .comment       0x0000000000000011       0x12 .build/obj_ergodox_ez_pydemia/quantum/process_keycode/process_leader.o
 .comment       0x0000000000000011       0x12 .build/obj_ergodox_ez_pydemia/keyboards/ergodox/ez/ez.o
 .comment       0x0000000000000011       0x12 .build/obj_ergodox_ez_pydemia/quantum/process_keycode/process_unicode.o
 .comment       0x0000000000000011       0x12 .build/obj_ergodox_ez_pydemia/quantum/process_keycode/process_tap_dance.o
 .comment       0x0000000000000011       0x12 .build/obj_ergodox_ez_pydemia/common/host.o
 .comment       0x0000000000000011       0x12 .build/obj_ergodox_ez_pydemia/common/keyboard.o
 .comment       0x0000000000000011       0x12 .build/obj_ergodox_ez_pydemia/common/action.o
 .comment       0x0000000000000011       0x12 .build/obj_ergodox_ez_pydemia/common/action_tapping.o
 .comment       0x0000000000000011       0x12 .build/obj_ergodox_ez_pydemia/common/action_macro.o
 .comment       0x0000000000000011       0x12 .build/obj_ergodox_ez_pydemia/common/action_layer.o
 .comment       0x0000000000000011       0x12 .build/obj_ergodox_ez_pydemia/common/action_util.o
 .comment       0x0000000000000011       0x12 .build/obj_ergodox_ez_pydemia/common/debug.o
 .comment       0x0000000000000011       0x12 .build/obj_ergodox_ez_pydemia/common/util.o
 .comment       0x0000000000000011       0x12 .build/obj_ergodox_ez_pydemia/common/eeconfig.o
 .comment       0x0000000000000011       0x12 .build/obj_ergodox_ez_pydemia/common/avr/suspend.o
 .comment       0x0000000000000011       0x12 .build/obj_ergodox_ez_pydemia/common/avr/timer.o
 .comment       0x0000000000000011       0x12 .build/obj_ergodox_ez_pydemia/common/avr/bootloader.o
 .comment       0x0000000000000011       0x12 .build/obj_ergodox_ez_pydemia/common/magic.o
 .comment       0x0000000000000011       0x12 .build/obj_ergodox_ez_pydemia/common/mousekey.o
 .comment       0x0000000000000011       0x12 .build/obj_ergodox_ez_pydemia/common/command.o
 .comment       0x0000000000000011       0x12 .build/obj_ergodox_ez_pydemia/lufa.o
 .comment       0x0000000000000011       0x12 .build/obj_ergodox_ez_pydemia/descriptor.o
 .comment       0x0000000000000011       0x12 .build/obj_ergodox_ez_pydemia/protocol/lufa/LUFA-git/LUFA/Drivers/USB/Core/AVR8/Device_AVR8.o
 .comment       0x0000000000000011       0x12 .build/obj_ergodox_ez_pydemia/protocol/lufa/LUFA-git/LUFA/Drivers/USB/Core/AVR8/EndpointStream_AVR8.o
 .comment       0x0000000000000011       0x12 .build/obj_ergodox_ez_pydemia/protocol/lufa/LUFA-git/LUFA/Drivers/USB/Core/AVR8/Endpoint_AVR8.o
 .comment       0x0000000000000011       0x12 .build/obj_ergodox_ez_pydemia/protocol/lufa/LUFA-git/LUFA/Drivers/USB/Core/AVR8/USBController_AVR8.o
 .comment       0x0000000000000011       0x12 .build/obj_ergodox_ez_pydemia/protocol/lufa/LUFA-git/LUFA/Drivers/USB/Core/AVR8/USBInterrupt_AVR8.o
 .comment       0x0000000000000011       0x12 .build/obj_ergodox_ez_pydemia/protocol/lufa/LUFA-git/LUFA/Drivers/USB/Core/DeviceStandardReq.o
 .comment       0x0000000000000011       0x12 .build/obj_ergodox_ez_pydemia/protocol/lufa/LUFA-git/LUFA/Drivers/USB/Core/Events.o
 .comment       0x0000000000000011       0x12 .build/obj_ergodox_ez_pydemia/protocol/lufa/LUFA-git/LUFA/Drivers/USB/Core/USBTask.o

.note.gnu.avr.deviceinfo
                0x0000000000000000       0x40
 .note.gnu.avr.deviceinfo
                0x0000000000000000       0x40 /usr/lib/gcc/avr/5.4.0/../../../avr/lib/avr5/crtatmega32u4.o

.note.gnu.build-id
 *(.note.gnu.build-id)

.debug
 *(.debug)

.line
 *(.line)

.debug_srcinfo
 *(.debug_srcinfo)

.debug_sfnames
 *(.debug_sfnames)

.debug_aranges  0x0000000000000000      0xbb0
 *(.debug_aranges)
 .debug_aranges
                0x0000000000000000       0x58 .build/obj_ergodox_ez_pydemia/twimaster.o
 .debug_aranges
                0x0000000000000058       0x90 .build/obj_ergodox_ez_pydemia/matrix.o
 .debug_aranges
                0x00000000000000e8       0x18 .build/obj_ergodox_ez_pydemia/keyboards/ergodox/ergodox.o
 .debug_aranges
                0x0000000000000100       0x80 .build/obj_ergodox_ez_pydemia/keyboards/ergodox/ez/keymaps/pydemia/keymap.o
 .debug_aranges
                0x0000000000000180       0xa0 .build/obj_ergodox_ez_pydemia/quantum/quantum.o
 .debug_aranges
                0x0000000000000220       0x38 .build/obj_ergodox_ez_pydemia/quantum/keymap_common.o
 .debug_aranges
                0x0000000000000258       0x20 .build/obj_ergodox_ez_pydemia/quantum/keycode_config.o
 .debug_aranges
                0x0000000000000278       0x28 .build/obj_ergodox_ez_pydemia/quantum/process_keycode/process_leader.o
 .debug_aranges
                0x00000000000002a0       0x30 .build/obj_ergodox_ez_pydemia/keyboards/ergodox/ez/ez.o
 .debug_aranges
                0x00000000000002d0       0x50 .build/obj_ergodox_ez_pydemia/quantum/process_keycode/process_unicode.o
 .debug_aranges
                0x0000000000000320       0x48 .build/obj_ergodox_ez_pydemia/quantum/process_keycode/process_tap_dance.o
 .debug_aranges
                0x0000000000000368       0x60 .build/obj_ergodox_ez_pydemia/common/host.o
 .debug_aranges
                0x00000000000003c8       0x40 .build/obj_ergodox_ez_pydemia/common/keyboard.o
 .debug_aranges
                0x0000000000000408       0x98 .build/obj_ergodox_ez_pydemia/common/action.o
 .debug_aranges
                0x00000000000004a0       0x40 .build/obj_ergodox_ez_pydemia/common/action_tapping.o
 .debug_aranges
                0x00000000000004e0       0x20 .build/obj_ergodox_ez_pydemia/common/action_macro.o
 .debug_aranges
                0x0000000000000500       0x98 .build/obj_ergodox_ez_pydemia/common/action_layer.o
 .debug_aranges
                0x0000000000000598      0x128 .build/obj_ergodox_ez_pydemia/common/action_util.o
 .debug_aranges
                0x00000000000006c0       0x18 .build/obj_ergodox_ez_pydemia/common/debug.o
 .debug_aranges
                0x00000000000006d8       0x60 .build/obj_ergodox_ez_pydemia/common/util.o
 .debug_aranges
                0x0000000000000738       0x68 .build/obj_ergodox_ez_pydemia/common/eeconfig.o
 .debug_aranges
                0x00000000000007a0       0x48 .build/obj_ergodox_ez_pydemia/common/avr/suspend.o
 .debug_aranges
                0x00000000000007e8       0x50 .build/obj_ergodox_ez_pydemia/common/avr/timer.o
 .debug_aranges
                0x0000000000000838       0x28 .build/obj_ergodox_ez_pydemia/common/avr/bootloader.o
 .debug_aranges
                0x0000000000000860       0x20 .build/obj_ergodox_ez_pydemia/common/magic.o
 .debug_aranges
                0x0000000000000880       0x50 .build/obj_ergodox_ez_pydemia/common/mousekey.o
 .debug_aranges
                0x00000000000008d0       0x50 .build/obj_ergodox_ez_pydemia/common/command.o
 .debug_aranges
                0x0000000000000920       0x80 .build/obj_ergodox_ez_pydemia/lufa.o
 .debug_aranges
                0x00000000000009a0       0x20 .build/obj_ergodox_ez_pydemia/descriptor.o
 .debug_aranges
                0x00000000000009c0       0x20 .build/obj_ergodox_ez_pydemia/protocol/lufa/LUFA-git/LUFA/Drivers/USB/Core/AVR8/Device_AVR8.o
 .debug_aranges
                0x00000000000009e0       0xc8 .build/obj_ergodox_ez_pydemia/protocol/lufa/LUFA-git/LUFA/Drivers/USB/Core/AVR8/EndpointStream_AVR8.o
 .debug_aranges
                0x0000000000000aa8       0x40 .build/obj_ergodox_ez_pydemia/protocol/lufa/LUFA-git/LUFA/Drivers/USB/Core/AVR8/Endpoint_AVR8.o
 .debug_aranges
                0x0000000000000ae8       0x30 .build/obj_ergodox_ez_pydemia/protocol/lufa/LUFA-git/LUFA/Drivers/USB/Core/AVR8/USBController_AVR8.o
 .debug_aranges
                0x0000000000000b18       0x38 .build/obj_ergodox_ez_pydemia/protocol/lufa/LUFA-git/LUFA/Drivers/USB/Core/AVR8/USBInterrupt_AVR8.o
 .debug_aranges
                0x0000000000000b50       0x20 .build/obj_ergodox_ez_pydemia/protocol/lufa/LUFA-git/LUFA/Drivers/USB/Core/DeviceStandardReq.o
 .debug_aranges
                0x0000000000000b70       0x20 .build/obj_ergodox_ez_pydemia/protocol/lufa/LUFA-git/LUFA/Drivers/USB/Core/Events.o
 .debug_aranges
                0x0000000000000b90       0x20 .build/obj_ergodox_ez_pydemia/protocol/lufa/LUFA-git/LUFA/Drivers/USB/Core/USBTask.o

.debug_pubnames
 *(.debug_pubnames)

.debug_info     0x0000000000000000    0x12ff7
 *(.debug_info .gnu.linkonce.wi.*)
 .debug_info    0x0000000000000000      0x9f4 /usr/lib/gcc/avr/5.4.0/../../../avr/lib/avr5/crtatmega32u4.o
 .debug_info    0x00000000000009f4      0x1be .build/obj_ergodox_ez_pydemia/twimaster.o
 .debug_info    0x0000000000000bb2      0x6a6 .build/obj_ergodox_ez_pydemia/matrix.o
 .debug_info    0x0000000000001258       0xea .build/obj_ergodox_ez_pydemia/keyboards/ergodox/ergodox.o
 .debug_info    0x0000000000001342     0x15fc .build/obj_ergodox_ez_pydemia/keyboards/ergodox/ez/keymaps/pydemia/keymap.o
 .debug_info    0x000000000000293e     0x13cc .build/obj_ergodox_ez_pydemia/quantum/quantum.o
 .debug_info    0x0000000000003d0a     0x1138 .build/obj_ergodox_ez_pydemia/quantum/keymap_common.o
 .debug_info    0x0000000000004e42      0x583 .build/obj_ergodox_ez_pydemia/quantum/keycode_config.o
 .debug_info    0x00000000000053c5      0x560 .build/obj_ergodox_ez_pydemia/quantum/process_keycode/process_leader.o
 .debug_info    0x0000000000005925      0x5c7 .build/obj_ergodox_ez_pydemia/keyboards/ergodox/ez/ez.o
 .debug_info    0x0000000000005eec      0xbd0 .build/obj_ergodox_ez_pydemia/quantum/process_keycode/process_unicode.o
 .debug_info    0x0000000000006abc      0x9df .build/obj_ergodox_ez_pydemia/quantum/process_keycode/process_tap_dance.o
 .debug_info    0x000000000000749b      0x4a9 .build/obj_ergodox_ez_pydemia/common/host.o
 .debug_info    0x0000000000007944      0x428 .build/obj_ergodox_ez_pydemia/common/keyboard.o
 .debug_info    0x0000000000007d6c     0x18dc .build/obj_ergodox_ez_pydemia/common/action.o
 .debug_info    0x0000000000009648      0xde0 .build/obj_ergodox_ez_pydemia/common/action_tapping.o
 .debug_info    0x000000000000a428      0x78c .build/obj_ergodox_ez_pydemia/common/action_macro.o
 .debug_info    0x000000000000abb4      0x8d6 .build/obj_ergodox_ez_pydemia/common/action_layer.o
 .debug_info    0x000000000000b48a      0x964 .build/obj_ergodox_ez_pydemia/common/action_util.o
 .debug_info    0x000000000000bdee       0xfc .build/obj_ergodox_ez_pydemia/common/debug.o
 .debug_info    0x000000000000beea      0x2a2 .build/obj_ergodox_ez_pydemia/common/util.o
 .debug_info    0x000000000000c18c      0x37b .build/obj_ergodox_ez_pydemia/common/eeconfig.o
 .debug_info    0x000000000000c507      0x2cd .build/obj_ergodox_ez_pydemia/common/avr/suspend.o
 .debug_info    0x000000000000c7d4      0x204 .build/obj_ergodox_ez_pydemia/common/avr/timer.o
 .debug_info    0x000000000000c9d8      0x206 .build/obj_ergodox_ez_pydemia/common/avr/bootloader.o
 .debug_info    0x000000000000cbde      0x2af .build/obj_ergodox_ez_pydemia/common/magic.o
 .debug_info    0x000000000000ce8d      0x5e6 .build/obj_ergodox_ez_pydemia/common/mousekey.o
 .debug_info    0x000000000000d473      0xa9a .build/obj_ergodox_ez_pydemia/common/command.o
 .debug_info    0x000000000000df0d     0x1087 .build/obj_ergodox_ez_pydemia/lufa.o
 .debug_info    0x000000000000ef94      0x7c6 .build/obj_ergodox_ez_pydemia/descriptor.o
 .debug_info    0x000000000000f75a       0xd2 .build/obj_ergodox_ez_pydemia/protocol/lufa/LUFA-git/LUFA/Drivers/USB/Core/AVR8/Device_AVR8.o
 .debug_info    0x000000000000f82c     0x17c8 .build/obj_ergodox_ez_pydemia/protocol/lufa/LUFA-git/LUFA/Drivers/USB/Core/AVR8/EndpointStream_AVR8.o
 .debug_info    0x0000000000010ff4      0x620 .build/obj_ergodox_ez_pydemia/protocol/lufa/LUFA-git/LUFA/Drivers/USB/Core/AVR8/Endpoint_AVR8.o
 .debug_info    0x0000000000011614      0x4e7 .build/obj_ergodox_ez_pydemia/protocol/lufa/LUFA-git/LUFA/Drivers/USB/Core/AVR8/USBController_AVR8.o
 .debug_info    0x0000000000011afb      0x7e7 .build/obj_ergodox_ez_pydemia/protocol/lufa/LUFA-git/LUFA/Drivers/USB/Core/AVR8/USBInterrupt_AVR8.o
 .debug_info    0x00000000000122e2      0xa2b .build/obj_ergodox_ez_pydemia/protocol/lufa/LUFA-git/LUFA/Drivers/USB/Core/DeviceStandardReq.o
 .debug_info    0x0000000000012d0d       0x78 .build/obj_ergodox_ez_pydemia/protocol/lufa/LUFA-git/LUFA/Drivers/USB/Core/Events.o
 .debug_info    0x0000000000012d85      0x272 .build/obj_ergodox_ez_pydemia/protocol/lufa/LUFA-git/LUFA/Drivers/USB/Core/USBTask.o

.debug_abbrev   0x0000000000000000     0x4c7b
 *(.debug_abbrev)
 .debug_abbrev  0x0000000000000000      0x96a /usr/lib/gcc/avr/5.4.0/../../../avr/lib/avr5/crtatmega32u4.o
 .debug_abbrev  0x000000000000096a       0xe8 .build/obj_ergodox_ez_pydemia/twimaster.o
 .debug_abbrev  0x0000000000000a52      0x29f .build/obj_ergodox_ez_pydemia/matrix.o
 .debug_abbrev  0x0000000000000cf1       0x91 .build/obj_ergodox_ez_pydemia/keyboards/ergodox/ergodox.o
 .debug_abbrev  0x0000000000000d82      0x28d .build/obj_ergodox_ez_pydemia/keyboards/ergodox/ez/keymaps/pydemia/keymap.o
 .debug_abbrev  0x000000000000100f      0x388 .build/obj_ergodox_ez_pydemia/quantum/quantum.o
 .debug_abbrev  0x0000000000001397      0x2b0 .build/obj_ergodox_ez_pydemia/quantum/keymap_common.o
 .debug_abbrev  0x0000000000001647       0xd2 .build/obj_ergodox_ez_pydemia/quantum/keycode_config.o
 .debug_abbrev  0x0000000000001719      0x152 .build/obj_ergodox_ez_pydemia/quantum/process_keycode/process_leader.o
 .debug_abbrev  0x000000000000186b      0x18f .build/obj_ergodox_ez_pydemia/keyboards/ergodox/ez/ez.o
 .debug_abbrev  0x00000000000019fa      0x249 .build/obj_ergodox_ez_pydemia/quantum/process_keycode/process_unicode.o
 .debug_abbrev  0x0000000000001c43      0x271 .build/obj_ergodox_ez_pydemia/quantum/process_keycode/process_tap_dance.o
 .debug_abbrev  0x0000000000001eb4      0x183 .build/obj_ergodox_ez_pydemia/common/host.o
 .debug_abbrev  0x0000000000002037      0x1fc .build/obj_ergodox_ez_pydemia/common/keyboard.o
 .debug_abbrev  0x0000000000002233      0x324 .build/obj_ergodox_ez_pydemia/common/action.o
 .debug_abbrev  0x0000000000002557      0x2c3 .build/obj_ergodox_ez_pydemia/common/action_tapping.o
 .debug_abbrev  0x000000000000281a      0x162 .build/obj_ergodox_ez_pydemia/common/action_macro.o
 .debug_abbrev  0x000000000000297c      0x233 .build/obj_ergodox_ez_pydemia/common/action_layer.o
 .debug_abbrev  0x0000000000002baf      0x2e0 .build/obj_ergodox_ez_pydemia/common/action_util.o
 .debug_abbrev  0x0000000000002e8f       0x87 .build/obj_ergodox_ez_pydemia/common/debug.o
 .debug_abbrev  0x0000000000002f16       0xcb .build/obj_ergodox_ez_pydemia/common/util.o
 .debug_abbrev  0x0000000000002fe1       0xc2 .build/obj_ergodox_ez_pydemia/common/eeconfig.o
 .debug_abbrev  0x00000000000030a3      0x1ce .build/obj_ergodox_ez_pydemia/common/avr/suspend.o
 .debug_abbrev  0x0000000000003271      0x11e .build/obj_ergodox_ez_pydemia/common/avr/timer.o
 .debug_abbrev  0x000000000000338f      0x171 .build/obj_ergodox_ez_pydemia/common/avr/bootloader.o
 .debug_abbrev  0x0000000000003500       0xf9 .build/obj_ergodox_ez_pydemia/common/magic.o
 .debug_abbrev  0x00000000000035f9      0x1b4 .build/obj_ergodox_ez_pydemia/common/mousekey.o
 .debug_abbrev  0x00000000000037ad      0x2e1 .build/obj_ergodox_ez_pydemia/common/command.o
 .debug_abbrev  0x0000000000003a8e      0x3ea .build/obj_ergodox_ez_pydemia/lufa.o
 .debug_abbrev  0x0000000000003e78      0x184 .build/obj_ergodox_ez_pydemia/descriptor.o
 .debug_abbrev  0x0000000000003ffc       0x80 .build/obj_ergodox_ez_pydemia/protocol/lufa/LUFA-git/LUFA/Drivers/USB/Core/AVR8/Device_AVR8.o
 .debug_abbrev  0x000000000000407c      0x1ea .build/obj_ergodox_ez_pydemia/protocol/lufa/LUFA-git/LUFA/Drivers/USB/Core/AVR8/EndpointStream_AVR8.o
 .debug_abbrev  0x0000000000004266      0x226 .build/obj_ergodox_ez_pydemia/protocol/lufa/LUFA-git/LUFA/Drivers/USB/Core/AVR8/Endpoint_AVR8.o
 .debug_abbrev  0x000000000000448c      0x191 .build/obj_ergodox_ez_pydemia/protocol/lufa/LUFA-git/LUFA/Drivers/USB/Core/AVR8/USBController_AVR8.o
 .debug_abbrev  0x000000000000461d      0x213 .build/obj_ergodox_ez_pydemia/protocol/lufa/LUFA-git/LUFA/Drivers/USB/Core/AVR8/USBInterrupt_AVR8.o
 .debug_abbrev  0x0000000000004830      0x29c .build/obj_ergodox_ez_pydemia/protocol/lufa/LUFA-git/LUFA/Drivers/USB/Core/DeviceStandardReq.o
 .debug_abbrev  0x0000000000004acc       0x44 .build/obj_ergodox_ez_pydemia/protocol/lufa/LUFA-git/LUFA/Drivers/USB/Core/Events.o
 .debug_abbrev  0x0000000000004b10      0x16b .build/obj_ergodox_ez_pydemia/protocol/lufa/LUFA-git/LUFA/Drivers/USB/Core/USBTask.o

.debug_line     0x0000000000000000     0x87ed
 *(.debug_line .debug_line.* .debug_line_end)
 .debug_line    0x0000000000000000       0x1a /usr/lib/gcc/avr/5.4.0/../../../avr/lib/avr5/crtatmega32u4.o
 .debug_line    0x000000000000001a      0x247 .build/obj_ergodox_ez_pydemia/twimaster.o
 .debug_line    0x0000000000000261      0x48f .build/obj_ergodox_ez_pydemia/matrix.o
 .debug_line    0x00000000000006f0       0xbf .build/obj_ergodox_ez_pydemia/keyboards/ergodox/ergodox.o
 .debug_line    0x00000000000007af      0x567 .build/obj_ergodox_ez_pydemia/keyboards/ergodox/ez/keymaps/pydemia/keymap.o
 .debug_line    0x0000000000000d16      0x63c .build/obj_ergodox_ez_pydemia/quantum/quantum.o
 .debug_line    0x0000000000001352      0x326 .build/obj_ergodox_ez_pydemia/quantum/keymap_common.o
 .debug_line    0x0000000000001678      0x13a .build/obj_ergodox_ez_pydemia/quantum/keycode_config.o
 .debug_line    0x00000000000017b2      0x199 .build/obj_ergodox_ez_pydemia/quantum/process_keycode/process_leader.o
 .debug_line    0x000000000000194b      0x270 .build/obj_ergodox_ez_pydemia/keyboards/ergodox/ez/ez.o
 .debug_line    0x0000000000001bbb      0x28d .build/obj_ergodox_ez_pydemia/quantum/process_keycode/process_unicode.o
 .debug_line    0x0000000000001e48      0x332 .build/obj_ergodox_ez_pydemia/quantum/process_keycode/process_tap_dance.o
 .debug_line    0x000000000000217a      0x1ca .build/obj_ergodox_ez_pydemia/common/host.o
 .debug_line    0x0000000000002344      0x215 .build/obj_ergodox_ez_pydemia/common/keyboard.o
 .debug_line    0x0000000000002559      0x983 .build/obj_ergodox_ez_pydemia/common/action.o
 .debug_line    0x0000000000002edc      0x51d .build/obj_ergodox_ez_pydemia/common/action_tapping.o
 .debug_line    0x00000000000033f9      0x1bb .build/obj_ergodox_ez_pydemia/common/action_macro.o
 .debug_line    0x00000000000035b4      0x28c .build/obj_ergodox_ez_pydemia/common/action_layer.o
 .debug_line    0x0000000000003840      0x53d .build/obj_ergodox_ez_pydemia/common/action_util.o
 .debug_line    0x0000000000003d7d       0x63 .build/obj_ergodox_ez_pydemia/common/debug.o
 .debug_line    0x0000000000003de0      0x283 .build/obj_ergodox_ez_pydemia/common/util.o
 .debug_line    0x0000000000004063      0x178 .build/obj_ergodox_ez_pydemia/common/eeconfig.o
 .debug_line    0x00000000000041db      0x279 .build/obj_ergodox_ez_pydemia/common/avr/suspend.o
 .debug_line    0x0000000000004454      0x1ba .build/obj_ergodox_ez_pydemia/common/avr/timer.o
 .debug_line    0x000000000000460e      0x1c1 .build/obj_ergodox_ez_pydemia/common/avr/bootloader.o
 .debug_line    0x00000000000047cf      0x11a .build/obj_ergodox_ez_pydemia/common/magic.o
 .debug_line    0x00000000000048e9      0x5ea .build/obj_ergodox_ez_pydemia/common/mousekey.o
 .debug_line    0x0000000000004ed3      0x4ae .build/obj_ergodox_ez_pydemia/common/command.o
 .debug_line    0x0000000000005381      0x7dd .build/obj_ergodox_ez_pydemia/lufa.o
 .debug_line    0x0000000000005b5e      0x208 .build/obj_ergodox_ez_pydemia/descriptor.o
 .debug_line    0x0000000000005d66      0x13c .build/obj_ergodox_ez_pydemia/protocol/lufa/LUFA-git/LUFA/Drivers/USB/Core/AVR8/Device_AVR8.o
 .debug_line    0x0000000000005ea2     0x1454 .build/obj_ergodox_ez_pydemia/protocol/lufa/LUFA-git/LUFA/Drivers/USB/Core/AVR8/EndpointStream_AVR8.o
 .debug_line    0x00000000000072f6      0x50b .build/obj_ergodox_ez_pydemia/protocol/lufa/LUFA-git/LUFA/Drivers/USB/Core/AVR8/Endpoint_AVR8.o
 .debug_line    0x0000000000007801      0x357 .build/obj_ergodox_ez_pydemia/protocol/lufa/LUFA-git/LUFA/Drivers/USB/Core/AVR8/USBController_AVR8.o
 .debug_line    0x0000000000007b58      0x5b9 .build/obj_ergodox_ez_pydemia/protocol/lufa/LUFA-git/LUFA/Drivers/USB/Core/AVR8/USBInterrupt_AVR8.o
 .debug_line    0x0000000000008111      0x4c6 .build/obj_ergodox_ez_pydemia/protocol/lufa/LUFA-git/LUFA/Drivers/USB/Core/DeviceStandardReq.o
 .debug_line    0x00000000000085d7       0x6e .build/obj_ergodox_ez_pydemia/protocol/lufa/LUFA-git/LUFA/Drivers/USB/Core/Events.o
 .debug_line    0x0000000000008645      0x1a8 .build/obj_ergodox_ez_pydemia/protocol/lufa/LUFA-git/LUFA/Drivers/USB/Core/USBTask.o

.debug_frame    0x0000000000000000     0x1c9c
 *(.debug_frame)
 .debug_frame   0x0000000000000000       0x94 .build/obj_ergodox_ez_pydemia/twimaster.o
 .debug_frame   0x0000000000000094      0x170 .build/obj_ergodox_ez_pydemia/matrix.o
 .debug_frame   0x0000000000000204      0x124 .build/obj_ergodox_ez_pydemia/keyboards/ergodox/ez/keymaps/pydemia/keymap.o
 .debug_frame   0x0000000000000328      0x1ec .build/obj_ergodox_ez_pydemia/quantum/quantum.o
 .debug_frame   0x0000000000000514       0x54 .build/obj_ergodox_ez_pydemia/quantum/keymap_common.o
 .debug_frame   0x0000000000000568       0x24 .build/obj_ergodox_ez_pydemia/quantum/keycode_config.o
 .debug_frame   0x000000000000058c       0x58 .build/obj_ergodox_ez_pydemia/quantum/process_keycode/process_leader.o
 .debug_frame   0x00000000000005e4       0x44 .build/obj_ergodox_ez_pydemia/keyboards/ergodox/ez/ez.o
 .debug_frame   0x0000000000000628       0xb0 .build/obj_ergodox_ez_pydemia/quantum/process_keycode/process_unicode.o
 .debug_frame   0x00000000000006d8       0xbc .build/obj_ergodox_ez_pydemia/quantum/process_keycode/process_tap_dance.o
 .debug_frame   0x0000000000000794       0xa4 .build/obj_ergodox_ez_pydemia/common/host.o
 .debug_frame   0x0000000000000838       0xa0 .build/obj_ergodox_ez_pydemia/common/keyboard.o
 .debug_frame   0x00000000000008d8      0x1b4 .build/obj_ergodox_ez_pydemia/common/action.o
 .debug_frame   0x0000000000000a8c       0xdc .build/obj_ergodox_ez_pydemia/common/action_tapping.o
 .debug_frame   0x0000000000000b68       0x48 .build/obj_ergodox_ez_pydemia/common/action_macro.o
 .debug_frame   0x0000000000000bb0      0x1a8 .build/obj_ergodox_ez_pydemia/common/action_layer.o
 .debug_frame   0x0000000000000d58      0x240 .build/obj_ergodox_ez_pydemia/common/action_util.o
 .debug_frame   0x0000000000000f98      0x110 .build/obj_ergodox_ez_pydemia/common/util.o
 .debug_frame   0x00000000000010a8       0xb4 .build/obj_ergodox_ez_pydemia/common/eeconfig.o
 .debug_frame   0x000000000000115c       0xb0 .build/obj_ergodox_ez_pydemia/common/avr/suspend.o
 .debug_frame   0x000000000000120c       0xf0 .build/obj_ergodox_ez_pydemia/common/avr/timer.o
 .debug_frame   0x00000000000012fc       0x34 .build/obj_ergodox_ez_pydemia/common/avr/bootloader.o
 .debug_frame   0x0000000000001330       0x24 .build/obj_ergodox_ez_pydemia/common/magic.o
 .debug_frame   0x0000000000001354       0x98 .build/obj_ergodox_ez_pydemia/common/mousekey.o
 .debug_frame   0x00000000000013ec       0xa8 .build/obj_ergodox_ez_pydemia/common/command.o
 .debug_frame   0x0000000000001494      0x128 .build/obj_ergodox_ez_pydemia/lufa.o
 .debug_frame   0x00000000000015bc       0x24 .build/obj_ergodox_ez_pydemia/descriptor.o
 .debug_frame   0x00000000000015e0       0x24 .build/obj_ergodox_ez_pydemia/protocol/lufa/LUFA-git/LUFA/Drivers/USB/Core/AVR8/Device_AVR8.o
 .debug_frame   0x0000000000001604      0x42c .build/obj_ergodox_ez_pydemia/protocol/lufa/LUFA-git/LUFA/Drivers/USB/Core/AVR8/EndpointStream_AVR8.o