Archive member included to satisfy reference by file (symbol)

/usr/local/Cellar/avr-gcc/8.1.0/lib/avr-gcc/8/gcc/avr/8.1.0/../../../../../../avr/lib/avr5/libm.a(fixsfsi.o)
                              .build/obj_ergodox_ez_profet_80/common/mousekey.o (__fixsfsi)
/usr/local/Cellar/avr-gcc/8.1.0/lib/avr-gcc/8/gcc/avr/8.1.0/../../../../../../avr/lib/avr5/libm.a(fixunssfsi.o)
                              /usr/local/Cellar/avr-gcc/8.1.0/lib/avr-gcc/8/gcc/avr/8.1.0/../../../../../../avr/lib/avr5/libm.a(fixsfsi.o) (__fixunssfsi)
/usr/local/Cellar/avr-gcc/8.1.0/lib/avr-gcc/8/gcc/avr/8.1.0/../../../../../../avr/lib/avr5/libm.a(floatsisf.o)
                              .build/obj_ergodox_ez_profet_80/common/mousekey.o (__floatsisf)
/usr/local/Cellar/avr-gcc/8.1.0/lib/avr-gcc/8/gcc/avr/8.1.0/../../../../../../avr/lib/avr5/libm.a(fp_split3.o)
                              /usr/local/Cellar/avr-gcc/8.1.0/lib/avr-gcc/8/gcc/avr/8.1.0/../../../../../../avr/lib/avr5/libm.a(fixunssfsi.o) (__fp_splitA)
/usr/local/Cellar/avr-gcc/8.1.0/lib/avr-gcc/8/gcc/avr/8.1.0/../../../../../../avr/lib/avr5/libm.a(fp_zero.o)
                              /usr/local/Cellar/avr-gcc/8.1.0/lib/avr-gcc/8/gcc/avr/8.1.0/../../../../../../avr/lib/avr5/libm.a(fixunssfsi.o) (__fp_zero)
/usr/local/Cellar/avr-gcc/8.1.0/lib/avr-gcc/8/gcc/avr/8.1.0/../../../../../../avr/lib/avr5/libm.a(mulsf3.o)
                              .build/obj_ergodox_ez_profet_80/common/mousekey.o (__mulsf3)
/usr/local/Cellar/avr-gcc/8.1.0/lib/avr-gcc/8/gcc/avr/8.1.0/../../../../../../avr/lib/avr5/libm.a(mulsf3x.o)
                              /usr/local/Cellar/avr-gcc/8.1.0/lib/avr-gcc/8/gcc/avr/8.1.0/../../../../../../avr/lib/avr5/libm.a(mulsf3.o) (__mulsf3x)
/usr/local/Cellar/avr-gcc/8.1.0/lib/avr-gcc/8/gcc/avr/8.1.0/../../../../../../avr/lib/avr5/libm.a(fp_inf.o)
                              /usr/local/Cellar/avr-gcc/8.1.0/lib/avr-gcc/8/gcc/avr/8.1.0/../../../../../../avr/lib/avr5/libm.a(mulsf3x.o) (__fp_inf)
/usr/local/Cellar/avr-gcc/8.1.0/lib/avr-gcc/8/gcc/avr/8.1.0/../../../../../../avr/lib/avr5/libm.a(fp_nan.o)
                              /usr/local/Cellar/avr-gcc/8.1.0/lib/avr-gcc/8/gcc/avr/8.1.0/../../../../../../avr/lib/avr5/libm.a(mulsf3x.o) (__fp_nan)
/usr/local/Cellar/avr-gcc/8.1.0/lib/avr-gcc/8/gcc/avr/8.1.0/../../../../../../avr/lib/avr5/libm.a(fp_pscA.o)
                              /usr/local/Cellar/avr-gcc/8.1.0/lib/avr-gcc/8/gcc/avr/8.1.0/../../../../../../avr/lib/avr5/libm.a(mulsf3x.o) (__fp_pscA)
/usr/local/Cellar/avr-gcc/8.1.0/lib/avr-gcc/8/gcc/avr/8.1.0/../../../../../../avr/lib/avr5/libm.a(fp_pscB.o)
                              /usr/local/Cellar/avr-gcc/8.1.0/lib/avr-gcc/8/gcc/avr/8.1.0/../../../../../../avr/lib/avr5/libm.a(mulsf3x.o) (__fp_pscB)
/usr/local/Cellar/avr-gcc/8.1.0/lib/avr-gcc/8/gcc/avr/8.1.0/../../../../../../avr/lib/avr5/libm.a(fp_round.o)
                              /usr/local/Cellar/avr-gcc/8.1.0/lib/avr-gcc/8/gcc/avr/8.1.0/../../../../../../avr/lib/avr5/libm.a(mulsf3.o) (__fp_round)
/usr/local/Cellar/avr-gcc/8.1.0/lib/avr-gcc/8/gcc/avr/8.1.0/avr5/libgcc.a(_divmodhi4.o)
                              .build/obj_ergodox_ez_profet_80/common/mousekey.o (__divmodhi4)
/usr/local/Cellar/avr-gcc/8.1.0/lib/avr-gcc/8/gcc/avr/8.1.0/avr5/libgcc.a(_exit.o)
                              /usr/local/Cellar/avr-gcc/8.1.0/lib/avr-gcc/8/gcc/avr/8.1.0/../../../../../../avr/lib/avr5/crtatmega32u4.o (exit)
/usr/local/Cellar/avr-gcc/8.1.0/lib/avr-gcc/8/gcc/avr/8.1.0/avr5/libgcc.a(_tablejump2.o)
                              .build/obj_ergodox_ez_profet_80/quantum/quantum.o (__tablejump2__)
/usr/local/Cellar/avr-gcc/8.1.0/lib/avr-gcc/8/gcc/avr/8.1.0/avr5/libgcc.a(_copy_data.o)
                              .build/obj_ergodox_ez_profet_80/matrix.o (__do_copy_data)
/usr/local/Cellar/avr-gcc/8.1.0/lib/avr-gcc/8/gcc/avr/8.1.0/avr5/libgcc.a(_clear_bss.o)
                              .build/obj_ergodox_ez_profet_80/matrix.o (__do_clear_bss)
/usr/local/Cellar/avr-gcc/8.1.0/lib/avr-gcc/8/gcc/avr/8.1.0/avr5/libgcc.a(_udivmodhi4.o)
                              /usr/local/Cellar/avr-gcc/8.1.0/lib/avr-gcc/8/gcc/avr/8.1.0/avr5/libgcc.a(_divmodhi4.o) (__udivmodhi4)
/usr/local/Cellar/avr-gcc/8.1.0/lib/avr-gcc/8/gcc/avr/8.1.0/../../../../../../avr/lib/avr5/libatmega32u4.a(eerd_byte.o)
                              .build/obj_ergodox_ez_profet_80/common/eeconfig.o (eeprom_read_byte)
/usr/local/Cellar/avr-gcc/8.1.0/lib/avr-gcc/8/gcc/avr/8.1.0/../../../../../../avr/lib/avr5/libatmega32u4.a(eerd_word.o)
                              .build/obj_ergodox_ez_profet_80/common/eeconfig.o (eeprom_read_word)
/usr/local/Cellar/avr-gcc/8.1.0/lib/avr-gcc/8/gcc/avr/8.1.0/../../../../../../avr/lib/avr5/libatmega32u4.a(eeupd_byte.o)
                              .build/obj_ergodox_ez_profet_80/common/eeconfig.o (eeprom_update_byte)
/usr/local/Cellar/avr-gcc/8.1.0/lib/avr-gcc/8/gcc/avr/8.1.0/../../../../../../avr/lib/avr5/libatmega32u4.a(eeupd_word.o)
[...]
Memory Configuration

Name             Origin             Length             Attributes
text             0x0000000000000000 0x0000000000020000 xr
data             0x0000000000800060 0x000000000000ffa0 rw !x
eeprom           0x0000000000810000 0x0000000000010000 rw !x
fuse             0x0000000000820000 0x0000000000000400 rw !x
lock             0x0000000000830000 0x0000000000000400 rw !x
signature        0x0000000000840000 0x0000000000000400 rw !x
user_signatures  0x0000000000850000 0x0000000000000400 rw !x
*default*        0x0000000000000000 0xffffffffffffffff

Linker script and memory map

Address of section .data set to 0x800100
LOAD /usr/local/Cellar/avr-gcc/8.1.0/lib/avr-gcc/8/gcc/avr/8.1.0/../../../../../../avr/lib/avr5/crtatmega32u4.o
LOAD .build/obj_ergodox_ez_profet_80/twimaster.o
LOAD .build/obj_ergodox_ez_profet_80/matrix.o
LOAD .build/obj_ergodox_ez_profet_80/keyboards/ergodox/ergodox.o
LOAD .build/obj_ergodox_ez_profet_80/keyboards/ergodox/ez/keymaps/profet_80/keymap.o
LOAD .build/obj_ergodox_ez_profet_80/quantum/quantum.o
LOAD .build/obj_ergodox_ez_profet_80/quantum/keymap_common.o
LOAD .build/obj_ergodox_ez_profet_80/quantum/keycode_config.o
LOAD .build/obj_ergodox_ez_profet_80/quantum/process_keycode/process_leader.o
LOAD .build/obj_ergodox_ez_profet_80/keyboards/ergodox/ez/ez.o
LOAD .build/obj_ergodox_ez_profet_80/quantum/process_keycode/process_unicode.o
LOAD .build/obj_ergodox_ez_profet_80/common/host.o
LOAD .build/obj_ergodox_ez_profet_80/common/keyboard.o
LOAD .build/obj_ergodox_ez_profet_80/common/action.o
LOAD .build/obj_ergodox_ez_profet_80/common/action_tapping.o
LOAD .build/obj_ergodox_ez_profet_80/common/action_macro.o
LOAD .build/obj_ergodox_ez_profet_80/common/action_layer.o
LOAD .build/obj_ergodox_ez_profet_80/common/action_util.o
LOAD .build/obj_ergodox_ez_profet_80/common/print.o
LOAD .build/obj_ergodox_ez_profet_80/common/debug.o
LOAD .build/obj_ergodox_ez_profet_80/common/util.o
LOAD .build/obj_ergodox_ez_profet_80/common/eeconfig.o
LOAD .build/obj_ergodox_ez_profet_80/common/avr/suspend.o
LOAD .build/obj_ergodox_ez_profet_80/common/avr/timer.o
LOAD .build/obj_ergodox_ez_profet_80/common/avr/bootloader.o
LOAD .build/obj_ergodox_ez_profet_80/common/avr/xprintf.o
LOAD .build/obj_ergodox_ez_profet_80/common/magic.o
LOAD .build/obj_ergodox_ez_profet_80/common/mousekey.o
LOAD .build/obj_ergodox_ez_profet_80/common/command.o
LOAD .build/obj_ergodox_ez_profet_80/lufa.o
LOAD .build/obj_ergodox_ez_profet_80/descriptor.o
LOAD .build/obj_ergodox_ez_profet_80/protocol/lufa/LUFA-git/LUFA/Drivers/USB/Class/Common/HIDParser.o
LOAD .build/obj_ergodox_ez_profet_80/protocol/lufa/LUFA-git/LUFA/Drivers/USB/Core/AVR8/Device_AVR8.o
LOAD .build/obj_ergodox_ez_profet_80/protocol/lufa/LUFA-git/LUFA/Drivers/USB/Core/AVR8/EndpointStream_AVR8.o
LOAD .build/obj_ergodox_ez_profet_80/protocol/lufa/LUFA-git/LUFA/Drivers/USB/Core/AVR8/Endpoint_AVR8.o
LOAD .build/obj_ergodox_ez_profet_80/protocol/lufa/LUFA-git/LUFA/Drivers/USB/Core/AVR8/Host_AVR8.o
LOAD .build/obj_ergodox_ez_profet_80/protocol/lufa/LUFA-git/LUFA/Drivers/USB/Core/AVR8/PipeStream_AVR8.o
LOAD .build/obj_ergodox_ez_profet_80/protocol/lufa/LUFA-git/LUFA/Drivers/USB/Core/AVR8/Pipe_AVR8.o
LOAD .build/obj_ergodox_ez_profet_80/protocol/lufa/LUFA-git/LUFA/Drivers/USB/Core/AVR8/USBController_AVR8.o
LOAD .build/obj_ergodox_ez_profet_80/protocol/lufa/LUFA-git/LUFA/Drivers/USB/Core/AVR8/USBInterrupt_AVR8.o
LOAD .build/obj_ergodox_ez_profet_80/protocol/lufa/LUFA-git/LUFA/Drivers/USB/Core/ConfigDescriptors.o
LOAD .build/obj_ergodox_ez_profet_80/protocol/lufa/LUFA-git/LUFA/Drivers/USB/Core/DeviceStandardReq.o
LOAD .build/obj_ergodox_ez_profet_80/protocol/lufa/LUFA-git/LUFA/Drivers/USB/Core/Events.o
LOAD .build/obj_ergodox_ez_profet_80/protocol/lufa/LUFA-git/LUFA/Drivers/USB/Core/HostStandardReq.o
LOAD .build/obj_ergodox_ez_profet_80/protocol/lufa/LUFA-git/LUFA/Drivers/USB/Core/USBTask.o
LOAD /usr/local/Cellar/avr-gcc/8.1.0/lib/avr-gcc/8/gcc/avr/8.1.0/../../../../../../avr/lib/avr5/libm.a
START GROUP
LOAD /usr/local/Cellar/avr-gcc/8.1.0/lib/avr-gcc/8/gcc/avr/8.1.0/avr5/libgcc.a
LOAD /usr/local/Cellar/avr-gcc/8.1.0/lib/avr-gcc/8/gcc/avr/8.1.0/../../../../../../avr/lib/avr5/libm.a
LOAD /usr/local/Cellar/avr-gcc/8.1.0/lib/avr-gcc/8/gcc/avr/8.1.0/../../../../../../avr/lib/avr5/libc.a
LOAD /usr/local/Cellar/avr-gcc/8.1.0/lib/avr-gcc/8/gcc/avr/8.1.0/../../../../../../avr/lib/avr5/libatmega32u4.a
END GROUP
                0x0000000000020000                __TEXT_REGION_LENGTH__ = DEFINED (__TEXT_REGION_LENGTH__)?__TEXT_REGION_LENGTH__:0x20000
                0x000000000000ffa0                __DATA_REGION_LENGTH__ = DEFINED (__DATA_REGION_LENGTH__)?__DATA_REGION_LENGTH__:0xffa0
                0x0000000000010000                __EEPROM_REGION_LENGTH__ = DEFINED (__EEPROM_REGION_LENGTH__)?__EEPROM_REGION_LENGTH__:0x10000
                0x0000000000000400                __FUSE_REGION_LENGTH__ = DEFINED (__FUSE_REGION_LENGTH__)?__FUSE_REGION_LENGTH__:0x400
                0x0000000000000400                __LOCK_REGION_LENGTH__ = DEFINED (__LOCK_REGION_LENGTH__)?__LOCK_REGION_LENGTH__:0x400
                0x0000000000000400                __SIGNATURE_REGION_LENGTH__ = DEFINED (__SIGNATURE_REGION_LENGTH__)?__SIGNATURE_REGION_LENGTH__:0x400
                0x0000000000000400                __USER_SIGNATURE_REGION_LENGTH__ = DEFINED (__USER_SIGNATURE_REGION_LENGTH__)?__USER_SIGNATURE_REGION_LENGTH__:0x400

.hash
 *(.hash)

.dynsym
 *(.dynsym)

.dynstr
 *(.dynstr)

.gnu.version
 *(.gnu.version)

.gnu.version_d
 *(.gnu.version_d)

.gnu.version_r
 *(.gnu.version_r)

.rel.init
 *(.rel.init)

.rela.init
 *(.rela.init)

.rel.text
 *(.rel.text)
 *(.rel.text.*)
 *(.rel.gnu.linkonce.t*)

.rela.text
 *(.rela.text)
 *(.rela.text.*)
 *(.rela.gnu.linkonce.t*)

.rel.fini
 *(.rel.fini)

.rela.fini
 *(.rela.fini)

.rel.rodata
 *(.rel.rodata)
 *(.rel.rodata.*)
 *(.rel.gnu.linkonce.r*)

.rela.rodata
 *(.rela.rodata)
 *(.rela.rodata.*)
 *(.rela.gnu.linkonce.r*)

.rel.data
 *(.rel.data)
 *(.rel.data.*)
 *(.rel.gnu.linkonce.d*)

.rela.data
 *(.rela.data)
 *(.rela.data.*)
 *(.rela.gnu.linkonce.d*)

.rel.ctors
 *(.rel.ctors)

.rela.ctors
 *(.rela.ctors)

.rel.dtors
 *(.rel.dtors)

.rela.dtors
 *(.rela.dtors)

.rel.got
 *(.rel.got)

.rela.got
 *(.rela.got)

.rel.bss
 *(.rel.bss)

.rela.bss
 *(.rela.bss)

.rel.plt
 *(.rel.plt)

.rela.plt
 *(.rela.plt)

.text           0x0000000000000000     0x46ce
 *(.vectors)
 .vectors       0x0000000000000000       0xac /usr/local/Cellar/avr-gcc/8.1.0/lib/avr-gcc/8/gcc/avr/8.1.0/../../../../../../avr/lib/avr5/crtatmega32u4.o
                0x0000000000000000                __vectors
                0x0000000000000000                __vector_default
 *(.vectors)
 *(.progmem.gcc*)
                0x00000000000000ac                . = ALIGN (0x2)
                0x00000000000000ac                __trampolines_start = .
 *(.trampolines)
 .trampolines   0x00000000000000ac        0x0 linker stubs
 *(.trampolines*)
                0x00000000000000ac                __trampolines_end = .
 *libprintf_flt.a:*(.progmem.data)
 *libc.a:*(.progmem.data)
 *(.progmem.*)
 .progmem.data.__c.5325
                0x00000000000000ac       0x21 .build/obj_ergodox_ez_profet_80/keyboards/ergodox/ez/keymaps/profet_80/keymap.o
 .progmem.data.fn_actions
                0x00000000000000cd        0x4 .build/obj_ergodox_ez_profet_80/keyboards/ergodox/ez/keymaps/profet_80/keymap.o
                0x00000000000000cd                fn_actions
 .progmem.data.keymaps
                0x00000000000000d1      0x1f8 .build/obj_ergodox_ez_profet_80/keyboards/ergodox/ez/keymaps/profet_80/keymap.o
                0x00000000000000d1                keymaps
 .progmem.data.ascii_to_qwerty_keycode_lut
                0x00000000000002c9       0x80 .build/obj_ergodox_ez_profet_80/quantum/quantum.o
                0x00000000000002c9                ascii_to_qwerty_keycode_lut
 .progmem.data.ascii_to_qwerty_shift_lut
                0x0000000000000349       0x80 .build/obj_ergodox_ez_profet_80/quantum/quantum.o
                0x0000000000000349                ascii_to_qwerty_shift_lut
 .progmem.data.ProductString
                0x00000000000003c9       0x18 .build/obj_ergodox_ez_profet_80/descriptor.o
                0x00000000000003c9                ProductString
 .progmem.data.ManufacturerString
                0x00000000000003e1       0x18 .build/obj_ergodox_ez_profet_80/descriptor.o
                0x00000000000003e1                ManufacturerString
 .progmem.data.LanguageString
                0x00000000000003f9        0x4 .build/obj_ergodox_ez_profet_80/descriptor.o
                0x00000000000003f9                LanguageString
 .progmem.data.ConfigurationDescriptor
                0x00000000000003fd       0x6d .build/obj_ergodox_ez_profet_80/descriptor.o
                0x00000000000003fd                ConfigurationDescriptor
 .progmem.data.DeviceDescriptor
                0x000000000000046a       0x12 .build/obj_ergodox_ez_profet_80/descriptor.o
                0x000000000000046a                DeviceDescriptor
 .progmem.data.NKROReport
                0x000000000000047c       0x39 .build/obj_ergodox_ez_profet_80/descriptor.o
                0x000000000000047c                NKROReport
 .progmem.data.ExtrakeyReport
                0x00000000000004b5       0x36 .build/obj_ergodox_ez_profet_80/descriptor.o
                0x00000000000004b5                ExtrakeyReport
 .progmem.data.MouseReport
                0x00000000000004eb       0x4d .build/obj_ergodox_ez_profet_80/descriptor.o
                0x00000000000004eb                MouseReport
 .progmem.data.KeyboardReport
                0x0000000000000538       0x40 .build/obj_ergodox_ez_profet_80/descriptor.o
                0x0000000000000538                KeyboardReport
                0x0000000000000578                . = ALIGN (0x2)
 *(.lowtext)
 *(.lowtext*)
                0x0000000000000578                __ctors_start = .
 *(.ctors)
                0x0000000000000578                __ctors_end = .
                0x0000000000000578                __dtors_start = .
 *(.dtors)
                0x0000000000000578                __dtors_end = .
 SORT_BY_NAME(*)(.ctors)
 SORT_BY_NAME(*)(.dtors)
 *(.init0)
 .init0         0x0000000000000578        0x0 /usr/local/Cellar/avr-gcc/8.1.0/lib/avr-gcc/8/gcc/avr/8.1.0/../../../../../../avr/lib/avr5/crtatmega32u4.o
                0x0000000000000578                __init
 *(.init0)
 *(.init1)
 *(.init1)
 *(.init2)
 .init2         0x0000000000000578        0xc /usr/local/Cellar/avr-gcc/8.1.0/lib/avr-gcc/8/gcc/avr/8.1.0/../../../../../../avr/lib/avr5/crtatmega32u4.o
 *(.init2)
 *(.init3)
 .init3         0x0000000000000584       0x54 .build/obj_ergodox_ez_profet_80/common/avr/bootloader.o
                0x0000000000000584                bootloader_jump_after_watchdog_reset
 *(.init3)
 *(.init4)
 .init4         0x00000000000005d8       0x16 /usr/local/Cellar/avr-gcc/8.1.0/lib/avr-gcc/8/gcc/avr/8.1.0/avr5/libgcc.a(_copy_data.o)
                0x00000000000005d8                __do_copy_data
 .init4         0x00000000000005ee       0x10 /usr/local/Cellar/avr-gcc/8.1.0/lib/avr-gcc/8/gcc/avr/8.1.0/avr5/libgcc.a(_clear_bss.o)
                0x00000000000005ee                __do_clear_bss
 *(.init4)
 *(.init5)
 *(.init5)
 *(.init6)
 *(.init6)
 *(.init7)
 *(.init7)
 *(.init8)
 *(.init8)
 *(.init9)
 .init9         0x00000000000005fe        0x8 /usr/local/Cellar/avr-gcc/8.1.0/lib/avr-gcc/8/gcc/avr/8.1.0/../../../../../../avr/lib/avr5/crtatmega32u4.o
 *(.init9)
 *(.text)
 .text          0x0000000000000606        0x4 /usr/local/Cellar/avr-gcc/8.1.0/lib/avr-gcc/8/gcc/avr/8.1.0/../../../../../../avr/lib/avr5/crtatmega32u4.o
                0x0000000000000606                __vector_42
                0x0000000000000606                __vector_22
                0x0000000000000606                __vector_28
                0x0000000000000606                __vector_1
                0x0000000000000606                __vector_32
                0x0000000000000606                __vector_34
                0x0000000000000606                __vector_24
                0x0000000000000606                __bad_interrupt
                0x0000000000000606                __vector_6
                0x0000000000000606                __vector_31
                0x0000000000000606                __vector_35
                0x0000000000000606                __vector_39
                0x0000000000000606                __vector_3
                0x0000000000000606                __vector_23
                0x0000000000000606                __vector_30
                0x0000000000000606                __vector_25
                0x0000000000000606                __vector_13
                0x0000000000000606                __vector_17
                0x0000000000000606                __vector_19
                0x0000000000000606                __vector_7
                0x0000000000000606                __vector_41
                0x0000000000000606                __vector_27
                0x0000000000000606                __vector_5
                0x0000000000000606                __vector_33
                0x0000000000000606                __vector_37
                0x0000000000000606                __vector_4
                0x0000000000000606                __vector_9
                0x0000000000000606                __vector_2
                0x0000000000000606                __vector_15
                0x0000000000000606                __vector_36
                0x0000000000000606                __vector_29
                0x0000000000000606                __vector_40
                0x0000000000000606                __vector_8
                0x0000000000000606                __vector_26
                0x0000000000000606                __vector_14
                0x0000000000000606                __vector_16
                0x0000000000000606                __vector_18
                0x0000000000000606                __vector_20
                0x0000000000000606                __vector_38
                0x000000000000060a                . = ALIGN (0x2)
 *(.text.*)
 .text.i2c_init
                0x000000000000060a        0xc .build/obj_ergodox_ez_profet_80/twimaster.o
                0x000000000000060a                i2c_init
 .text.i2c_start
                0x0000000000000616       0x46 .build/obj_ergodox_ez_profet_80/twimaster.o
                0x0000000000000616                i2c_start
 .text.i2c_stop
                0x000000000000065c       0x10 .build/obj_ergodox_ez_profet_80/twimaster.o
                0x000000000000065c                i2c_stop
 .text.i2c_write
                0x000000000000066c       0x22 .build/obj_ergodox_ez_profet_80/twimaster.o
                0x000000000000066c                i2c_write
 .text.i2c_readNak
                0x000000000000068e       0x14 .build/obj_ergodox_ez_profet_80/twimaster.o
                0x000000000000068e                i2c_readNak
 .text.init_cols
                0x00000000000006a2        0xe .build/obj_ergodox_ez_profet_80/matrix.o
 .text.unselect_rows
                0x00000000000006b0       0x50 .build/obj_ergodox_ez_profet_80/matrix.o
 .text.matrix_scan_kb
                0x0000000000000700        0x4 .build/obj_ergodox_ez_profet_80/matrix.o
                0x0000000000000700                matrix_scan_kb
 .text.matrix_init
                0x0000000000000704       0x28 .build/obj_ergodox_ez_profet_80/matrix.o
                0x0000000000000704                matrix_init
 .text.matrix_power_up
                0x000000000000072c       0x26 .build/obj_ergodox_ez_profet_80/matrix.o
                0x000000000000072c                matrix_power_up
 .text.matrix_scan
                0x0000000000000752      0x1dc .build/obj_ergodox_ez_profet_80/matrix.o
                0x0000000000000752                matrix_scan
 .text.matrix_get_row
                0x000000000000092e        0xc .build/obj_ergodox_ez_profet_80/matrix.o
                0x000000000000092e                matrix_get_row
 .text.matrix_print
                0x000000000000093a        0x2 .build/obj_ergodox_ez_profet_80/matrix.o
                0x000000000000093a                matrix_print
 .text.action_get_macro
                0x000000000000093c       0x1a .build/obj_ergodox_ez_profet_80/keyboards/ergodox/ez/keymaps/profet_80/keymap.o
                0x000000000000093c                action_get_macro
 .text.matrix_init_user
                0x0000000000000956        0x2 .build/obj_ergodox_ez_profet_80/keyboards/ergodox/ez/keymaps/profet_80/keymap.o
                0x0000000000000956                matrix_init_user
 .text.matrix_scan_user
                0x0000000000000958       0x40 .build/obj_ergodox_ez_profet_80/keyboards/ergodox/ez/keymaps/profet_80/keymap.o
                0x0000000000000958                matrix_scan_user
 .text.process_action_kb
                0x0000000000000998        0x4 .build/obj_ergodox_ez_profet_80/quantum/quantum.o
                0x0000000000000998                process_action_kb
 .text.process_record_user
                0x000000000000099c        0x4 .build/obj_ergodox_ez_profet_80/quantum/quantum.o
                0x000000000000099c                process_record_user
 .text.process_record_kb
                0x00000000000009a0        0x4 .build/obj_ergodox_ez_profet_80/quantum/quantum.o
                0x00000000000009a0                process_record_kb
 .text.reset_keyboard
                0x00000000000009a4       0x1a .build/obj_ergodox_ez_profet_80/quantum/quantum.o
                0x00000000000009a4                reset_keyboard
 .text.process_record_quantum
                0x00000000000009be      0x1ec .build/obj_ergodox_ez_profet_80/quantum/quantum.o
                0x00000000000009be                process_record_quantum
 .text.send_string
                0x0000000000000baa       0x56 .build/obj_ergodox_ez_profet_80/quantum/quantum.o
                0x0000000000000baa                send_string
 .text.matrix_scan_quantum
                0x0000000000000c00        0x4 .build/obj_ergodox_ez_profet_80/quantum/quantum.o
                0x0000000000000c00                matrix_scan_quantum
 .text.led_set_user
                0x0000000000000c04        0x2 .build/obj_ergodox_ez_profet_80/quantum/quantum.o
                0x0000000000000c04                led_set_user
 .text.led_set_kb
                0x0000000000000c06        0x4 .build/obj_ergodox_ez_profet_80/quantum/quantum.o
                0x0000000000000c06                led_set_kb
 .text.led_set  0x0000000000000c0a        0x4 .build/obj_ergodox_ez_profet_80/quantum/quantum.o
                0x0000000000000c0a                led_set
 .text.action_for_key
                0x0000000000000c0e      0x318 .build/obj_ergodox_ez_profet_80/quantum/keymap_common.o
                0x0000000000000c0e                action_for_key
 .text.action_function
                0x0000000000000f26        0x2 .build/obj_ergodox_ez_profet_80/quantum/keymap_common.o
                0x0000000000000f26                action_function
 .text.keymap_key_to_keycode
                0x0000000000000f28       0x28 .build/obj_ergodox_ez_profet_80/quantum/keymap_common.o
                0x0000000000000f28                keymap_key_to_keycode
 .text.keycode_config
                0x0000000000000f50       0xf6 .build/obj_ergodox_ez_profet_80/quantum/keycode_config.o
                0x0000000000000f50                keycode_config
 .text.leader_start
                0x0000000000001046        0x2 .build/obj_ergodox_ez_profet_80/quantum/process_keycode/process_leader.o
                0x0000000000001046                leader_start
 .text.process_leader
                0x0000000000001048       0x9e .build/obj_ergodox_ez_profet_80/quantum/process_keycode/process_leader.o
                0x0000000000001048                process_leader
 .text.ergodox_blink_all_leds
                0x00000000000010e6       0x80 .build/obj_ergodox_ez_profet_80/keyboards/ergodox/ez/ez.o
                0x00000000000010e6                ergodox_blink_all_leds
 .text.matrix_init_kb
                0x0000000000001166       0x2c .build/obj_ergodox_ez_profet_80/keyboards/ergodox/ez/ez.o
                0x0000000000001166                matrix_init_kb
 .text.init_mcp23018
                0x0000000000001192       0x9e .build/obj_ergodox_ez_profet_80/keyboards/ergodox/ez/ez.o
                0x0000000000001192                init_mcp23018
 .text.hex_to_keycode
                0x0000000000001230       0x18 .build/obj_ergodox_ez_profet_80/quantum/process_keycode/process_unicode.o
                0x0000000000001230                hex_to_keycode
 .text.unicode_input_start
                0x0000000000001248       0x5c .build/obj_ergodox_ez_profet_80/quantum/process_keycode/process_unicode.o
                0x0000000000001248                unicode_input_start
 .text.unicode_input_finish
                0x00000000000012a4       0x22 .build/obj_ergodox_ez_profet_80/quantum/process_keycode/process_unicode.o
                0x00000000000012a4                unicode_input_finish
 .text.register_hex
                0x00000000000012c6       0x4c .build/obj_ergodox_ez_profet_80/quantum/process_keycode/process_unicode.o
                0x00000000000012c6                register_hex
 .text.process_unicode
                0x0000000000001312       0x2e .build/obj_ergodox_ez_profet_80/quantum/process_keycode/process_unicode.o
                0x0000000000001312                process_unicode
 .text.host_set_driver
                0x0000000000001340        0xa .build/obj_ergodox_ez_profet_80/common/host.o
                0x0000000000001340                host_set_driver
 .text.host_keyboard_leds
                0x000000000000134a       0x18 .build/obj_ergodox_ez_profet_80/common/host.o
                0x000000000000134a                host_keyboard_leds
 .text.host_keyboard_send
                0x0000000000001362       0x16 .build/obj_ergodox_ez_profet_80/common/host.o
                0x0000000000001362                host_keyboard_send
 .text.host_mouse_send
                0x0000000000001378       0x16 .build/obj_ergodox_ez_profet_80/common/host.o
                0x0000000000001378                host_mouse_send
 .text.host_system_send
                0x000000000000138e       0x2c .build/obj_ergodox_ez_profet_80/common/host.o
                0x000000000000138e                host_system_send
 .text.host_consumer_send
                0x00000000000013ba       0x2c .build/obj_ergodox_ez_profet_80/common/host.o
                0x00000000000013ba                host_consumer_send
 .text.matrix_setup
                0x00000000000013e6        0x2 .build/obj_ergodox_ez_profet_80/common/keyboard.o
                0x00000000000013e6                matrix_setup
 .text.keyboard_setup
                0x00000000000013e8        0x4 .build/obj_ergodox_ez_profet_80/common/keyboard.o
                0x00000000000013e8                keyboard_setup
 .text.keyboard_init
                0x00000000000013ec        0xc .build/obj_ergodox_ez_profet_80/common/keyboard.o
                0x00000000000013ec                keyboard_init
 .text.keyboard_task
                0x00000000000013f8      0x14a .build/obj_ergodox_ez_profet_80/common/keyboard.o
                0x00000000000013f8                keyboard_task
 .text.process_hand_swap
                0x0000000000001542       0x70 .build/obj_ergodox_ez_profet_80/common/action.o
                0x0000000000001542                process_hand_swap
 .text.action_exec
                0x00000000000015b2       0x70 .build/obj_ergodox_ez_profet_80/common/action.o
                0x00000000000015b2                action_exec
 .text.register_code
                0x0000000000001622      0x180 .build/obj_ergodox_ez_profet_80/common/action.o
                0x0000000000001622                register_code
 .text.unregister_code
                0x00000000000017a2       0x9e .build/obj_ergodox_ez_profet_80/common/action.o
                0x00000000000017a2                unregister_code
 .text.register_mods
                0x0000000000001840        0xe .build/obj_ergodox_ez_profet_80/common/action.o
                0x0000000000001840                register_mods
 .text.unregister_mods
                0x000000000000184e        0xe .build/obj_ergodox_ez_profet_80/common/action.o
                0x000000000000184e                unregister_mods
 .text.process_action
                0x000000000000185c      0x450 .build/obj_ergodox_ez_profet_80/common/action.o
                0x000000000000185c                process_action
 .text.process_record
                0x0000000000001cac       0x54 .build/obj_ergodox_ez_profet_80/common/action.o
                0x0000000000001cac                process_record
 .text.clear_keyboard_but_mods
                0x0000000000001d00       0x28 .build/obj_ergodox_ez_profet_80/common/action.o
                0x0000000000001d00                clear_keyboard_but_mods
 .text.clear_keyboard
                0x0000000000001d28        0x8 .build/obj_ergodox_ez_profet_80/common/action.o
                0x0000000000001d28                clear_keyboard
 .text.is_tap_key
                0x0000000000001d30       0x42 .build/obj_ergodox_ez_profet_80/common/action.o
                0x0000000000001d30                is_tap_key
 .text.debug_event
                0x0000000000001d72       0x1e .build/obj_ergodox_ez_profet_80/common/action.o
                0x0000000000001d72                debug_event
 .text.debug_record
                0x0000000000001d90       0x20 .build/obj_ergodox_ez_profet_80/common/action.o
                0x0000000000001d90                debug_record
 .text.debug_waiting_buffer
                0x0000000000001db0       0x42 .build/obj_ergodox_ez_profet_80/common/action_tapping.o
 .text.debug_tapping_key
                0x0000000000001df2       0x1c .build/obj_ergodox_ez_profet_80/common/action_tapping.o
 .text.waiting_buffer_scan_tap
                0x0000000000001e0e       0xc8 .build/obj_ergodox_ez_profet_80/common/action_tapping.o
 .text.process_tapping
                0x0000000000001ed6      0x372 .build/obj_ergodox_ez_profet_80/common/action_tapping.o
 .text.action_tapping_process
                0x0000000000002248      0x134 .build/obj_ergodox_ez_profet_80/common/action_tapping.o
                0x0000000000002248                action_tapping_process
 .text.action_macro_play
                0x000000000000237c       0xf0 .build/obj_ergodox_ez_profet_80/common/action_macro.o
                0x000000000000237c                action_macro_play
 .text.default_layer_debug
                0x000000000000246c        0x2 .build/obj_ergodox_ez_profet_80/common/action_layer.o
                0x000000000000246c                default_layer_debug
 .text.default_layer_set
                0x000000000000246e       0x14 .build/obj_ergodox_ez_profet_80/common/action_layer.o
                0x000000000000246e                default_layer_set
 .text.default_layer_or
                0x0000000000002482       0x38 .build/obj_ergodox_ez_profet_80/common/action_layer.o
                0x0000000000002482                default_layer_or
 .text.default_layer_and
                0x00000000000024ba       0x38 .build/obj_ergodox_ez_profet_80/common/action_layer.o
                0x00000000000024ba                default_layer_and
 .text.default_layer_xor
                0x00000000000024f2       0x38 .build/obj_ergodox_ez_profet_80/common/action_layer.o
                0x00000000000024f2                default_layer_xor
 .text.layer_clear
                0x000000000000252a       0x14 .build/obj_ergodox_ez_profet_80/common/action_layer.o
                0x000000000000252a                layer_clear
 .text.layer_move
                0x000000000000253e       0x2a .build/obj_ergodox_ez_profet_80/common/action_layer.o
                0x000000000000253e                layer_move
 .text.layer_on
                0x0000000000002568       0x42 .build/obj_ergodox_ez_profet_80/common/action_layer.o
                0x0000000000002568                layer_on
 .text.layer_off
                0x00000000000025aa       0x4a .build/obj_ergodox_ez_profet_80/common/action_layer.o
                0x00000000000025aa                layer_off
 .text.layer_invert
                0x00000000000025f4       0x42 .build/obj_ergodox_ez_profet_80/common/action_layer.o
                0x00000000000025f4                layer_invert
 .text.layer_or
                0x0000000000002636       0x38 .build/obj_ergodox_ez_profet_80/common/action_layer.o
                0x0000000000002636                layer_or
 .text.layer_and
                0x000000000000266e       0x38 .build/obj_ergodox_ez_profet_80/common/action_layer.o
                0x000000000000266e                layer_and
 .text.layer_xor
                0x00000000000026a6       0x38 .build/obj_ergodox_ez_profet_80/common/action_layer.o
                0x00000000000026a6                layer_xor
 .text.layer_debug
                0x00000000000026de        0x2 .build/obj_ergodox_ez_profet_80/common/action_layer.o
                0x00000000000026de                layer_debug
 .text.layer_switch_get_layer
                0x00000000000026e0       0x84 .build/obj_ergodox_ez_profet_80/common/action_layer.o
                0x00000000000026e0                layer_switch_get_layer
 .text.layer_switch_get_action
                0x0000000000002764       0x14 .build/obj_ergodox_ez_profet_80/common/action_layer.o
                0x0000000000002764                layer_switch_get_action
 .text.store_or_get_action
                0x0000000000002778        0x6 .build/obj_ergodox_ez_profet_80/common/action_layer.o
                0x0000000000002778                store_or_get_action
 .text.get_oneshot_layer
                0x000000000000277e        0xc .build/obj_ergodox_ez_profet_80/common/action_util.o
                0x000000000000277e                get_oneshot_layer
 .text.get_oneshot_layer_state
                0x000000000000278a        0x8 .build/obj_ergodox_ez_profet_80/common/action_util.o
                0x000000000000278a                get_oneshot_layer_state
 .text.set_oneshot_layer
                0x0000000000002792       0x12 .build/obj_ergodox_ez_profet_80/common/action_util.o
                0x0000000000002792                set_oneshot_layer
 .text.clear_oneshot_layer_state
                0x00000000000027a4       0x2c .build/obj_ergodox_ez_profet_80/common/action_util.o
                0x00000000000027a4                clear_oneshot_layer_state
 .text.is_oneshot_layer_active
                0x00000000000027d0        0xe .build/obj_ergodox_ez_profet_80/common/action_util.o
                0x00000000000027d0                is_oneshot_layer_active
 .text.add_key  0x00000000000027de       0x7a .build/obj_ergodox_ez_profet_80/common/action_util.o
                0x00000000000027de                add_key
 .text.del_key  0x0000000000002858       0x68 .build/obj_ergodox_ez_profet_80/common/action_util.o
                0x0000000000002858                del_key
 .text.clear_keys
                0x00000000000028c0       0x1c .build/obj_ergodox_ez_profet_80/common/action_util.o
                0x00000000000028c0                clear_keys
 .text.add_mods
                0x00000000000028dc        0xc .build/obj_ergodox_ez_profet_80/common/action_util.o
                0x00000000000028dc                add_mods
 .text.del_mods
                0x00000000000028e8        0xe .build/obj_ergodox_ez_profet_80/common/action_util.o
                0x00000000000028e8                del_mods
 .text.clear_mods
                0x00000000000028f6        0x6 .build/obj_ergodox_ez_profet_80/common/action_util.o
                0x00000000000028f6                clear_mods
 .text.add_weak_mods
                0x00000000000028fc        0xc .build/obj_ergodox_ez_profet_80/common/action_util.o
                0x00000000000028fc                add_weak_mods
 .text.del_weak_mods
                0x0000000000002908        0xe .build/obj_ergodox_ez_profet_80/common/action_util.o
                0x0000000000002908                del_weak_mods
 .text.clear_weak_mods
                0x0000000000002916        0x6 .build/obj_ergodox_ez_profet_80/common/action_util.o
                0x0000000000002916                clear_weak_mods
 .text.add_macro_mods
                0x000000000000291c        0xc .build/obj_ergodox_ez_profet_80/common/action_util.o
                0x000000000000291c                add_macro_mods
 .text.del_macro_mods
                0x0000000000002928        0xe .build/obj_ergodox_ez_profet_80/common/action_util.o
                0x0000000000002928                del_macro_mods
 .text.clear_macro_mods
                0x0000000000002936        0x6 .build/obj_ergodox_ez_profet_80/common/action_util.o
                0x0000000000002936                clear_macro_mods
 .text.set_oneshot_mods
                0x000000000000293c        0x6 .build/obj_ergodox_ez_profet_80/common/action_util.o
                0x000000000000293c                set_oneshot_mods
 .text.clear_oneshot_mods
                0x0000000000002942        0x6 .build/obj_ergodox_ez_profet_80/common/action_util.o
                0x0000000000002942                clear_oneshot_mods
 .text.has_anykey
                0x0000000000002948       0x20 .build/obj_ergodox_ez_profet_80/common/action_util.o
                0x0000000000002948                has_anykey
 .text.send_keyboard_report
                0x0000000000002968       0x5e .build/obj_ergodox_ez_profet_80/common/action_util.o
                0x0000000000002968                send_keyboard_report
 .text.biton32  0x00000000000029c6       0x9a .build/obj_ergodox_ez_profet_80/common/util.o
                0x00000000000029c6                biton32
 .text.eeconfig_init
                0x0000000000002a60       0x34 .build/obj_ergodox_ez_profet_80/common/eeconfig.o
                0x0000000000002a60                eeconfig_init
 .text.eeconfig_is_enabled
                0x0000000000002a94       0x16 .build/obj_ergodox_ez_profet_80/common/eeconfig.o
                0x0000000000002a94                eeconfig_is_enabled
 .text.eeconfig_read_debug
                0x0000000000002aaa        0x8 .build/obj_ergodox_ez_profet_80/common/eeconfig.o
                0x0000000000002aaa                eeconfig_read_debug
 .text.eeconfig_read_default_layer
                0x0000000000002ab2        0x8 .build/obj_ergodox_ez_profet_80/common/eeconfig.o
                0x0000000000002ab2                eeconfig_read_default_layer
 .text.eeconfig_read_keymap
                0x0000000000002aba        0x8 .build/obj_ergodox_ez_profet_80/common/eeconfig.o
                0x0000000000002aba                eeconfig_read_keymap
 .text.eeconfig_update_keymap
                0x0000000000002ac2        0xa .build/obj_ergodox_ez_profet_80/common/eeconfig.o
                0x0000000000002ac2                eeconfig_update_keymap
 .text.suspend_power_down
                0x0000000000002acc       0x58 .build/obj_ergodox_ez_profet_80/common/avr/suspend.o
                0x0000000000002acc                suspend_power_down
 .text.matrix_power_down
                0x0000000000002b24        0x2 .build/obj_ergodox_ez_profet_80/common/avr/suspend.o
                0x0000000000002b24                matrix_power_down
 .text.suspend_wakeup_condition
                0x0000000000002b26       0x28 .build/obj_ergodox_ez_profet_80/common/avr/suspend.o
                0x0000000000002b26                suspend_wakeup_condition
 .text.suspend_wakeup_init
                0x0000000000002b4e        0xc .build/obj_ergodox_ez_profet_80/common/avr/suspend.o
                0x0000000000002b4e                suspend_wakeup_init
 .text.__vector_12
                0x0000000000002b5a       0x4e .build/obj_ergodox_ez_profet_80/common/avr/suspend.o
                0x0000000000002b5a                __vector_12
 .text.timer_init
                0x0000000000002ba8       0x12 .build/obj_ergodox_ez_profet_80/common/avr/timer.o
                0x0000000000002ba8                timer_init
 .text.timer_read
                0x0000000000002bba       0x18 .build/obj_ergodox_ez_profet_80/common/avr/timer.o
                0x0000000000002bba                timer_read
 .text.timer_elapsed
                0x0000000000002bd2       0x54 .build/obj_ergodox_ez_profet_80/common/avr/timer.o
                0x0000000000002bd2                timer_elapsed
 .text.__vector_21
                0x0000000000002c26       0x46 .build/obj_ergodox_ez_profet_80/common/avr/timer.o
                0x0000000000002c26                __vector_21
 .text.bootloader_jump
                0x0000000000002c6c       0x44 .build/obj_ergodox_ez_profet_80/common/avr/bootloader.o
                0x0000000000002c6c                bootloader_jump
 .text.magic    0x0000000000002cb0       0x32 .build/obj_ergodox_ez_profet_80/common/magic.o
                0x0000000000002cb0                magic
 .text.move_unit
                0x0000000000002ce2       0x94 .build/obj_ergodox_ez_profet_80/common/mousekey.o
 .text.wheel_unit
                0x0000000000002d76       0x72 .build/obj_ergodox_ez_profet_80/common/mousekey.o
 .text.mousekey_on
                0x0000000000002de8       0xd0 .build/obj_ergodox_ez_profet_80/common/mousekey.o
                0x0000000000002de8                mousekey_on
 .text.mousekey_off
                0x0000000000002eb8       0xfe .build/obj_ergodox_ez_profet_80/common/mousekey.o
                0x0000000000002eb8                mousekey_off
 .text.mousekey_send
                0x0000000000002fb6       0x16 .build/obj_ergodox_ez_profet_80/common/mousekey.o
                0x0000000000002fb6                mousekey_send
 .text.mousekey_task
                0x0000000000002fcc      0x142 .build/obj_ergodox_ez_profet_80/common/mousekey.o
                0x0000000000002fcc                mousekey_task
 .text.mousekey_clear
                0x000000000000310e       0x18 .build/obj_ergodox_ez_profet_80/common/mousekey.o
                0x000000000000310e                mousekey_clear
 .text.mousekey_param_inc
                0x0000000000003126       0xec .build/obj_ergodox_ez_profet_80/common/command.o
 .text.mousekey_param_dec
                0x0000000000003212       0xa0 .build/obj_ergodox_ez_profet_80/common/command.o
 .text.switch_default_layer
                0x00000000000032b2       0x2e .build/obj_ergodox_ez_profet_80/common/command.o
 .text.command_common
                0x00000000000032e0      0x122 .build/obj_ergodox_ez_profet_80/common/command.o
 .text.command_extra
                0x0000000000003402        0x4 .build/obj_ergodox_ez_profet_80/common/command.o
                0x0000000000003402                command_extra
 .text.command_console_extra
                0x0000000000003406        0x4 .build/obj_ergodox_ez_profet_80/common/command.o
                0x0000000000003406                command_console_extra
 .text.numkey2num
                0x000000000000340a       0x16 .build/obj_ergodox_ez_profet_80/common/command.o
                0x000000000000340a                numkey2num
 .text.command_proc
                0x0000000000003420      0x124 .build/obj_ergodox_ez_profet_80/common/command.o
                0x0000000000003420                command_proc
 .text.keyboard_leds
                0x0000000000003544        0x6 .build/obj_ergodox_ez_profet_80/lufa.o
 .text.send_consumer
                0x000000000000354a       0x68 .build/obj_ergodox_ez_profet_80/lufa.o
 .text.send_system
                0x00000000000035b2       0x68 .build/obj_ergodox_ez_profet_80/lufa.o
 .text.send_mouse
                0x000000000000361a       0x4a .build/obj_ergodox_ez_profet_80/lufa.o
 .text.send_keyboard
                0x0000000000003664       0xa0 .build/obj_ergodox_ez_profet_80/lufa.o
 .text.EVENT_USB_Device_Connect
                0x0000000000003704       0x1c .build/obj_ergodox_ez_profet_80/lufa.o
                0x0000000000003704                EVENT_USB_Device_Connect
 .text.EVENT_USB_Device_Disconnect
                0x0000000000003720        0x6 .build/obj_ergodox_ez_profet_80/lufa.o
                0x0000000000003720                EVENT_USB_Device_Disconnect
 .text.EVENT_USB_Device_Reset
                0x0000000000003726        0x2 .build/obj_ergodox_ez_profet_80/lufa.o
                0x0000000000003726                EVENT_USB_Device_Reset
 .text.EVENT_USB_Device_Suspend
                0x0000000000003728        0x2 .build/obj_ergodox_ez_profet_80/lufa.o
                0x0000000000003728                EVENT_USB_Device_Suspend
 .text.EVENT_USB_Device_WakeUp
                0x000000000000372a        0x4 .build/obj_ergodox_ez_profet_80/lufa.o
                0x000000000000372a                EVENT_USB_Device_WakeUp
 .text.EVENT_USB_Device_ConfigurationChanged
                0x000000000000372e       0x28 .build/obj_ergodox_ez_profet_80/lufa.o
                0x000000000000372e                EVENT_USB_Device_ConfigurationChanged
 .text.EVENT_USB_Device_ControlRequest
                0x0000000000003756      0x15a .build/obj_ergodox_ez_profet_80/lufa.o
                0x0000000000003756                EVENT_USB_Device_ControlRequest
 .text.startup.main
                0x00000000000038b0       0x76 .build/obj_ergodox_ez_profet_80/lufa.o
                0x00000000000038b0                main
 .text.CALLBACK_USB_GetDescriptor
                0x0000000000003926       0xae .build/obj_ergodox_ez_profet_80/descriptor.o
                0x0000000000003926                CALLBACK_USB_GetDescriptor
 .text.USB_Device_SendRemoteWakeup
                0x00000000000039d4       0x2c .build/obj_ergodox_ez_profet_80/protocol/lufa/LUFA-git/LUFA/Drivers/USB/Core/AVR8/Device_AVR8.o
                0x00000000000039d4                USB_Device_SendRemoteWakeup
 .text.Endpoint_Write_Stream_LE
                0x0000000000003a00       0x9e .build/obj_ergodox_ez_profet_80/protocol/lufa/LUFA-git/LUFA/Drivers/USB/Core/AVR8/EndpointStream_AVR8.o
                0x0000000000003a00                Endpoint_Write_Stream_LE
 .text.Endpoint_Write_Control_Stream_LE
                0x0000000000003a9e       0xbc .build/obj_ergodox_ez_profet_80/protocol/lufa/LUFA-git/LUFA/Drivers/USB/Core/AVR8/EndpointStream_AVR8.o
                0x0000000000003a9e                Endpoint_Write_Control_Stream_LE
 .text.Endpoint_Write_Control_PStream_LE
                0x0000000000003b5a       0xbe .build/obj_ergodox_ez_profet_80/protocol/lufa/LUFA-git/LUFA/Drivers/USB/Core/AVR8/EndpointStream_AVR8.o
                0x0000000000003b5a                Endpoint_Write_Control_PStream_LE
 .text.Endpoint_ConfigureEndpoint_Prv
                0x0000000000003c18       0x68 .build/obj_ergodox_ez_profet_80/protocol/lufa/LUFA-git/LUFA/Drivers/USB/Core/AVR8/Endpoint_AVR8.o
                0x0000000000003c18                Endpoint_ConfigureEndpoint_Prv
 .text.Endpoint_ClearStatusStage
                0x0000000000003c80       0x3e .build/obj_ergodox_ez_profet_80/protocol/lufa/LUFA-git/LUFA/Drivers/USB/Core/AVR8/Endpoint_AVR8.o
                0x0000000000003c80                Endpoint_ClearStatusStage
 .text.Endpoint_WaitUntilReady
                0x0000000000003cbe       0x5e .build/obj_ergodox_ez_profet_80/protocol/lufa/LUFA-git/LUFA/Drivers/USB/Core/AVR8/Endpoint_AVR8.o
                0x0000000000003cbe                Endpoint_WaitUntilReady
 .text.USB_Disable
                0x0000000000003d1c       0x34 .build/obj_ergodox_ez_profet_80/protocol/lufa/LUFA-git/LUFA/Drivers/USB/Core/AVR8/USBController_AVR8.o
                0x0000000000003d1c                USB_Disable
 .text.USB_ResetInterface
                0x0000000000003d50       0x86 .build/obj_ergodox_ez_profet_80/protocol/lufa/LUFA-git/LUFA/Drivers/USB/Core/AVR8/USBController_AVR8.o
                0x0000000000003d50                USB_ResetInterface
 .text.USB_Init
                0x0000000000003dd6       0x22 .build/obj_ergodox_ez_profet_80/protocol/lufa/LUFA-git/LUFA/Drivers/USB/Core/AVR8/USBController_AVR8.o
                0x0000000000003dd6                USB_Init
 .text.USB_INT_DisableAllInterrupts
                0x0000000000003df8       0x10 .build/obj_ergodox_ez_profet_80/protocol/lufa/LUFA-git/LUFA/Drivers/USB/Core/AVR8/USBInterrupt_AVR8.o
                0x0000000000003df8                USB_INT_DisableAllInterrupts
 .text.USB_INT_ClearAllInterrupts
                0x0000000000003e08        0xa .build/obj_ergodox_ez_profet_80/protocol/lufa/LUFA-git/LUFA/Drivers/USB/Core/AVR8/USBInterrupt_AVR8.o
                0x0000000000003e08                USB_INT_ClearAllInterrupts
 .text.__vector_10
                0x0000000000003e12      0x1a6 .build/obj_ergodox_ez_profet_80/protocol/lufa/LUFA-git/LUFA/Drivers/USB/Core/AVR8/USBInterrupt_AVR8.o
                0x0000000000003e12                __vector_10
 .text.__vector_11
                0x0000000000003fb8       0x78 .build/obj_ergodox_ez_profet_80/protocol/lufa/LUFA-git/LUFA/Drivers/USB/Core/AVR8/USBInterrupt_AVR8.o
                0x0000000000003fb8                __vector_11
 .text.USB_Device_ProcessControlRequest
                0x0000000000004030      0x298 .build/obj_ergodox_ez_profet_80/protocol/lufa/LUFA-git/LUFA/Drivers/USB/Core/DeviceStandardReq.o
                0x0000000000004030                USB_Device_ProcessControlRequest
 .text.USB_Event_Stub
                0x00000000000042c8        0x2 .build/obj_ergodox_ez_profet_80/protocol/lufa/LUFA-git/LUFA/Drivers/USB/Core/Events.o
                0x00000000000042c8                USB_Event_Stub
                0x00000000000042c8                EVENT_USB_Device_StartOfFrame
 .text.USB_USBTask
                0x00000000000042ca       0x38 .build/obj_ergodox_ez_profet_80/protocol/lufa/LUFA-git/LUFA/Drivers/USB/Core/USBTask.o
                0x00000000000042ca                USB_USBTask
 .text.avr-libc.fplib
                0x0000000000004302        0xe /usr/local/Cellar/avr-gcc/8.1.0/lib/avr-gcc/8/gcc/avr/8.1.0/../../../../../../avr/lib/avr5/libm.a(fixsfsi.o)
                0x0000000000004302                __fixsfsi
 .text.avr-libc.fplib
                0x0000000000004310       0x5e /usr/local/Cellar/avr-gcc/8.1.0/lib/avr-gcc/8/gcc/avr/8.1.0/../../../../../../avr/lib/avr5/libm.a(fixunssfsi.o)
                0x0000000000004310                __fixunssfsi
 .text.avr-libc.fplib
                0x000000000000436e       0x7a /usr/local/Cellar/avr-gcc/8.1.0/lib/avr-gcc/8/gcc/avr/8.1.0/../../../../../../avr/lib/avr5/libm.a(floatsisf.o)
                0x000000000000436e                __floatunsisf
                0x0000000000004372                __floatsisf
 .text.avr-libc.fplib
                0x00000000000043e8       0x44 /usr/local/Cellar/avr-gcc/8.1.0/lib/avr-gcc/8/gcc/avr/8.1.0/../../../../../../avr/lib/avr5/libm.a(fp_split3.o)
                0x00000000000043e8                __fp_split3
                0x00000000000043f8                __fp_splitA
 .text.avr-libc.fplib
                0x000000000000442c        0xe /usr/local/Cellar/avr-gcc/8.1.0/lib/avr-gcc/8/gcc/avr/8.1.0/../../../../../../avr/lib/avr5/libm.a(fp_zero.o)
                0x000000000000442c                __fp_zero
                0x000000000000442e                __fp_szero
 .text.avr-libc.fplib
                0x000000000000443a        0x8 /usr/local/Cellar/avr-gcc/8.1.0/lib/avr-gcc/8/gcc/avr/8.1.0/../../../../../../avr/lib/avr5/libm.a(mulsf3.o)
                0x000000000000443a                __mulsf3
 .text.avr-libc.fplib
                0x0000000000004442       0xd2 /usr/local/Cellar/avr-gcc/8.1.0/lib/avr-gcc/8/gcc/avr/8.1.0/../../../../../../avr/lib/avr5/libm.a(mulsf3x.o)
                0x0000000000004460                __mulsf3x
                0x0000000000004466                __mulsf3_pse
 .text.avr-libc.fplib
                0x0000000000004514        0xc /usr/local/Cellar/avr-gcc/8.1.0/lib/avr-gcc/8/gcc/avr/8.1.0/../../../../../../avr/lib/avr5/libm.a(fp_inf.o)
                0x0000000000004514                __fp_inf
 .text.avr-libc.fplib
                0x0000000000004520        0x6 /usr/local/Cellar/avr-gcc/8.1.0/lib/avr-gcc/8/gcc/avr/8.1.0/../../../../../../avr/lib/avr5/libm.a(fp_nan.o)
                0x0000000000004520                __fp_nan
 .text.avr-libc.fplib
                0x0000000000004526        0xe /usr/local/Cellar/avr-gcc/8.1.0/lib/avr-gcc/8/gcc/avr/8.1.0/../../../../../../avr/lib/avr5/libm.a(fp_pscA.o)
                0x0000000000004526                __fp_pscA
 .text.avr-libc.fplib
                0x0000000000004534        0xe /usr/local/Cellar/avr-gcc/8.1.0/lib/avr-gcc/8/gcc/avr/8.1.0/../../../../../../avr/lib/avr5/libm.a(fp_pscB.o)
                0x0000000000004534                __fp_pscB
 .text.avr-libc.fplib
                0x0000000000004542       0x22 /usr/local/Cellar/avr-gcc/8.1.0/lib/avr-gcc/8/gcc/avr/8.1.0/../../../../../../avr/lib/avr5/libm.a(fp_round.o)
                0x0000000000004542                __fp_round
 .text.libgcc.div
                0x0000000000004564       0x28 /usr/local/Cellar/avr-gcc/8.1.0/lib/avr-gcc/8/gcc/avr/8.1.0/avr5/libgcc.a(_divmodhi4.o)
                0x0000000000004564                __divmodhi4
                0x0000000000004564                _div
 .text.libgcc   0x000000000000458c        0xc /usr/local/Cellar/avr-gcc/8.1.0/lib/avr-gcc/8/gcc/avr/8.1.0/avr5/libgcc.a(_tablejump2.o)
                0x000000000000458c                __tablejump2__
 .text.libgcc.div
                0x0000000000004598       0x28 /usr/local/Cellar/avr-gcc/8.1.0/lib/avr-gcc/8/gcc/avr/8.1.0/avr5/libgcc.a(_udivmodhi4.o)
                0x0000000000004598                __udivmodhi4
 .text.avr-libc
                0x00000000000045c0       0x10 /usr/local/Cellar/avr-gcc/8.1.0/lib/avr-gcc/8/gcc/avr/8.1.0/../../../../../../avr/lib/avr5/libatmega32u4.a(eerd_byte.o)
                0x00000000000045c0                eeprom_read_byte
 .text.avr-libc
                0x00000000000045d0        0xc /usr/local/Cellar/avr-gcc/8.1.0/lib/avr-gcc/8/gcc/avr/8.1.0/../../../../../../avr/lib/avr5/libatmega32u4.a(eerd_word.o)
                0x00000000000045d0                eeprom_read_word
 .text.avr-libc
                0x00000000000045dc       0x24 /usr/local/Cellar/avr-gcc/8.1.0/lib/avr-gcc/8/gcc/avr/8.1.0/../../../../../../avr/lib/avr5/libatmega32u4.a(eeupd_byte.o)
                0x00000000000045dc                eeprom_update_byte
                0x00000000000045de                eeprom_update_r18
 .text.avr-libc
                0x0000000000004600        0xc /usr/local/Cellar/avr-gcc/8.1.0/lib/avr-gcc/8/gcc/avr/8.1.0/../../../../../../avr/lib/avr5/libatmega32u4.a(eeupd_word.o)
                0x0000000000004600                eeprom_update_word
 .text.avr-libc
                0x000000000000460c       0x20 /usr/local/Cellar/avr-gcc/8.1.0/lib/avr-gcc/8/gcc/avr/8.1.0/../../../../../../avr/lib/avr5/libatmega32u4.a(eerd_block.o)
                0x000000000000460c                eeprom_read_block
                0x0000000000004610                eeprom_read_blraw
                0x000000000000462c                . = ALIGN (0x2)
 *(.fini9)
 .fini9         0x000000000000462c        0x0 /usr/local/Cellar/avr-gcc/8.1.0/lib/avr-gcc/8/gcc/avr/8.1.0/avr5/libgcc.a(_exit.o)
                0x000000000000462c                exit
                0x000000000000462c                _exit
 *(.fini9)
 *(.fini8)
 *(.fini8)
 *(.fini7)
 *(.fini7)
 *(.fini6)
 *(.fini6)
 *(.fini5)
 *(.fini5)
 *(.fini4)
 *(.fini4)
 *(.fini3)
 *(.fini3)
 *(.fini2)
 *(.fini2)
 *(.fini1)
 *(.fini1)
 *(.fini0)
 .fini0         0x000000000000462c        0x4 /usr/local/Cellar/avr-gcc/8.1.0/lib/avr-gcc/8/gcc/avr/8.1.0/avr5/libgcc.a(_exit.o)
 *(.fini0)
 *(.hightext)
 *(.hightext*)
 *(.progmemx.*)
                0x0000000000004630                . = ALIGN (0x2)
 *(.jumptables)
 *(.jumptables*)
 .jumptables.gcc.process_record_quantum
                0x0000000000004630       0x24 .build/obj_ergodox_ez_profet_80/quantum/quantum.o
 .jumptables.gcc.process_action
                0x0000000000004654       0x4a .build/obj_ergodox_ez_profet_80/common/action.o
 .jumptables.gcc.is_tap_key
                0x000000000000469e       0x1c .build/obj_ergodox_ez_profet_80/common/action.o
 .jumptables.gcc.USB_Device_ProcessControlRequest
                0x00000000000046ba       0x14 .build/obj_ergodox_ez_profet_80/protocol/lufa/LUFA-git/LUFA/Drivers/USB/Core/DeviceStandardReq.o
                0x00000000000046ce                _etext = .

.data           0x0000000000800100       0xdc load address 0x00000000000046ce
                0x0000000000800100                PROVIDE (__data_start = .)
 *(.data)
 *(.data*)
 .data.debouncing
                0x0000000000800100        0x1 .build/obj_ergodox_ez_profet_80/matrix.o
 .data.mcp23018_status
                0x0000000000800101        0x1 .build/obj_ergodox_ez_profet_80/keyboards/ergodox/ez/ez.o
                0x0000000000800101                mcp23018_status
 .data.keyboard_report
                0x0000000000800102        0x2 .build/obj_ergodox_ez_profet_80/common/action_util.o
                0x0000000000800102                keyboard_report
 .data.mk_wheel_time_to_max
                0x0000000000800104        0x1 .build/obj_ergodox_ez_profet_80/common/mousekey.o
                0x0000000000800104                mk_wheel_time_to_max
 .data.mk_wheel_max_speed
                0x0000000000800105        0x1 .build/obj_ergodox_ez_profet_80/common/mousekey.o
                0x0000000000800105                mk_wheel_max_speed
 .data.mk_time_to_max
                0x0000000000800106        0x1 .build/obj_ergodox_ez_profet_80/common/mousekey.o
                0x0000000000800106                mk_time_to_max
 .data.mk_max_speed
                0x0000000000800107        0x1 .build/obj_ergodox_ez_profet_80/common/mousekey.o
                0x0000000000800107                mk_max_speed
 .data.mk_interval
                0x0000000000800108        0x1 .build/obj_ergodox_ez_profet_80/common/mousekey.o
                0x0000000000800108                mk_interval
 .data.mk_delay
                0x0000000000800109        0x1 .build/obj_ergodox_ez_profet_80/common/mousekey.o
                0x0000000000800109                mk_delay
 .data.lufa_driver
                0x000000000080010a        0xa .build/obj_ergodox_ez_profet_80/lufa.o
                0x000000000080010a                lufa_driver
 .data.keyboard_protocol
                0x0000000000800114        0x1 .build/obj_ergodox_ez_profet_80/lufa.o
                0x0000000000800114                keyboard_protocol
 *(.gnu.linkonce.d*)
 *(.rodata)
 *(.rodata*)
 .rodata.hand_swap_config
                0x0000000000800115       0xa8 .build/obj_ergodox_ez_profet_80/keyboards/ergodox/ergodox.o
                0x0000000000800115                hand_swap_config
 .rodata.CSWTCH.38
                0x00000000008001bd        0xa .build/obj_ergodox_ez_profet_80/common/command.o
 .rodata.CSWTCH.2
                0x00000000008001c7        0x4 .build/obj_ergodox_ez_profet_80/descriptor.o
 .rodata.CSWTCH.1
                0x00000000008001cb        0x8 .build/obj_ergodox_ez_profet_80/descriptor.o
 .rodata.CSWTCH.0
                0x00000000008001d3        0x8 .build/obj_ergodox_ez_profet_80/descriptor.o
 *(.gnu.linkonce.r*)
                0x00000000008001dc                . = ALIGN (0x2)
 *fill*         0x00000000008001db        0x1 
                0x00000000008001dc                _edata = .
                0x00000000008001dc                PROVIDE (__data_end = .)

.bss            0x00000000008001dc       0xfa
                0x00000000008001dc                PROVIDE (__bss_start = .)
 *(.bss)
 *(.bss*)
 .bss.mcp23018_reset_loop
                0x00000000008001dc        0x1 .build/obj_ergodox_ez_profet_80/matrix.o
 .bss.matrix_debouncing
                0x00000000008001dd        0xe .build/obj_ergodox_ez_profet_80/matrix.o
 .bss.matrix    0x00000000008001eb        0xe .build/obj_ergodox_ez_profet_80/matrix.o
 .bss.shift_interrupted
                0x00000000008001f9        0x2 .build/obj_ergodox_ez_profet_80/quantum/quantum.o
 .bss.leader_sequence_size
                0x00000000008001fb        0x1 .build/obj_ergodox_ez_profet_80/quantum/process_keycode/process_leader.o
                0x00000000008001fb                leader_sequence_size
 .bss.leader_sequence
                0x00000000008001fc        0xa .build/obj_ergodox_ez_profet_80/quantum/process_keycode/process_leader.o
                0x00000000008001fc                leader_sequence
 .bss.leader_time
                0x0000000000800206        0x2 .build/obj_ergodox_ez_profet_80/quantum/process_keycode/process_leader.o
                0x0000000000800206                leader_time
 .bss.leading   0x0000000000800208        0x1 .build/obj_ergodox_ez_profet_80/quantum/process_keycode/process_leader.o
                0x0000000000800208                leading
 .bss.i2c_initialized
                0x0000000000800209        0x1 .build/obj_ergodox_ez_profet_80/keyboards/ergodox/ez/ez.o
                0x0000000000800209                i2c_initialized
 .bss.input_mode
                0x000000000080020a        0x1 .build/obj_ergodox_ez_profet_80/quantum/process_keycode/process_unicode.o
 .bss.last_consumer_report
                0x000000000080020b        0x2 .build/obj_ergodox_ez_profet_80/common/host.o
 .bss.last_system_report
                0x000000000080020d        0x2 .build/obj_ergodox_ez_profet_80/common/host.o
 .bss.driver    0x000000000080020f        0x2 .build/obj_ergodox_ez_profet_80/common/host.o
 .bss.led_status.5004
                0x0000000000800211        0x1 .build/obj_ergodox_ez_profet_80/common/keyboard.o
 .bss.matrix_prev.5003
                0x0000000000800212        0xe .build/obj_ergodox_ez_profet_80/common/keyboard.o
 .bss.swap_state.4890
                0x0000000000800220        0xe .build/obj_ergodox_ez_profet_80/common/action.o
 .bss.swap_hands
                0x000000000080022e        0x1 .build/obj_ergodox_ez_profet_80/common/action.o
                0x000000000080022e                swap_hands
 .bss.waiting_buffer_tail
                0x000000000080022f        0x1 .build/obj_ergodox_ez_profet_80/common/action_tapping.o
 .bss.waiting_buffer_head
                0x0000000000800230        0x1 .build/obj_ergodox_ez_profet_80/common/action_tapping.o
 .bss.waiting_buffer
                0x0000000000800231       0x30 .build/obj_ergodox_ez_profet_80/common/action_tapping.o
 .bss.tapping_key
                0x0000000000800261        0x6 .build/obj_ergodox_ez_profet_80/common/action_tapping.o
 .bss.layer_state
                0x0000000000800267        0x4 .build/obj_ergodox_ez_profet_80/common/action_layer.o
                0x0000000000800267                layer_state
 .bss.default_layer_state
                0x000000000080026b        0x4 .build/obj_ergodox_ez_profet_80/common/action_layer.o
                0x000000000080026b                default_layer_state
 .bss.oneshot_layer_data
                0x000000000080026f        0x1 .build/obj_ergodox_ez_profet_80/common/action_util.o
 .bss.oneshot_mods
                0x0000000000800270        0x1 .build/obj_ergodox_ez_profet_80/common/action_util.o
 .bss.__compound_literal.0
                0x0000000000800271       0x20 .build/obj_ergodox_ez_profet_80/common/action_util.o
 .bss.macro_mods
                0x0000000000800291        0x1 .build/obj_ergodox_ez_profet_80/common/action_util.o
 .bss.weak_mods
                0x0000000000800292        0x1 .build/obj_ergodox_ez_profet_80/common/action_util.o
 .bss.real_mods
                0x0000000000800293        0x1 .build/obj_ergodox_ez_profet_80/common/action_util.o
 .bss.debug_config
                0x0000000000800294        0x1 .build/obj_ergodox_ez_profet_80/common/debug.o
                0x0000000000800294                debug_config
 .bss.wdt_timeout
                0x0000000000800295        0x1 .build/obj_ergodox_ez_profet_80/common/avr/suspend.o
 .bss.timer_count
                0x0000000000800296        0x4 .build/obj_ergodox_ez_profet_80/common/avr/timer.o
                0x0000000000800296                timer_count
 .bss.last_timer
                0x000000000080029a        0x2 .build/obj_ergodox_ez_profet_80/common/mousekey.o
 .bss.mousekey_accel
                0x000000000080029c        0x1 .build/obj_ergodox_ez_profet_80/common/mousekey.o
 .bss.mousekey_repeat
                0x000000000080029d        0x1 .build/obj_ergodox_ez_profet_80/common/mousekey.o
 .bss.mouse_report
                0x000000000080029e        0x5 .build/obj_ergodox_ez_profet_80/common/mousekey.o
 .bss.mousekey_param
                0x00000000008002a3        0x1 .build/obj_ergodox_ez_profet_80/common/command.o
 .bss.command_state
                0x00000000008002a4        0x1 .build/obj_ergodox_ez_profet_80/common/command.o
                0x00000000008002a4                command_state
 .bss.keyboard_report_sent
                0x00000000008002a5       0x20 .build/obj_ergodox_ez_profet_80/lufa.o
 .bss.keyboard_led_stats
                0x00000000008002c5        0x1 .build/obj_ergodox_ez_profet_80/lufa.o
 .bss.keyboard_idle
                0x00000000008002c6        0x1 .build/obj_ergodox_ez_profet_80/lufa.o
                0x00000000008002c6                keyboard_idle
 *(COMMON)
 COMMON         0x00000000008002c7        0x2 .build/obj_ergodox_ez_profet_80/common/magic.o
                0x00000000008002c7                keymap_config
 COMMON         0x00000000008002c9        0x3 .build/obj_ergodox_ez_profet_80/protocol/lufa/LUFA-git/LUFA/Drivers/USB/Core/DeviceStandardReq.o
                0x00000000008002c9                USB_Device_ConfigurationNumber
                0x00000000008002ca                USB_Device_CurrentlySelfPowered
                0x00000000008002cb                USB_Device_RemoteWakeupEnabled
 COMMON         0x00000000008002cc        0xa .build/obj_ergodox_ez_profet_80/protocol/lufa/LUFA-git/LUFA/Drivers/USB/Core/USBTask.o
                0x00000000008002cc                USB_IsInitialized
                0x00000000008002cd                USB_DeviceState
                0x00000000008002ce                USB_ControlRequest
                0x00000000008002d6                PROVIDE (__bss_end = .)
                0x00000000000046ce                __data_load_start = LOADADDR (.data)
                0x00000000000047aa                __data_load_end = (__data_load_start + SIZEOF (.data))

.noinit         0x00000000008002d6        0x4
                [!provide]                        PROVIDE (__noinit_start = .)
 *(.noinit*)
 .noinit        0x00000000008002d6        0x4 .build/obj_ergodox_ez_profet_80/common/avr/bootloader.o
                0x00000000008002d6                reset_key
                [!provide]                        PROVIDE (__noinit_end = .)
                0x00000000008002da                _end = .
                [!provide]                        PROVIDE (__heap_start = .)

.eeprom         0x0000000000810000        0x0
 *(.eeprom*)
                0x0000000000810000                __eeprom_end = .

.fuse
 *(.fuse)
 *(.lfuse)
 *(.hfuse)
 *(.efuse)

.lock
 *(.lock*)

.signature
 *(.signature*)

.stab
 *(.stab)

.stabstr        0x0000000000000000       0x9c
 *(.stabstr)
 .stabstr       0x0000000000000000       0x9c .build/obj_ergodox_ez_profet_80/common/avr/xprintf.o

.stab.excl
 *(.stab.excl)

.stab.exclstr
 *(.stab.exclstr)

.stab.index
 *(.stab.index)

.stab.indexstr
 *(.stab.indexstr)

.comment        0x0000000000000000       0x11
 *(.comment)
 .comment       0x0000000000000000       0x11 .build/obj_ergodox_ez_profet_80/twimaster.o
                                         0x12 (size before relaxing)
 .comment       0x0000000000000011       0x12 .build/obj_ergodox_ez_profet_80/matrix.o
 .comment       0x0000000000000011       0x12 .build/obj_ergodox_ez_profet_80/keyboards/ergodox/ergodox.o
 .comment       0x0000000000000011       0x12 .build/obj_ergodox_ez_profet_80/keyboards/ergodox/ez/keymaps/profet_80/keymap.o
 .comment       0x0000000000000011       0x12 .build/obj_ergodox_ez_profet_80/quantum/quantum.o
 .comment       0x0000000000000011       0x12 .build/obj_ergodox_ez_profet_80/quantum/keymap_common.o
 .comment       0x0000000000000011       0x12 .build/obj_ergodox_ez_profet_80/quantum/keycode_config.o
 .comment       0x0000000000000011       0x12 .build/obj_ergodox_ez_profet_80/quantum/process_keycode/process_leader.o
 .comment       0x0000000000000011       0x12 .build/obj_ergodox_ez_profet_80/keyboards/ergodox/ez/ez.o
 .comment       0x0000000000000011       0x12 .build/obj_ergodox_ez_profet_80/quantum/process_keycode/process_unicode.o
 .comment       0x0000000000000011       0x12 .build/obj_ergodox_ez_profet_80/common/host.o
 .comment       0x0000000000000011       0x12 .build/obj_ergodox_ez_profet_80/common/keyboard.o
 .comment       0x0000000000000011       0x12 .build/obj_ergodox_ez_profet_80/common/action.o
 .comment       0x0000000000000011       0x12 .build/obj_ergodox_ez_profet_80/common/action_tapping.o
 .comment       0x0000000000000011       0x12 .build/obj_ergodox_ez_profet_80/common/action_macro.o
 .comment       0x0000000000000011       0x12 .build/obj_ergodox_ez_profet_80/common/action_layer.o
 .comment       0x0000000000000011       0x12 .build/obj_ergodox_ez_profet_80/common/action_util.o
 .comment       0x0000000000000011       0x12 .build/obj_ergodox_ez_profet_80/common/debug.o
 .comment       0x0000000000000011       0x12 .build/obj_ergodox_ez_profet_80/common/util.o
 .comment       0x0000000000000011       0x12 .build/obj_ergodox_ez_profet_80/common/eeconfig.o
 .comment       0x0000000000000011       0x12 .build/obj_ergodox_ez_profet_80/common/avr/suspend.o
 .comment       0x0000000000000011       0x12 .build/obj_ergodox_ez_profet_80/common/avr/timer.o
 .comment       0x0000000000000011       0x12 .build/obj_ergodox_ez_profet_80/common/avr/bootloader.o
 .comment       0x0000000000000011       0x12 .build/obj_ergodox_ez_profet_80/common/magic.o
 .comment       0x0000000000000011       0x12 .build/obj_ergodox_ez_profet_80/common/mousekey.o
 .comment       0x0000000000000011       0x12 .build/obj_ergodox_ez_profet_80/common/command.o
 .comment       0x0000000000000011       0x12 .build/obj_ergodox_ez_profet_80/lufa.o
 .comment       0x0000000000000011       0x12 .build/obj_ergodox_ez_profet_80/descriptor.o
 .comment       0x0000000000000011       0x12 .build/obj_ergodox_ez_profet_80/protocol/lufa/LUFA-git/LUFA/Drivers/USB/Core/AVR8/Device_AVR8.o
 .comment       0x0000000000000011       0x12 .build/obj_ergodox_ez_profet_80/protocol/lufa/LUFA-git/LUFA/Drivers/USB/Core/AVR8/EndpointStream_AVR8.o
 .comment       0x0000000000000011       0x12 .build/obj_ergodox_ez_profet_80/protocol/lufa/LUFA-git/LUFA/Drivers/USB/Core/AVR8/Endpoint_AVR8.o
 .comment       0x0000000000000011       0x12 .build/obj_ergodox_ez_profet_80/protocol/lufa/LUFA-git/LUFA/Drivers/USB/Core/AVR8/USBController_AVR8.o
 .comment       0x0000000000000011       0x12 .build/obj_ergodox_ez_profet_80/protocol/lufa/LUFA-git/LUFA/Drivers/USB/Core/AVR8/USBInterrupt_AVR8.o
 .comment       0x0000000000000011       0x12 .build/obj_ergodox_ez_profet_80/protocol/lufa/LUFA-git/LUFA/Drivers/USB/Core/DeviceStandardReq.o
 .comment       0x0000000000000011       0x12 .build/obj_ergodox_ez_profet_80/protocol/lufa/LUFA-git/LUFA/Drivers/USB/Core/Events.o
 .comment       0x0000000000000011       0x12 .build/obj_ergodox_ez_profet_80/protocol/lufa/LUFA-git/LUFA/Drivers/USB/Core/USBTask.o

.note.gnu.avr.deviceinfo
                0x0000000000000000       0x40
 .note.gnu.avr.deviceinfo
                0x0000000000000000       0x40 /usr/local/Cellar/avr-gcc/8.1.0/lib/avr-gcc/8/gcc/avr/8.1.0/../../../../../../avr/lib/avr5/crtatmega32u4.o

.note.gnu.build-id
 *(.note.gnu.build-id)

.debug
 *(.debug)

.line
 *(.line)

.debug_srcinfo
 *(.debug_srcinfo)

.debug_sfnames
 *(.debug_sfnames)

.debug_aranges  0x0000000000000000      0xbd8
 *(.debug_aranges)
 .debug_aranges
                0x0000000000000000       0x58 .build/obj_ergodox_ez_profet_80/twimaster.o
 .debug_aranges
                0x0000000000000058       0x90 .build/obj_ergodox_ez_profet_80/matrix.o
 .debug_aranges
                0x00000000000000e8       0x18 .build/obj_ergodox_ez_profet_80/keyboards/ergodox/ergodox.o
 .debug_aranges
                0x0000000000000100       0x30 .build/obj_ergodox_ez_profet_80/keyboards/ergodox/ez/keymaps/profet_80/keymap.o
 .debug_aranges
                0x0000000000000130       0xa0 .build/obj_ergodox_ez_profet_80/quantum/quantum.o
 .debug_aranges
                0x00000000000001d0       0x38 .build/obj_ergodox_ez_profet_80/quantum/keymap_common.o
 .debug_aranges
                0x0000000000000208       0x20 .build/obj_ergodox_ez_profet_80/quantum/keycode_config.o
 .debug_aranges
                0x0000000000000228       0x28 .build/obj_ergodox_ez_profet_80/quantum/process_keycode/process_leader.o
 .debug_aranges
                0x0000000000000250       0x30 .build/obj_ergodox_ez_profet_80/keyboards/ergodox/ez/ez.o
 .debug_aranges
                0x0000000000000280       0x50 .build/obj_ergodox_ez_profet_80/quantum/process_keycode/process_unicode.o
 .debug_aranges
                0x00000000000002d0       0x60 .build/obj_ergodox_ez_profet_80/common/host.o
 .debug_aranges
                0x0000000000000330       0x40 .build/obj_ergodox_ez_profet_80/common/keyboard.o
 .debug_aranges
                0x0000000000000370       0x98 .build/obj_ergodox_ez_profet_80/common/action.o
 .debug_aranges
                0x0000000000000408       0x40 .build/obj_ergodox_ez_profet_80/common/action_tapping.o
 .debug_aranges
                0x0000000000000448       0x20 .build/obj_ergodox_ez_profet_80/common/action_macro.o
 .debug_aranges
                0x0000000000000468       0x98 .build/obj_ergodox_ez_profet_80/common/action_layer.o
 .debug_aranges
                0x0000000000000500      0x128 .build/obj_ergodox_ez_profet_80/common/action_util.o
 .debug_aranges
                0x0000000000000628       0x18 .build/obj_ergodox_ez_profet_80/common/debug.o
 .debug_aranges
                0x0000000000000640       0x60 .build/obj_ergodox_ez_profet_80/common/util.o
 .debug_aranges
                0x00000000000006a0       0x68 .build/obj_ergodox_ez_profet_80/common/eeconfig.o
 .debug_aranges
                0x0000000000000708       0x48 .build/obj_ergodox_ez_profet_80/common/avr/suspend.o
 .debug_aranges
                0x0000000000000750       0x50 .build/obj_ergodox_ez_profet_80/common/avr/timer.o
 .debug_aranges
                0x00000000000007a0       0x28 .build/obj_ergodox_ez_profet_80/common/avr/bootloader.o
 .debug_aranges
                0x00000000000007c8       0x20 .build/obj_ergodox_ez_profet_80/common/magic.o
 .debug_aranges
                0x00000000000007e8       0x50 .build/obj_ergodox_ez_profet_80/common/mousekey.o
 .debug_aranges
                0x0000000000000838       0x50 .build/obj_ergodox_ez_profet_80/common/command.o
 .debug_aranges
                0x0000000000000888       0x80 .build/obj_ergodox_ez_profet_80/lufa.o
 .debug_aranges
                0x0000000000000908       0x20 .build/obj_ergodox_ez_profet_80/descriptor.o
 .debug_aranges
                0x0000000000000928       0x20 .build/obj_ergodox_ez_profet_80/protocol/lufa/LUFA-git/LUFA/Drivers/USB/Core/AVR8/Device_AVR8.o
 .debug_aranges
                0x0000000000000948       0xc8 .build/obj_ergodox_ez_profet_80/protocol/lufa/LUFA-git/LUFA/Drivers/USB/Core/AVR8/EndpointStream_AVR8.o
 .debug_aranges
                0x0000000000000a10       0x40 .build/obj_ergodox_ez_profet_80/protocol/lufa/LUFA-git/LUFA/Drivers/USB/Core/AVR8/Endpoint_AVR8.o
 .debug_aranges
                0x0000000000000a50       0x30 .build/obj_ergodox_ez_profet_80/protocol/lufa/LUFA-git/LUFA/Drivers/USB/Core/AVR8/USBController_AVR8.o
 .debug_aranges
                0x0000000000000a80       0x38 .build/obj_ergodox_ez_profet_80/protocol/lufa/LUFA-git/LUFA/Drivers/USB/Core/AVR8/USBInterrupt_AVR8.o
 .debug_aranges
                0x0000000000000ab8       0x20 .build/obj_ergodox_ez_profet_80/protocol/lufa/LUFA-git/LUFA/Drivers/USB/Core/DeviceStandardReq.o
 .debug_aranges
                0x0000000000000ad8       0x20 .build/obj_ergodox_ez_profet_80/protocol/lufa/LUFA-git/LUFA/Drivers/USB/Core/Events.o
 .debug_aranges
                0x0000000000000af8       0x20 .build/obj_ergodox_ez_profet_80/protocol/lufa/LUFA-git/LUFA/Drivers/USB/Core/USBTask.o
 .debug_aranges
                0x0000000000000b18       0x20 /usr/local/Cellar/avr-gcc/8.1.0/lib/avr-gcc/8/gcc/avr/8.1.0/avr5/libgcc.a(_divmodhi4.o)
 .debug_aranges
                0x0000000000000b38       0x20 /usr/local/Cellar/avr-gcc/8.1.0/lib/avr-gcc/8/gcc/avr/8.1.0/avr5/libgcc.a(_exit.o)
 .debug_aranges
                0x0000000000000b58       0x20 /usr/local/Cellar/avr-gcc/8.1.0/lib/avr-gcc/8/gcc/avr/8.1.0/avr5/libgcc.a(_tablejump2.o)
 .debug_aranges
                0x0000000000000b78       0x20 /usr/local/Cellar/avr-gcc/8.1.0/lib/avr-gcc/8/gcc/avr/8.1.0/avr5/libgcc.a(_copy_data.o)
 .debug_aranges
                0x0000000000000b98       0x20 /usr/local/Cellar/avr-gcc/8.1.0/lib/avr-gcc/8/gcc/avr/8.1.0/avr5/libgcc.a(_clear_bss.o)
 .debug_aranges
                0x0000000000000bb8       0x20 /usr/local/Cellar/avr-gcc/8.1.0/lib/avr-gcc/8/gcc/avr/8.1.0/avr5/libgcc.a(_udivmodhi4.o)

.debug_pubnames
 *(.debug_pubnames)

.debug_info     0x0000000000000000    0x18183
 *(.debug_info .gnu.linkonce.wi.*)
 .debug_info    0x0000000000000000      0x9f4 /usr/local/Cellar/avr-gcc/8.1.0/lib/avr-gcc/8/gcc/avr/8.1.0/../../../../../../avr/lib/avr5/crtatmega32u4.o
 .debug_info    0x00000000000009f4      0x1e6 .build/obj_ergodox_ez_profet_80/twimaster.o
 .debug_info    0x0000000000000bda      0xc76 .build/obj_ergodox_ez_profet_80/matrix.o
 .debug_info    0x0000000000001850      0x5d4 .build/obj_ergodox_ez_profet_80/keyboards/ergodox/ergodox.o
 .debug_info    0x0000000000001e24     0x1220 .build/obj_ergodox_ez_profet_80/keyboards/ergodox/ez/keymaps/profet_80/keymap.o
 .debug_info    0x0000000000003044     0x181a .build/obj_ergodox_ez_profet_80/quantum/quantum.o
 .debug_info    0x000000000000485e     0x16a9 .build/obj_ergodox_ez_profet_80/quantum/keymap_common.o
 .debug_info    0x0000000000005f07      0x595 .build/obj_ergodox_ez_profet_80/quantum/keycode_config.o
 .debug_info    0x000000000000649c      0xa81 .build/obj_ergodox_ez_profet_80/quantum/process_keycode/process_leader.o
 .debug_info    0x0000000000006f1d      0xa6a .build/obj_ergodox_ez_profet_80/keyboards/ergodox/ez/ez.o
 .debug_info    0x0000000000007987     0x110d .build/obj_ergodox_ez_profet_80/quantum/process_keycode/process_unicode.o
 .debug_info    0x0000000000008a94      0x6b0 .build/obj_ergodox_ez_profet_80/common/host.o
 .debug_info    0x0000000000009144      0x842 .build/obj_ergodox_ez_profet_80/common/keyboard.o
 .debug_info    0x0000000000009986     0x1d80 .build/obj_ergodox_ez_profet_80/common/action.o
 .debug_info    0x000000000000b706      0xf92 .build/obj_ergodox_ez_profet_80/common/action_tapping.o
 .debug_info    0x000000000000c698      0xb8f .build/obj_ergodox_ez_profet_80/common/action_macro.o
 .debug_info    0x000000000000d227      0xaa5 .build/obj_ergodox_ez_profet_80/common/action_layer.o
 .debug_info    0x000000000000dccc      0xd64 .build/obj_ergodox_ez_profet_80/common/action_util.o
 .debug_info    0x000000000000ea30      0x110 .build/obj_ergodox_ez_profet_80/common/debug.o
 .debug_info    0x000000000000eb40      0x2f9 .build/obj_ergodox_ez_profet_80/common/util.o
 .debug_info    0x000000000000ee39      0x371 .build/obj_ergodox_ez_profet_80/common/eeconfig.o
 .debug_info    0x000000000000f1aa      0x71e .build/obj_ergodox_ez_profet_80/common/avr/suspend.o
 .debug_info    0x000000000000f8c8      0x24a .build/obj_ergodox_ez_profet_80/common/avr/timer.o
 .debug_info    0x000000000000fb12      0x3e4 .build/obj_ergodox_ez_profet_80/common/avr/bootloader.o
 .debug_info    0x000000000000fef6      0x56b .build/obj_ergodox_ez_profet_80/common/magic.o
 .debug_info    0x0000000000010461      0x836 .build/obj_ergodox_ez_profet_80/common/mousekey.o
 .debug_info    0x0000000000010c97      0xe55 .build/obj_ergodox_ez_profet_80/common/command.o
 .debug_info    0x0000000000011aec     0x1530 .build/obj_ergodox_ez_profet_80/lufa.o
 .debug_info    0x000000000001301c      0x9e7 .build/obj_ergodox_ez_profet_80/descriptor.o
 .debug_info    0x0000000000013a03      0x1c0 .build/obj_ergodox_ez_profet_80/protocol/lufa/LUFA-git/LUFA/Drivers/USB/Core/AVR8/Device_AVR8.o
 .debug_info    0x0000000000013bc3     0x1da4 .build/obj_ergodox_ez_profet_80/protocol/lufa/LUFA-git/LUFA/Drivers/USB/Core/AVR8/EndpointStream_AVR8.o
 .debug_info    0x0000000000015967      0x75d .build/obj_ergodox_ez_profet_80/protocol/lufa/LUFA-git/LUFA/Drivers/USB/Core/AVR8/Endpoint_AVR8.o
 .debug_info    0x00000000000160c4      0x606 .build/obj_ergodox_ez_profet_80/protocol/lufa/LUFA-git/LUFA/Drivers/USB/Core/AVR8/USBController_AVR8.o
 .debug_info    0x00000000000166ca      0xa3b .build/obj_ergodox_ez_profet_80/protocol/lufa/LUFA-git/LUFA/Drivers/USB/Core/AVR8/USBInterrupt_AVR8.o
 .debug_info    0x0000000000017105      0xc36 .build/obj_ergodox_ez_profet_80/protocol/lufa/LUFA-git/LUFA/Drivers/USB/Core/DeviceStandardReq.o
 .debug_info    0x0000000000017d3b       0x79 .build/obj_ergodox_ez_profet_80/protocol/lufa/LUFA-git/LUFA/Drivers/USB/Core/Events.o
 .debug_info    0x0000000000017db4      0x2eb .build/obj_ergodox_ez_profet_80/protocol/lufa/LUFA-git/LUFA/Drivers/USB/Core/USBTask.o
 .debug_info    0x000000000001809f       0x26 /usr/local/Cellar/avr-gcc/8.1.0/lib/avr-gcc/8/gcc/avr/8.1.0/avr5/libgcc.a(_divmodhi4.o)
 .debug_info    0x00000000000180c5       0x26 /usr/local/Cellar/avr-gcc/8.1.0/lib/avr-gcc/8/gcc/avr/8.1.0/avr5/libgcc.a(_exit.o)
 .debug_info    0x00000000000180eb       0x26 /usr/local/Cellar/avr-gcc/8.1.0/lib/avr-gcc/8/gcc/avr/8.1.0/avr5/libgcc.a(_tablejump2.o)
 .debug_info    0x0000000000018111       0x26 /usr/local/Cellar/avr-gcc/8.1.0/lib/avr-gcc/8/gcc/avr/8.1.0/avr5/libgcc.a(_copy_data.o)
 .debug_info    0x0000000000018137       0x26 /usr/local/Cellar/avr-gcc/8.1.0/lib/avr-gcc/8/gcc/avr/8.1.0/avr5/libgcc.a(_clear_bss.o)
 .debug_info    0x000000000001815d       0x26 /usr/local/Cellar/avr-gcc/8.1.0/lib/avr-gcc/8/gcc/avr/8.1.0/avr5/libgcc.a(_udivmodhi4.o)

.debug_abbrev   0x0000000000000000     0x605a
 *(.debug_abbrev)
 .debug_abbrev  0x0000000000000000      0x96a /usr/local/Cellar/avr-gcc/8.1.0/lib/avr-gcc/8/gcc/avr/8.1.0/../../../../../../avr/lib/avr5/crtatmega32u4.o
 .debug_abbrev  0x000000000000096a       0xfe .build/obj_ergodox_ez_profet_80/twimaster.o
 .debug_abbrev  0x0000000000000a68      0x3f5 .build/obj_ergodox_ez_profet_80/matrix.o
 .debug_abbrev  0x0000000000000e5d      0x160 .build/obj_ergodox_ez_profet_80/keyboards/ergodox/ergodox.o
 .debug_abbrev  0x0000000000000fbd      0x2a3 .build/obj_ergodox_ez_profet_80/keyboards/ergodox/ez/keymaps/profet_80/keymap.o
 .debug_abbrev  0x0000000000001260      0x4a4 .build/obj_ergodox_ez_profet_80/quantum/quantum.o
 .debug_abbrev  0x0000000000001704      0x346 .build/obj_ergodox_ez_profet_80/quantum/keymap_common.o
 .debug_abbrev  0x0000000000001a4a       0xe7 .build/obj_ergodox_ez_profet_80/quantum/keycode_config.o
 .debug_abbrev  0x0000000000001b31      0x20d .build/obj_ergodox_ez_profet_80/quantum/process_keycode/process_leader.o
 .debug_abbrev  0x0000000000001d3e      0x2cd .build/obj_ergodox_ez_profet_80/keyboards/ergodox/ez/ez.o
 .debug_abbrev  0x000000000000200b      0x355 .build/obj_ergodox_ez_profet_80/quantum/process_keycode/process_unicode.o
 .debug_abbrev  0x0000000000002360      0x231 .build/obj_ergodox_ez_profet_80/common/host.o
 .debug_abbrev  0x0000000000002591      0x2b3 .build/obj_ergodox_ez_profet_80/common/keyboard.o
 .debug_abbrev  0x0000000000002844      0x3d6 .build/obj_ergodox_ez_profet_80/common/action.o
 .debug_abbrev  0x0000000000002c1a      0x348 .build/obj_ergodox_ez_profet_80/common/action_tapping.o
 .debug_abbrev  0x0000000000002f62      0x284 .build/obj_ergodox_ez_profet_80/common/action_macro.o
 .debug_abbrev  0x00000000000031e6      0x2ad .build/obj_ergodox_ez_profet_80/common/action_layer.o
 .debug_abbrev  0x0000000000003493      0x3c5 .build/obj_ergodox_ez_profet_80/common/action_util.o
 .debug_abbrev  0x0000000000003858       0xa2 .build/obj_ergodox_ez_profet_80/common/debug.o
 .debug_abbrev  0x00000000000038fa       0xdd .build/obj_ergodox_ez_profet_80/common/util.o
 .debug_abbrev  0x00000000000039d7       0xcf .build/obj_ergodox_ez_profet_80/common/eeconfig.o
 .debug_abbrev  0x0000000000003aa6      0x30d .build/obj_ergodox_ez_profet_80/common/avr/suspend.o
 .debug_abbrev  0x0000000000003db3      0x13d .build/obj_ergodox_ez_profet_80/common/avr/timer.o
 .debug_abbrev  0x0000000000003ef0      0x248 .build/obj_ergodox_ez_profet_80/common/avr/bootloader.o
 .debug_abbrev  0x0000000000004138      0x1b4 .build/obj_ergodox_ez_profet_80/common/magic.o
 .debug_abbrev  0x00000000000042ec      0x261 .build/obj_ergodox_ez_profet_80/common/mousekey.o
 .debug_abbrev  0x000000000000454d      0x3da .build/obj_ergodox_ez_profet_80/common/command.o
 .debug_abbrev  0x0000000000004927      0x51d .build/obj_ergodox_ez_profet_80/lufa.o
 .debug_abbrev  0x0000000000004e44      0x207 .build/obj_ergodox_ez_profet_80/descriptor.o
 .debug_abbrev  0x000000000000504b       0xcb .build/obj_ergodox_ez_profet_80/protocol/lufa/LUFA-git/LUFA/Drivers/USB/Core/AVR8/Device_AVR8.o
 .debug_abbrev  0x0000000000005116      0x23b .build/obj_ergodox_ez_profet_80/protocol/lufa/LUFA-git/LUFA/Drivers/USB/Core/AVR8/EndpointStream_AVR8.o
 .debug_abbrev  0x0000000000005351      0x29d .build/obj_ergodox_ez_profet_80/protocol/lufa/LUFA-git/LUFA/Drivers/USB/Core/AVR8/Endpoint_AVR8.o
 .debug_abbrev  0x00000000000055ee      0x1f5 .build/obj_ergodox_ez_profet_80/protocol/lufa/LUFA-git/LUFA/Drivers/USB/Core/AVR8/USBController_AVR8.o
 .debug_abbrev  0x00000000000057e3      0x291 .build/obj_ergodox_ez_profet_80/protocol/lufa/LUFA-git/LUFA/Drivers/USB/Core/AVR8/USBInterrupt_AVR8.o
 .debug_abbrev  0x0000000000005a74      0x34f .build/obj_ergodox_ez_profet_80/protocol/lufa/LUFA-git/LUFA/Drivers/USB/Core/DeviceStandardReq.o
 .debug_abbrev  0x0000000000005dc3       0x46 .build/obj_ergodox_ez_profet_80/protocol/lufa/LUFA-git/LUFA/Drivers/USB/Core/Events.o
 .debug_abbrev  0x0000000000005e09      0x1d9 .build/obj_ergodox_ez_profet_80/protocol/lufa/LUFA-git/LUFA/Drivers/USB/Core/USBTask.o
 .debug_abbrev  0x0000000000005fe2       0x14 /usr/local/Cellar/avr-gcc/8.1.0/lib/avr-gcc/8/gcc/avr/8.1.0/avr5/libgcc.a(_divmodhi4.o)
 .debug_abbrev  0x0000000000005ff6       0x14 /usr/local/Cellar/avr-gcc/8.1.0/lib/avr-gcc/8/gcc/avr/8.1.0/avr5/libgcc.a(_exit.o)
 .debug_abbrev  0x000000000000600a       0x14 /usr/local/Cellar/avr-gcc/8.1.0/lib/avr-gcc/8/gcc/avr/8.1.0/avr5/libgcc.a(_tablejump2.o)
 .debug_abbrev  0x000000000000601e       0x14 /usr/local/Cellar/avr-gcc/8.1.0/lib/avr-gcc/8/gcc/avr/8.1.0/avr5/libgcc.a(_copy_data.o)
 .debug_abbrev  0x0000000000006032       0x14 /usr/local/Cellar/avr-gcc/8.1.0/lib/avr-gcc/8/gcc/avr/8.1.0/avr5/libgcc.a(_clear_bss.o)
 .debug_abbrev  0x0000000000006046       0x14 /usr/local/Cellar/avr-gcc/8.1.0/lib/avr-gcc/8/gcc/avr/8.1.0/avr5/libgcc.a(_udivmodhi4.o)

.debug_line     0x0000000000000000    0x135c3
 *(.debug_line .debug_line.* .debug_line_end)
 .debug_line    0x0000000000000000       0x1d /usr/local/Cellar/avr-gcc/8.1.0/lib/avr-gcc/8/gcc/avr/8.1.0/../../../../../../avr/lib/avr5/crtatmega32u4.o
 .debug_line    0x000000000000001d      0x579 .build/obj_ergodox_ez_profet_80/twimaster.o
 .debug_line    0x0000000000000596      0xcda .build/obj_ergodox_ez_profet_80/matrix.o
 .debug_line    0x0000000000001270      0x262 .build/obj_ergodox_ez_profet_80/keyboards/ergodox/ergodox.o
 .debug_line    0x00000000000014d2      0x3b6 .build/obj_ergodox_ez_profet_80/keyboards/ergodox/ez/keymaps/profet_80/keymap.o
 .debug_line    0x0000000000001888      0xcc4 .build/obj_ergodox_ez_profet_80/quantum/quantum.o
 .debug_line    0x000000000000254c      0x7ed .build/obj_ergodox_ez_profet_80/quantum/keymap_common.o
 .debug_line    0x0000000000002d39      0x291 .build/obj_ergodox_ez_profet_80/quantum/keycode_config.o
 .debug_line    0x0000000000002fca      0x3f4 .build/obj_ergodox_ez_profet_80/quantum/process_keycode/process_leader.o
 .debug_line    0x00000000000033be      0x730 .build/obj_ergodox_ez_profet_80/keyboards/ergodox/ez/ez.o
 .debug_line    0x0000000000003aee      0x5a9 .build/obj_ergodox_ez_profet_80/quantum/process_keycode/process_unicode.o
 .debug_line    0x0000000000004097      0x3ac .build/obj_ergodox_ez_profet_80/common/host.o
 .debug_line    0x0000000000004443      0x4eb .build/obj_ergodox_ez_profet_80/common/keyboard.o
 .debug_line    0x000000000000492e     0x1433 .build/obj_ergodox_ez_profet_80/common/action.o
 .debug_line    0x0000000000005d61      0xcba .build/obj_ergodox_ez_profet_80/common/action_tapping.o
 .debug_line    0x0000000000006a1b      0x505 .build/obj_ergodox_ez_profet_80/common/action_macro.o
 .debug_line    0x0000000000006f20      0x816 .build/obj_ergodox_ez_profet_80/common/action_layer.o
 .debug_line    0x0000000000007736      0xbc4 .build/obj_ergodox_ez_profet_80/common/action_util.o
 .debug_line    0x00000000000082fa       0x7d .build/obj_ergodox_ez_profet_80/common/debug.o
 .debug_line    0x0000000000008377      0x6f8 .build/obj_ergodox_ez_profet_80/common/util.o
 .debug_line    0x0000000000008a6f      0x226 .build/obj_ergodox_ez_profet_80/common/eeconfig.o
 .debug_line    0x0000000000008c95      0x479 .build/obj_ergodox_ez_profet_80/common/avr/suspend.o
 .debug_line    0x000000000000910e      0x38e .build/obj_ergodox_ez_profet_80/common/avr/timer.o
 .debug_line    0x000000000000949c      0x372 .build/obj_ergodox_ez_profet_80/common/avr/bootloader.o
 .debug_line    0x000000000000980e      0x248 .build/obj_ergodox_ez_profet_80/common/magic.o
 .debug_line    0x0000000000009a56      0xeeb .build/obj_ergodox_ez_profet_80/common/mousekey.o
 .debug_line    0x000000000000a941      0xc35 .build/obj_ergodox_ez_profet_80/common/command.o
 .debug_line    0x000000000000b576     0x1299 .build/obj_ergodox_ez_profet_80/lufa.o
 .debug_line    0x000000000000c80f      0x3a9 .build/obj_ergodox_ez_profet_80/descriptor.o
 .debug_line    0x000000000000cbb8      0x28b .build/obj_ergodox_ez_profet_80/protocol/lufa/LUFA-git/LUFA/Drivers/USB/Core/AVR8/Device_AVR8.o
 .debug_line    0x000000000000ce43     0x3422 .build/obj_ergodox_ez_profet_80/protocol/lufa/LUFA-git/LUFA/Drivers/USB/Core/AVR8/EndpointStream_AVR8.o
 .debug_line    0x0000000000010265      0xa3c .build/obj_ergodox_ez_profet_80/protocol/lufa/LUFA-git/LUFA/Drivers/USB/Core/AVR8/Endpoint_AVR8.o
 .debug_line    0x0000000000010ca1      0x70e .build/obj_ergodox_ez_profet_80/protocol/lufa/LUFA-git/LUFA/Drivers/USB/Core/AVR8/USBController_AVR8.o
 .debug_line    0x00000000000113af      0xdbc .build/obj_ergodox_ez_profet_80/protocol/lufa/LUFA-git/LUFA/Drivers/USB/Core/AVR8/USBInterrupt_AVR8.o
 .debug_line    0x000000000001216b      0xd95 .build/obj_ergodox_ez_profet_80/protocol/lufa/LUFA-git/LUFA/Drivers/USB/Core/DeviceStandardReq.o
 .debug_line    0x0000000000012f00       0x79 .build/obj_ergodox_ez_profet_80/protocol/lufa/LUFA-git/LUFA/Drivers/USB/Core/Events.o
 .debug_line    0x0000000000012f79      0x2c0 .build/obj_ergodox_ez_profet_80/protocol/lufa/LUFA-git/LUFA/Drivers/USB/Core/USBTask.o
 .debug_line    0x0000000000013239       0xc7 /usr/local/Cellar/avr-gcc/8.1.0/lib/avr-gcc/8/gcc/avr/8.1.0/avr5/libgcc.a(_divmodhi4.o)
 .debug_line    0x0000000000013300       0x61 /usr/local/Cellar/avr-gcc/8.1.0/lib/avr-gcc/8/gcc/avr/8.1.0/avr5/libgcc.a(_exit.o)
 .debug_line    0x0000000000013361       0x79 /usr/local/Cellar/avr-gcc/8.1.0/lib/avr-gcc/8/gcc/avr/8.1.0/avr5/libgcc.a(_tablejump2.o)
 .debug_line    0x00000000000133da       0x97 /usr/local/Cellar/avr-gcc/8.1.0/lib/avr-gcc/8/gcc/avr/8.1.0/avr5/libgcc.a(_copy_data.o)
 .debug_line    0x0000000000013471       0x85 /usr/local/Cellar/avr-gcc/8.1.0/lib/avr-gcc/8/gcc/avr/8.1.0/avr5/libgcc.a(_clear_bss.o)
 .debug_line    0x00000000000134f6       0xcd /usr/local/Cellar/avr-gcc/8.1.0/lib/avr-gcc/8/gcc/avr/8.1.0/avr5/libgcc.a(_udivmodhi4.o)

.debug_frame    0x0000000000000000     0x1b2c
 *(.debug_frame)
 .debug_frame   0x0000000000000000       0x94 .build/obj_ergodox_ez_profet_80/twimaster.o
 .debug_frame   0x0000000000000094      0x164 .build/obj_ergodox_ez_profet_80/matrix.o
 .debug_frame   0x00000000000001f8       0x4c .build/obj_ergodox_ez_profet_80/keyboards/ergodox/ez/keymaps/profet_80/keymap.o
 .debug_frame   0x0000000000000244      0x204 .build/obj_ergodox_ez_profet_80/quantum/quantum.o
 .debug_frame   0x0000000000000448       0x54 .build/obj_ergodox_ez_profet_80/quantum/keymap_common.o
 .debug_frame   0x000000000000049c       0x24 .build/obj_ergodox_ez_profet_80/quantum/keycode_config.o
 .debug_frame   0x00000000000004c0       0x58 .build/obj_ergodox_ez_profet_80/quantum/process_keycode/process_leader.o
 .debug_frame   0x0000000000000518       0x44 .build/obj_ergodox_ez_profet_80/keyboards/ergodox/ez/ez.o
 .debug_frame   0x000000000000055c       0xb0 .build/obj_ergodox_ez_profet_80/quantum/process_keycode/process_unicode.o
 .debug_frame   0x000000000000060c       0xa4 .build/obj_ergodox_ez_profet_80/common/host.o
 .debug_frame   0x00000000000006b0       0xa0 .build/obj_ergodox_ez_profet_80/common/keyboard.o
 .debug_frame   0x0000000000000750      0x1c0 .build/obj_ergodox_ez_profet_80/common/action.o
 .debug_frame   0x0000000000000910       0xe0 .build/obj_ergodox_ez_profet_80/common/action_tapping.o
 .debug_frame   0x00000000000009f0       0x48 .build/obj_ergodox_ez_profet_80/common/action_macro.o
 .debug_frame   0x0000000000000a38      0x1b0 .build/obj_ergodox_ez_profet_80/common/action_layer.o
 .debug_frame   0x0000000000000be8      0x240 .build/obj_ergodox_ez_profet_80/common/action_util.o
 .debug_frame   0x0000000000000e28      0x110 .build/obj_ergodox_ez_profet_80/common/util.o
 .debug_frame   0x0000000000000f38       0xb4 .build/obj_ergodox_ez_profet_80/common/eeconfig.o
 .debug_frame   0x0000000000000fec       0xa0 .build/obj_ergodox_ez_profet_80/common/avr/suspend.o
 .debug_frame   0x000000000000108c       0xbc .build/obj_ergodox_ez_profet_80/common/avr/timer.o
 .debug_frame   0x0000000000001148       0x34 .build/obj_ergodox_ez_profet_80/common/avr/bootloader.o
 .debug_frame   0x000000000000117c       0x24 .build/obj_ergodox_ez_profet_80/common/magic.o
 .debug_frame   0x00000000000011a0       0x98 .build/obj_ergodox_ez_profet_80/common/mousekey.o
 .debug_frame   0x0000000000001238       0xa8 .build/obj_ergodox_ez_profet_80/common/command.o
 .debug_frame   0x00000000000012e0      0x128 .build/obj_ergodox_ez_profet_80/lufa.o
 .debug_frame   0x0000000000001408       0x24 .build/obj_ergodox_ez_profet_80/descriptor.o
 .debug_frame   0x000000000000142c       0x24 .build/obj_ergodox_ez_profet_80/protocol/lufa/LUFA-git/LUFA/Drivers/USB/Core/AVR8/Device_AVR8.o
 .debug_frame   0x0000000000001450      0x474 .build/obj_ergodox_ez_profet_80/protocol/lufa/LUFA-git/LUFA/Drivers/USB/Core/AVR8/EndpointStream_AVR8.o
 .debug_frame   0x00000000000018c4       0x7c .build/obj_ergodox_ez_profet_80/protocol/lufa/LUFA-git/LUFA/Drivers/USB/Core/AVR8/Endpoint_AVR8.o
 .debug_frame   0x0000000000001940       0x5c .build/obj_ergodox_ez_profet_80/protocol/lufa/LUFA-git/LUFA/Drivers/USB/Core/AVR8/USBController_AVR8.o
 .debug_frame   0x000000000000199c      0x104 .build/obj_ergodox_ez_profet_80/protocol/lufa/LUFA-git/LUFA/Drivers/USB/Core/AVR8/USBInterrupt_AVR8.o
 .debug_frame   0x0000000000001aa0       0x3c .build/obj_ergodox_ez_profet_80/protocol/lufa/LUFA-git/LUFA/Drivers/USB/Core/DeviceStandardReq.o
 .debug_frame   0x0000000000001adc       0x24 .build/obj_ergodox_ez_profet_80/protocol/lufa/LUFA-git/LUFA/Drivers/USB/Core/Events.o
 .debug_frame   0x0000000000001b00       0x2c .build/obj_ergodox_ez_profet_80/protocol/lufa/LUFA-git/LUFA/Drivers/USB/Core/USBTask.o

.debug_str      0x0000000000000000     0x4b0e
 *(.debug_str)
 .debug_str     0x0000000000000000      0x371 /usr/local/Cellar/avr-gcc/8.1.0/lib/avr-gcc/8/gcc/avr/8.1.0/../../../../../../avr/lib/avr5/crtatmega32u4.o
 .debug_str     0x0000000000000371      0x1c6 .build/obj_ergodox_ez_profet_80/twimaster.o
                                        0x1ff (size before relaxing)
 .debug_str     0x0000000000000537      0x49a .build/obj_ergodox_ez_profet_80/matrix.o
                                        0x695 (size before relaxing)
 .debug_str     0x00000000000009d1       0x1c .build/obj_ergodox_ez_profet_80/keyboards/ergodox/ergodox.o
                                        0x49e (size before relaxing)
 .debug_str     0x00000000000009ed     0x1066 .build/obj_ergodox_ez_profet_80/keyboards/ergodox/ez/keymaps/profet_80/keymap.o
                                       0x1534 (size before relaxing)
 .debug_str     0x0000000000001a53      0x2b3 .build/obj_ergodox_ez_profet_80/quantum/quantum.o
                                       0x12b9 (size before relaxing)
 .debug_str     0x0000000000001d06      0x1aa .build/obj_ergodox_ez_profet_80/quantum/keymap_common.o
                                       0x1613 (size before relaxing)
 .debug_str     0x0000000000001eb0       0x19 .build/obj_ergodox_ez_profet_80/quantum/keycode_config.o
                                        0x7fe (size before relaxing)
 .debug_str     0x0000000000001ec9       0x93 .build/obj_ergodox_ez_profet_80/quantum/process_keycode/process_leader.o
                                        0xa4a (size before relaxing)
 .debug_str     0x0000000000001f5c       0xb1 .build/obj_ergodox_ez_profet_80/keyboards/ergodox/ez/ez.o
                                        0x66c (size before relaxing)
 .debug_str     0x000000000000200d       0xad .build/obj_ergodox_ez_profet_80/quantum/process_keycode/process_unicode.o
                                       0x1094 (size before relaxing)
 .debug_str     0x00000000000020ba      0x11d .build/obj_ergodox_ez_profet_80/common/host.o
                                        0x48b (size before relaxing)
 .debug_str     0x00000000000021d7      0x151 .build/obj_ergodox_ez_profet_80/common/keyboard.o
                                        0x5ea (size before relaxing)
 .debug_str     0x0000000000002328      0x3da .build/obj_ergodox_ez_profet_80/common/action.o
                                       0x1520 (size before relaxing)
 .debug_str     0x0000000000002702       0xe8 .build/obj_ergodox_ez_profet_80/common/action_tapping.o
                                        0xb8f (size before relaxing)
 .debug_str     0x00000000000027ea       0x76 .build/obj_ergodox_ez_profet_80/common/action_macro.o