Archive member included to satisfy reference by file (symbol)

/usr/lib/gcc/avr/4.9.2/avr5/libgcc.a(_exit.o)
                              /usr/lib/gcc/avr/4.9.2/../../../avr/lib/avr5/crtatmega32u4.o (exit)
/usr/lib/gcc/avr/4.9.2/avr5/libgcc.a(_tablejump2.o)
                              .build/obj_ergodox_ez_steno/quantum/quantum.o (__tablejump2__)
/usr/lib/gcc/avr/4.9.2/avr5/libgcc.a(_copy_data.o)
                              .build/obj_ergodox_ez_steno/matrix.o (__do_copy_data)
/usr/lib/gcc/avr/4.9.2/avr5/libgcc.a(_clear_bss.o)
                              .build/obj_ergodox_ez_steno/matrix.o (__do_clear_bss)
/usr/lib/gcc/avr/4.9.2/../../../avr/lib/avr5/libatmega32u4.a(eerd_byte.o)
                              .build/obj_ergodox_ez_steno/common/eeconfig.o (eeprom_read_byte)
/usr/lib/gcc/avr/4.9.2/../../../avr/lib/avr5/libatmega32u4.a(eerd_word.o)
                              .build/obj_ergodox_ez_steno/common/eeconfig.o (eeprom_read_word)
/usr/lib/gcc/avr/4.9.2/../../../avr/lib/avr5/libatmega32u4.a(eeupd_byte.o)
                              .build/obj_ergodox_ez_steno/common/eeconfig.o (eeprom_update_byte)
/usr/lib/gcc/avr/4.9.2/../../../avr/lib/avr5/libatmega32u4.a(eeupd_word.o)
                              .build/obj_ergodox_ez_steno/common/eeconfig.o (eeprom_update_word)
/usr/lib/gcc/avr/4.9.2/../../../avr/lib/avr5/libatmega32u4.a(eerd_block.o)
                              /usr/lib/gcc/avr/4.9.2/../../../avr/lib/avr5/libatmega32u4.a(eerd_word.o) (eeprom_read_blraw)

Allocating common symbols
Common symbol       size              file

USB_IsInitialized   0x1               .build/obj_ergodox_ez_steno/protocol/lufa/LUFA-git/LUFA/Drivers/USB/Core/USBTask.o
keymap_config       0x2               .build/obj_ergodox_ez_steno/common/magic.o
USB_DeviceState     0x1               .build/obj_ergodox_ez_steno/protocol/lufa/LUFA-git/LUFA/Drivers/USB/Core/USBTask.o
USB_Device_ConfigurationNumber
                    0x1               .build/obj_ergodox_ez_steno/protocol/lufa/LUFA-git/LUFA/Drivers/USB/Core/DeviceStandardReq.o
USB_Device_CurrentlySelfPowered
                    0x1               .build/obj_ergodox_ez_steno/protocol/lufa/LUFA-git/LUFA/Drivers/USB/Core/DeviceStandardReq.o
USB_ControlRequest  0x8               .build/obj_ergodox_ez_steno/protocol/lufa/LUFA-git/LUFA/Drivers/USB/Core/USBTask.o
USB_Device_RemoteWakeupEnabled
                    0x1               .build/obj_ergodox_ez_steno/protocol/lufa/LUFA-git/LUFA/Drivers/USB/Core/DeviceStandardReq.o

Discarded input sections

 .data          0x0000000000000000        0x0 /usr/lib/gcc/avr/4.9.2/../../../avr/lib/avr5/crtatmega32u4.o
 .bss           0x0000000000000000        0x0 /usr/lib/gcc/avr/4.9.2/../../../avr/lib/avr5/crtatmega32u4.o
 .text          0x0000000000000000        0x0 .build/obj_ergodox_ez_steno/twimaster.o
 .data          0x0000000000000000        0x0 .build/obj_ergodox_ez_steno/twimaster.o
 .bss           0x0000000000000000        0x0 .build/obj_ergodox_ez_steno/twimaster.o
 .text.i2c_start_wait
                0x0000000000000000       0x4e .build/obj_ergodox_ez_steno/twimaster.o
 .text.i2c_rep_start
                0x0000000000000000        0x4 .build/obj_ergodox_ez_steno/twimaster.o
 .text.i2c_readAck
                0x0000000000000000       0x14 .build/obj_ergodox_ez_steno/twimaster.o
 .text          0x0000000000000000        0x0 .build/obj_ergodox_ez_steno/matrix.o
 .data          0x0000000000000000        0x0 .build/obj_ergodox_ez_steno/matrix.o
 .bss           0x0000000000000000        0x0 .build/obj_ergodox_ez_steno/matrix.o
 .text.matrix_init_user
                0x0000000000000000        0x2 .build/obj_ergodox_ez_steno/matrix.o
 .text.matrix_scan_user
                0x0000000000000000        0x2 .build/obj_ergodox_ez_steno/matrix.o
 .text.matrix_init_kb
                0x0000000000000000        0x4 .build/obj_ergodox_ez_steno/matrix.o
 .text.matrix_rows
                0x0000000000000000        0x4 .build/obj_ergodox_ez_steno/matrix.o
 .text.matrix_cols
                0x0000000000000000        0x4 .build/obj_ergodox_ez_steno/matrix.o
 .text.matrix_is_modified
                0x0000000000000000        0xc .build/obj_ergodox_ez_steno/matrix.o
 .text.matrix_is_on
                0x0000000000000000       0x2a .build/obj_ergodox_ez_steno/matrix.o
 .text.matrix_key_count
                0x0000000000000000       0x2c .build/obj_ergodox_ez_steno/matrix.o
 .text          0x0000000000000000        0x0 .build/obj_ergodox_ez_steno/keyboards/ergodox/ergodox.o
 .data          0x0000000000000000        0x0 .build/obj_ergodox_ez_steno/keyboards/ergodox/ergodox.o
 .bss           0x0000000000000000        0x0 .build/obj_ergodox_ez_steno/keyboards/ergodox/ergodox.o
 .text          0x0000000000000000        0x0 .build/obj_ergodox_ez_steno/keyboards/ergodox/ez/keymaps/steno/keymap.o
 .data          0x0000000000000000        0x0 .build/obj_ergodox_ez_steno/keyboards/ergodox/ez/keymaps/steno/keymap.o
[...]
Memory Configuration

Name             Origin             Length             Attributes
text             0x0000000000000000 0x0000000000020000 xr
data             0x0000000000800060 0x000000000000ffa0 rw !x
eeprom           0x0000000000810000 0x0000000000010000 rw !x
fuse             0x0000000000820000 0x0000000000000400 rw !x
lock             0x0000000000830000 0x0000000000000400 rw !x
signature        0x0000000000840000 0x0000000000000400 rw !x
user_signatures  0x0000000000850000 0x0000000000000400 rw !x
*default*        0x0000000000000000 0xffffffffffffffff

Linker script and memory map

Address of section .data set to 0x800100
LOAD /usr/lib/gcc/avr/4.9.2/../../../avr/lib/avr5/crtatmega32u4.o
LOAD .build/obj_ergodox_ez_steno/twimaster.o
LOAD .build/obj_ergodox_ez_steno/matrix.o
LOAD .build/obj_ergodox_ez_steno/keyboards/ergodox/ergodox.o
LOAD .build/obj_ergodox_ez_steno/keyboards/ergodox/ez/keymaps/steno/keymap.o
LOAD .build/obj_ergodox_ez_steno/quantum/quantum.o
LOAD .build/obj_ergodox_ez_steno/quantum/keymap_common.o
LOAD .build/obj_ergodox_ez_steno/quantum/keycode_config.o
LOAD .build/obj_ergodox_ez_steno/quantum/process_keycode/process_leader.o
LOAD .build/obj_ergodox_ez_steno/keyboards/ergodox/ez/ez.o
LOAD .build/obj_ergodox_ez_steno/quantum/process_keycode/process_unicode.o
LOAD .build/obj_ergodox_ez_steno/common/host.o
LOAD .build/obj_ergodox_ez_steno/common/keyboard.o
LOAD .build/obj_ergodox_ez_steno/common/action.o
LOAD .build/obj_ergodox_ez_steno/common/action_tapping.o
LOAD .build/obj_ergodox_ez_steno/common/action_macro.o
LOAD .build/obj_ergodox_ez_steno/common/action_layer.o
LOAD .build/obj_ergodox_ez_steno/common/action_util.o
LOAD .build/obj_ergodox_ez_steno/common/print.o
LOAD .build/obj_ergodox_ez_steno/common/debug.o
LOAD .build/obj_ergodox_ez_steno/common/util.o
LOAD .build/obj_ergodox_ez_steno/common/eeconfig.o
LOAD .build/obj_ergodox_ez_steno/common/avr/suspend.o
LOAD .build/obj_ergodox_ez_steno/common/avr/timer.o
LOAD .build/obj_ergodox_ez_steno/common/avr/bootloader.o
LOAD .build/obj_ergodox_ez_steno/common/avr/xprintf.o
LOAD .build/obj_ergodox_ez_steno/common/magic.o
LOAD .build/obj_ergodox_ez_steno/common/command.o
LOAD .build/obj_ergodox_ez_steno/lufa.o
LOAD .build/obj_ergodox_ez_steno/descriptor.o
LOAD .build/obj_ergodox_ez_steno/protocol/lufa/LUFA-git/LUFA/Drivers/USB/Class/Common/HIDParser.o
LOAD .build/obj_ergodox_ez_steno/protocol/lufa/LUFA-git/LUFA/Drivers/USB/Core/AVR8/Device_AVR8.o
LOAD .build/obj_ergodox_ez_steno/protocol/lufa/LUFA-git/LUFA/Drivers/USB/Core/AVR8/EndpointStream_AVR8.o
LOAD .build/obj_ergodox_ez_steno/protocol/lufa/LUFA-git/LUFA/Drivers/USB/Core/AVR8/Endpoint_AVR8.o
LOAD .build/obj_ergodox_ez_steno/protocol/lufa/LUFA-git/LUFA/Drivers/USB/Core/AVR8/Host_AVR8.o
LOAD .build/obj_ergodox_ez_steno/protocol/lufa/LUFA-git/LUFA/Drivers/USB/Core/AVR8/PipeStream_AVR8.o
LOAD .build/obj_ergodox_ez_steno/protocol/lufa/LUFA-git/LUFA/Drivers/USB/Core/AVR8/Pipe_AVR8.o
LOAD .build/obj_ergodox_ez_steno/protocol/lufa/LUFA-git/LUFA/Drivers/USB/Core/AVR8/USBController_AVR8.o
LOAD .build/obj_ergodox_ez_steno/protocol/lufa/LUFA-git/LUFA/Drivers/USB/Core/AVR8/USBInterrupt_AVR8.o
LOAD .build/obj_ergodox_ez_steno/protocol/lufa/LUFA-git/LUFA/Drivers/USB/Core/ConfigDescriptors.o
LOAD .build/obj_ergodox_ez_steno/protocol/lufa/LUFA-git/LUFA/Drivers/USB/Core/DeviceStandardReq.o
LOAD .build/obj_ergodox_ez_steno/protocol/lufa/LUFA-git/LUFA/Drivers/USB/Core/Events.o
LOAD .build/obj_ergodox_ez_steno/protocol/lufa/LUFA-git/LUFA/Drivers/USB/Core/HostStandardReq.o
LOAD .build/obj_ergodox_ez_steno/protocol/lufa/LUFA-git/LUFA/Drivers/USB/Core/USBTask.o
LOAD .build/obj_ergodox_ez_steno/protocol/lufa/LUFA-git/LUFA/Drivers/USB/Class/Device/CDCClassDevice.o
LOAD /usr/lib/gcc/avr/4.9.2/../../../avr/lib/avr5/libm.a
START GROUP
LOAD /usr/lib/gcc/avr/4.9.2/avr5/libgcc.a
LOAD /usr/lib/gcc/avr/4.9.2/../../../avr/lib/avr5/libm.a
LOAD /usr/lib/gcc/avr/4.9.2/../../../avr/lib/avr5/libc.a
LOAD /usr/lib/gcc/avr/4.9.2/../../../avr/lib/avr5/libatmega32u4.a
END GROUP

.hash
 *(.hash)

.dynsym
 *(.dynsym)

.dynstr
 *(.dynstr)

.gnu.version
 *(.gnu.version)

.gnu.version_d
 *(.gnu.version_d)

.gnu.version_r
 *(.gnu.version_r)

.rel.init
 *(.rel.init)

.rela.init
 *(.rela.init)

.rel.text
 *(.rel.text)
 *(.rel.text.*)
 *(.rel.gnu.linkonce.t*)

.rela.text
 *(.rela.text)
 *(.rela.text.*)
 *(.rela.gnu.linkonce.t*)

.rel.fini
 *(.rel.fini)

.rela.fini
 *(.rela.fini)

.rel.rodata
 *(.rel.rodata)
 *(.rel.rodata.*)
 *(.rel.gnu.linkonce.r*)

.rela.rodata
 *(.rela.rodata)
 *(.rela.rodata.*)
 *(.rela.gnu.linkonce.r*)

.rel.data
 *(.rel.data)
 *(.rel.data.*)
 *(.rel.gnu.linkonce.d*)

.rela.data
 *(.rela.data)
 *(.rela.data.*)
 *(.rela.gnu.linkonce.d*)

.rel.ctors
 *(.rel.ctors)

.rela.ctors
 *(.rela.ctors)

.rel.dtors
 *(.rel.dtors)

.rela.dtors
 *(.rela.dtors)

.rel.got
 *(.rel.got)

.rela.got
 *(.rela.got)

.rel.bss
 *(.rel.bss)

.rela.bss
 *(.rela.bss)

.rel.plt
 *(.rel.plt)

.rela.plt
 *(.rela.plt)

.text           0x0000000000000000     0x428e
 *(.vectors)
 .vectors       0x0000000000000000       0xac /usr/lib/gcc/avr/4.9.2/../../../avr/lib/avr5/crtatmega32u4.o
                0x0000000000000000                __vectors
                0x0000000000000000                __vector_default
 *(.vectors)
 *(.progmem.gcc*)
 .progmem.gcc_sw_table.process_record_quantum
                0x00000000000000ac       0x24 .build/obj_ergodox_ez_steno/quantum/quantum.o
 .progmem.gcc_sw_table.process_action
                0x00000000000000d0       0x4a .build/obj_ergodox_ez_steno/common/action.o
 .progmem.gcc_sw_table.is_tap_key
                0x000000000000011a       0x1c .build/obj_ergodox_ez_steno/common/action.o
 .progmem.gcc_sw_table.USB_Device_ProcessControlRequest
                0x0000000000000136       0x14 .build/obj_ergodox_ez_steno/protocol/lufa/LUFA-git/LUFA/Drivers/USB/Core/DeviceStandardReq.o
                0x000000000000014a                . = ALIGN (0x2)
                0x000000000000014a                __trampolines_start = .
 *(.trampolines)
 .trampolines   0x000000000000014a        0x0 linker stubs
 *(.trampolines*)
                0x000000000000014a                __trampolines_end = .
 *(.progmem*)
 .progmem.data.fn_actions
                0x000000000000014a        0x4 .build/obj_ergodox_ez_steno/keyboards/ergodox/ez/keymaps/steno/keymap.o
                0x000000000000014a                fn_actions
 .progmem.data.keymaps
                0x000000000000014e      0x348 .build/obj_ergodox_ez_steno/keyboards/ergodox/ez/keymaps/steno/keymap.o
                0x000000000000014e                keymaps
 .progmem.data.ProductString
                0x0000000000000496       0x18 .build/obj_ergodox_ez_steno/descriptor.o
                0x0000000000000496                ProductString
 .progmem.data.ManufacturerString
                0x00000000000004ae       0x18 .build/obj_ergodox_ez_steno/descriptor.o
                0x00000000000004ae                ManufacturerString
 .progmem.data.LanguageString
                0x00000000000004c6        0x4 .build/obj_ergodox_ez_steno/descriptor.o
                0x00000000000004c6                LanguageString
 .progmem.data.ConfigurationDescriptor
                0x00000000000004ca       0x91 .build/obj_ergodox_ez_steno/descriptor.o
                0x00000000000004ca                ConfigurationDescriptor
 .progmem.data.DeviceDescriptor
                0x000000000000055b       0x12 .build/obj_ergodox_ez_steno/descriptor.o
                0x000000000000055b                DeviceDescriptor
 .progmem.data.NKROReport
                0x000000000000056d       0x39 .build/obj_ergodox_ez_steno/descriptor.o
                0x000000000000056d                NKROReport
 .progmem.data.ExtrakeyReport
                0x00000000000005a6       0x36 .build/obj_ergodox_ez_steno/descriptor.o
                0x00000000000005a6                ExtrakeyReport
 .progmem.data.KeyboardReport
                0x00000000000005dc       0x40 .build/obj_ergodox_ez_steno/descriptor.o
                0x00000000000005dc                KeyboardReport
                0x000000000000061c                . = ALIGN (0x2)
 *(.jumptables)
 *(.jumptables*)
 *(.lowtext)
 *(.lowtext*)
                0x000000000000061c                __ctors_start = .
 *(.ctors)
                0x000000000000061c                __ctors_end = .
                0x000000000000061c                __dtors_start = .
 *(.dtors)
                0x000000000000061c                __dtors_end = .
 SORT(*)(.ctors)
 SORT(*)(.dtors)
 *(.init0)
 .init0         0x000000000000061c        0x0 /usr/lib/gcc/avr/4.9.2/../../../avr/lib/avr5/crtatmega32u4.o
                0x000000000000061c                __init
 *(.init0)
 *(.init1)
 *(.init1)
 *(.init2)
 .init2         0x000000000000061c        0xc /usr/lib/gcc/avr/4.9.2/../../../avr/lib/avr5/crtatmega32u4.o
 *(.init2)
 *(.init3)
 .init3         0x0000000000000628       0x54 .build/obj_ergodox_ez_steno/common/avr/bootloader.o
                0x0000000000000628                bootloader_jump_after_watchdog_reset
 *(.init3)
 *(.init4)
 .init4         0x000000000000067c       0x16 /usr/lib/gcc/avr/4.9.2/avr5/libgcc.a(_copy_data.o)
                0x000000000000067c                __do_copy_data
 .init4         0x0000000000000692       0x10 /usr/lib/gcc/avr/4.9.2/avr5/libgcc.a(_clear_bss.o)
                0x0000000000000692                __do_clear_bss
 *(.init4)
 *(.init5)
 *(.init5)
 *(.init6)
 *(.init6)
 *(.init7)
 *(.init7)
 *(.init8)
 *(.init8)
 *(.init9)
 .init9         0x00000000000006a2        0x8 /usr/lib/gcc/avr/4.9.2/../../../avr/lib/avr5/crtatmega32u4.o
 *(.init9)
 *(.text)
 .text          0x00000000000006aa        0x4 /usr/lib/gcc/avr/4.9.2/../../../avr/lib/avr5/crtatmega32u4.o
                0x00000000000006aa                __vector_38
                0x00000000000006aa                __vector_22
                0x00000000000006aa                __vector_28
                0x00000000000006aa                __vector_1
                0x00000000000006aa                __vector_32
                0x00000000000006aa                __vector_34
                0x00000000000006aa                __vector_24
                0x00000000000006aa                __bad_interrupt
                0x00000000000006aa                __vector_6
                0x00000000000006aa                __vector_31
                0x00000000000006aa                __vector_35
                0x00000000000006aa                __vector_39
                0x00000000000006aa                __vector_3
                0x00000000000006aa                __vector_23
                0x00000000000006aa                __vector_30
                0x00000000000006aa                __vector_25
                0x00000000000006aa                __vector_13
                0x00000000000006aa                __vector_17
                0x00000000000006aa                __vector_19
                0x00000000000006aa                __vector_7
                0x00000000000006aa                __vector_41
                0x00000000000006aa                __vector_27
                0x00000000000006aa                __vector_5
                0x00000000000006aa                __vector_33
                0x00000000000006aa                __vector_37
                0x00000000000006aa                __vector_4
                0x00000000000006aa                __vector_9
                0x00000000000006aa                __vector_2
                0x00000000000006aa                __vector_15
                0x00000000000006aa                __vector_36
                0x00000000000006aa                __vector_29
                0x00000000000006aa                __vector_40
                0x00000000000006aa                __vector_8
                0x00000000000006aa                __vector_26
                0x00000000000006aa                __vector_14
                0x00000000000006aa                __vector_16
                0x00000000000006aa                __vector_18
                0x00000000000006aa                __vector_20
                0x00000000000006aa                __vector_42
                0x00000000000006ae                . = ALIGN (0x2)
 *(.text.*)
 .text.i2c_init
                0x00000000000006ae        0xc .build/obj_ergodox_ez_steno/twimaster.o
                0x00000000000006ae                i2c_init
 .text.i2c_start
                0x00000000000006ba       0x44 .build/obj_ergodox_ez_steno/twimaster.o
                0x00000000000006ba                i2c_start
 .text.i2c_stop
                0x00000000000006fe       0x10 .build/obj_ergodox_ez_steno/twimaster.o
                0x00000000000006fe                i2c_stop
 .text.i2c_write
                0x000000000000070e       0x22 .build/obj_ergodox_ez_steno/twimaster.o
                0x000000000000070e                i2c_write
 .text.i2c_readNak
                0x0000000000000730       0x14 .build/obj_ergodox_ez_steno/twimaster.o
                0x0000000000000730                i2c_readNak
 .text.init_cols
                0x0000000000000744        0xe .build/obj_ergodox_ez_steno/matrix.o
 .text.unselect_rows
                0x0000000000000752       0x50 .build/obj_ergodox_ez_steno/matrix.o
 .text.matrix_scan_kb
                0x00000000000007a2        0x4 .build/obj_ergodox_ez_steno/matrix.o
                0x00000000000007a2                matrix_scan_kb
 .text.matrix_init
                0x00000000000007a6       0x28 .build/obj_ergodox_ez_steno/matrix.o
                0x00000000000007a6                matrix_init
 .text.matrix_power_up
                0x00000000000007ce       0x26 .build/obj_ergodox_ez_steno/matrix.o
                0x00000000000007ce                matrix_power_up
 .text.matrix_scan
                0x00000000000007f4      0x1dc .build/obj_ergodox_ez_steno/matrix.o
                0x00000000000007f4                matrix_scan
 .text.matrix_get_row
                0x00000000000009d0        0xc .build/obj_ergodox_ez_steno/matrix.o
                0x00000000000009d0                matrix_get_row
 .text.matrix_print
                0x00000000000009dc        0x2 .build/obj_ergodox_ez_steno/matrix.o
                0x00000000000009dc                matrix_print
 .text.send_chord
                0x00000000000009de       0x26 .build/obj_ergodox_ez_steno/keyboards/ergodox/ez/keymaps/steno/keymap.o
                0x00000000000009de                send_chord
 .text.process_record_user
                0x0000000000000a04       0x1a .build/obj_ergodox_ez_steno/keyboards/ergodox/ez/keymaps/steno/keymap.o
                0x0000000000000a04                process_record_user
 .text.action_get_macro
                0x0000000000000a1e       0x42 .build/obj_ergodox_ez_steno/keyboards/ergodox/ez/keymaps/steno/keymap.o
                0x0000000000000a1e                action_get_macro
 .text.matrix_init_user
                0x0000000000000a60        0x2 .build/obj_ergodox_ez_steno/keyboards/ergodox/ez/keymaps/steno/keymap.o
                0x0000000000000a60                matrix_init_user
 .text.matrix_scan_user
                0x0000000000000a62       0x3a .build/obj_ergodox_ez_steno/keyboards/ergodox/ez/keymaps/steno/keymap.o
                0x0000000000000a62                matrix_scan_user
 .text.process_action_kb
                0x0000000000000a9c        0x4 .build/obj_ergodox_ez_steno/quantum/quantum.o
                0x0000000000000a9c                process_action_kb
 .text.process_record_kb
                0x0000000000000aa0        0x4 .build/obj_ergodox_ez_steno/quantum/quantum.o
                0x0000000000000aa0                process_record_kb
 .text.reset_keyboard
                0x0000000000000aa4       0x1a .build/obj_ergodox_ez_steno/quantum/quantum.o
                0x0000000000000aa4                reset_keyboard
 .text.process_record_quantum
                0x0000000000000abe      0x1b8 .build/obj_ergodox_ez_steno/quantum/quantum.o
                0x0000000000000abe                process_record_quantum
 .text.matrix_scan_quantum
                0x0000000000000c76        0x4 .build/obj_ergodox_ez_steno/quantum/quantum.o
                0x0000000000000c76                matrix_scan_quantum
 .text.led_set_user
                0x0000000000000c7a        0x2 .build/obj_ergodox_ez_steno/quantum/quantum.o
                0x0000000000000c7a                led_set_user
 .text.led_set_kb
                0x0000000000000c7c        0x4 .build/obj_ergodox_ez_steno/quantum/quantum.o
                0x0000000000000c7c                led_set_kb
 .text.led_set  0x0000000000000c80        0x4 .build/obj_ergodox_ez_steno/quantum/quantum.o
                0x0000000000000c80                led_set
 .text.action_for_key
                0x0000000000000c84      0x31e .build/obj_ergodox_ez_steno/quantum/keymap_common.o
                0x0000000000000c84                action_for_key
 .text.action_function
                0x0000000000000fa2        0x2 .build/obj_ergodox_ez_steno/quantum/keymap_common.o
                0x0000000000000fa2                action_function
 .text.keymap_key_to_keycode
                0x0000000000000fa4       0x24 .build/obj_ergodox_ez_steno/quantum/keymap_common.o
                0x0000000000000fa4                keymap_key_to_keycode
 .text.keycode_config
                0x0000000000000fc8       0xfa .build/obj_ergodox_ez_steno/quantum/keycode_config.o
                0x0000000000000fc8                keycode_config
 .text.leader_start
                0x00000000000010c2        0x2 .build/obj_ergodox_ez_steno/quantum/process_keycode/process_leader.o
                0x00000000000010c2                leader_start
 .text.process_leader
                0x00000000000010c4       0x9e .build/obj_ergodox_ez_steno/quantum/process_keycode/process_leader.o
                0x00000000000010c4                process_leader
 .text.ergodox_blink_all_leds
                0x0000000000001162       0xb0 .build/obj_ergodox_ez_steno/keyboards/ergodox/ez/ez.o
                0x0000000000001162                ergodox_blink_all_leds
 .text.matrix_init_kb
                0x0000000000001212       0x2c .build/obj_ergodox_ez_steno/keyboards/ergodox/ez/ez.o
                0x0000000000001212                matrix_init_kb
 .text.init_mcp23018
                0x000000000000123e       0x9e .build/obj_ergodox_ez_steno/keyboards/ergodox/ez/ez.o
                0x000000000000123e                init_mcp23018
 .text.hex_to_keycode
                0x00000000000012dc       0x1a .build/obj_ergodox_ez_steno/quantum/process_keycode/process_unicode.o
                0x00000000000012dc                hex_to_keycode
 .text.unicode_input_start
                0x00000000000012f6       0x58 .build/obj_ergodox_ez_steno/quantum/process_keycode/process_unicode.o
                0x00000000000012f6                unicode_input_start
 .text.unicode_input_finish
                0x000000000000134e       0x20 .build/obj_ergodox_ez_steno/quantum/process_keycode/process_unicode.o
                0x000000000000134e                unicode_input_finish
 .text.register_hex
                0x000000000000136e       0x4c .build/obj_ergodox_ez_steno/quantum/process_keycode/process_unicode.o
                0x000000000000136e                register_hex
 .text.process_unicode
                0x00000000000013ba       0x2e .build/obj_ergodox_ez_steno/quantum/process_keycode/process_unicode.o
                0x00000000000013ba                process_unicode
 .text.host_set_driver
                0x00000000000013e8        0xa .build/obj_ergodox_ez_steno/common/host.o
                0x00000000000013e8                host_set_driver
 .text.host_keyboard_leds
                0x00000000000013f2       0x18 .build/obj_ergodox_ez_steno/common/host.o
                0x00000000000013f2                host_keyboard_leds
 .text.host_keyboard_send
                0x000000000000140a       0x16 .build/obj_ergodox_ez_steno/common/host.o
                0x000000000000140a                host_keyboard_send
 .text.host_system_send
                0x0000000000001420       0x2c .build/obj_ergodox_ez_steno/common/host.o
                0x0000000000001420                host_system_send
 .text.host_consumer_send
                0x000000000000144c       0x2c .build/obj_ergodox_ez_steno/common/host.o
                0x000000000000144c                host_consumer_send
 .text.matrix_setup
                0x0000000000001478        0x2 .build/obj_ergodox_ez_steno/common/keyboard.o
                0x0000000000001478                matrix_setup
 .text.keyboard_setup
                0x000000000000147a        0x4 .build/obj_ergodox_ez_steno/common/keyboard.o
                0x000000000000147a                keyboard_setup
 .text.keyboard_init
                0x000000000000147e        0xc .build/obj_ergodox_ez_steno/common/keyboard.o
                0x000000000000147e                keyboard_init
 .text.keyboard_task
                0x000000000000148a      0x142 .build/obj_ergodox_ez_steno/common/keyboard.o
                0x000000000000148a                keyboard_task
 .text.process_hand_swap
                0x00000000000015cc       0x78 .build/obj_ergodox_ez_steno/common/action.o
                0x00000000000015cc                process_hand_swap
 .text.action_exec
                0x0000000000001644       0x7a .build/obj_ergodox_ez_steno/common/action.o
                0x0000000000001644                action_exec
 .text.register_code
                0x00000000000016be      0x1a6 .build/obj_ergodox_ez_steno/common/action.o
                0x00000000000016be                register_code
 .text.unregister_code
                0x0000000000001864       0x9e .build/obj_ergodox_ez_steno/common/action.o
                0x0000000000001864                unregister_code
 .text.register_mods
                0x0000000000001902        0xe .build/obj_ergodox_ez_steno/common/action.o
                0x0000000000001902                register_mods
 .text.unregister_mods
                0x0000000000001910        0xe .build/obj_ergodox_ez_steno/common/action.o
                0x0000000000001910                unregister_mods
 .text.process_action
                0x000000000000191e      0x4a8 .build/obj_ergodox_ez_steno/common/action.o
                0x000000000000191e                process_action
 .text.process_record
                0x0000000000001dc6       0x4e .build/obj_ergodox_ez_steno/common/action.o
                0x0000000000001dc6                process_record
 .text.clear_keyboard_but_mods
                0x0000000000001e14       0x20 .build/obj_ergodox_ez_steno/common/action.o
                0x0000000000001e14                clear_keyboard_but_mods
 .text.clear_keyboard
                0x0000000000001e34        0x8 .build/obj_ergodox_ez_steno/common/action.o
                0x0000000000001e34                clear_keyboard
 .text.is_tap_key
                0x0000000000001e3c       0x48 .build/obj_ergodox_ez_steno/common/action.o
                0x0000000000001e3c                is_tap_key
 .text.debug_event
                0x0000000000001e84       0x1e .build/obj_ergodox_ez_steno/common/action.o
                0x0000000000001e84                debug_event
 .text.debug_record
                0x0000000000001ea2       0x20 .build/obj_ergodox_ez_steno/common/action.o
                0x0000000000001ea2                debug_record
 .text.debug_waiting_buffer
                0x0000000000001ec2       0x42 .build/obj_ergodox_ez_steno/common/action_tapping.o
 .text.debug_tapping_key
                0x0000000000001f04       0x1c .build/obj_ergodox_ez_steno/common/action_tapping.o
 .text.waiting_buffer_scan_tap
                0x0000000000001f20       0xb6 .build/obj_ergodox_ez_steno/common/action_tapping.o
 .text.process_tapping
                0x0000000000001fd6      0x38e .build/obj_ergodox_ez_steno/common/action_tapping.o
 .text.action_tapping_process
                0x0000000000002364      0x148 .build/obj_ergodox_ez_steno/common/action_tapping.o
                0x0000000000002364                action_tapping_process
 .text.action_macro_play
                0x00000000000024ac       0xfa .build/obj_ergodox_ez_steno/common/action_macro.o
                0x00000000000024ac                action_macro_play
 .text.default_layer_debug
                0x00000000000025a6        0x2 .build/obj_ergodox_ez_steno/common/action_layer.o
                0x00000000000025a6                default_layer_debug
 .text.default_layer_set
                0x00000000000025a8       0x14 .build/obj_ergodox_ez_steno/common/action_layer.o
                0x00000000000025a8                default_layer_set
 .text.default_layer_or
                0x00000000000025bc       0x38 .build/obj_ergodox_ez_steno/common/action_layer.o
                0x00000000000025bc                default_layer_or
 .text.default_layer_and
                0x00000000000025f4       0x38 .build/obj_ergodox_ez_steno/common/action_layer.o
                0x00000000000025f4                default_layer_and
 .text.default_layer_xor
                0x000000000000262c       0x38 .build/obj_ergodox_ez_steno/common/action_layer.o
                0x000000000000262c                default_layer_xor
 .text.layer_clear
                0x0000000000002664       0x14 .build/obj_ergodox_ez_steno/common/action_layer.o
                0x0000000000002664                layer_clear
 .text.layer_move
                0x0000000000002678       0x2a .build/obj_ergodox_ez_steno/common/action_layer.o
                0x0000000000002678                layer_move
 .text.layer_on
                0x00000000000026a2       0x42 .build/obj_ergodox_ez_steno/common/action_layer.o
                0x00000000000026a2                layer_on
 .text.layer_off
                0x00000000000026e4       0x4a .build/obj_ergodox_ez_steno/common/action_layer.o
                0x00000000000026e4                layer_off
 .text.layer_invert
                0x000000000000272e       0x42 .build/obj_ergodox_ez_steno/common/action_layer.o
                0x000000000000272e                layer_invert
 .text.layer_or
                0x0000000000002770       0x38 .build/obj_ergodox_ez_steno/common/action_layer.o
                0x0000000000002770                layer_or
 .text.layer_and
                0x00000000000027a8       0x38 .build/obj_ergodox_ez_steno/common/action_layer.o
                0x00000000000027a8                layer_and
 .text.layer_xor
                0x00000000000027e0       0x38 .build/obj_ergodox_ez_steno/common/action_layer.o
                0x00000000000027e0                layer_xor
 .text.layer_debug
                0x0000000000002818        0x2 .build/obj_ergodox_ez_steno/common/action_layer.o
                0x0000000000002818                layer_debug
 .text.layer_switch_get_layer
                0x000000000000281a       0x7e .build/obj_ergodox_ez_steno/common/action_layer.o
                0x000000000000281a                layer_switch_get_layer
 .text.layer_switch_get_action
                0x0000000000002898       0x16 .build/obj_ergodox_ez_steno/common/action_layer.o
                0x0000000000002898                layer_switch_get_action
 .text.store_or_get_action
                0x00000000000028ae        0x8 .build/obj_ergodox_ez_steno/common/action_layer.o
                0x00000000000028ae                store_or_get_action
 .text.get_oneshot_layer
                0x00000000000028b6        0xc .build/obj_ergodox_ez_steno/common/action_util.o
                0x00000000000028b6                get_oneshot_layer
 .text.get_oneshot_layer_state
                0x00000000000028c2        0x8 .build/obj_ergodox_ez_steno/common/action_util.o
                0x00000000000028c2                get_oneshot_layer_state
 .text.set_oneshot_layer
                0x00000000000028ca       0x12 .build/obj_ergodox_ez_steno/common/action_util.o
                0x00000000000028ca                set_oneshot_layer
 .text.clear_oneshot_layer_state
                0x00000000000028dc       0x2e .build/obj_ergodox_ez_steno/common/action_util.o
                0x00000000000028dc                clear_oneshot_layer_state
 .text.is_oneshot_layer_active
                0x000000000000290a        0xe .build/obj_ergodox_ez_steno/common/action_util.o
                0x000000000000290a                is_oneshot_layer_active
 .text.add_key  0x0000000000002918       0x84 .build/obj_ergodox_ez_steno/common/action_util.o
                0x0000000000002918                add_key
 .text.del_key  0x000000000000299c       0x6c .build/obj_ergodox_ez_steno/common/action_util.o
                0x000000000000299c                del_key
 .text.clear_keys
                0x0000000000002a08       0x1c .build/obj_ergodox_ez_steno/common/action_util.o
                0x0000000000002a08                clear_keys
 .text.add_mods
                0x0000000000002a24        0xc .build/obj_ergodox_ez_steno/common/action_util.o
                0x0000000000002a24                add_mods
 .text.del_mods
                0x0000000000002a30        0xe .build/obj_ergodox_ez_steno/common/action_util.o
                0x0000000000002a30                del_mods
 .text.clear_mods
                0x0000000000002a3e        0x6 .build/obj_ergodox_ez_steno/common/action_util.o
                0x0000000000002a3e                clear_mods
 .text.add_weak_mods
                0x0000000000002a44        0xc .build/obj_ergodox_ez_steno/common/action_util.o
                0x0000000000002a44                add_weak_mods
 .text.del_weak_mods
                0x0000000000002a50        0xe .build/obj_ergodox_ez_steno/common/action_util.o
                0x0000000000002a50                del_weak_mods
 .text.clear_weak_mods
                0x0000000000002a5e        0x6 .build/obj_ergodox_ez_steno/common/action_util.o
                0x0000000000002a5e                clear_weak_mods
 .text.add_macro_mods
                0x0000000000002a64        0xc .build/obj_ergodox_ez_steno/common/action_util.o
                0x0000000000002a64                add_macro_mods
 .text.del_macro_mods
                0x0000000000002a70        0xe .build/obj_ergodox_ez_steno/common/action_util.o
                0x0000000000002a70                del_macro_mods
 .text.clear_macro_mods
                0x0000000000002a7e        0x6 .build/obj_ergodox_ez_steno/common/action_util.o
                0x0000000000002a7e                clear_macro_mods
 .text.set_oneshot_mods
                0x0000000000002a84        0x6 .build/obj_ergodox_ez_steno/common/action_util.o
                0x0000000000002a84                set_oneshot_mods
 .text.clear_oneshot_mods
                0x0000000000002a8a        0x6 .build/obj_ergodox_ez_steno/common/action_util.o
                0x0000000000002a8a                clear_oneshot_mods
 .text.has_anykey
                0x0000000000002a90       0x22 .build/obj_ergodox_ez_steno/common/action_util.o
                0x0000000000002a90                has_anykey
 .text.send_keyboard_report
                0x0000000000002ab2       0x5e .build/obj_ergodox_ez_steno/common/action_util.o
                0x0000000000002ab2                send_keyboard_report
 .text.biton32  0x0000000000002b10       0xa0 .build/obj_ergodox_ez_steno/common/util.o
                0x0000000000002b10                biton32
 .text.eeconfig_init
                0x0000000000002bb0       0x34 .build/obj_ergodox_ez_steno/common/eeconfig.o
                0x0000000000002bb0                eeconfig_init
 .text.eeconfig_is_enabled
                0x0000000000002be4       0x16 .build/obj_ergodox_ez_steno/common/eeconfig.o
                0x0000000000002be4                eeconfig_is_enabled
 .text.eeconfig_read_debug
                0x0000000000002bfa        0x8 .build/obj_ergodox_ez_steno/common/eeconfig.o
                0x0000000000002bfa                eeconfig_read_debug
 .text.eeconfig_read_default_layer
                0x0000000000002c02        0x8 .build/obj_ergodox_ez_steno/common/eeconfig.o
                0x0000000000002c02                eeconfig_read_default_layer
 .text.eeconfig_read_keymap
                0x0000000000002c0a        0x8 .build/obj_ergodox_ez_steno/common/eeconfig.o
                0x0000000000002c0a                eeconfig_read_keymap
 .text.eeconfig_update_keymap
                0x0000000000002c12        0xa .build/obj_ergodox_ez_steno/common/eeconfig.o
                0x0000000000002c12                eeconfig_update_keymap
 .text.suspend_power_down
                0x0000000000002c1c       0x58 .build/obj_ergodox_ez_steno/common/avr/suspend.o
                0x0000000000002c1c                suspend_power_down
 .text.matrix_power_down
                0x0000000000002c74        0x2 .build/obj_ergodox_ez_steno/common/avr/suspend.o
                0x0000000000002c74                matrix_power_down
 .text.suspend_wakeup_condition
                0x0000000000002c76       0x28 .build/obj_ergodox_ez_steno/common/avr/suspend.o
                0x0000000000002c76                suspend_wakeup_condition
 .text.suspend_wakeup_init
                0x0000000000002c9e        0xc .build/obj_ergodox_ez_steno/common/avr/suspend.o
                0x0000000000002c9e                suspend_wakeup_init
 .text.__vector_12
                0x0000000000002caa       0x52 .build/obj_ergodox_ez_steno/common/avr/suspend.o
                0x0000000000002caa                __vector_12
 .text.timer_init
                0x0000000000002cfc       0x12 .build/obj_ergodox_ez_steno/common/avr/timer.o
                0x0000000000002cfc                timer_init
 .text.timer_read
                0x0000000000002d0e       0x18 .build/obj_ergodox_ez_steno/common/avr/timer.o
                0x0000000000002d0e                timer_read
 .text.timer_elapsed
                0x0000000000002d26       0x54 .build/obj_ergodox_ez_steno/common/avr/timer.o
                0x0000000000002d26                timer_elapsed
 .text.__vector_21
                0x0000000000002d7a       0x4a .build/obj_ergodox_ez_steno/common/avr/timer.o
                0x0000000000002d7a                __vector_21
 .text.bootloader_jump
                0x0000000000002dc4       0x44 .build/obj_ergodox_ez_steno/common/avr/bootloader.o
                0x0000000000002dc4                bootloader_jump
 .text.magic    0x0000000000002e08       0x32 .build/obj_ergodox_ez_steno/common/magic.o
                0x0000000000002e08                magic
 .text.command_common
                0x0000000000002e3a      0x178 .build/obj_ergodox_ez_steno/common/command.o
 .text.command_extra
                0x0000000000002fb2        0x4 .build/obj_ergodox_ez_steno/common/command.o
                0x0000000000002fb2                command_extra
 .text.command_console_extra
                0x0000000000002fb6        0x4 .build/obj_ergodox_ez_steno/common/command.o
                0x0000000000002fb6                command_console_extra
 .text.command_proc
                0x0000000000002fba       0x8c .build/obj_ergodox_ez_steno/common/command.o
                0x0000000000002fba                command_proc
 .text.keyboard_leds
                0x0000000000003046        0x6 .build/obj_ergodox_ez_steno/lufa.o
 .text.send_mouse
                0x000000000000304c        0x2 .build/obj_ergodox_ez_steno/lufa.o
 .text.send_consumer
                0x000000000000304e       0x68 .build/obj_ergodox_ez_steno/lufa.o
 .text.send_system
                0x00000000000030b6       0x68 .build/obj_ergodox_ez_steno/lufa.o
 .text.send_keyboard
                0x000000000000311e       0xa4 .build/obj_ergodox_ez_steno/lufa.o
 .text.EVENT_USB_Device_Connect
                0x00000000000031c2       0x1c .build/obj_ergodox_ez_steno/lufa.o
                0x00000000000031c2                EVENT_USB_Device_Connect
 .text.EVENT_USB_Device_Disconnect
                0x00000000000031de        0x6 .build/obj_ergodox_ez_steno/lufa.o
                0x00000000000031de                EVENT_USB_Device_Disconnect
 .text.EVENT_USB_Device_Reset
                0x00000000000031e4        0x2 .build/obj_ergodox_ez_steno/lufa.o
                0x00000000000031e4                EVENT_USB_Device_Reset
 .text.EVENT_USB_Device_Suspend
                0x00000000000031e6        0x2 .build/obj_ergodox_ez_steno/lufa.o
                0x00000000000031e6                EVENT_USB_Device_Suspend
 .text.EVENT_USB_Device_WakeUp
                0x00000000000031e8        0x4 .build/obj_ergodox_ez_steno/lufa.o
                0x00000000000031e8                EVENT_USB_Device_WakeUp
 .text.EVENT_USB_Device_ConfigurationChanged
                0x00000000000031ec       0x3c .build/obj_ergodox_ez_steno/lufa.o
                0x00000000000031ec                EVENT_USB_Device_ConfigurationChanged
 .text.EVENT_USB_Device_ControlRequest
                0x0000000000003228      0x16c .build/obj_ergodox_ez_steno/lufa.o
                0x0000000000003228                EVENT_USB_Device_ControlRequest
 .text.virtser_init
                0x0000000000003394       0x14 .build/obj_ergodox_ez_steno/lufa.o
                0x0000000000003394                virtser_init
 .text.virtser_recv
                0x00000000000033a8        0x2 .build/obj_ergodox_ez_steno/lufa.o
                0x00000000000033a8                virtser_recv
 .text.virtser_task
                0x00000000000033aa       0x1a .build/obj_ergodox_ez_steno/lufa.o
                0x00000000000033aa                virtser_task
 .text.virtser_send
                0x00000000000033c4       0x78 .build/obj_ergodox_ez_steno/lufa.o
                0x00000000000033c4                virtser_send
 .text.startup.main
                0x000000000000343c       0x86 .build/obj_ergodox_ez_steno/lufa.o
                0x000000000000343c                main
 .text.CALLBACK_USB_GetDescriptor
                0x00000000000034c2       0xb0 .build/obj_ergodox_ez_steno/descriptor.o
                0x00000000000034c2                CALLBACK_USB_GetDescriptor
 .text.USB_Device_SendRemoteWakeup
                0x0000000000003572       0x2c .build/obj_ergodox_ez_steno/protocol/lufa/LUFA-git/LUFA/Drivers/USB/Core/AVR8/Device_AVR8.o
                0x0000000000003572                USB_Device_SendRemoteWakeup
 .text.Endpoint_Write_Stream_LE
                0x000000000000359e       0x96 .build/obj_ergodox_ez_steno/protocol/lufa/LUFA-git/LUFA/Drivers/USB/Core/AVR8/EndpointStream_AVR8.o
                0x000000000000359e                Endpoint_Write_Stream_LE
 .text.Endpoint_Write_Control_Stream_LE
                0x0000000000003634       0xc6 .build/obj_ergodox_ez_steno/protocol/lufa/LUFA-git/LUFA/Drivers/USB/Core/AVR8/EndpointStream_AVR8.o
                0x0000000000003634                Endpoint_Write_Control_Stream_LE
 .text.Endpoint_Write_Control_PStream_LE
                0x00000000000036fa       0xc2 .build/obj_ergodox_ez_steno/protocol/lufa/LUFA-git/LUFA/Drivers/USB/Core/AVR8/EndpointStream_AVR8.o
                0x00000000000036fa                Endpoint_Write_Control_PStream_LE
 .text.Endpoint_ConfigureEndpoint_Prv
                0x00000000000037bc       0x6a .build/obj_ergodox_ez_steno/protocol/lufa/LUFA-git/LUFA/Drivers/USB/Core/AVR8/Endpoint_AVR8.o
                0x00000000000037bc                Endpoint_ConfigureEndpoint_Prv
 .text.Endpoint_ClearStatusStage
                0x0000000000003826       0x3e .build/obj_ergodox_ez_steno/protocol/lufa/LUFA-git/LUFA/Drivers/USB/Core/AVR8/Endpoint_AVR8.o
                0x0000000000003826                Endpoint_ClearStatusStage
 .text.Endpoint_WaitUntilReady
                0x0000000000003864       0x64 .build/obj_ergodox_ez_steno/protocol/lufa/LUFA-git/LUFA/Drivers/USB/Core/AVR8/Endpoint_AVR8.o
                0x0000000000003864                Endpoint_WaitUntilReady
 .text.USB_Disable
                0x00000000000038c8       0x34 .build/obj_ergodox_ez_steno/protocol/lufa/LUFA-git/LUFA/Drivers/USB/Core/AVR8/USBController_AVR8.o
                0x00000000000038c8                USB_Disable
 .text.USB_ResetInterface
                0x00000000000038fc       0x86 .build/obj_ergodox_ez_steno/protocol/lufa/LUFA-git/LUFA/Drivers/USB/Core/AVR8/USBController_AVR8.o
                0x00000000000038fc                USB_ResetInterface
 .text.USB_Init
                0x0000000000003982       0x22 .build/obj_ergodox_ez_steno/protocol/lufa/LUFA-git/LUFA/Drivers/USB/Core/AVR8/USBController_AVR8.o
                0x0000000000003982                USB_Init
 .text.USB_INT_DisableAllInterrupts
                0x00000000000039a4       0x10 .build/obj_ergodox_ez_steno/protocol/lufa/LUFA-git/LUFA/Drivers/USB/Core/AVR8/USBInterrupt_AVR8.o
                0x00000000000039a4                USB_INT_DisableAllInterrupts
 .text.USB_INT_ClearAllInterrupts
                0x00000000000039b4        0xa .build/obj_ergodox_ez_steno/protocol/lufa/LUFA-git/LUFA/Drivers/USB/Core/AVR8/USBInterrupt_AVR8.o
                0x00000000000039b4                USB_INT_ClearAllInterrupts
 .text.__vector_10
                0x00000000000039be      0x1a4 .build/obj_ergodox_ez_steno/protocol/lufa/LUFA-git/LUFA/Drivers/USB/Core/AVR8/USBInterrupt_AVR8.o
                0x00000000000039be                __vector_10
 .text.__vector_11
                0x0000000000003b62       0x88 .build/obj_ergodox_ez_steno/protocol/lufa/LUFA-git/LUFA/Drivers/USB/Core/AVR8/USBInterrupt_AVR8.o
                0x0000000000003b62                __vector_11
 .text.USB_Device_ProcessControlRequest
                0x0000000000003bea      0x2a2 .build/obj_ergodox_ez_steno/protocol/lufa/LUFA-git/LUFA/Drivers/USB/Core/DeviceStandardReq.o
                0x0000000000003bea                USB_Device_ProcessControlRequest
 .text.USB_Event_Stub
                0x0000000000003e8c        0x2 .build/obj_ergodox_ez_steno/protocol/lufa/LUFA-git/LUFA/Drivers/USB/Core/Events.o
                0x0000000000003e8c                USB_Event_Stub
                0x0000000000003e8c                EVENT_USB_Device_StartOfFrame
 .text.USB_USBTask
                0x0000000000003e8e       0x36 .build/obj_ergodox_ez_steno/protocol/lufa/LUFA-git/LUFA/Drivers/USB/Core/USBTask.o
                0x0000000000003e8e                USB_USBTask
 .text.CDC_Device_Flush
                0x0000000000003ec4       0x5e .build/obj_ergodox_ez_steno/protocol/lufa/LUFA-git/LUFA/Drivers/USB/Class/Device/CDCClassDevice.o
                0x0000000000003ec4                CDC_Device_Flush
 .text.CDC_Device_USBTask
                0x0000000000003f22       0x2e .build/obj_ergodox_ez_steno/protocol/lufa/LUFA-git/LUFA/Drivers/USB/Class/Device/CDCClassDevice.o
                0x0000000000003f22                CDC_Device_USBTask
 .text.CDC_Device_BytesReceived
                0x0000000000003f50       0x5a .build/obj_ergodox_ez_steno/protocol/lufa/LUFA-git/LUFA/Drivers/USB/Class/Device/CDCClassDevice.o
                0x0000000000003f50                CDC_Device_BytesReceived
 .text.CDC_Device_ReceiveByte
                0x0000000000003faa       0x6a .build/obj_ergodox_ez_steno/protocol/lufa/LUFA-git/LUFA/Drivers/USB/Class/Device/CDCClassDevice.o
                0x0000000000003faa                CDC_Device_ReceiveByte
 .text.CDC_Device_SendControlLineStateChange
                0x0000000000004014       0x8e .build/obj_ergodox_ez_steno/protocol/lufa/LUFA-git/LUFA/Drivers/USB/Class/Device/CDCClassDevice.o
                0x0000000000004014                CDC_Device_SendControlLineStateChange
 .text.CDC_Device_Event_Stub
                0x00000000000040a2        0x2 .build/obj_ergodox_ez_steno/protocol/lufa/LUFA-git/LUFA/Drivers/USB/Class/Device/CDCClassDevice.o
                0x00000000000040a2                EVENT_CDC_Device_LineEncodingChanged
                0x00000000000040a2                EVENT_CDC_Device_ControLineStateChanged
                0x00000000000040a2                EVENT_CDC_Device_BreakSent
                0x00000000000040a2                CDC_Device_Event_Stub
 .text.CDC_Device_ProcessControlRequest
                0x00000000000040a4      0x16e .build/obj_ergodox_ez_steno/protocol/lufa/LUFA-git/LUFA/Drivers/USB/Class/Device/CDCClassDevice.o
                0x00000000000040a4                CDC_Device_ProcessControlRequest
 .text.libgcc   0x0000000000004212        0xc /usr/lib/gcc/avr/4.9.2/avr5/libgcc.a(_tablejump2.o)
                0x0000000000004212                __tablejump2__
 .text.avr-libc
                0x000000000000421e       0x10 /usr/lib/gcc/avr/4.9.2/../../../avr/lib/avr5/libatmega32u4.a(eerd_byte.o)
                0x000000000000421e                eeprom_read_byte
 .text.avr-libc
                0x000000000000422e        0xc /usr/lib/gcc/avr/4.9.2/../../../avr/lib/avr5/libatmega32u4.a(eerd_word.o)
                0x000000000000422e                eeprom_read_word
 .text.avr-libc
                0x000000000000423a       0x24 /usr/lib/gcc/avr/4.9.2/../../../avr/lib/avr5/libatmega32u4.a(eeupd_byte.o)
                0x000000000000423a                eeprom_update_byte
                0x000000000000423c                eeprom_update_r18
 .text.avr-libc
                0x000000000000425e        0xc /usr/lib/gcc/avr/4.9.2/../../../avr/lib/avr5/libatmega32u4.a(eeupd_word.o)
                0x000000000000425e                eeprom_update_word
 .text.avr-libc
                0x000000000000426a       0x20 /usr/lib/gcc/avr/4.9.2/../../../avr/lib/avr5/libatmega32u4.a(eerd_block.o)
                0x000000000000426a                eeprom_read_block
                0x000000000000426e                eeprom_read_blraw
                0x000000000000428a                . = ALIGN (0x2)
 *(.fini9)
 .fini9         0x000000000000428a        0x0 /usr/lib/gcc/avr/4.9.2/avr5/libgcc.a(_exit.o)
                0x000000000000428a                exit
                0x000000000000428a                _exit
 *(.fini9)
 *(.fini8)
 *(.fini8)
 *(.fini7)
 *(.fini7)
 *(.fini6)
 *(.fini6)
 *(.fini5)
 *(.fini5)
 *(.fini4)
 *(.fini4)
 *(.fini3)
 *(.fini3)
 *(.fini2)
 *(.fini2)
 *(.fini1)
 *(.fini1)
 *(.fini0)
 .fini0         0x000000000000428a        0x4 /usr/lib/gcc/avr/4.9.2/avr5/libgcc.a(_exit.o)
 *(.fini0)
                0x000000000000428e                _etext = .

.data           0x0000000000800100       0xea load address 0x000000000000428e
                0x0000000000800100                PROVIDE (__data_start, .)
 *(.data)
 *(.data*)
 .data.debouncing
                0x0000000000800100        0x1 .build/obj_ergodox_ez_steno/matrix.o
 .data.mcp23018_status
                0x0000000000800101        0x1 .build/obj_ergodox_ez_steno/keyboards/ergodox/ez/ez.o
                0x0000000000800101                mcp23018_status
 .data.keyboard_report
                0x0000000000800102        0x2 .build/obj_ergodox_ez_steno/common/action_util.o
                0x0000000000800102                keyboard_report
 .data.cdc_device
                0x0000000000800104       0x1b .build/obj_ergodox_ez_steno/lufa.o
                0x0000000000800104                cdc_device
 .data.lufa_driver
                0x000000000080011f        0xa .build/obj_ergodox_ez_steno/lufa.o
                0x000000000080011f                lufa_driver
 .data.keyboard_protocol
                0x0000000000800129        0x1 .build/obj_ergodox_ez_steno/lufa.o
                0x0000000000800129                keyboard_protocol
 *(.rodata)
 .rodata        0x000000000080012a        0x8 .build/obj_ergodox_ez_steno/protocol/lufa/LUFA-git/LUFA/Drivers/USB/Class/Device/CDCClassDevice.o
 *(.rodata*)
 .rodata.hand_swap_config
                0x0000000000800132       0xa8 .build/obj_ergodox_ez_steno/keyboards/ergodox/ergodox.o
                0x0000000000800132                hand_swap_config
 .rodata.CSWTCH.3
                0x00000000008001da        0x3 .build/obj_ergodox_ez_steno/descriptor.o
 .rodata.CSWTCH.2
                0x00000000008001dd        0x6 .build/obj_ergodox_ez_steno/descriptor.o
 .rodata.CSWTCH.1
                0x00000000008001e3        0x6 .build/obj_ergodox_ez_steno/descriptor.o
 *(.gnu.linkonce.d*)
                0x00000000008001ea                . = ALIGN (0x2)
 *fill*         0x00000000008001e9        0x1 
                0x00000000008001ea                _edata = .
                0x00000000008001ea                PROVIDE (__data_end, .)

.bss            0x00000000008001ea       0xf5
                0x00000000008001ea                PROVIDE (__bss_start, .)
 *(.bss)
 *(.bss*)
 .bss.mcp23018_reset_loop
                0x00000000008001ea        0x1 .build/obj_ergodox_ez_steno/matrix.o
 .bss.matrix_debouncing
                0x00000000008001eb        0xe .build/obj_ergodox_ez_steno/matrix.o
 .bss.matrix    0x00000000008001f9        0xe .build/obj_ergodox_ez_steno/matrix.o
 .bss.pressed_count
                0x0000000000800207        0x1 .build/obj_ergodox_ez_steno/keyboards/ergodox/ez/keymaps/steno/keymap.o
                0x0000000000800207                pressed_count
 .bss.chord     0x0000000000800208        0x4 .build/obj_ergodox_ez_steno/keyboards/ergodox/ez/keymaps/steno/keymap.o
                0x0000000000800208                chord
 .bss.shift_interrupted
                0x000000000080020c        0x2 .build/obj_ergodox_ez_steno/quantum/quantum.o
 .bss.leader_sequence_size
                0x000000000080020e        0x1 .build/obj_ergodox_ez_steno/quantum/process_keycode/process_leader.o
                0x000000000080020e                leader_sequence_size
 .bss.leader_sequence
                0x000000000080020f        0xa .build/obj_ergodox_ez_steno/quantum/process_keycode/process_leader.o
                0x000000000080020f                leader_sequence
 .bss.leader_time
                0x0000000000800219        0x2 .build/obj_ergodox_ez_steno/quantum/process_keycode/process_leader.o
                0x0000000000800219                leader_time
 .bss.leading   0x000000000080021b        0x1 .build/obj_ergodox_ez_steno/quantum/process_keycode/process_leader.o
                0x000000000080021b                leading
 .bss.i2c_initialized
                0x000000000080021c        0x1 .build/obj_ergodox_ez_steno/keyboards/ergodox/ez/ez.o
                0x000000000080021c                i2c_initialized
 .bss.input_mode
                0x000000000080021d        0x1 .build/obj_ergodox_ez_steno/quantum/process_keycode/process_unicode.o
 .bss.last_consumer_report
                0x000000000080021e        0x2 .build/obj_ergodox_ez_steno/common/host.o
 .bss.last_system_report
                0x0000000000800220        0x2 .build/obj_ergodox_ez_steno/common/host.o
 .bss.driver    0x0000000000800222        0x2 .build/obj_ergodox_ez_steno/common/host.o
 .bss.led_status.4904
                0x0000000000800224        0x1 .build/obj_ergodox_ez_steno/common/keyboard.o
 .bss.matrix_prev.4903
                0x0000000000800225        0xe .build/obj_ergodox_ez_steno/common/keyboard.o
 .bss.swap_state.4806
                0x0000000000800233        0xe .build/obj_ergodox_ez_steno/common/action.o
 .bss.swap_hands
                0x0000000000800241        0x1 .build/obj_ergodox_ez_steno/common/action.o
                0x0000000000800241                swap_hands
 .bss.waiting_buffer_tail
                0x0000000000800242        0x1 .build/obj_ergodox_ez_steno/common/action_tapping.o
 .bss.waiting_buffer_head
                0x0000000000800243        0x1 .build/obj_ergodox_ez_steno/common/action_tapping.o
 .bss.waiting_buffer
                0x0000000000800244       0x30 .build/obj_ergodox_ez_steno/common/action_tapping.o
 .bss.tapping_key
                0x0000000000800274        0x6 .build/obj_ergodox_ez_steno/common/action_tapping.o
 .bss.layer_state
                0x000000000080027a        0x4 .build/obj_ergodox_ez_steno/common/action_layer.o
                0x000000000080027a                layer_state
 .bss.default_layer_state
                0x000000000080027e        0x4 .build/obj_ergodox_ez_steno/common/action_layer.o
                0x000000000080027e                default_layer_state
 .bss.oneshot_layer_data
                0x0000000000800282        0x1 .build/obj_ergodox_ez_steno/common/action_util.o
 .bss.oneshot_mods
                0x0000000000800283        0x1 .build/obj_ergodox_ez_steno/common/action_util.o
 .bss.__compound_literal.0
                0x0000000000800284       0x20 .build/obj_ergodox_ez_steno/common/action_util.o
 .bss.macro_mods
                0x00000000008002a4        0x1 .build/obj_ergodox_ez_steno/common/action_util.o
 .bss.weak_mods
                0x00000000008002a5        0x1 .build/obj_ergodox_ez_steno/common/action_util.o
 .bss.real_mods
                0x00000000008002a6        0x1 .build/obj_ergodox_ez_steno/common/action_util.o
 .bss.debug_config
                0x00000000008002a7        0x1 .build/obj_ergodox_ez_steno/common/debug.o
                0x00000000008002a7                debug_config
 .bss.wdt_timeout
                0x00000000008002a8        0x1 .build/obj_ergodox_ez_steno/common/avr/suspend.o
 .bss.timer_count
                0x00000000008002a9        0x4 .build/obj_ergodox_ez_steno/common/avr/timer.o
                0x00000000008002a9                timer_count
 .bss.command_state
                0x00000000008002ad        0x1 .build/obj_ergodox_ez_steno/common/command.o
                0x00000000008002ad                command_state
 .bss.keyboard_report_sent
                0x00000000008002ae       0x20 .build/obj_ergodox_ez_steno/lufa.o
 .bss.keyboard_led_stats
                0x00000000008002ce        0x1 .build/obj_ergodox_ez_steno/lufa.o
 .bss.keyboard_idle
                0x00000000008002cf        0x1 .build/obj_ergodox_ez_steno/lufa.o
                0x00000000008002cf                keyboard_idle
 *(COMMON)
 COMMON         0x00000000008002d0        0x2 .build/obj_ergodox_ez_steno/common/magic.o
                0x00000000008002d0                keymap_config
 COMMON         0x00000000008002d2        0x3 .build/obj_ergodox_ez_steno/protocol/lufa/LUFA-git/LUFA/Drivers/USB/Core/DeviceStandardReq.o
                0x00000000008002d2                USB_Device_ConfigurationNumber
                0x00000000008002d3                USB_Device_CurrentlySelfPowered
                0x00000000008002d4                USB_Device_RemoteWakeupEnabled
 COMMON         0x00000000008002d5        0xa .build/obj_ergodox_ez_steno/protocol/lufa/LUFA-git/LUFA/Drivers/USB/Core/USBTask.o
                0x00000000008002d5                USB_IsInitialized
                0x00000000008002d6                USB_DeviceState
                0x00000000008002d7                USB_ControlRequest
                0x00000000008002df                PROVIDE (__bss_end, .)
                0x000000000000428e                __data_load_start = LOADADDR (.data)
                0x0000000000004378                __data_load_end = (__data_load_start + SIZEOF (.data))

.noinit         0x00000000008002df        0x4
                0x00000000008002df                PROVIDE (__noinit_start, .)
 *(.noinit*)
 .noinit        0x00000000008002df        0x4 .build/obj_ergodox_ez_steno/common/avr/bootloader.o
                0x00000000008002df                reset_key
                0x00000000008002e3                PROVIDE (__noinit_end, .)
                0x00000000008002e3                _end = .
                0x00000000008002e3                PROVIDE (__heap_start, .)

.eeprom         0x0000000000810000        0x0
 *(.eeprom*)
                0x0000000000810000                __eeprom_end = .

.fuse
 *(.fuse)
 *(.lfuse)
 *(.hfuse)
 *(.efuse)

.lock
 *(.lock*)

.signature
 *(.signature*)

.user_signatures
 *(.user_signatures*)

.stab
 *(.stab)

.stabstr        0x0000000000000000       0x6f
 *(.stabstr)
 .stabstr       0x0000000000000000       0x6f .build/obj_ergodox_ez_steno/common/avr/xprintf.o

.stab.excl
 *(.stab.excl)

.stab.exclstr
 *(.stab.exclstr)

.stab.index
 *(.stab.index)

.stab.indexstr
 *(.stab.indexstr)

.comment        0x0000000000000000       0x11
 *(.comment)
 .comment       0x0000000000000000       0x11 .build/obj_ergodox_ez_steno/twimaster.o
                                         0x12 (size before relaxing)
 .comment       0x0000000000000011       0x12 .build/obj_ergodox_ez_steno/matrix.o
 .comment       0x0000000000000011       0x12 .build/obj_ergodox_ez_steno/keyboards/ergodox/ergodox.o
 .comment       0x0000000000000011       0x12 .build/obj_ergodox_ez_steno/keyboards/ergodox/ez/keymaps/steno/keymap.o
 .comment       0x0000000000000011       0x12 .build/obj_ergodox_ez_steno/quantum/quantum.o
 .comment       0x0000000000000011       0x12 .build/obj_ergodox_ez_steno/quantum/keymap_common.o
 .comment       0x0000000000000011       0x12 .build/obj_ergodox_ez_steno/quantum/keycode_config.o
 .comment       0x0000000000000011       0x12 .build/obj_ergodox_ez_steno/quantum/process_keycode/process_leader.o
 .comment       0x0000000000000011       0x12 .build/obj_ergodox_ez_steno/keyboards/ergodox/ez/ez.o
 .comment       0x0000000000000011       0x12 .build/obj_ergodox_ez_steno/quantum/process_keycode/process_unicode.o
 .comment       0x0000000000000011       0x12 .build/obj_ergodox_ez_steno/common/host.o
 .comment       0x0000000000000011       0x12 .build/obj_ergodox_ez_steno/common/keyboard.o
 .comment       0x0000000000000011       0x12 .build/obj_ergodox_ez_steno/common/action.o
 .comment       0x0000000000000011       0x12 .build/obj_ergodox_ez_steno/common/action_tapping.o
 .comment       0x0000000000000011       0x12 .build/obj_ergodox_ez_steno/common/action_macro.o
 .comment       0x0000000000000011       0x12 .build/obj_ergodox_ez_steno/common/action_layer.o
 .comment       0x0000000000000011       0x12 .build/obj_ergodox_ez_steno/common/action_util.o
 .comment       0x0000000000000011       0x12 .build/obj_ergodox_ez_steno/common/debug.o
 .comment       0x0000000000000011       0x12 .build/obj_ergodox_ez_steno/common/util.o
 .comment       0x0000000000000011       0x12 .build/obj_ergodox_ez_steno/common/eeconfig.o
 .comment       0x0000000000000011       0x12 .build/obj_ergodox_ez_steno/common/avr/suspend.o
 .comment       0x0000000000000011       0x12 .build/obj_ergodox_ez_steno/common/avr/timer.o
 .comment       0x0000000000000011       0x12 .build/obj_ergodox_ez_steno/common/avr/bootloader.o
 .comment       0x0000000000000011       0x12 .build/obj_ergodox_ez_steno/common/magic.o
 .comment       0x0000000000000011       0x12 .build/obj_ergodox_ez_steno/common/command.o
 .comment       0x0000000000000011       0x12 .build/obj_ergodox_ez_steno/lufa.o
 .comment       0x0000000000000011       0x12 .build/obj_ergodox_ez_steno/descriptor.o
 .comment       0x0000000000000011       0x12 .build/obj_ergodox_ez_steno/protocol/lufa/LUFA-git/LUFA/Drivers/USB/Core/AVR8/Device_AVR8.o
 .comment       0x0000000000000011       0x12 .build/obj_ergodox_ez_steno/protocol/lufa/LUFA-git/LUFA/Drivers/USB/Core/AVR8/EndpointStream_AVR8.o
 .comment       0x0000000000000011       0x12 .build/obj_ergodox_ez_steno/protocol/lufa/LUFA-git/LUFA/Drivers/USB/Core/AVR8/Endpoint_AVR8.o
 .comment       0x0000000000000011       0x12 .build/obj_ergodox_ez_steno/protocol/lufa/LUFA-git/LUFA/Drivers/USB/Core/AVR8/USBController_AVR8.o
 .comment       0x0000000000000011       0x12 .build/obj_ergodox_ez_steno/protocol/lufa/LUFA-git/LUFA/Drivers/USB/Core/AVR8/USBInterrupt_AVR8.o
 .comment       0x0000000000000011       0x12 .build/obj_ergodox_ez_steno/protocol/lufa/LUFA-git/LUFA/Drivers/USB/Core/DeviceStandardReq.o
 .comment       0x0000000000000011       0x12 .build/obj_ergodox_ez_steno/protocol/lufa/LUFA-git/LUFA/Drivers/USB/Core/Events.o
 .comment       0x0000000000000011       0x12 .build/obj_ergodox_ez_steno/protocol/lufa/LUFA-git/LUFA/Drivers/USB/Core/USBTask.o
 .comment       0x0000000000000011       0x12 .build/obj_ergodox_ez_steno/protocol/lufa/LUFA-git/LUFA/Drivers/USB/Class/Device/CDCClassDevice.o

.note.gnu.avr.deviceinfo
                0x0000000000000000       0x40
 .note.gnu.avr.deviceinfo
                0x0000000000000000       0x40 /usr/lib/gcc/avr/4.9.2/../../../avr/lib/avr5/crtatmega32u4.o

.note.gnu.build-id
 *(.note.gnu.build-id)

.debug
 *(.debug)

.line
 *(.line)

.debug_srcinfo
 *(.debug_srcinfo)

.debug_sfnames
 *(.debug_sfnames)

.debug_aranges  0x0000000000000000      0xbc8
 *(.debug_aranges)
 .debug_aranges
                0x0000000000000000       0x58 .build/obj_ergodox_ez_steno/twimaster.o
 .debug_aranges
                0x0000000000000058       0x98 .build/obj_ergodox_ez_steno/matrix.o
 .debug_aranges
                0x00000000000000f0       0x18 .build/obj_ergodox_ez_steno/keyboards/ergodox/ergodox.o
 .debug_aranges
                0x0000000000000108       0x40 .build/obj_ergodox_ez_steno/keyboards/ergodox/ez/keymaps/steno/keymap.o
 .debug_aranges
                0x0000000000000148       0xc0 .build/obj_ergodox_ez_steno/quantum/quantum.o
 .debug_aranges
                0x0000000000000208       0x38 .build/obj_ergodox_ez_steno/quantum/keymap_common.o
 .debug_aranges
                0x0000000000000240       0x20 .build/obj_ergodox_ez_steno/quantum/keycode_config.o
 .debug_aranges
                0x0000000000000260       0x30 .build/obj_ergodox_ez_steno/quantum/process_keycode/process_leader.o
 .debug_aranges
                0x0000000000000290       0x30 .build/obj_ergodox_ez_steno/keyboards/ergodox/ez/ez.o
 .debug_aranges
                0x00000000000002c0       0x50 .build/obj_ergodox_ez_steno/quantum/process_keycode/process_unicode.o
 .debug_aranges
                0x0000000000000310       0x60 .build/obj_ergodox_ez_steno/common/host.o
 .debug_aranges
                0x0000000000000370       0x40 .build/obj_ergodox_ez_steno/common/keyboard.o
 .debug_aranges
                0x00000000000003b0       0x98 .build/obj_ergodox_ez_steno/common/action.o
 .debug_aranges
                0x0000000000000448       0x40 .build/obj_ergodox_ez_steno/common/action_tapping.o
 .debug_aranges
                0x0000000000000488       0x20 .build/obj_ergodox_ez_steno/common/action_macro.o
 .debug_aranges
                0x00000000000004a8       0xa0 .build/obj_ergodox_ez_steno/common/action_layer.o
 .debug_aranges
                0x0000000000000548      0x128 .build/obj_ergodox_ez_steno/common/action_util.o
 .debug_aranges
                0x0000000000000670       0x18 .build/obj_ergodox_ez_steno/common/debug.o
 .debug_aranges
                0x0000000000000688       0x60 .build/obj_ergodox_ez_steno/common/util.o
 .debug_aranges
                0x00000000000006e8       0x68 .build/obj_ergodox_ez_steno/common/eeconfig.o
 .debug_aranges
                0x0000000000000750       0x50 .build/obj_ergodox_ez_steno/common/avr/suspend.o
 .debug_aranges
                0x00000000000007a0       0x50 .build/obj_ergodox_ez_steno/common/avr/timer.o
 .debug_aranges
                0x00000000000007f0       0x28 .build/obj_ergodox_ez_steno/common/avr/bootloader.o
 .debug_aranges
                0x0000000000000818       0x20 .build/obj_ergodox_ez_steno/common/magic.o
 .debug_aranges
                0x0000000000000838       0x40 .build/obj_ergodox_ez_steno/common/command.o
 .debug_aranges
                0x0000000000000878       0xa8 .build/obj_ergodox_ez_steno/lufa.o
 .debug_aranges
                0x0000000000000920       0x20 .build/obj_ergodox_ez_steno/descriptor.o
 .debug_aranges
                0x0000000000000940       0x20 .build/obj_ergodox_ez_steno/protocol/lufa/LUFA-git/LUFA/Drivers/USB/Core/AVR8/Device_AVR8.o
 .debug_aranges
                0x0000000000000960       0xc8 .build/obj_ergodox_ez_steno/protocol/lufa/LUFA-git/LUFA/Drivers/USB/Core/AVR8/EndpointStream_AVR8.o
 .debug_aranges
                0x0000000000000a28       0x40 .build/obj_ergodox_ez_steno/protocol/lufa/LUFA-git/LUFA/Drivers/USB/Core/AVR8/Endpoint_AVR8.o
 .debug_aranges
                0x0000000000000a68       0x30 .build/obj_ergodox_ez_steno/protocol/lufa/LUFA-git/LUFA/Drivers/USB/Core/AVR8/USBController_AVR8.o
 .debug_aranges
                0x0000000000000a98       0x38 .build/obj_ergodox_ez_steno/protocol/lufa/LUFA-git/LUFA/Drivers/USB/Core/AVR8/USBInterrupt_AVR8.o
 .debug_aranges
                0x0000000000000ad0       0x20 .build/obj_ergodox_ez_steno/protocol/lufa/LUFA-git/LUFA/Drivers/USB/Core/DeviceStandardReq.o
 .debug_aranges
                0x0000000000000af0       0x20 .build/obj_ergodox_ez_steno/protocol/lufa/LUFA-git/LUFA/Drivers/USB/Core/Events.o
 .debug_aranges
                0x0000000000000b10       0x20 .build/obj_ergodox_ez_steno/protocol/lufa/LUFA-git/LUFA/Drivers/USB/Core/USBTask.o
 .debug_aranges
                0x0000000000000b30       0x98 .build/obj_ergodox_ez_steno/protocol/lufa/LUFA-git/LUFA/Drivers/USB/Class/Device/CDCClassDevice.o

.debug_pubnames
 *(.debug_pubnames)

.debug_info     0x0000000000000000    0x12a7c
 *(.debug_info .gnu.linkonce.wi.*)
 .debug_info    0x0000000000000000      0x1be .build/obj_ergodox_ez_steno/twimaster.o
 .debug_info    0x00000000000001be      0x6de .build/obj_ergodox_ez_steno/matrix.o
 .debug_info    0x000000000000089c       0xe5 .build/obj_ergodox_ez_steno/keyboards/ergodox/ergodox.o
 .debug_info    0x0000000000000981      0xf18 .build/obj_ergodox_ez_steno/keyboards/ergodox/ez/keymaps/steno/keymap.o
 .debug_info    0x0000000000001899     0x1505 .build/obj_ergodox_ez_steno/quantum/quantum.o
 .debug_info    0x0000000000002d9e     0x121d .build/obj_ergodox_ez_steno/quantum/keymap_common.o
 .debug_info    0x0000000000003fbb      0x5ec .build/obj_ergodox_ez_steno/quantum/keycode_config.o
 .debug_info    0x00000000000045a7      0x5d2 .build/obj_ergodox_ez_steno/quantum/process_keycode/process_leader.o
 .debug_info    0x0000000000004b79      0x5d2 .build/obj_ergodox_ez_steno/keyboards/ergodox/ez/ez.o
 .debug_info    0x000000000000514b      0xc9b .build/obj_ergodox_ez_steno/quantum/process_keycode/process_unicode.o
 .debug_info    0x0000000000005de6      0x4a9 .build/obj_ergodox_ez_steno/common/host.o
 .debug_info    0x000000000000628f      0x422 .build/obj_ergodox_ez_steno/common/keyboard.o
 .debug_info    0x00000000000066b1     0x19b0 .build/obj_ergodox_ez_steno/common/action.o
 .debug_info    0x0000000000008061      0xe54 .build/obj_ergodox_ez_steno/common/action_tapping.o
 .debug_info    0x0000000000008eb5      0x83e .build/obj_ergodox_ez_steno/common/action_macro.o
 .debug_info    0x00000000000096f3      0x8ef .build/obj_ergodox_ez_steno/common/action_layer.o
 .debug_info    0x0000000000009fe2      0x9a2 .build/obj_ergodox_ez_steno/common/action_util.o
 .debug_info    0x000000000000a984       0xfc .build/obj_ergodox_ez_steno/common/debug.o
 .debug_info    0x000000000000aa80      0x29b .build/obj_ergodox_ez_steno/common/util.o
 .debug_info    0x000000000000ad1b      0x3cb .build/obj_ergodox_ez_steno/common/eeconfig.o
 .debug_info    0x000000000000b0e6      0x2fc .build/obj_ergodox_ez_steno/common/avr/suspend.o
 .debug_info    0x000000000000b3e2      0x204 .build/obj_ergodox_ez_steno/common/avr/timer.o
 .debug_info    0x000000000000b5e6      0x204 .build/obj_ergodox_ez_steno/common/avr/bootloader.o
 .debug_info    0x000000000000b7ea      0x2b3 .build/obj_ergodox_ez_steno/common/magic.o
 .debug_info    0x000000000000ba9d      0xa08 .build/obj_ergodox_ez_steno/common/command.o
 .debug_info    0x000000000000c4a5     0x154e .build/obj_ergodox_ez_steno/lufa.o
 .debug_info    0x000000000000d9f3      0x97e .build/obj_ergodox_ez_steno/descriptor.o
 .debug_info    0x000000000000e371       0xd2 .build/obj_ergodox_ez_steno/protocol/lufa/LUFA-git/LUFA/Drivers/USB/Core/AVR8/Device_AVR8.o
 .debug_info    0x000000000000e443     0x17d6 .build/obj_ergodox_ez_steno/protocol/lufa/LUFA-git/LUFA/Drivers/USB/Core/AVR8/EndpointStream_AVR8.o
 .debug_info    0x000000000000fc19      0x614 .build/obj_ergodox_ez_steno/protocol/lufa/LUFA-git/LUFA/Drivers/USB/Core/AVR8/Endpoint_AVR8.o
 .debug_info    0x000000000001022d      0x4cb .build/obj_ergodox_ez_steno/protocol/lufa/LUFA-git/LUFA/Drivers/USB/Core/AVR8/USBController_AVR8.o
 .debug_info    0x00000000000106f8      0x7c8 .build/obj_ergodox_ez_steno/protocol/lufa/LUFA-git/LUFA/Drivers/USB/Core/AVR8/USBInterrupt_AVR8.o
 .debug_info    0x0000000000010ec0      0xa57 .build/obj_ergodox_ez_steno/protocol/lufa/LUFA-git/LUFA/Drivers/USB/Core/DeviceStandardReq.o
 .debug_info    0x0000000000011917       0x78 .build/obj_ergodox_ez_steno/protocol/lufa/LUFA-git/LUFA/Drivers/USB/Core/Events.o
 .debug_info    0x000000000001198f      0x26b .build/obj_ergodox_ez_steno/protocol/lufa/LUFA-git/LUFA/Drivers/USB/Core/USBTask.o
 .debug_info    0x0000000000011bfa      0xe82 .build/obj_ergodox_ez_steno/protocol/lufa/LUFA-git/LUFA/Drivers/USB/Class/Device/CDCClassDevice.o

.debug_abbrev   0x0000000000000000     0x461f
 *(.debug_abbrev)
 .debug_abbrev  0x0000000000000000       0xe8 .build/obj_ergodox_ez_steno/twimaster.o
 .debug_abbrev  0x00000000000000e8      0x2ef .build/obj_ergodox_ez_steno/matrix.o
 .debug_abbrev  0x00000000000003d7       0x91 .build/obj_ergodox_ez_steno/keyboards/ergodox/ergodox.o
 .debug_abbrev  0x0000000000000468      0x22c .build/obj_ergodox_ez_steno/keyboards/ergodox/ez/keymaps/steno/keymap.o
 .debug_abbrev  0x0000000000000694      0x3b7 .build/obj_ergodox_ez_steno/quantum/quantum.o
 .debug_abbrev  0x0000000000000a4b      0x299 .build/obj_ergodox_ez_steno/quantum/keymap_common.o
 .debug_abbrev  0x0000000000000ce4       0xd0 .build/obj_ergodox_ez_steno/quantum/keycode_config.o
 .debug_abbrev  0x0000000000000db4      0x150 .build/obj_ergodox_ez_steno/quantum/process_keycode/process_leader.o
 .debug_abbrev  0x0000000000000f04      0x1ce .build/obj_ergodox_ez_steno/keyboards/ergodox/ez/ez.o
 .debug_abbrev  0x00000000000010d2      0x260 .build/obj_ergodox_ez_steno/quantum/process_keycode/process_unicode.o
 .debug_abbrev  0x0000000000001332      0x183 .build/obj_ergodox_ez_steno/common/host.o
 .debug_abbrev  0x00000000000014b5      0x23d .build/obj_ergodox_ez_steno/common/keyboard.o
 .debug_abbrev  0x00000000000016f2      0x372 .build/obj_ergodox_ez_steno/common/action.o
 .debug_abbrev  0x0000000000001a64      0x2d7 .build/obj_ergodox_ez_steno/common/action_tapping.o
 .debug_abbrev  0x0000000000001d3b      0x192 .build/obj_ergodox_ez_steno/common/action_macro.o
 .debug_abbrev  0x0000000000001ecd      0x243 .build/obj_ergodox_ez_steno/common/action_layer.o
 .debug_abbrev  0x0000000000002110      0x30e .build/obj_ergodox_ez_steno/common/action_util.o
 .debug_abbrev  0x000000000000241e       0x87 .build/obj_ergodox_ez_steno/common/debug.o
 .debug_abbrev  0x00000000000024a5       0xcb .build/obj_ergodox_ez_steno/common/util.o
 .debug_abbrev  0x0000000000002570       0xef .build/obj_ergodox_ez_steno/common/eeconfig.o
 .debug_abbrev  0x000000000000265f      0x204 .build/obj_ergodox_ez_steno/common/avr/suspend.o
 .debug_abbrev  0x0000000000002863      0x11e .build/obj_ergodox_ez_steno/common/avr/timer.o
 .debug_abbrev  0x0000000000002981      0x15c .build/obj_ergodox_ez_steno/common/avr/bootloader.o
 .debug_abbrev  0x0000000000002add      0x123 .build/obj_ergodox_ez_steno/common/magic.o
 .debug_abbrev  0x0000000000002c00      0x291 .build/obj_ergodox_ez_steno/common/command.o
 .debug_abbrev  0x0000000000002e91      0x51a .build/obj_ergodox_ez_steno/lufa.o
 .debug_abbrev  0x00000000000033ab      0x177 .build/obj_ergodox_ez_steno/descriptor.o
 .debug_abbrev  0x0000000000003522       0x80 .build/obj_ergodox_ez_steno/protocol/lufa/LUFA-git/LUFA/Drivers/USB/Core/AVR8/Device_AVR8.o
 .debug_abbrev  0x00000000000035a2      0x204 .build/obj_ergodox_ez_steno/protocol/lufa/LUFA-git/LUFA/Drivers/USB/Core/AVR8/EndpointStream_AVR8.o
 .debug_abbrev  0x00000000000037a6      0x213 .build/obj_ergodox_ez_steno/protocol/lufa/LUFA-git/LUFA/Drivers/USB/Core/AVR8/Endpoint_AVR8.o
 .debug_abbrev  0x00000000000039b9      0x196 .build/obj_ergodox_ez_steno/protocol/lufa/LUFA-git/LUFA/Drivers/USB/Core/AVR8/USBController_AVR8.o
 .debug_abbrev  0x0000000000003b4f      0x23e .build/obj_ergodox_ez_steno/protocol/lufa/LUFA-git/LUFA/Drivers/USB/Core/AVR8/USBInterrupt_AVR8.o
 .debug_abbrev  0x0000000000003d8d      0x2c9 .build/obj_ergodox_ez_steno/protocol/lufa/LUFA-git/LUFA/Drivers/USB/Core/DeviceStandardReq.o
 .debug_abbrev  0x0000000000004056       0x44 .build/obj_ergodox_ez_steno/protocol/lufa/LUFA-git/LUFA/Drivers/USB/Core/Events.o
 .debug_abbrev  0x000000000000409a      0x168 .build/obj_ergodox_ez_steno/protocol/lufa/LUFA-git/LUFA/Drivers/USB/Core/USBTask.o
 .debug_abbrev  0x0000000000004202      0x41d .build/obj_ergodox_ez_steno/protocol/lufa/LUFA-git/LUFA/Drivers/USB/Class/Device/CDCClassDevice.o

.debug_line     0x0000000000000000     0x5972
 *(.debug_line .debug_line.* .debug_line_end)
 .debug_line    0x0000000000000000      0x153 .build/obj_ergodox_ez_steno/twimaster.o
 .debug_line    0x0000000000000153      0x2d2 .build/obj_ergodox_ez_steno/matrix.o
 .debug_line    0x0000000000000425       0xbf .build/obj_ergodox_ez_steno/keyboards/ergodox/ergodox.o
 .debug_line    0x00000000000004e4      0x1df .build/obj_ergodox_ez_steno/keyboards/ergodox/ez/keymaps/steno/keymap.o
 .debug_line    0x00000000000006c3      0x3c2 .build/obj_ergodox_ez_steno/quantum/quantum.o
 .debug_line    0x0000000000000a85      0x214 .build/obj_ergodox_ez_steno/quantum/keymap_common.o
 .debug_line    0x0000000000000c99       0xc1 .build/obj_ergodox_ez_steno/quantum/keycode_config.o
 .debug_line    0x0000000000000d5a      0x144 .build/obj_ergodox_ez_steno/quantum/process_keycode/process_leader.o
 .debug_line    0x0000000000000e9e      0x191 .build/obj_ergodox_ez_steno/keyboards/ergodox/ez/ez.o
 .debug_line    0x000000000000102f      0x1ce .build/obj_ergodox_ez_steno/quantum/process_keycode/process_unicode.o
 .debug_line    0x00000000000011fd      0x162 .build/obj_ergodox_ez_steno/common/host.o
 .debug_line    0x000000000000135f      0x180 .build/obj_ergodox_ez_steno/common/keyboard.o
 .debug_line    0x00000000000014df      0x452 .build/obj_ergodox_ez_steno/common/action.o
 .debug_line    0x0000000000001931      0x28a .build/obj_ergodox_ez_steno/common/action_tapping.o
 .debug_line    0x0000000000001bbb      0x153 .build/obj_ergodox_ez_steno/common/action_macro.o
 .debug_line    0x0000000000001d0e      0x201 .build/obj_ergodox_ez_steno/common/action_layer.o
 .debug_line    0x0000000000001f0f      0x3c0 .build/obj_ergodox_ez_steno/common/action_util.o
 .debug_line    0x00000000000022cf       0x63 .build/obj_ergodox_ez_steno/common/debug.o
 .debug_line    0x0000000000002332      0x175 .build/obj_ergodox_ez_steno/common/util.o
 .debug_line    0x00000000000024a7      0x123 .build/obj_ergodox_ez_steno/common/eeconfig.o
 .debug_line    0x00000000000025ca      0x1f4 .build/obj_ergodox_ez_steno/common/avr/suspend.o
 .debug_line    0x00000000000027be      0x107 .build/obj_ergodox_ez_steno/common/avr/timer.o
 .debug_line    0x00000000000028c5      0x197 .build/obj_ergodox_ez_steno/common/avr/bootloader.o
 .debug_line    0x0000000000002a5c       0xfb .build/obj_ergodox_ez_steno/common/magic.o
 .debug_line    0x0000000000002b57      0x237 .build/obj_ergodox_ez_steno/common/command.o
 .debug_line    0x0000000000002d8e      0x700 .build/obj_ergodox_ez_steno/lufa.o
 .debug_line    0x000000000000348e      0x1d0 .build/obj_ergodox_ez_steno/descriptor.o
 .debug_line    0x000000000000365e      0x120 .build/obj_ergodox_ez_steno/protocol/lufa/LUFA-git/LUFA/Drivers/USB/Core/AVR8/Device_AVR8.o
 .debug_line    0x000000000000377e      0xb6b .build/obj_ergodox_ez_steno/protocol/lufa/LUFA-git/LUFA/Drivers/USB/Core/AVR8/EndpointStream_AVR8.o
 .debug_line    0x00000000000042e9      0x3d3 .build/obj_ergodox_ez_steno/protocol/lufa/LUFA-git/LUFA/Drivers/USB/Core/AVR8/Endpoint_AVR8.o
 .debug_line    0x00000000000046bc      0x2de .build/obj_ergodox_ez_steno/protocol/lufa/LUFA-git/LUFA/Drivers/USB/Core/AVR8/USBController_AVR8.o
 .debug_line    0x000000000000499a      0x4ae .build/obj_ergodox_ez_steno/protocol/lufa/LUFA-git/LUFA/Drivers/USB/Core/AVR8/USBInterrupt_AVR8.o
 .debug_line    0x0000000000004e48      0x369 .build/obj_ergodox_ez_steno/protocol/lufa/LUFA-git/LUFA/Drivers/USB/Core/DeviceStandardReq.o
 .debug_line    0x00000000000051b1       0x6d .build/obj_ergodox_ez_steno/protocol/lufa/LUFA-git/LUFA/Drivers/USB/Core/Events.o
 .debug_line    0x000000000000521e      0x187 .build/obj_ergodox_ez_steno/protocol/lufa/LUFA-git/LUFA/Drivers/USB/Core/USBTask.o
 .debug_line    0x00000000000053a5      0x5cd .build/obj_ergodox_ez_steno/protocol/lufa/LUFA-git/LUFA/Drivers/USB/Class/Device/CDCClassDevice.o

.debug_frame    0x0000000000000000     0x1c2c
 *(.debug_frame)
 .debug_frame   0x0000000000000000       0x94 .build/obj_ergodox_ez_steno/twimaster.o
 .debug_frame   0x0000000000000094      0x164 .build/obj_ergodox_ez_steno/matrix.o
 .debug_frame   0x00000000000001f8       0x78 .build/obj_ergodox_ez_steno/keyboards/ergodox/ez/keymaps/steno/keymap.o
 .debug_frame   0x0000000000000270      0x1f8 .build/obj_ergodox_ez_steno/quantum/quantum.o
 .debug_frame   0x0000000000000468       0x54 .build/obj_ergodox_ez_steno/quantum/keymap_common.o
 .debug_frame   0x00000000000004bc       0x24 .build/obj_ergodox_ez_steno/quantum/keycode_config.o
 .debug_frame   0x00000000000004e0       0x58 .build/obj_ergodox_ez_steno/quantum/process_keycode/process_leader.o
 .debug_frame   0x0000000000000538       0x44 .build/obj_ergodox_ez_steno/keyboards/ergodox/ez/ez.o
 .debug_frame   0x000000000000057c       0xb0 .build/obj_ergodox_ez_steno/quantum/process_keycode/process_unicode.o
 .debug_frame   0x000000000000062c       0xa4 .build/obj_ergodox_ez_steno/common/host.o
 .debug_frame   0x00000000000006d0       0x9c .build/obj_ergodox_ez_steno/common/keyboard.o
 .debug_frame   0x000000000000076c      0x1c0 .build/obj_ergodox_ez_steno/common/action.o
 .debug_frame   0x000000000000092c       0xc8 .build/obj_ergodox_ez_steno/common/action_tapping.o
 .debug_frame   0x00000000000009f4       0x48 .build/obj_ergodox_ez_steno/common/action_macro.o
 .debug_frame   0x0000000000000a3c      0x1a8 .build/obj_ergodox_ez_steno/common/action_layer.o
 .debug_frame   0x0000000000000be4      0x240 .build/obj_ergodox_ez_steno/common/action_util.o
 .debug_frame   0x0000000000000e24      0x11c .build/obj_ergodox_ez_steno/common/util.o
 .debug_frame   0x0000000000000f40       0xb4 .build/obj_ergodox_ez_steno/common/eeconfig.o
 .debug_frame   0x0000000000000ff4       0xb0 .build/obj_ergodox_ez_steno/common/avr/suspend.o
 .debug_frame   0x00000000000010a4       0xf0 .build/obj_ergodox_ez_steno/common/avr/timer.o
 .debug_frame   0x0000000000001194       0x34 .build/obj_ergodox_ez_steno/common/avr/bootloader.o
 .debug_frame   0x00000000000011c8       0x24 .build/obj_ergodox_ez_steno/common/magic.o
 .debug_frame   0x00000000000011ec       0x78 .build/obj_ergodox_ez_steno/common/command.o
 .debug_frame   0x0000000000001264      0x170 .build/obj_ergodox_ez_steno/lufa.o
 .debug_frame   0x00000000000013d4       0x24 .build/obj_ergodox_ez_steno/descriptor.o
 .debug_frame   0x00000000000013f8       0x24 .build/obj_ergodox_ez_steno/protocol/lufa/LUFA-git/LUFA/Drivers/USB/Core/AVR8/Device_AVR8.o
 .debug_frame   0x000000000000141c      0x42c .build/obj_ergodox_ez_steno/protocol/lufa/LUFA-git/LUFA/Drivers/USB/Core/AVR8/EndpointStream_AVR8.o
 .debug_frame   0x0000000000001848       0x88 .build/obj_ergodox_ez_steno/protocol/lufa/LUFA-git/LUFA/Drivers/USB/Core/AVR8/Endpoint_AVR8.o
 .debug_frame   0x00000000000018d0       0x5c .build/obj_ergodox_ez_steno/protocol/lufa/LUFA-git/LUFA/Drivers/USB/Core/AVR8/USBController_AVR8.o
 .debug_frame   0x000000000000192c      0x108 .build/obj_ergodox_ez_steno/protocol/lufa/LUFA-git/LUFA/Drivers/USB/Core/AVR8/USBInterrupt_AVR8.o
 .debug_frame   0x0000000000001a34       0x3c .build/obj_ergodox_ez_steno/protocol/lufa/LUFA-git/LUFA/Drivers/USB/Core/DeviceStandardReq.o
 .debug_frame   0x0000000000001a70       0x24 .build/obj_ergodox_ez_steno/protocol/lufa/LUFA-git/LUFA/Drivers/USB/Core/Events.o
 .debug_frame   0x0000000000001a94       0x2c .build/obj_ergodox_ez_steno/protocol/lufa/LUFA-git/LUFA/Drivers/USB/Core/USBTask.o
 .debug_frame   0x0000000000001ac0      0x16c .build/obj_ergodox_ez_steno/protocol/lufa/LUFA-git/LUFA/Drivers/USB/Class/Device/CDCClassDevice.o

.debug_str      0x0000000000000000     0x4ba5
 *(.debug_str)
 .debug_str     0x0000000000000000      0x1c4 .build/obj_ergodox_ez_steno/twimaster.o
                                        0x1fd (size before relaxing)
 .debug_str     0x00000000000001c4      0x20e .build/obj_ergodox_ez_steno/matrix.o
                                        0x3cf (size before relaxing)
 .debug_str     0x00000000000003d2       0x36 .build/obj_ergodox_ez_steno/keyboards/ergodox/ergodox.o
                                        0x1c9 (size before relaxing)
 .debug_str     0x0000000000000408     0x10a3 .build/obj_ergodox_ez_steno/keyboards/ergodox/ez/keymaps/steno/keymap.o
                                       0x12b7 (size before relaxing)
 .debug_str     0x00000000000014ab      0x36a .build/obj_ergodox_ez_steno/quantum/quantum.o
                                       0x10e4 (size before relaxing)
 .debug_str     0x0000000000001815      0x1b5 .build/obj_ergodox_ez_steno/quantum/keymap_common.o
                                       0x1363 (size before relaxing)
 .debug_str     0x00000000000019ca       0x19 .build/obj_ergodox_ez_steno/quantum/keycode_config.o
                                        0x7fc (size before relaxing)
 .debug_str     0x00000000000019e3       0x93 .build/obj_ergodox_ez_steno/quantum/process_keycode/process_leader.o
                                        0x77d (size before relaxing)
 .debug_str     0x0000000000001a76       0xb1 .build/obj_ergodox_ez_steno/keyboards/ergodox/ez/ez.o
                                        0x39f (size before relaxing)
 .debug_str     0x0000000000001b27       0xad .build/obj_ergodox_ez_steno/quantum/process_keycode/process_unicode.o
                                        0xdd0 (size before relaxing)
 .debug_str     0x0000000000001bd4      0x12f .build/obj_ergodox_ez_steno/common/host.o
                                        0x36c (size before relaxing)
 .debug_str     0x0000000000001d03       0xc4 .build/obj_ergodox_ez_steno/common/keyboard.o
                                        0x32f (size before relaxing)
 .debug_str     0x0000000000001dc7      0x3c6 .build/obj_ergodox_ez_steno/common/action.o
                                       0x12cc (size before relaxing)
 .debug_str     0x000000000000218d       0xe8 .build/obj_ergodox_ez_steno/common/action_tapping.o
                                        0xb03 (size before relaxing)
 .debug_str     0x0000000000002275       0x7f .build/obj_ergodox_ez_steno/common/action_macro.o
                                        0x887 (size before relaxing)
 .debug_str     0x00000000000022f4       0x66 .build/obj_ergodox_ez_steno/common/action_layer.o
                                        0x43b (size before relaxing)
 .debug_str     0x000000000000235a      0x17f .build/obj_ergodox_ez_steno/common/action_util.o
                                        0x5fc (size before relaxing)
 .debug_str     0x00000000000024d9       0x1a .build/obj_ergodox_ez_steno/common/debug.o
                                        0x1d1 (size before relaxing)
 .debug_str     0x00000000000024f3       0x43 .build/obj_ergodox_ez_steno/common/util.o
                                        0x1e7 (size before relaxing)
 .debug_str     0x0000000000002536       0xea .build/obj_ergodox_ez_steno/common/eeconfig.o
                                        0x2b6 (size before relaxing)
 .debug_str     0x0000000000002620      0x159 .build/obj_ergodox_ez_steno/common/avr/suspend.o
                                        0x370 (size before relaxing)
 .debug_str     0x0000000000002779       0x5d .build/obj_ergodox_ez_steno/common/avr/timer.o
                                        0x20e (size before relaxing)
 .debug_str     0x00000000000027d6       0x6f .build/obj_ergodox_ez_steno/common/avr/bootloader.o
                                        0x27b (size before relaxing)
 .debug_str     0x0000000000002845       0x1a .build/obj_ergodox_ez_steno/common/magic.o
                                        0x328 (size before relaxing)
 .debug_str     0x000000000000285f       0xa5 .build/obj_ergodox_ez_steno/common/command.o
                                        0x9af (size before relaxing)
 .debug_str     0x0000000000002904      0x6d7 .build/obj_ergodox_ez_steno/lufa.o
                                        0xbce (size before relaxing)
 .debug_str     0x0000000000002fdb      0x9e9 .build/obj_ergodox_ez_steno/descriptor.o
                                        0xc03 (size before relaxing)
 .debug_str     0x00000000000039c4       0x77 .build/obj_ergodox_ez_steno/protocol/lufa/LUFA-git/LUFA/Drivers/USB/Core/AVR8/Device_AVR8.o
                                        0x211 (size before relaxing)
 .debug_str     0x0000000000003a3b      0x4d5 .build/obj_ergodox_ez_steno/protocol/lufa/LUFA-git/LUFA/Drivers/USB/Core/AVR8/EndpointStream_AVR8.o
                                        0x873 (size before relaxing)
 .debug_str     0x0000000000003f10      0x224 .build/obj_ergodox_ez_steno/protocol/lufa/LUFA-git/LUFA/Drivers/USB/Core/AVR8/Endpoint_AVR8.o
                                        0x633 (size before relaxing)
 .debug_str     0x0000000000004134      0x1d9 .build/obj_ergodox_ez_steno/protocol/lufa/LUFA-git/LUFA/Drivers/USB/Core/AVR8/USBController_AVR8.o
                                        0x572 (size before relaxing)
 .debug_str     0x000000000000430d      0x143 .build/obj_ergodox_ez_steno/protocol/lufa/LUFA-git/LUFA/Drivers/USB/Core/AVR8/USBInterrupt_AVR8.o
                                        0x5f1 (size before relaxing)
 .debug_str     0x0000000000004450      0x413 .build/obj_ergodox_ez_steno/protocol/lufa/LUFA-git/LUFA/Drivers/USB/Core/DeviceStandardReq.o
                                        0x9e5 (size before relaxing)
 .debug_str     0x0000000000004863       0x50 .build/obj_ergodox_ez_steno/protocol/lufa/LUFA-git/LUFA/Drivers/USB/Core/Events.o
                                        0x1b7 (size before relaxing)
 .debug_str     0x00000000000048b3       0x5e .build/obj_ergodox_ez_steno/protocol/lufa/LUFA-git/LUFA/Drivers/USB/Core/USBTask.o
                                        0x398 (size before relaxing)
 .debug_str     0x0000000000004911      0x294 .build/obj_ergodox_ez_steno/protocol/lufa/LUFA-git/LUFA/Drivers/USB/Class/Device/CDCClassDevice.o
                                        0xa22 (size before relaxing)

.debug_loc      0x0000000000000000     0x7b72
 *(.debug_loc)
 .debug_loc     0x0000000000000000      0x109 .build/obj_ergodox_ez_steno/twimaster.o
 .debug_loc     0x0000000000000109      0x350 .build/obj_ergodox_ez_steno/matrix.o
 .debug_loc     0x0000000000000459      0x186 .build/obj_ergodox_ez_steno/keyboards/ergodox/ez/keymaps/steno/keymap.o
 .debug_loc     0x00000000000005df      0x6a2 .build/obj_ergodox_ez_steno/quantum/quantum.o
 .debug_loc     0x0000000000000c81      0x43c .build/obj_ergodox_ez_steno/quantum/keymap_common.o
 .debug_loc     0x00000000000010bd      0x116 .build/obj_ergodox_ez_steno/quantum/keycode_config.o
 .debug_loc     0x00000000000011d3       0xf2 .build/obj_ergodox_ez_steno/quantum/process_keycode/process_leader.o
 .debug_loc     0x00000000000012c5       0x48 .build/obj_ergodox_ez_steno/keyboards/ergodox/ez/ez.o
 .debug_loc     0x000000000000130d      0x1a7 .build/obj_ergodox_ez_steno/quantum/process_keycode/process_unicode.o
 .debug_loc     0x00000000000014b4       0xd8 .build/obj_ergodox_ez_steno/common/host.o
 .debug_loc     0x000000000000158c      0x18b .build/obj_ergodox_ez_steno/common/keyboard.o
 .debug_loc     0x0000000000001717      0x9c3 .build/obj_ergodox_ez_steno/common/action.o
 .debug_loc     0x00000000000020da      0x63e .build/obj_ergodox_ez_steno/common/action_tapping.o
 .debug_loc     0x0000000000002718      0x4f9 .build/obj_ergodox_ez_steno/common/action_macro.o
 .debug_loc     0x0000000000002c11      0x725 .build/obj_ergodox_ez_steno/common/action_layer.o
 .debug_loc     0x0000000000003336      0x361 .build/obj_ergodox_ez_steno/common/action_util.o
 .debug_loc     0x0000000000003697      0x524 .build/obj_ergodox_ez_steno/common/util.o
 .debug_loc     0x0000000000003bbb       0x84 .build/obj_ergodox_ez_steno/common/eeconfig.o
 .debug_loc     0x0000000000003c3f       0xc5 .build/obj_ergodox_ez_steno/common/avr/suspend.o
 .debug_loc     0x0000000000003d04      0x20a .build/obj_ergodox_ez_steno/common/avr/timer.o
 .debug_loc     0x0000000000003f0e       0x2a .build/obj_ergodox_ez_steno/common/magic.o
 .debug_loc     0x0000000000003f38      0x27d .build/obj_ergodox_ez_steno/common/command.o
 .debug_loc     0x00000000000041b5      0x5e9 .build/obj_ergodox_ez_steno/lufa.o
 .debug_loc     0x000000000000479e      0x20a .build/obj_ergodox_ez_steno/descriptor.o
 .debug_loc     0x00000000000049a8     0x1ea0 .build/obj_ergodox_ez_steno/protocol/lufa/LUFA-git/LUFA/Drivers/USB/Core/AVR8/EndpointStream_AVR8.o
 .debug_loc     0x0000000000006848      0x3df .build/obj_ergodox_ez_steno/protocol/lufa/LUFA-git/LUFA/Drivers/USB/Core/AVR8/Endpoint_AVR8.o
 .debug_loc     0x0000000000006c27       0x49 .build/obj_ergodox_ez_steno/protocol/lufa/LUFA-git/LUFA/Drivers/USB/Core/AVR8/USBController_AVR8.o
 .debug_loc     0x0000000000006c70      0x363 .build/obj_ergodox_ez_steno/protocol/lufa/LUFA-git/LUFA/Drivers/USB/Core/AVR8/USBInterrupt_AVR8.o
 .debug_loc     0x0000000000006fd3      0x2e7 .build/obj_ergodox_ez_steno/protocol/lufa/LUFA-git/LUFA/Drivers/USB/Core/DeviceStandardReq.o
 .debug_loc     0x00000000000072ba       0x49 .build/obj_ergodox_ez_steno/protocol/lufa/LUFA-git/LUFA/Drivers/USB/Core/USBTask.o
 .debug_loc     0x0000000000007303      0x86f .build/obj_ergodox_ez_steno/protocol/lufa/LUFA-git/LUFA/Drivers/USB/Class/Device/CDCClassDevice.o

.debug_macinfo
 *(.debug_macinfo)

.debug_weaknames
 *(.debug_weaknames)

.debug_funcnames
 *(.debug_funcnames)

.debug_typenames
 *(.debug_typenames)

.debug_varnames
 *(.debug_varnames)

.debug_pubtypes
 *(.debug_pubtypes)

.debug_ranges   0x0000000000000000      0xca0
 *(.debug_ranges)
 .debug_ranges  0x0000000000000000       0x48 .build/obj_ergodox_ez_steno/twimaster.o
 .debug_ranges  0x0000000000000048       0xa0 .build/obj_ergodox_ez_steno/matrix.o
 .debug_ranges  0x00000000000000e8       0x30 .build/obj_ergodox_ez_steno/keyboards/ergodox/ez/keymaps/steno/keymap.o
 .debug_ranges  0x0000000000000118       0xb0 .build/obj_ergodox_ez_steno/quantum/quantum.o
 .debug_ranges  0x00000000000001c8       0x28 .build/obj_ergodox_ez_steno/quantum/keymap_common.o
 .debug_ranges  0x00000000000001f0       0x10 .build/obj_ergodox_ez_steno/quantum/keycode_config.o
 .debug_ranges  0x0000000000000200       0x20 .build/obj_ergodox_ez_steno/quantum/process_keycode/process_leader.o
 .debug_ranges  0x0000000000000220       0x20 .build/obj_ergodox_ez_steno/keyboards/ergodox/ez/ez.o
 .debug_ranges  0x0000000000000240       0x40 .build/obj_ergodox_ez_steno/quantum/process_keycode/process_unicode.o
 .debug_ranges  0x0000000000000280       0x50 .build/obj_ergodox_ez_steno/common/host.o
 .debug_ranges  0x00000000000002d0       0x50 .build/obj_ergodox_ez_steno/common/keyboard.o
 .debug_ranges  0x0000000000000320       0x88 .build/obj_ergodox_ez_steno/common/action.o
 .debug_ranges  0x00000000000003a8       0x48 .build/obj_ergodox_ez_steno/common/action_tapping.o
 .debug_ranges  0x00000000000003f0       0x28 .build/obj_ergodox_ez_steno/common/action_macro.o
 .debug_ranges  0x0000000000000418      0x138 .build/obj_ergodox_ez_steno/common/action_layer.o
 .debug_ranges  0x0000000000000550      0x160 .build/obj_ergodox_ez_steno/common/action_util.o
 .debug_ranges  0x00000000000006b0       0x50 .build/obj_ergodox_ez_steno/common/util.o
 .debug_ranges  0x0000000000000700       0x58 .build/obj_ergodox_ez_steno/common/eeconfig.o
 .debug_ranges  0x0000000000000758       0x40 .build/obj_ergodox_ez_steno/common/avr/suspend.o
 .debug_ranges  0x0000000000000798       0x40 .build/obj_ergodox_ez_steno/common/avr/timer.o
 .debug_ranges  0x00000000000007d8       0x18 .build/obj_ergodox_ez_steno/common/avr/bootloader.o
 .debug_ranges  0x00000000000007f0       0x10 .build/obj_ergodox_ez_steno/common/magic.o
 .debug_ranges  0x0000000000000800       0x30 .build/obj_ergodox_ez_steno/common/command.o
 .debug_ranges  0x0000000000000830       0xb0 .build/obj_ergodox_ez_steno/lufa.o
 .debug_ranges  0x00000000000008e0       0x10 .build/obj_ergodox_ez_steno/descriptor.o
 .debug_ranges  0x00000000000008f0       0x10 .build/obj_ergodox_ez_steno/protocol/lufa/LUFA-git/LUFA/Drivers/USB/Core/AVR8/Device_AVR8.o
 .debug_ranges  0x0000000000000900      0x1f8 .build/obj_ergodox_ez_steno/protocol/lufa/LUFA-git/LUFA/Drivers/USB/Core/AVR8/EndpointStream_AVR8.o
 .debug_ranges  0x0000000000000af8       0x78 .build/obj_ergodox_ez_steno/protocol/lufa/LUFA-git/LUFA/Drivers/USB/Core/AVR8/Endpoint_AVR8.o
 .debug_ranges  0x0000000000000b70       0x20 .build/obj_ergodox_ez_steno/protocol/lufa/LUFA-git/LUFA/Drivers/USB/Core/AVR8/USBController_AVR8.o
 .debug_ranges  0x0000000000000b90       0x40 .build/obj_ergodox_ez_steno/protocol/lufa/LUFA-git/LUFA/Drivers/USB/Core/AVR8/USBInterrupt_AVR8.o
 .debug_ranges  0x0000000000000bd0       0x28 .build/obj_ergodox_ez_steno/protocol/lufa/LUFA-git/LUFA/Drivers/USB/Core/DeviceStandardReq.o
 .debug_ranges  0x0000000000000bf8       0x10 .build/obj_ergodox_ez_steno/protocol/lufa/LUFA-git/LUFA/Drivers/USB/Core/Events.o
 .debug_ranges  0x0000000000000c08       0x10 .build/obj_ergodox_ez_steno/protocol/lufa/LUFA-git/LUFA/Drivers/USB/Core/USBTask.o
 .debug_ranges  0x0000000000000c18       0x88 .build/obj_ergodox_ez_steno/protocol/lufa/LUFA-git/LUFA/Drivers/USB/Class/Device/CDCClassDevice.o

.debug_macro
 *(.debug_macro)
OUTPUT(.build/ergodox_ez_steno.elf elf32-avr)
LOAD linker stubs

Cross Reference Table

Symbol                                            File
CALLBACK_HIDParser_FilterHIDReportItem            .build/obj_ergodox_ez_steno/protocol/lufa/LUFA-git/LUFA/Drivers/USB/Class/Common/HIDParser.o
CALLBACK_USB_GetDescriptor                        .build/obj_ergodox_ez_steno/descriptor.o
                                                  .build/obj_ergodox_ez_steno/protocol/lufa/LUFA-git/LUFA/Drivers/USB/Core/DeviceStandardReq.o
CDC_Device_BytesReceived                          .build/obj_ergodox_ez_steno/protocol/lufa/LUFA-git/LUFA/Drivers/USB/Class/Device/CDCClassDevice.o
                                                  .build/obj_ergodox_ez_steno/lufa.o
CDC_Device_ConfigureEndpoints                     .build/obj_ergodox_ez_steno/protocol/lufa/LUFA-git/LUFA/Drivers/USB/Class/Device/CDCClassDevice.o
CDC_Device_CreateBlockingStream                   .build/obj_ergodox_ez_steno/protocol/lufa/LUFA-git/LUFA/Drivers/USB/Class/Device/CDCClassDevice.o
CDC_Device_CreateStream                           .build/obj_ergodox_ez_steno/protocol/lufa/LUFA-git/LUFA/Drivers/USB/Class/Device/CDCClassDevice.o