Archive member included to satisfy reference by file (symbol)

/usr/lib/gcc/avr/5.4.0/../../../avr/lib/avr5/libm.a(fixsfsi.o)
                              .build/obj_ergodox_ez_profet_80/common/mousekey.o (__fixsfsi)
/usr/lib/gcc/avr/5.4.0/../../../avr/lib/avr5/libm.a(fixunssfsi.o)
                              /usr/lib/gcc/avr/5.4.0/../../../avr/lib/avr5/libm.a(fixsfsi.o) (__fixunssfsi)
/usr/lib/gcc/avr/5.4.0/../../../avr/lib/avr5/libm.a(floatsisf.o)
                              .build/obj_ergodox_ez_profet_80/common/mousekey.o (__floatsisf)
/usr/lib/gcc/avr/5.4.0/../../../avr/lib/avr5/libm.a(fp_split3.o)
                              /usr/lib/gcc/avr/5.4.0/../../../avr/lib/avr5/libm.a(fixunssfsi.o) (__fp_splitA)
/usr/lib/gcc/avr/5.4.0/../../../avr/lib/avr5/libm.a(fp_zero.o)
                              /usr/lib/gcc/avr/5.4.0/../../../avr/lib/avr5/libm.a(fixunssfsi.o) (__fp_zero)
/usr/lib/gcc/avr/5.4.0/../../../avr/lib/avr5/libm.a(mulsf3.o)
                              .build/obj_ergodox_ez_profet_80/common/mousekey.o (__mulsf3)
/usr/lib/gcc/avr/5.4.0/../../../avr/lib/avr5/libm.a(mulsf3x.o)
                              /usr/lib/gcc/avr/5.4.0/../../../avr/lib/avr5/libm.a(mulsf3.o) (__mulsf3x)
/usr/lib/gcc/avr/5.4.0/../../../avr/lib/avr5/libm.a(fp_inf.o)
                              /usr/lib/gcc/avr/5.4.0/../../../avr/lib/avr5/libm.a(mulsf3x.o) (__fp_inf)
/usr/lib/gcc/avr/5.4.0/../../../avr/lib/avr5/libm.a(fp_nan.o)
                              /usr/lib/gcc/avr/5.4.0/../../../avr/lib/avr5/libm.a(mulsf3x.o) (__fp_nan)
/usr/lib/gcc/avr/5.4.0/../../../avr/lib/avr5/libm.a(fp_pscA.o)
                              /usr/lib/gcc/avr/5.4.0/../../../avr/lib/avr5/libm.a(mulsf3x.o) (__fp_pscA)
/usr/lib/gcc/avr/5.4.0/../../../avr/lib/avr5/libm.a(fp_pscB.o)
                              /usr/lib/gcc/avr/5.4.0/../../../avr/lib/avr5/libm.a(mulsf3x.o) (__fp_pscB)
/usr/lib/gcc/avr/5.4.0/../../../avr/lib/avr5/libm.a(fp_round.o)
                              /usr/lib/gcc/avr/5.4.0/../../../avr/lib/avr5/libm.a(mulsf3.o) (__fp_round)
/usr/lib/gcc/avr/5.4.0/avr5/libgcc.a(_divmodhi4.o)
                              .build/obj_ergodox_ez_profet_80/common/mousekey.o (__divmodhi4)
/usr/lib/gcc/avr/5.4.0/avr5/libgcc.a(_exit.o)
                              /usr/lib/gcc/avr/5.4.0/../../../avr/lib/avr5/crtatmega32u4.o (exit)
/usr/lib/gcc/avr/5.4.0/avr5/libgcc.a(_tablejump2.o)
                              .build/obj_ergodox_ez_profet_80/quantum/quantum.o (__tablejump2__)
/usr/lib/gcc/avr/5.4.0/avr5/libgcc.a(_copy_data.o)
                              .build/obj_ergodox_ez_profet_80/matrix.o (__do_copy_data)
/usr/lib/gcc/avr/5.4.0/avr5/libgcc.a(_clear_bss.o)
                              .build/obj_ergodox_ez_profet_80/matrix.o (__do_clear_bss)
/usr/lib/gcc/avr/5.4.0/avr5/libgcc.a(_udivmodhi4.o)
                              /usr/lib/gcc/avr/5.4.0/avr5/libgcc.a(_divmodhi4.o) (__udivmodhi4)
/usr/lib/gcc/avr/5.4.0/../../../avr/lib/avr5/libatmega32u4.a(eerd_byte.o)
                              .build/obj_ergodox_ez_profet_80/common/eeconfig.o (eeprom_read_byte)
/usr/lib/gcc/avr/5.4.0/../../../avr/lib/avr5/libatmega32u4.a(eerd_word.o)
                              .build/obj_ergodox_ez_profet_80/common/eeconfig.o (eeprom_read_word)
/usr/lib/gcc/avr/5.4.0/../../../avr/lib/avr5/libatmega32u4.a(eeupd_byte.o)
                              .build/obj_ergodox_ez_profet_80/common/eeconfig.o (eeprom_update_byte)
/usr/lib/gcc/avr/5.4.0/../../../avr/lib/avr5/libatmega32u4.a(eeupd_word.o)
                              .build/obj_ergodox_ez_profet_80/common/eeconfig.o (eeprom_update_word)
/usr/lib/gcc/avr/5.4.0/../../../avr/lib/avr5/libatmega32u4.a(eerd_block.o)
                              /usr/lib/gcc/avr/5.4.0/../../../avr/lib/avr5/libatmega32u4.a(eerd_word.o) (eeprom_read_blraw)

Allocating common symbols
Common symbol       size              file

USB_IsInitialized   0x1               .build/obj_ergodox_ez_profet_80/protocol/lufa/LUFA-git/LUFA/Drivers/USB/Core/USBTask.o
keymap_config       0x2               .build/obj_ergodox_ez_profet_80/common/magic.o
USB_DeviceState     0x1               .build/obj_ergodox_ez_profet_80/protocol/lufa/LUFA-git/LUFA/Drivers/USB/Core/USBTask.o
USB_Device_ConfigurationNumber
                    0x1               .build/obj_ergodox_ez_profet_80/protocol/lufa/LUFA-git/LUFA/Drivers/USB/Core/DeviceStandardReq.o
USB_Device_CurrentlySelfPowered
                    0x1               .build/obj_ergodox_ez_profet_80/protocol/lufa/LUFA-git/LUFA/Drivers/USB/Core/DeviceStandardReq.o
USB_ControlRequest  0x8               .build/obj_ergodox_ez_profet_80/protocol/lufa/LUFA-git/LUFA/Drivers/USB/Core/USBTask.o
USB_Device_RemoteWakeupEnabled
                    0x1               .build/obj_ergodox_ez_profet_80/protocol/lufa/LUFA-git/LUFA/Drivers/USB/Core/DeviceStandardReq.o

Discarded input sections

 .data          0x0000000000000000        0x0 /usr/lib/gcc/avr/5.4.0/../../../avr/lib/avr5/crtatmega32u4.o
[...]
Memory Configuration

Name             Origin             Length             Attributes
text             0x0000000000000000 0x0000000000020000 xr
data             0x0000000000800060 0x000000000000ffa0 rw !x
eeprom           0x0000000000810000 0x0000000000010000 rw !x
fuse             0x0000000000820000 0x0000000000000003 rw !x
lock             0x0000000000830000 0x0000000000000400 rw !x
signature        0x0000000000840000 0x0000000000000400 rw !x
user_signatures  0x0000000000850000 0x0000000000000400 rw !x
*default*        0x0000000000000000 0xffffffffffffffff

Linker script and memory map

Address of section .data set to 0x800100
LOAD /usr/lib/gcc/avr/5.4.0/../../../avr/lib/avr5/crtatmega32u4.o
LOAD .build/obj_ergodox_ez_profet_80/twimaster.o
LOAD .build/obj_ergodox_ez_profet_80/matrix.o
LOAD .build/obj_ergodox_ez_profet_80/keyboards/ergodox/ergodox.o
LOAD .build/obj_ergodox_ez_profet_80/keyboards/ergodox/ez/keymaps/profet_80/keymap.o
LOAD .build/obj_ergodox_ez_profet_80/quantum/quantum.o
LOAD .build/obj_ergodox_ez_profet_80/quantum/keymap_common.o
LOAD .build/obj_ergodox_ez_profet_80/quantum/keycode_config.o
LOAD .build/obj_ergodox_ez_profet_80/quantum/process_keycode/process_leader.o
LOAD .build/obj_ergodox_ez_profet_80/keyboards/ergodox/ez/ez.o
LOAD .build/obj_ergodox_ez_profet_80/quantum/process_keycode/process_unicode.o
LOAD .build/obj_ergodox_ez_profet_80/common/host.o
LOAD .build/obj_ergodox_ez_profet_80/common/keyboard.o
LOAD .build/obj_ergodox_ez_profet_80/common/action.o
LOAD .build/obj_ergodox_ez_profet_80/common/action_tapping.o
LOAD .build/obj_ergodox_ez_profet_80/common/action_macro.o
LOAD .build/obj_ergodox_ez_profet_80/common/action_layer.o
LOAD .build/obj_ergodox_ez_profet_80/common/action_util.o
LOAD .build/obj_ergodox_ez_profet_80/common/print.o
LOAD .build/obj_ergodox_ez_profet_80/common/debug.o
LOAD .build/obj_ergodox_ez_profet_80/common/util.o
LOAD .build/obj_ergodox_ez_profet_80/common/eeconfig.o
LOAD .build/obj_ergodox_ez_profet_80/common/avr/suspend.o
LOAD .build/obj_ergodox_ez_profet_80/common/avr/timer.o
LOAD .build/obj_ergodox_ez_profet_80/common/avr/bootloader.o
LOAD .build/obj_ergodox_ez_profet_80/common/avr/xprintf.o
LOAD .build/obj_ergodox_ez_profet_80/common/magic.o
LOAD .build/obj_ergodox_ez_profet_80/common/mousekey.o
LOAD .build/obj_ergodox_ez_profet_80/common/command.o
LOAD .build/obj_ergodox_ez_profet_80/lufa.o
LOAD .build/obj_ergodox_ez_profet_80/descriptor.o
LOAD .build/obj_ergodox_ez_profet_80/protocol/lufa/LUFA-git/LUFA/Drivers/USB/Class/Common/HIDParser.o
LOAD .build/obj_ergodox_ez_profet_80/protocol/lufa/LUFA-git/LUFA/Drivers/USB/Core/AVR8/Device_AVR8.o
LOAD .build/obj_ergodox_ez_profet_80/protocol/lufa/LUFA-git/LUFA/Drivers/USB/Core/AVR8/EndpointStream_AVR8.o
LOAD .build/obj_ergodox_ez_profet_80/protocol/lufa/LUFA-git/LUFA/Drivers/USB/Core/AVR8/Endpoint_AVR8.o
LOAD .build/obj_ergodox_ez_profet_80/protocol/lufa/LUFA-git/LUFA/Drivers/USB/Core/AVR8/Host_AVR8.o
LOAD .build/obj_ergodox_ez_profet_80/protocol/lufa/LUFA-git/LUFA/Drivers/USB/Core/AVR8/PipeStream_AVR8.o
LOAD .build/obj_ergodox_ez_profet_80/protocol/lufa/LUFA-git/LUFA/Drivers/USB/Core/AVR8/Pipe_AVR8.o
LOAD .build/obj_ergodox_ez_profet_80/protocol/lufa/LUFA-git/LUFA/Drivers/USB/Core/AVR8/USBController_AVR8.o
LOAD .build/obj_ergodox_ez_profet_80/protocol/lufa/LUFA-git/LUFA/Drivers/USB/Core/AVR8/USBInterrupt_AVR8.o
LOAD .build/obj_ergodox_ez_profet_80/protocol/lufa/LUFA-git/LUFA/Drivers/USB/Core/ConfigDescriptors.o
LOAD .build/obj_ergodox_ez_profet_80/protocol/lufa/LUFA-git/LUFA/Drivers/USB/Core/DeviceStandardReq.o
LOAD .build/obj_ergodox_ez_profet_80/protocol/lufa/LUFA-git/LUFA/Drivers/USB/Core/Events.o
LOAD .build/obj_ergodox_ez_profet_80/protocol/lufa/LUFA-git/LUFA/Drivers/USB/Core/HostStandardReq.o
LOAD .build/obj_ergodox_ez_profet_80/protocol/lufa/LUFA-git/LUFA/Drivers/USB/Core/USBTask.o
LOAD /usr/lib/gcc/avr/5.4.0/../../../avr/lib/avr5/libm.a
START GROUP
LOAD /usr/lib/gcc/avr/5.4.0/avr5/libgcc.a
LOAD /usr/lib/gcc/avr/5.4.0/../../../avr/lib/avr5/libm.a
LOAD /usr/lib/gcc/avr/5.4.0/../../../avr/lib/avr5/libc.a
LOAD /usr/lib/gcc/avr/5.4.0/../../../avr/lib/avr5/libatmega32u4.a
END GROUP
                0x0000000000000000                __TEXT_REGION_ORIGIN__ = DEFINED (__TEXT_REGION_ORIGIN__)?__TEXT_REGION_ORIGIN__:0x0
                0x0000000000800060                __DATA_REGION_ORIGIN__ = DEFINED (__DATA_REGION_ORIGIN__)?__DATA_REGION_ORIGIN__:0x800060
                0x0000000000020000                __TEXT_REGION_LENGTH__ = DEFINED (__TEXT_REGION_LENGTH__)?__TEXT_REGION_LENGTH__:0x20000
                0x000000000000ffa0                __DATA_REGION_LENGTH__ = DEFINED (__DATA_REGION_LENGTH__)?__DATA_REGION_LENGTH__:0xffa0
                0x0000000000010000                __EEPROM_REGION_LENGTH__ = DEFINED (__EEPROM_REGION_LENGTH__)?__EEPROM_REGION_LENGTH__:0x10000
                [0x0000000000000003]                __FUSE_REGION_LENGTH__ = DEFINED (__FUSE_REGION_LENGTH__)?__FUSE_REGION_LENGTH__:0x400
                0x0000000000000400                __LOCK_REGION_LENGTH__ = DEFINED (__LOCK_REGION_LENGTH__)?__LOCK_REGION_LENGTH__:0x400
                0x0000000000000400                __SIGNATURE_REGION_LENGTH__ = DEFINED (__SIGNATURE_REGION_LENGTH__)?__SIGNATURE_REGION_LENGTH__:0x400
                0x0000000000000400                __USER_SIGNATURE_REGION_LENGTH__ = DEFINED (__USER_SIGNATURE_REGION_LENGTH__)?__USER_SIGNATURE_REGION_LENGTH__:0x400

.hash
 *(.hash)

.dynsym
 *(.dynsym)

.dynstr
 *(.dynstr)

.gnu.version
 *(.gnu.version)

.gnu.version_d
 *(.gnu.version_d)

.gnu.version_r
 *(.gnu.version_r)

.rel.init
 *(.rel.init)

.rela.init
 *(.rela.init)

.rel.text
 *(.rel.text)
 *(.rel.text.*)
 *(.rel.gnu.linkonce.t*)

.rela.text
 *(.rela.text)
 *(.rela.text.*)
 *(.rela.gnu.linkonce.t*)

.rel.fini
 *(.rel.fini)

.rela.fini
 *(.rela.fini)

.rel.rodata
 *(.rel.rodata)
 *(.rel.rodata.*)
 *(.rel.gnu.linkonce.r*)

.rela.rodata
 *(.rela.rodata)
 *(.rela.rodata.*)
 *(.rela.gnu.linkonce.r*)

.rel.data
 *(.rel.data)
 *(.rel.data.*)
 *(.rel.gnu.linkonce.d*)

.rela.data
 *(.rela.data)
 *(.rela.data.*)
 *(.rela.gnu.linkonce.d*)

.rel.ctors
 *(.rel.ctors)

.rela.ctors
 *(.rela.ctors)

.rel.dtors
 *(.rel.dtors)

.rela.dtors
 *(.rela.dtors)

.rel.got
 *(.rel.got)

.rela.got
 *(.rela.got)

.rel.bss
 *(.rel.bss)

.rela.bss
 *(.rela.bss)

.rel.plt
 *(.rel.plt)

.rela.plt
 *(.rela.plt)

.text           0x0000000000000000     0x484e
 *(.vectors)
 .vectors       0x0000000000000000       0xac /usr/lib/gcc/avr/5.4.0/../../../avr/lib/avr5/crtatmega32u4.o
                0x0000000000000000                __vectors
                0x0000000000000000                __vector_default
 *(.vectors)
 *(.progmem.gcc*)
 .progmem.gcc_sw_table.process_record_quantum
                0x00000000000000ac       0x24 .build/obj_ergodox_ez_profet_80/quantum/quantum.o
 .progmem.gcc_sw_table.process_action
                0x00000000000000d0       0x4a .build/obj_ergodox_ez_profet_80/common/action.o
 .progmem.gcc_sw_table.is_tap_key
                0x000000000000011a       0x1c .build/obj_ergodox_ez_profet_80/common/action.o
 .progmem.gcc_sw_table.USB_Device_ProcessControlRequest
                0x0000000000000136       0x14 .build/obj_ergodox_ez_profet_80/protocol/lufa/LUFA-git/LUFA/Drivers/USB/Core/DeviceStandardReq.o
                0x000000000000014a                . = ALIGN (0x2)
                0x000000000000014a                __trampolines_start = .
 *(.trampolines)
 .trampolines   0x000000000000014a        0x0 linker stubs
 *(.trampolines*)
                0x000000000000014a                __trampolines_end = .
 *libprintf_flt.a:*(.progmem.data)
 *libc.a:*(.progmem.data)
 *(.progmem*)
 .progmem.data.__c.5379
                0x000000000000014a       0x1b .build/obj_ergodox_ez_profet_80/keyboards/ergodox/ez/keymaps/profet_80/keymap.o
 .progmem.data.fn_actions
                0x0000000000000165        0x4 .build/obj_ergodox_ez_profet_80/keyboards/ergodox/ez/keymaps/profet_80/keymap.o
                0x0000000000000165                fn_actions
 .progmem.data.keymaps
                0x0000000000000169      0x1f8 .build/obj_ergodox_ez_profet_80/keyboards/ergodox/ez/keymaps/profet_80/keymap.o
                0x0000000000000169                keymaps
 .progmem.data.ascii_to_qwerty_keycode_lut
                0x0000000000000361       0x80 .build/obj_ergodox_ez_profet_80/quantum/quantum.o
                0x0000000000000361                ascii_to_qwerty_keycode_lut
 .progmem.data.ascii_to_qwerty_shift_lut
                0x00000000000003e1       0x80 .build/obj_ergodox_ez_profet_80/quantum/quantum.o
                0x00000000000003e1                ascii_to_qwerty_shift_lut
 .progmem.data.ProductString
                0x0000000000000461       0x18 .build/obj_ergodox_ez_profet_80/descriptor.o
                0x0000000000000461                ProductString
 .progmem.data.ManufacturerString
                0x0000000000000479       0x18 .build/obj_ergodox_ez_profet_80/descriptor.o
                0x0000000000000479                ManufacturerString
 .progmem.data.LanguageString
                0x0000000000000491        0x4 .build/obj_ergodox_ez_profet_80/descriptor.o
                0x0000000000000491                LanguageString
 .progmem.data.ConfigurationDescriptor
                0x0000000000000495       0x6d .build/obj_ergodox_ez_profet_80/descriptor.o
                0x0000000000000495                ConfigurationDescriptor
 .progmem.data.DeviceDescriptor
                0x0000000000000502       0x12 .build/obj_ergodox_ez_profet_80/descriptor.o
                0x0000000000000502                DeviceDescriptor
 .progmem.data.NKROReport
                0x0000000000000514       0x39 .build/obj_ergodox_ez_profet_80/descriptor.o
                0x0000000000000514                NKROReport
 .progmem.data.ExtrakeyReport
                0x000000000000054d       0x36 .build/obj_ergodox_ez_profet_80/descriptor.o
                0x000000000000054d                ExtrakeyReport
 .progmem.data.MouseReport
                0x0000000000000583       0x4d .build/obj_ergodox_ez_profet_80/descriptor.o
                0x0000000000000583                MouseReport
 .progmem.data.KeyboardReport
                0x00000000000005d0       0x40 .build/obj_ergodox_ez_profet_80/descriptor.o
                0x00000000000005d0                KeyboardReport
                0x0000000000000610                . = ALIGN (0x2)
 *(.jumptables)
 *(.jumptables*)
 *(.lowtext)
 *(.lowtext*)
                0x0000000000000610                __ctors_start = .
 *(.ctors)
                0x0000000000000610                __ctors_end = .
                0x0000000000000610                __dtors_start = .
 *(.dtors)
                0x0000000000000610                __dtors_end = .
 SORT(*)(.ctors)
 SORT(*)(.dtors)
 *(.init0)
 .init0         0x0000000000000610        0x0 /usr/lib/gcc/avr/5.4.0/../../../avr/lib/avr5/crtatmega32u4.o
                0x0000000000000610                __init
 *(.init0)
 *(.init1)
 *(.init1)
 *(.init2)
 .init2         0x0000000000000610        0xc /usr/lib/gcc/avr/5.4.0/../../../avr/lib/avr5/crtatmega32u4.o
 *(.init2)
 *(.init3)
 .init3         0x000000000000061c       0x54 .build/obj_ergodox_ez_profet_80/common/avr/bootloader.o
                0x000000000000061c                bootloader_jump_after_watchdog_reset
 *(.init3)
 *(.init4)
 .init4         0x0000000000000670       0x16 /usr/lib/gcc/avr/5.4.0/avr5/libgcc.a(_copy_data.o)
                0x0000000000000670                __do_copy_data
 .init4         0x0000000000000686       0x10 /usr/lib/gcc/avr/5.4.0/avr5/libgcc.a(_clear_bss.o)
                0x0000000000000686                __do_clear_bss
 *(.init4)
 *(.init5)
 *(.init5)
 *(.init6)
 *(.init6)
 *(.init7)
 *(.init7)
 *(.init8)
 *(.init8)
 *(.init9)
 .init9         0x0000000000000696        0x8 /usr/lib/gcc/avr/5.4.0/../../../avr/lib/avr5/crtatmega32u4.o
 *(.init9)
 *(.text)
 .text          0x000000000000069e        0x4 /usr/lib/gcc/avr/5.4.0/../../../avr/lib/avr5/crtatmega32u4.o
                0x000000000000069e                __vector_38
                0x000000000000069e                __vector_22
                0x000000000000069e                __vector_28
                0x000000000000069e                __vector_1
                0x000000000000069e                __vector_32
                0x000000000000069e                __vector_34
                0x000000000000069e                __vector_24
                0x000000000000069e                __bad_interrupt
                0x000000000000069e                __vector_6
                0x000000000000069e                __vector_31
                0x000000000000069e                __vector_35
                0x000000000000069e                __vector_39
                0x000000000000069e                __vector_3
                0x000000000000069e                __vector_23
                0x000000000000069e                __vector_30
                0x000000000000069e                __vector_25
                0x000000000000069e                __vector_13
                0x000000000000069e                __vector_17
                0x000000000000069e                __vector_19
                0x000000000000069e                __vector_7
                0x000000000000069e                __vector_41
                0x000000000000069e                __vector_27
                0x000000000000069e                __vector_5
                0x000000000000069e                __vector_33
                0x000000000000069e                __vector_37
                0x000000000000069e                __vector_4
                0x000000000000069e                __vector_9
                0x000000000000069e                __vector_2
                0x000000000000069e                __vector_15
                0x000000000000069e                __vector_36
                0x000000000000069e                __vector_29
                0x000000000000069e                __vector_40
                0x000000000000069e                __vector_8
                0x000000000000069e                __vector_26
                0x000000000000069e                __vector_14
                0x000000000000069e                __vector_16
                0x000000000000069e                __vector_18
                0x000000000000069e                __vector_20
                0x000000000000069e                __vector_42
                0x00000000000006a2                . = ALIGN (0x2)
 *(.text.*)
 .text.i2c_init
                0x00000000000006a2        0xc .build/obj_ergodox_ez_profet_80/twimaster.o
                0x00000000000006a2                i2c_init
 .text.i2c_start
                0x00000000000006ae       0x44 .build/obj_ergodox_ez_profet_80/twimaster.o
                0x00000000000006ae                i2c_start
 .text.i2c_stop
                0x00000000000006f2       0x10 .build/obj_ergodox_ez_profet_80/twimaster.o
                0x00000000000006f2                i2c_stop
 .text.i2c_write
                0x0000000000000702       0x22 .build/obj_ergodox_ez_profet_80/twimaster.o
                0x0000000000000702                i2c_write
 .text.i2c_readNak
                0x0000000000000724       0x14 .build/obj_ergodox_ez_profet_80/twimaster.o
                0x0000000000000724                i2c_readNak
 .text.init_cols
                0x0000000000000738        0xe .build/obj_ergodox_ez_profet_80/matrix.o
 .text.unselect_rows
                0x0000000000000746       0x50 .build/obj_ergodox_ez_profet_80/matrix.o
 .text.matrix_scan_kb
                0x0000000000000796        0x4 .build/obj_ergodox_ez_profet_80/matrix.o
                0x0000000000000796                matrix_scan_kb
 .text.matrix_init
                0x000000000000079a       0x28 .build/obj_ergodox_ez_profet_80/matrix.o
                0x000000000000079a                matrix_init
 .text.matrix_power_up
                0x00000000000007c2       0x26 .build/obj_ergodox_ez_profet_80/matrix.o
                0x00000000000007c2                matrix_power_up
 .text.matrix_scan
                0x00000000000007e8      0x1f0 .build/obj_ergodox_ez_profet_80/matrix.o
                0x00000000000007e8                matrix_scan
 .text.matrix_get_row
                0x00000000000009d8        0xc .build/obj_ergodox_ez_profet_80/matrix.o
                0x00000000000009d8                matrix_get_row
 .text.matrix_print
                0x00000000000009e4        0x2 .build/obj_ergodox_ez_profet_80/matrix.o
                0x00000000000009e4                matrix_print
 .text.action_get_macro
                0x00000000000009e6       0x1a .build/obj_ergodox_ez_profet_80/keyboards/ergodox/ez/keymaps/profet_80/keymap.o
                0x00000000000009e6                action_get_macro
 .text.matrix_init_user
                0x0000000000000a00        0x2 .build/obj_ergodox_ez_profet_80/keyboards/ergodox/ez/keymaps/profet_80/keymap.o
                0x0000000000000a00                matrix_init_user
 .text.matrix_scan_user
                0x0000000000000a02       0x3a .build/obj_ergodox_ez_profet_80/keyboards/ergodox/ez/keymaps/profet_80/keymap.o
                0x0000000000000a02                matrix_scan_user
 .text.process_action_kb
                0x0000000000000a3c        0x4 .build/obj_ergodox_ez_profet_80/quantum/quantum.o
                0x0000000000000a3c                process_action_kb
 .text.process_record_user
                0x0000000000000a40        0x4 .build/obj_ergodox_ez_profet_80/quantum/quantum.o
                0x0000000000000a40                process_record_user
 .text.process_record_kb
                0x0000000000000a44        0x4 .build/obj_ergodox_ez_profet_80/quantum/quantum.o
                0x0000000000000a44                process_record_kb
 .text.reset_keyboard
                0x0000000000000a48       0x1a .build/obj_ergodox_ez_profet_80/quantum/quantum.o
                0x0000000000000a48                reset_keyboard
 .text.process_record_quantum
                0x0000000000000a62      0x1b8 .build/obj_ergodox_ez_profet_80/quantum/quantum.o
                0x0000000000000a62                process_record_quantum
 .text.send_string
                0x0000000000000c1a       0x56 .build/obj_ergodox_ez_profet_80/quantum/quantum.o
                0x0000000000000c1a                send_string
 .text.matrix_scan_quantum
                0x0000000000000c70        0x4 .build/obj_ergodox_ez_profet_80/quantum/quantum.o
                0x0000000000000c70                matrix_scan_quantum
 .text.led_set_user
                0x0000000000000c74        0x2 .build/obj_ergodox_ez_profet_80/quantum/quantum.o
                0x0000000000000c74                led_set_user
 .text.led_set_kb
                0x0000000000000c76        0x4 .build/obj_ergodox_ez_profet_80/quantum/quantum.o
                0x0000000000000c76                led_set_kb
 .text.led_set  0x0000000000000c7a        0x4 .build/obj_ergodox_ez_profet_80/quantum/quantum.o
                0x0000000000000c7a                led_set
 .text.action_for_key
                0x0000000000000c7e      0x322 .build/obj_ergodox_ez_profet_80/quantum/keymap_common.o
                0x0000000000000c7e                action_for_key
 .text.action_function
                0x0000000000000fa0        0x2 .build/obj_ergodox_ez_profet_80/quantum/keymap_common.o
                0x0000000000000fa0                action_function
 .text.keymap_key_to_keycode
                0x0000000000000fa2       0x26 .build/obj_ergodox_ez_profet_80/quantum/keymap_common.o
                0x0000000000000fa2                keymap_key_to_keycode
 .text.keycode_config
                0x0000000000000fc8       0xf8 .build/obj_ergodox_ez_profet_80/quantum/keycode_config.o
                0x0000000000000fc8                keycode_config
 .text.leader_start
                0x00000000000010c0        0x2 .build/obj_ergodox_ez_profet_80/quantum/process_keycode/process_leader.o
                0x00000000000010c0                leader_start
 .text.process_leader
                0x00000000000010c2       0x9e .build/obj_ergodox_ez_profet_80/quantum/process_keycode/process_leader.o
                0x00000000000010c2                process_leader
 .text.ergodox_blink_all_leds
                0x0000000000001160       0xb0 .build/obj_ergodox_ez_profet_80/keyboards/ergodox/ez/ez.o
                0x0000000000001160                ergodox_blink_all_leds
 .text.matrix_init_kb
                0x0000000000001210       0x2c .build/obj_ergodox_ez_profet_80/keyboards/ergodox/ez/ez.o
                0x0000000000001210                matrix_init_kb
 .text.init_mcp23018
                0x000000000000123c       0x9e .build/obj_ergodox_ez_profet_80/keyboards/ergodox/ez/ez.o
                0x000000000000123c                init_mcp23018
 .text.hex_to_keycode
                0x00000000000012da       0x18 .build/obj_ergodox_ez_profet_80/quantum/process_keycode/process_unicode.o
                0x00000000000012da                hex_to_keycode
 .text.unicode_input_start
                0x00000000000012f2       0x58 .build/obj_ergodox_ez_profet_80/quantum/process_keycode/process_unicode.o
                0x00000000000012f2                unicode_input_start
 .text.unicode_input_finish
                0x000000000000134a       0x20 .build/obj_ergodox_ez_profet_80/quantum/process_keycode/process_unicode.o
                0x000000000000134a                unicode_input_finish
 .text.register_hex
                0x000000000000136a       0x4c .build/obj_ergodox_ez_profet_80/quantum/process_keycode/process_unicode.o
                0x000000000000136a                register_hex
 .text.process_unicode
                0x00000000000013b6       0x2e .build/obj_ergodox_ez_profet_80/quantum/process_keycode/process_unicode.o
                0x00000000000013b6                process_unicode
 .text.host_set_driver
                0x00000000000013e4        0xa .build/obj_ergodox_ez_profet_80/common/host.o
                0x00000000000013e4                host_set_driver
 .text.host_keyboard_leds
                0x00000000000013ee       0x18 .build/obj_ergodox_ez_profet_80/common/host.o
                0x00000000000013ee                host_keyboard_leds
 .text.host_keyboard_send
                0x0000000000001406       0x16 .build/obj_ergodox_ez_profet_80/common/host.o
                0x0000000000001406                host_keyboard_send
 .text.host_mouse_send
                0x000000000000141c       0x16 .build/obj_ergodox_ez_profet_80/common/host.o
                0x000000000000141c                host_mouse_send
 .text.host_system_send
                0x0000000000001432       0x2c .build/obj_ergodox_ez_profet_80/common/host.o
                0x0000000000001432                host_system_send
 .text.host_consumer_send
                0x000000000000145e       0x2c .build/obj_ergodox_ez_profet_80/common/host.o
                0x000000000000145e                host_consumer_send
 .text.matrix_setup
                0x000000000000148a        0x2 .build/obj_ergodox_ez_profet_80/common/keyboard.o
                0x000000000000148a                matrix_setup
 .text.keyboard_setup
                0x000000000000148c        0x4 .build/obj_ergodox_ez_profet_80/common/keyboard.o
                0x000000000000148c                keyboard_setup
 .text.keyboard_init
                0x0000000000001490        0xc .build/obj_ergodox_ez_profet_80/common/keyboard.o
                0x0000000000001490                keyboard_init
 .text.keyboard_task
                0x000000000000149c      0x148 .build/obj_ergodox_ez_profet_80/common/keyboard.o
                0x000000000000149c                keyboard_task
 .text.process_hand_swap
                0x00000000000015e4       0x78 .build/obj_ergodox_ez_profet_80/common/action.o
                0x00000000000015e4                process_hand_swap
 .text.action_exec
                0x000000000000165c       0x86 .build/obj_ergodox_ez_profet_80/common/action.o
                0x000000000000165c                action_exec
 .text.register_code
                0x00000000000016e2      0x1a6 .build/obj_ergodox_ez_profet_80/common/action.o
                0x00000000000016e2                register_code
 .text.unregister_code
                0x0000000000001888       0x9e .build/obj_ergodox_ez_profet_80/common/action.o
                0x0000000000001888                unregister_code
 .text.register_mods
                0x0000000000001926        0xe .build/obj_ergodox_ez_profet_80/common/action.o
                0x0000000000001926                register_mods
 .text.unregister_mods
                0x0000000000001934        0xe .build/obj_ergodox_ez_profet_80/common/action.o
                0x0000000000001934                unregister_mods
 .text.process_action
                0x0000000000001942      0x46e .build/obj_ergodox_ez_profet_80/common/action.o
                0x0000000000001942                process_action
 .text.process_record
                0x0000000000001db0       0x5c .build/obj_ergodox_ez_profet_80/common/action.o
                0x0000000000001db0                process_record
 .text.clear_keyboard_but_mods
                0x0000000000001e0c       0x28 .build/obj_ergodox_ez_profet_80/common/action.o
                0x0000000000001e0c                clear_keyboard_but_mods
 .text.clear_keyboard
                0x0000000000001e34        0x8 .build/obj_ergodox_ez_profet_80/common/action.o
                0x0000000000001e34                clear_keyboard
 .text.is_tap_key
                0x0000000000001e3c       0x4c .build/obj_ergodox_ez_profet_80/common/action.o
                0x0000000000001e3c                is_tap_key
 .text.debug_event
                0x0000000000001e88       0x1e .build/obj_ergodox_ez_profet_80/common/action.o
                0x0000000000001e88                debug_event
 .text.debug_record
                0x0000000000001ea6       0x20 .build/obj_ergodox_ez_profet_80/common/action.o
                0x0000000000001ea6                debug_record
 .text.debug_waiting_buffer
                0x0000000000001ec6       0x42 .build/obj_ergodox_ez_profet_80/common/action_tapping.o
 .text.debug_tapping_key
                0x0000000000001f08       0x1c .build/obj_ergodox_ez_profet_80/common/action_tapping.o
 .text.waiting_buffer_scan_tap
                0x0000000000001f24       0xd0 .build/obj_ergodox_ez_profet_80/common/action_tapping.o
 .text.process_tapping
                0x0000000000001ff4      0x3c0 .build/obj_ergodox_ez_profet_80/common/action_tapping.o
 .text.action_tapping_process
                0x00000000000023b4      0x15c .build/obj_ergodox_ez_profet_80/common/action_tapping.o
                0x00000000000023b4                action_tapping_process
 .text.action_macro_play
                0x0000000000002510       0xfa .build/obj_ergodox_ez_profet_80/common/action_macro.o
                0x0000000000002510                action_macro_play
 .text.default_layer_debug
                0x000000000000260a        0x2 .build/obj_ergodox_ez_profet_80/common/action_layer.o
                0x000000000000260a                default_layer_debug
 .text.default_layer_set
                0x000000000000260c       0x14 .build/obj_ergodox_ez_profet_80/common/action_layer.o
                0x000000000000260c                default_layer_set
 .text.default_layer_or
                0x0000000000002620       0x38 .build/obj_ergodox_ez_profet_80/common/action_layer.o
                0x0000000000002620                default_layer_or
 .text.default_layer_and
                0x0000000000002658       0x38 .build/obj_ergodox_ez_profet_80/common/action_layer.o
                0x0000000000002658                default_layer_and
 .text.default_layer_xor
                0x0000000000002690       0x38 .build/obj_ergodox_ez_profet_80/common/action_layer.o
                0x0000000000002690                default_layer_xor
 .text.layer_clear
                0x00000000000026c8       0x14 .build/obj_ergodox_ez_profet_80/common/action_layer.o
                0x00000000000026c8                layer_clear
 .text.layer_move
                0x00000000000026dc       0x2a .build/obj_ergodox_ez_profet_80/common/action_layer.o
                0x00000000000026dc                layer_move
 .text.layer_on
                0x0000000000002706       0x42 .build/obj_ergodox_ez_profet_80/common/action_layer.o
                0x0000000000002706                layer_on
 .text.layer_off
                0x0000000000002748       0x4a .build/obj_ergodox_ez_profet_80/common/action_layer.o
                0x0000000000002748                layer_off
 .text.layer_invert
                0x0000000000002792       0x42 .build/obj_ergodox_ez_profet_80/common/action_layer.o
                0x0000000000002792                layer_invert
 .text.layer_or
                0x00000000000027d4       0x38 .build/obj_ergodox_ez_profet_80/common/action_layer.o
                0x00000000000027d4                layer_or
 .text.layer_and
                0x000000000000280c       0x38 .build/obj_ergodox_ez_profet_80/common/action_layer.o
                0x000000000000280c                layer_and
 .text.layer_xor
                0x0000000000002844       0x38 .build/obj_ergodox_ez_profet_80/common/action_layer.o
                0x0000000000002844                layer_xor
 .text.layer_debug
                0x000000000000287c        0x2 .build/obj_ergodox_ez_profet_80/common/action_layer.o
                0x000000000000287c                layer_debug
 .text.layer_switch_get_layer
                0x000000000000287e       0x7e .build/obj_ergodox_ez_profet_80/common/action_layer.o
                0x000000000000287e                layer_switch_get_layer
 .text.layer_switch_get_action
                0x00000000000028fc       0x16 .build/obj_ergodox_ez_profet_80/common/action_layer.o
                0x00000000000028fc                layer_switch_get_action
 .text.store_or_get_action
                0x0000000000002912        0x8 .build/obj_ergodox_ez_profet_80/common/action_layer.o
                0x0000000000002912                store_or_get_action
 .text.get_oneshot_layer
                0x000000000000291a        0xc .build/obj_ergodox_ez_profet_80/common/action_util.o
                0x000000000000291a                get_oneshot_layer
 .text.get_oneshot_layer_state
                0x0000000000002926        0x8 .build/obj_ergodox_ez_profet_80/common/action_util.o
                0x0000000000002926                get_oneshot_layer_state
 .text.set_oneshot_layer
                0x000000000000292e       0x12 .build/obj_ergodox_ez_profet_80/common/action_util.o
                0x000000000000292e                set_oneshot_layer
 .text.clear_oneshot_layer_state
                0x0000000000002940       0x2e .build/obj_ergodox_ez_profet_80/common/action_util.o
                0x0000000000002940                clear_oneshot_layer_state
 .text.is_oneshot_layer_active
                0x000000000000296e        0xe .build/obj_ergodox_ez_profet_80/common/action_util.o
                0x000000000000296e                is_oneshot_layer_active
 .text.add_key  0x000000000000297c       0x7e .build/obj_ergodox_ez_profet_80/common/action_util.o
                0x000000000000297c                add_key
 .text.del_key  0x00000000000029fa       0x66 .build/obj_ergodox_ez_profet_80/common/action_util.o
                0x00000000000029fa                del_key
 .text.clear_keys
                0x0000000000002a60       0x1c .build/obj_ergodox_ez_profet_80/common/action_util.o
                0x0000000000002a60                clear_keys
 .text.add_mods
                0x0000000000002a7c        0xc .build/obj_ergodox_ez_profet_80/common/action_util.o
                0x0000000000002a7c                add_mods
 .text.del_mods
                0x0000000000002a88        0xe .build/obj_ergodox_ez_profet_80/common/action_util.o
                0x0000000000002a88                del_mods
 .text.clear_mods
                0x0000000000002a96        0x6 .build/obj_ergodox_ez_profet_80/common/action_util.o
                0x0000000000002a96                clear_mods
 .text.add_weak_mods
                0x0000000000002a9c        0xc .build/obj_ergodox_ez_profet_80/common/action_util.o
                0x0000000000002a9c                add_weak_mods
 .text.del_weak_mods
                0x0000000000002aa8        0xe .build/obj_ergodox_ez_profet_80/common/action_util.o
                0x0000000000002aa8                del_weak_mods
 .text.clear_weak_mods
                0x0000000000002ab6        0x6 .build/obj_ergodox_ez_profet_80/common/action_util.o
                0x0000000000002ab6                clear_weak_mods
 .text.add_macro_mods
                0x0000000000002abc        0xc .build/obj_ergodox_ez_profet_80/common/action_util.o
                0x0000000000002abc                add_macro_mods
 .text.del_macro_mods
                0x0000000000002ac8        0xe .build/obj_ergodox_ez_profet_80/common/action_util.o
                0x0000000000002ac8                del_macro_mods
 .text.clear_macro_mods
                0x0000000000002ad6        0x6 .build/obj_ergodox_ez_profet_80/common/action_util.o
                0x0000000000002ad6                clear_macro_mods
 .text.set_oneshot_mods
                0x0000000000002adc        0x6 .build/obj_ergodox_ez_profet_80/common/action_util.o
                0x0000000000002adc                set_oneshot_mods
 .text.clear_oneshot_mods
                0x0000000000002ae2        0x6 .build/obj_ergodox_ez_profet_80/common/action_util.o
                0x0000000000002ae2                clear_oneshot_mods
 .text.has_anykey
                0x0000000000002ae8       0x22 .build/obj_ergodox_ez_profet_80/common/action_util.o
                0x0000000000002ae8                has_anykey
 .text.send_keyboard_report
                0x0000000000002b0a       0x5e .build/obj_ergodox_ez_profet_80/common/action_util.o
                0x0000000000002b0a                send_keyboard_report
 .text.biton32  0x0000000000002b68       0xa0 .build/obj_ergodox_ez_profet_80/common/util.o
                0x0000000000002b68                biton32
 .text.eeconfig_init
                0x0000000000002c08       0x34 .build/obj_ergodox_ez_profet_80/common/eeconfig.o
                0x0000000000002c08                eeconfig_init
 .text.eeconfig_is_enabled
                0x0000000000002c3c       0x16 .build/obj_ergodox_ez_profet_80/common/eeconfig.o
                0x0000000000002c3c                eeconfig_is_enabled
 .text.eeconfig_read_debug
                0x0000000000002c52        0x8 .build/obj_ergodox_ez_profet_80/common/eeconfig.o
                0x0000000000002c52                eeconfig_read_debug
 .text.eeconfig_read_default_layer
                0x0000000000002c5a        0x8 .build/obj_ergodox_ez_profet_80/common/eeconfig.o
                0x0000000000002c5a                eeconfig_read_default_layer
 .text.eeconfig_read_keymap
                0x0000000000002c62        0x8 .build/obj_ergodox_ez_profet_80/common/eeconfig.o
                0x0000000000002c62                eeconfig_read_keymap
 .text.eeconfig_update_keymap
                0x0000000000002c6a        0xa .build/obj_ergodox_ez_profet_80/common/eeconfig.o
                0x0000000000002c6a                eeconfig_update_keymap
 .text.suspend_power_down
                0x0000000000002c74       0x58 .build/obj_ergodox_ez_profet_80/common/avr/suspend.o
                0x0000000000002c74                suspend_power_down
 .text.matrix_power_down
                0x0000000000002ccc        0x2 .build/obj_ergodox_ez_profet_80/common/avr/suspend.o
                0x0000000000002ccc                matrix_power_down
 .text.suspend_wakeup_condition
                0x0000000000002cce       0x28 .build/obj_ergodox_ez_profet_80/common/avr/suspend.o
                0x0000000000002cce                suspend_wakeup_condition
 .text.suspend_wakeup_init
                0x0000000000002cf6        0xc .build/obj_ergodox_ez_profet_80/common/avr/suspend.o
                0x0000000000002cf6                suspend_wakeup_init
 .text.__vector_12
                0x0000000000002d02       0x52 .build/obj_ergodox_ez_profet_80/common/avr/suspend.o
                0x0000000000002d02                __vector_12
 .text.timer_init
                0x0000000000002d54       0x12 .build/obj_ergodox_ez_profet_80/common/avr/timer.o
                0x0000000000002d54                timer_init
 .text.timer_read
                0x0000000000002d66       0x18 .build/obj_ergodox_ez_profet_80/common/avr/timer.o
                0x0000000000002d66                timer_read
 .text.timer_elapsed
                0x0000000000002d7e       0x54 .build/obj_ergodox_ez_profet_80/common/avr/timer.o
                0x0000000000002d7e                timer_elapsed
 .text.__vector_21
                0x0000000000002dd2       0x4a .build/obj_ergodox_ez_profet_80/common/avr/timer.o
                0x0000000000002dd2                __vector_21
 .text.bootloader_jump
                0x0000000000002e1c       0x44 .build/obj_ergodox_ez_profet_80/common/avr/bootloader.o
                0x0000000000002e1c                bootloader_jump
 .text.magic    0x0000000000002e60       0x32 .build/obj_ergodox_ez_profet_80/common/magic.o
                0x0000000000002e60                magic
 .text.move_unit
                0x0000000000002e92       0x92 .build/obj_ergodox_ez_profet_80/common/mousekey.o
 .text.wheel_unit
                0x0000000000002f24       0x72 .build/obj_ergodox_ez_profet_80/common/mousekey.o
 .text.mousekey_on
                0x0000000000002f96       0xd0 .build/obj_ergodox_ez_profet_80/common/mousekey.o
                0x0000000000002f96                mousekey_on
 .text.mousekey_off
                0x0000000000003066      0x10a .build/obj_ergodox_ez_profet_80/common/mousekey.o
                0x0000000000003066                mousekey_off
 .text.mousekey_send
                0x0000000000003170       0x16 .build/obj_ergodox_ez_profet_80/common/mousekey.o
                0x0000000000003170                mousekey_send
 .text.mousekey_task
                0x0000000000003186      0x14a .build/obj_ergodox_ez_profet_80/common/mousekey.o
                0x0000000000003186                mousekey_task
 .text.mousekey_clear
                0x00000000000032d0       0x18 .build/obj_ergodox_ez_profet_80/common/mousekey.o
                0x00000000000032d0                mousekey_clear
 .text.mousekey_param_inc
                0x00000000000032e8       0xec .build/obj_ergodox_ez_profet_80/common/command.o
 .text.mousekey_param_dec
                0x00000000000033d4       0xa0 .build/obj_ergodox_ez_profet_80/common/command.o
 .text.switch_default_layer
                0x0000000000003474       0x2e .build/obj_ergodox_ez_profet_80/common/command.o
 .text.command_common
                0x00000000000034a2      0x142 .build/obj_ergodox_ez_profet_80/common/command.o
 .text.command_console_extra
                0x00000000000035e4        0x4 .build/obj_ergodox_ez_profet_80/common/command.o
                0x00000000000035e4                command_console_extra
 .text.command_extra
                0x00000000000035e8        0x4 .build/obj_ergodox_ez_profet_80/common/command.o
                0x00000000000035e8                command_extra
 .text.numkey2num
                0x00000000000035ec       0x16 .build/obj_ergodox_ez_profet_80/common/command.o
                0x00000000000035ec                numkey2num
 .text.command_proc
                0x0000000000003602      0x134 .build/obj_ergodox_ez_profet_80/common/command.o
                0x0000000000003602                command_proc
 .text.keyboard_leds
                0x0000000000003736        0x6 .build/obj_ergodox_ez_profet_80/lufa.o
 .text.send_consumer
                0x000000000000373c       0x68 .build/obj_ergodox_ez_profet_80/lufa.o
 .text.send_system
                0x00000000000037a4       0x68 .build/obj_ergodox_ez_profet_80/lufa.o
 .text.send_mouse
                0x000000000000380c       0x46 .build/obj_ergodox_ez_profet_80/lufa.o
 .text.send_keyboard
                0x0000000000003852       0xa2 .build/obj_ergodox_ez_profet_80/lufa.o
 .text.EVENT_USB_Device_Connect
                0x00000000000038f4       0x1c .build/obj_ergodox_ez_profet_80/lufa.o
                0x00000000000038f4                EVENT_USB_Device_Connect
 .text.EVENT_USB_Device_Disconnect
                0x0000000000003910        0x6 .build/obj_ergodox_ez_profet_80/lufa.o
                0x0000000000003910                EVENT_USB_Device_Disconnect
 .text.EVENT_USB_Device_Reset
                0x0000000000003916        0x2 .build/obj_ergodox_ez_profet_80/lufa.o
                0x0000000000003916                EVENT_USB_Device_Reset
 .text.EVENT_USB_Device_Suspend
                0x0000000000003918        0x2 .build/obj_ergodox_ez_profet_80/lufa.o
                0x0000000000003918                EVENT_USB_Device_Suspend
 .text.EVENT_USB_Device_WakeUp
                0x000000000000391a        0x4 .build/obj_ergodox_ez_profet_80/lufa.o
                0x000000000000391a                EVENT_USB_Device_WakeUp
 .text.EVENT_USB_Device_ConfigurationChanged
                0x000000000000391e       0x28 .build/obj_ergodox_ez_profet_80/lufa.o
                0x000000000000391e                EVENT_USB_Device_ConfigurationChanged
 .text.EVENT_USB_Device_ControlRequest
                0x0000000000003946      0x164 .build/obj_ergodox_ez_profet_80/lufa.o
                0x0000000000003946                EVENT_USB_Device_ControlRequest
 .text.startup.main
                0x0000000000003aaa       0x76 .build/obj_ergodox_ez_profet_80/lufa.o
                0x0000000000003aaa                main
 .text.CALLBACK_USB_GetDescriptor
                0x0000000000003b20       0xac .build/obj_ergodox_ez_profet_80/descriptor.o
                0x0000000000003b20                CALLBACK_USB_GetDescriptor
 .text.USB_Device_SendRemoteWakeup
                0x0000000000003bcc       0x2c .build/obj_ergodox_ez_profet_80/protocol/lufa/LUFA-git/LUFA/Drivers/USB/Core/AVR8/Device_AVR8.o
                0x0000000000003bcc                USB_Device_SendRemoteWakeup
 .text.Endpoint_Write_Stream_LE
                0x0000000000003bf8       0x96 .build/obj_ergodox_ez_profet_80/protocol/lufa/LUFA-git/LUFA/Drivers/USB/Core/AVR8/EndpointStream_AVR8.o
                0x0000000000003bf8                Endpoint_Write_Stream_LE
 .text.Endpoint_Write_Control_Stream_LE
                0x0000000000003c8e       0xbc .build/obj_ergodox_ez_profet_80/protocol/lufa/LUFA-git/LUFA/Drivers/USB/Core/AVR8/EndpointStream_AVR8.o
                0x0000000000003c8e                Endpoint_Write_Control_Stream_LE
 .text.Endpoint_Write_Control_PStream_LE
                0x0000000000003d4a       0xc2 .build/obj_ergodox_ez_profet_80/protocol/lufa/LUFA-git/LUFA/Drivers/USB/Core/AVR8/EndpointStream_AVR8.o
                0x0000000000003d4a                Endpoint_Write_Control_PStream_LE
 .text.Endpoint_ConfigureEndpoint_Prv
                0x0000000000003e0c       0x6a .build/obj_ergodox_ez_profet_80/protocol/lufa/LUFA-git/LUFA/Drivers/USB/Core/AVR8/Endpoint_AVR8.o
                0x0000000000003e0c                Endpoint_ConfigureEndpoint_Prv
 .text.Endpoint_ClearStatusStage
                0x0000000000003e76       0x3e .build/obj_ergodox_ez_profet_80/protocol/lufa/LUFA-git/LUFA/Drivers/USB/Core/AVR8/Endpoint_AVR8.o
                0x0000000000003e76                Endpoint_ClearStatusStage
 .text.Endpoint_WaitUntilReady
                0x0000000000003eb4       0x66 .build/obj_ergodox_ez_profet_80/protocol/lufa/LUFA-git/LUFA/Drivers/USB/Core/AVR8/Endpoint_AVR8.o
                0x0000000000003eb4                Endpoint_WaitUntilReady
 .text.USB_Disable
                0x0000000000003f1a       0x34 .build/obj_ergodox_ez_profet_80/protocol/lufa/LUFA-git/LUFA/Drivers/USB/Core/AVR8/USBController_AVR8.o
                0x0000000000003f1a                USB_Disable
 .text.USB_ResetInterface
                0x0000000000003f4e       0x86 .build/obj_ergodox_ez_profet_80/protocol/lufa/LUFA-git/LUFA/Drivers/USB/Core/AVR8/USBController_AVR8.o
                0x0000000000003f4e                USB_ResetInterface
 .text.USB_Init
                0x0000000000003fd4       0x22 .build/obj_ergodox_ez_profet_80/protocol/lufa/LUFA-git/LUFA/Drivers/USB/Core/AVR8/USBController_AVR8.o
                0x0000000000003fd4                USB_Init
 .text.USB_INT_DisableAllInterrupts
                0x0000000000003ff6       0x10 .build/obj_ergodox_ez_profet_80/protocol/lufa/LUFA-git/LUFA/Drivers/USB/Core/AVR8/USBInterrupt_AVR8.o
                0x0000000000003ff6                USB_INT_DisableAllInterrupts
 .text.USB_INT_ClearAllInterrupts
                0x0000000000004006        0xa .build/obj_ergodox_ez_profet_80/protocol/lufa/LUFA-git/LUFA/Drivers/USB/Core/AVR8/USBInterrupt_AVR8.o
                0x0000000000004006                USB_INT_ClearAllInterrupts
 .text.__vector_10
                0x0000000000004010      0x1a4 .build/obj_ergodox_ez_profet_80/protocol/lufa/LUFA-git/LUFA/Drivers/USB/Core/AVR8/USBInterrupt_AVR8.o
                0x0000000000004010                __vector_10
 .text.__vector_11
                0x00000000000041b4       0x88 .build/obj_ergodox_ez_profet_80/protocol/lufa/LUFA-git/LUFA/Drivers/USB/Core/AVR8/USBInterrupt_AVR8.o
                0x00000000000041b4                __vector_11
 .text.USB_Device_ProcessControlRequest
                0x000000000000423c      0x2ac .build/obj_ergodox_ez_profet_80/protocol/lufa/LUFA-git/LUFA/Drivers/USB/Core/DeviceStandardReq.o
                0x000000000000423c                USB_Device_ProcessControlRequest
 .text.USB_Event_Stub
                0x00000000000044e8        0x2 .build/obj_ergodox_ez_profet_80/protocol/lufa/LUFA-git/LUFA/Drivers/USB/Core/Events.o
                0x00000000000044e8                USB_Event_Stub
                0x00000000000044e8                EVENT_USB_Device_StartOfFrame
 .text.USB_USBTask
                0x00000000000044ea       0x36 .build/obj_ergodox_ez_profet_80/protocol/lufa/LUFA-git/LUFA/Drivers/USB/Core/USBTask.o
                0x00000000000044ea                USB_USBTask
 .text.avr-libc.fplib
                0x0000000000004520        0xe /usr/lib/gcc/avr/5.4.0/../../../avr/lib/avr5/libm.a(fixsfsi.o)
                0x0000000000004520                __fixsfsi
 .text.avr-libc.fplib
                0x000000000000452e       0x5e /usr/lib/gcc/avr/5.4.0/../../../avr/lib/avr5/libm.a(fixunssfsi.o)
                0x000000000000452e                __fixunssfsi
 .text.avr-libc.fplib
                0x000000000000458c       0x7a /usr/lib/gcc/avr/5.4.0/../../../avr/lib/avr5/libm.a(floatsisf.o)
                0x000000000000458c                __floatunsisf
                0x0000000000004590                __floatsisf
 .text.avr-libc.fplib
                0x0000000000004606       0x44 /usr/lib/gcc/avr/5.4.0/../../../avr/lib/avr5/libm.a(fp_split3.o)
                0x0000000000004606                __fp_split3
                0x0000000000004616                __fp_splitA
 .text.avr-libc.fplib
                0x000000000000464a        0xe /usr/lib/gcc/avr/5.4.0/../../../avr/lib/avr5/libm.a(fp_zero.o)
                0x000000000000464a                __fp_zero
                0x000000000000464c                __fp_szero
 .text.avr-libc.fplib
                0x0000000000004658        0x8 /usr/lib/gcc/avr/5.4.0/../../../avr/lib/avr5/libm.a(mulsf3.o)
                0x0000000000004658                __mulsf3
 .text.avr-libc.fplib
                0x0000000000004660       0xd2 /usr/lib/gcc/avr/5.4.0/../../../avr/lib/avr5/libm.a(mulsf3x.o)
                0x000000000000467e                __mulsf3x
                0x0000000000004684                __mulsf3_pse
 .text.avr-libc.fplib
                0x0000000000004732        0xc /usr/lib/gcc/avr/5.4.0/../../../avr/lib/avr5/libm.a(fp_inf.o)
                0x0000000000004732                __fp_inf
 .text.avr-libc.fplib
                0x000000000000473e        0x6 /usr/lib/gcc/avr/5.4.0/../../../avr/lib/avr5/libm.a(fp_nan.o)
                0x000000000000473e                __fp_nan
 .text.avr-libc.fplib
                0x0000000000004744        0xe /usr/lib/gcc/avr/5.4.0/../../../avr/lib/avr5/libm.a(fp_pscA.o)
                0x0000000000004744                __fp_pscA
 .text.avr-libc.fplib
                0x0000000000004752        0xe /usr/lib/gcc/avr/5.4.0/../../../avr/lib/avr5/libm.a(fp_pscB.o)
                0x0000000000004752                __fp_pscB
 .text.avr-libc.fplib
                0x0000000000004760       0x22 /usr/lib/gcc/avr/5.4.0/../../../avr/lib/avr5/libm.a(fp_round.o)
                0x0000000000004760                __fp_round
 .text.libgcc.div
                0x0000000000004782       0x28 /usr/lib/gcc/avr/5.4.0/avr5/libgcc.a(_divmodhi4.o)
                0x0000000000004782                __divmodhi4
                0x0000000000004782                _div
 .text.libgcc   0x00000000000047aa        0xc /usr/lib/gcc/avr/5.4.0/avr5/libgcc.a(_tablejump2.o)
                0x00000000000047aa                __tablejump2__
 .text.libgcc.div
                0x00000000000047b6       0x28 /usr/lib/gcc/avr/5.4.0/avr5/libgcc.a(_udivmodhi4.o)
                0x00000000000047b6                __udivmodhi4
 .text.avr-libc
                0x00000000000047de       0x10 /usr/lib/gcc/avr/5.4.0/../../../avr/lib/avr5/libatmega32u4.a(eerd_byte.o)
                0x00000000000047de                eeprom_read_byte
 .text.avr-libc
                0x00000000000047ee        0xc /usr/lib/gcc/avr/5.4.0/../../../avr/lib/avr5/libatmega32u4.a(eerd_word.o)
                0x00000000000047ee                eeprom_read_word
 .text.avr-libc
                0x00000000000047fa       0x24 /usr/lib/gcc/avr/5.4.0/../../../avr/lib/avr5/libatmega32u4.a(eeupd_byte.o)
                0x00000000000047fa                eeprom_update_byte
                0x00000000000047fc                eeprom_update_r18
 .text.avr-libc
                0x000000000000481e        0xc /usr/lib/gcc/avr/5.4.0/../../../avr/lib/avr5/libatmega32u4.a(eeupd_word.o)
                0x000000000000481e                eeprom_update_word
 .text.avr-libc
                0x000000000000482a       0x20 /usr/lib/gcc/avr/5.4.0/../../../avr/lib/avr5/libatmega32u4.a(eerd_block.o)
                0x000000000000482a                eeprom_read_block
                0x000000000000482e                eeprom_read_blraw
                0x000000000000484a                . = ALIGN (0x2)
 *(.fini9)
 .fini9         0x000000000000484a        0x0 /usr/lib/gcc/avr/5.4.0/avr5/libgcc.a(_exit.o)
                0x000000000000484a                exit
                0x000000000000484a                _exit
 *(.fini9)
 *(.fini8)
 *(.fini8)
 *(.fini7)
 *(.fini7)
 *(.fini6)
 *(.fini6)
 *(.fini5)
 *(.fini5)
 *(.fini4)
 *(.fini4)
 *(.fini3)
 *(.fini3)
 *(.fini2)
 *(.fini2)
 *(.fini1)
 *(.fini1)
 *(.fini0)
 .fini0         0x000000000000484a        0x4 /usr/lib/gcc/avr/5.4.0/avr5/libgcc.a(_exit.o)
 *(.fini0)
                0x000000000000484e                _etext = .

.data           0x0000000000800100       0xdc load address 0x000000000000484e
                0x0000000000800100                PROVIDE (__data_start, .)
 *(.data)
 *(.data*)
 .data.debouncing
                0x0000000000800100        0x1 .build/obj_ergodox_ez_profet_80/matrix.o
 .data.mcp23018_status
                0x0000000000800101        0x1 .build/obj_ergodox_ez_profet_80/keyboards/ergodox/ez/ez.o
                0x0000000000800101                mcp23018_status
 .data.keyboard_report
                0x0000000000800102        0x2 .build/obj_ergodox_ez_profet_80/common/action_util.o
                0x0000000000800102                keyboard_report
 .data.mk_wheel_time_to_max
                0x0000000000800104        0x1 .build/obj_ergodox_ez_profet_80/common/mousekey.o
                0x0000000000800104                mk_wheel_time_to_max
 .data.mk_wheel_max_speed
                0x0000000000800105        0x1 .build/obj_ergodox_ez_profet_80/common/mousekey.o
                0x0000000000800105                mk_wheel_max_speed
 .data.mk_time_to_max
                0x0000000000800106        0x1 .build/obj_ergodox_ez_profet_80/common/mousekey.o
                0x0000000000800106                mk_time_to_max
 .data.mk_max_speed
                0x0000000000800107        0x1 .build/obj_ergodox_ez_profet_80/common/mousekey.o
                0x0000000000800107                mk_max_speed
 .data.mk_interval
                0x0000000000800108        0x1 .build/obj_ergodox_ez_profet_80/common/mousekey.o
                0x0000000000800108                mk_interval
 .data.mk_delay
                0x0000000000800109        0x1 .build/obj_ergodox_ez_profet_80/common/mousekey.o
                0x0000000000800109                mk_delay
 .data.lufa_driver
                0x000000000080010a        0xa .build/obj_ergodox_ez_profet_80/lufa.o
                0x000000000080010a                lufa_driver
 .data.keyboard_protocol
                0x0000000000800114        0x1 .build/obj_ergodox_ez_profet_80/lufa.o
                0x0000000000800114                keyboard_protocol
 *(.gnu.linkonce.d*)
 *(.rodata)
 *(.rodata*)
 .rodata.hand_swap_config
                0x0000000000800115       0xa8 .build/obj_ergodox_ez_profet_80/keyboards/ergodox/ergodox.o
                0x0000000000800115                hand_swap_config
 .rodata.CSWTCH.46
                0x00000000008001bd        0xa .build/obj_ergodox_ez_profet_80/common/command.o
 .rodata.CSWTCH.3
                0x00000000008001c7        0x4 .build/obj_ergodox_ez_profet_80/descriptor.o
 .rodata.CSWTCH.2
                0x00000000008001cb        0x8 .build/obj_ergodox_ez_profet_80/descriptor.o
 .rodata.CSWTCH.1
                0x00000000008001d3        0x8 .build/obj_ergodox_ez_profet_80/descriptor.o
 *(.gnu.linkonce.r*)
                0x00000000008001dc                . = ALIGN (0x2)
 *fill*         0x00000000008001db        0x1 
                0x00000000008001dc                _edata = .
                0x00000000008001dc                PROVIDE (__data_end, .)

.bss            0x00000000008001dc       0xfa
                0x00000000008001dc                PROVIDE (__bss_start, .)
 *(.bss)
 *(.bss*)
 .bss.mcp23018_reset_loop
                0x00000000008001dc        0x1 .build/obj_ergodox_ez_profet_80/matrix.o
 .bss.matrix_debouncing
                0x00000000008001dd        0xe .build/obj_ergodox_ez_profet_80/matrix.o
 .bss.matrix    0x00000000008001eb        0xe .build/obj_ergodox_ez_profet_80/matrix.o
 .bss.shift_interrupted
                0x00000000008001f9        0x2 .build/obj_ergodox_ez_profet_80/quantum/quantum.o
 .bss.leader_sequence_size
                0x00000000008001fb        0x1 .build/obj_ergodox_ez_profet_80/quantum/process_keycode/process_leader.o
                0x00000000008001fb                leader_sequence_size
 .bss.leader_sequence
                0x00000000008001fc        0xa .build/obj_ergodox_ez_profet_80/quantum/process_keycode/process_leader.o
                0x00000000008001fc                leader_sequence
 .bss.leader_time
                0x0000000000800206        0x2 .build/obj_ergodox_ez_profet_80/quantum/process_keycode/process_leader.o
                0x0000000000800206                leader_time
 .bss.leading   0x0000000000800208        0x1 .build/obj_ergodox_ez_profet_80/quantum/process_keycode/process_leader.o
                0x0000000000800208                leading
 .bss.i2c_initialized
                0x0000000000800209        0x1 .build/obj_ergodox_ez_profet_80/keyboards/ergodox/ez/ez.o
                0x0000000000800209                i2c_initialized
 .bss.input_mode
                0x000000000080020a        0x1 .build/obj_ergodox_ez_profet_80/quantum/process_keycode/process_unicode.o
 .bss.last_consumer_report
                0x000000000080020b        0x2 .build/obj_ergodox_ez_profet_80/common/host.o
 .bss.last_system_report
                0x000000000080020d        0x2 .build/obj_ergodox_ez_profet_80/common/host.o
 .bss.driver    0x000000000080020f        0x2 .build/obj_ergodox_ez_profet_80/common/host.o
 .bss.led_status.5058
                0x0000000000800211        0x1 .build/obj_ergodox_ez_profet_80/common/keyboard.o
 .bss.matrix_prev.5057
                0x0000000000800212        0xe .build/obj_ergodox_ez_profet_80/common/keyboard.o
 .bss.swap_state.4944
                0x0000000000800220        0xe .build/obj_ergodox_ez_profet_80/common/action.o
 .bss.swap_hands
                0x000000000080022e        0x1 .build/obj_ergodox_ez_profet_80/common/action.o
                0x000000000080022e                swap_hands
 .bss.waiting_buffer_tail
                0x000000000080022f        0x1 .build/obj_ergodox_ez_profet_80/common/action_tapping.o
 .bss.waiting_buffer_head
                0x0000000000800230        0x1 .build/obj_ergodox_ez_profet_80/common/action_tapping.o
 .bss.waiting_buffer
                0x0000000000800231       0x30 .build/obj_ergodox_ez_profet_80/common/action_tapping.o
 .bss.tapping_key
                0x0000000000800261        0x6 .build/obj_ergodox_ez_profet_80/common/action_tapping.o
 .bss.layer_state
                0x0000000000800267        0x4 .build/obj_ergodox_ez_profet_80/common/action_layer.o
                0x0000000000800267                layer_state
 .bss.default_layer_state
                0x000000000080026b        0x4 .build/obj_ergodox_ez_profet_80/common/action_layer.o
                0x000000000080026b                default_layer_state
 .bss.oneshot_layer_data
                0x000000000080026f        0x1 .build/obj_ergodox_ez_profet_80/common/action_util.o
 .bss.oneshot_mods
                0x0000000000800270        0x1 .build/obj_ergodox_ez_profet_80/common/action_util.o
 .bss.__compound_literal.0
                0x0000000000800271       0x20 .build/obj_ergodox_ez_profet_80/common/action_util.o
 .bss.macro_mods
                0x0000000000800291        0x1 .build/obj_ergodox_ez_profet_80/common/action_util.o
 .bss.weak_mods
                0x0000000000800292        0x1 .build/obj_ergodox_ez_profet_80/common/action_util.o
 .bss.real_mods
                0x0000000000800293        0x1 .build/obj_ergodox_ez_profet_80/common/action_util.o
 .bss.debug_config
                0x0000000000800294        0x1 .build/obj_ergodox_ez_profet_80/common/debug.o
                0x0000000000800294                debug_config
 .bss.wdt_timeout
                0x0000000000800295        0x1 .build/obj_ergodox_ez_profet_80/common/avr/suspend.o
 .bss.timer_count
                0x0000000000800296        0x4 .build/obj_ergodox_ez_profet_80/common/avr/timer.o
                0x0000000000800296                timer_count
 .bss.last_timer
                0x000000000080029a        0x2 .build/obj_ergodox_ez_profet_80/common/mousekey.o
 .bss.mousekey_accel
                0x000000000080029c        0x1 .build/obj_ergodox_ez_profet_80/common/mousekey.o
 .bss.mousekey_repeat
                0x000000000080029d        0x1 .build/obj_ergodox_ez_profet_80/common/mousekey.o
 .bss.mouse_report
                0x000000000080029e        0x5 .build/obj_ergodox_ez_profet_80/common/mousekey.o
 .bss.mousekey_param
                0x00000000008002a3        0x1 .build/obj_ergodox_ez_profet_80/common/command.o
 .bss.command_state
                0x00000000008002a4        0x1 .build/obj_ergodox_ez_profet_80/common/command.o
                0x00000000008002a4                command_state
 .bss.keyboard_report_sent
                0x00000000008002a5       0x20 .build/obj_ergodox_ez_profet_80/lufa.o
 .bss.keyboard_led_stats
                0x00000000008002c5        0x1 .build/obj_ergodox_ez_profet_80/lufa.o
 .bss.keyboard_idle
                0x00000000008002c6        0x1 .build/obj_ergodox_ez_profet_80/lufa.o
                0x00000000008002c6                keyboard_idle
 *(COMMON)
 COMMON         0x00000000008002c7        0x2 .build/obj_ergodox_ez_profet_80/common/magic.o
                0x00000000008002c7                keymap_config
 COMMON         0x00000000008002c9        0x3 .build/obj_ergodox_ez_profet_80/protocol/lufa/LUFA-git/LUFA/Drivers/USB/Core/DeviceStandardReq.o
                0x00000000008002c9                USB_Device_ConfigurationNumber
                0x00000000008002ca                USB_Device_CurrentlySelfPowered
                0x00000000008002cb                USB_Device_RemoteWakeupEnabled
 COMMON         0x00000000008002cc        0xa .build/obj_ergodox_ez_profet_80/protocol/lufa/LUFA-git/LUFA/Drivers/USB/Core/USBTask.o
                0x00000000008002cc                USB_IsInitialized
                0x00000000008002cd                USB_DeviceState
                0x00000000008002ce                USB_ControlRequest
                0x00000000008002d6                PROVIDE (__bss_end, .)
                0x000000000000484e                __data_load_start = LOADADDR (.data)
                0x000000000000492a                __data_load_end = (__data_load_start + SIZEOF (.data))

.noinit         0x00000000008002d6        0x4
                [!provide]                        PROVIDE (__noinit_start, .)
 *(.noinit*)
 .noinit        0x00000000008002d6        0x4 .build/obj_ergodox_ez_profet_80/common/avr/bootloader.o
                0x00000000008002d6                reset_key
                [!provide]                        PROVIDE (__noinit_end, .)
                0x00000000008002da                _end = .
                [!provide]                        PROVIDE (__heap_start, .)

.eeprom         0x0000000000810000        0x0
 *(.eeprom*)
                0x0000000000810000                __eeprom_end = .

.fuse
 *(.fuse)
 *(.lfuse)
 *(.hfuse)
 *(.efuse)

.lock
 *(.lock*)

.signature
 *(.signature*)

.user_signatures
 *(.user_signatures*)

.stab
 *(.stab)

.stabstr        0x0000000000000000       0x6f
 *(.stabstr)
 .stabstr       0x0000000000000000       0x6f .build/obj_ergodox_ez_profet_80/common/avr/xprintf.o

.stab.excl
 *(.stab.excl)

.stab.exclstr
 *(.stab.exclstr)

.stab.index
 *(.stab.index)

.stab.indexstr
 *(.stab.indexstr)

.comment        0x0000000000000000       0x11
 *(.comment)
 .comment       0x0000000000000000       0x11 .build/obj_ergodox_ez_profet_80/twimaster.o
                                         0x12 (size before relaxing)
 .comment       0x0000000000000011       0x12 .build/obj_ergodox_ez_profet_80/matrix.o
 .comment       0x0000000000000011       0x12 .build/obj_ergodox_ez_profet_80/keyboards/ergodox/ergodox.o
 .comment       0x0000000000000011       0x12 .build/obj_ergodox_ez_profet_80/keyboards/ergodox/ez/keymaps/profet_80/keymap.o
 .comment       0x0000000000000011       0x12 .build/obj_ergodox_ez_profet_80/quantum/quantum.o
 .comment       0x0000000000000011       0x12 .build/obj_ergodox_ez_profet_80/quantum/keymap_common.o
 .comment       0x0000000000000011       0x12 .build/obj_ergodox_ez_profet_80/quantum/keycode_config.o
 .comment       0x0000000000000011       0x12 .build/obj_ergodox_ez_profet_80/quantum/process_keycode/process_leader.o
 .comment       0x0000000000000011       0x12 .build/obj_ergodox_ez_profet_80/keyboards/ergodox/ez/ez.o
 .comment       0x0000000000000011       0x12 .build/obj_ergodox_ez_profet_80/quantum/process_keycode/process_unicode.o
 .comment       0x0000000000000011       0x12 .build/obj_ergodox_ez_profet_80/common/host.o
 .comment       0x0000000000000011       0x12 .build/obj_ergodox_ez_profet_80/common/keyboard.o
 .comment       0x0000000000000011       0x12 .build/obj_ergodox_ez_profet_80/common/action.o
 .comment       0x0000000000000011       0x12 .build/obj_ergodox_ez_profet_80/common/action_tapping.o
 .comment       0x0000000000000011       0x12 .build/obj_ergodox_ez_profet_80/common/action_macro.o
 .comment       0x0000000000000011       0x12 .build/obj_ergodox_ez_profet_80/common/action_layer.o
 .comment       0x0000000000000011       0x12 .build/obj_ergodox_ez_profet_80/common/action_util.o
 .comment       0x0000000000000011       0x12 .build/obj_ergodox_ez_profet_80/common/debug.o
 .comment       0x0000000000000011       0x12 .build/obj_ergodox_ez_profet_80/common/util.o
 .comment       0x0000000000000011       0x12 .build/obj_ergodox_ez_profet_80/common/eeconfig.o
 .comment       0x0000000000000011       0x12 .build/obj_ergodox_ez_profet_80/common/avr/suspend.o
 .comment       0x0000000000000011       0x12 .build/obj_ergodox_ez_profet_80/common/avr/timer.o
 .comment       0x0000000000000011       0x12 .build/obj_ergodox_ez_profet_80/common/avr/bootloader.o
 .comment       0x0000000000000011       0x12 .build/obj_ergodox_ez_profet_80/common/magic.o
 .comment       0x0000000000000011       0x12 .build/obj_ergodox_ez_profet_80/common/mousekey.o
 .comment       0x0000000000000011       0x12 .build/obj_ergodox_ez_profet_80/common/command.o
 .comment       0x0000000000000011       0x12 .build/obj_ergodox_ez_profet_80/lufa.o
 .comment       0x0000000000000011       0x12 .build/obj_ergodox_ez_profet_80/descriptor.o
 .comment       0x0000000000000011       0x12 .build/obj_ergodox_ez_profet_80/protocol/lufa/LUFA-git/LUFA/Drivers/USB/Core/AVR8/Device_AVR8.o
 .comment       0x0000000000000011       0x12 .build/obj_ergodox_ez_profet_80/protocol/lufa/LUFA-git/LUFA/Drivers/USB/Core/AVR8/EndpointStream_AVR8.o
 .comment       0x0000000000000011       0x12 .build/obj_ergodox_ez_profet_80/protocol/lufa/LUFA-git/LUFA/Drivers/USB/Core/AVR8/Endpoint_AVR8.o
 .comment       0x0000000000000011       0x12 .build/obj_ergodox_ez_profet_80/protocol/lufa/LUFA-git/LUFA/Drivers/USB/Core/AVR8/USBController_AVR8.o
 .comment       0x0000000000000011       0x12 .build/obj_ergodox_ez_profet_80/protocol/lufa/LUFA-git/LUFA/Drivers/USB/Core/AVR8/USBInterrupt_AVR8.o
 .comment       0x0000000000000011       0x12 .build/obj_ergodox_ez_profet_80/protocol/lufa/LUFA-git/LUFA/Drivers/USB/Core/DeviceStandardReq.o
 .comment       0x0000000000000011       0x12 .build/obj_ergodox_ez_profet_80/protocol/lufa/LUFA-git/LUFA/Drivers/USB/Core/Events.o
 .comment       0x0000000000000011       0x12 .build/obj_ergodox_ez_profet_80/protocol/lufa/LUFA-git/LUFA/Drivers/USB/Core/USBTask.o

.note.gnu.avr.deviceinfo
                0x0000000000000000       0x40
 .note.gnu.avr.deviceinfo
                0x0000000000000000       0x40 /usr/lib/gcc/avr/5.4.0/../../../avr/lib/avr5/crtatmega32u4.o

.note.gnu.build-id
 *(.note.gnu.build-id)

.debug
 *(.debug)

.line
 *(.line)

.debug_srcinfo
 *(.debug_srcinfo)

.debug_sfnames
 *(.debug_sfnames)

.debug_aranges  0x0000000000000000      0xb18
 *(.debug_aranges)
 .debug_aranges
                0x0000000000000000       0x58 .build/obj_ergodox_ez_profet_80/twimaster.o
 .debug_aranges
                0x0000000000000058       0x90 .build/obj_ergodox_ez_profet_80/matrix.o
 .debug_aranges
                0x00000000000000e8       0x18 .build/obj_ergodox_ez_profet_80/keyboards/ergodox/ergodox.o
 .debug_aranges
                0x0000000000000100       0x30 .build/obj_ergodox_ez_profet_80/keyboards/ergodox/ez/keymaps/profet_80/keymap.o
 .debug_aranges
                0x0000000000000130       0xa0 .build/obj_ergodox_ez_profet_80/quantum/quantum.o
 .debug_aranges
                0x00000000000001d0       0x38 .build/obj_ergodox_ez_profet_80/quantum/keymap_common.o
 .debug_aranges
                0x0000000000000208       0x20 .build/obj_ergodox_ez_profet_80/quantum/keycode_config.o
 .debug_aranges
                0x0000000000000228       0x28 .build/obj_ergodox_ez_profet_80/quantum/process_keycode/process_leader.o
 .debug_aranges
                0x0000000000000250       0x30 .build/obj_ergodox_ez_profet_80/keyboards/ergodox/ez/ez.o
 .debug_aranges
                0x0000000000000280       0x50 .build/obj_ergodox_ez_profet_80/quantum/process_keycode/process_unicode.o
 .debug_aranges
                0x00000000000002d0       0x60 .build/obj_ergodox_ez_profet_80/common/host.o
 .debug_aranges
                0x0000000000000330       0x40 .build/obj_ergodox_ez_profet_80/common/keyboard.o
 .debug_aranges
                0x0000000000000370       0x98 .build/obj_ergodox_ez_profet_80/common/action.o
 .debug_aranges
                0x0000000000000408       0x40 .build/obj_ergodox_ez_profet_80/common/action_tapping.o
 .debug_aranges
                0x0000000000000448       0x20 .build/obj_ergodox_ez_profet_80/common/action_macro.o
 .debug_aranges
                0x0000000000000468       0x98 .build/obj_ergodox_ez_profet_80/common/action_layer.o
 .debug_aranges
                0x0000000000000500      0x128 .build/obj_ergodox_ez_profet_80/common/action_util.o
 .debug_aranges
                0x0000000000000628       0x18 .build/obj_ergodox_ez_profet_80/common/debug.o
 .debug_aranges
                0x0000000000000640       0x60 .build/obj_ergodox_ez_profet_80/common/util.o
 .debug_aranges
                0x00000000000006a0       0x68 .build/obj_ergodox_ez_profet_80/common/eeconfig.o
 .debug_aranges
                0x0000000000000708       0x48 .build/obj_ergodox_ez_profet_80/common/avr/suspend.o
 .debug_aranges
                0x0000000000000750       0x50 .build/obj_ergodox_ez_profet_80/common/avr/timer.o
 .debug_aranges
                0x00000000000007a0       0x28 .build/obj_ergodox_ez_profet_80/common/avr/bootloader.o
 .debug_aranges
                0x00000000000007c8       0x20 .build/obj_ergodox_ez_profet_80/common/magic.o
 .debug_aranges
                0x00000000000007e8       0x50 .build/obj_ergodox_ez_profet_80/common/mousekey.o
 .debug_aranges
                0x0000000000000838       0x50 .build/obj_ergodox_ez_profet_80/common/command.o
 .debug_aranges
                0x0000000000000888       0x80 .build/obj_ergodox_ez_profet_80/lufa.o
 .debug_aranges
                0x0000000000000908       0x20 .build/obj_ergodox_ez_profet_80/descriptor.o
 .debug_aranges
                0x0000000000000928       0x20 .build/obj_ergodox_ez_profet_80/protocol/lufa/LUFA-git/LUFA/Drivers/USB/Core/AVR8/Device_AVR8.o
 .debug_aranges
                0x0000000000000948       0xc8 .build/obj_ergodox_ez_profet_80/protocol/lufa/LUFA-git/LUFA/Drivers/USB/Core/AVR8/EndpointStream_AVR8.o
 .debug_aranges
                0x0000000000000a10       0x40 .build/obj_ergodox_ez_profet_80/protocol/lufa/LUFA-git/LUFA/Drivers/USB/Core/AVR8/Endpoint_AVR8.o
 .debug_aranges
                0x0000000000000a50       0x30 .build/obj_ergodox_ez_profet_80/protocol/lufa/LUFA-git/LUFA/Drivers/USB/Core/AVR8/USBController_AVR8.o
 .debug_aranges
                0x0000000000000a80       0x38 .build/obj_ergodox_ez_profet_80/protocol/lufa/LUFA-git/LUFA/Drivers/USB/Core/AVR8/USBInterrupt_AVR8.o
 .debug_aranges
                0x0000000000000ab8       0x20 .build/obj_ergodox_ez_profet_80/protocol/lufa/LUFA-git/LUFA/Drivers/USB/Core/DeviceStandardReq.o
 .debug_aranges
                0x0000000000000ad8       0x20 .build/obj_ergodox_ez_profet_80/protocol/lufa/LUFA-git/LUFA/Drivers/USB/Core/Events.o
 .debug_aranges
                0x0000000000000af8       0x20 .build/obj_ergodox_ez_profet_80/protocol/lufa/LUFA-git/LUFA/Drivers/USB/Core/USBTask.o

.debug_pubnames
 *(.debug_pubnames)

.debug_info     0x0000000000000000    0x11cfd
 *(.debug_info .gnu.linkonce.wi.*)
 .debug_info    0x0000000000000000      0x9f4 /usr/lib/gcc/avr/5.4.0/../../../avr/lib/avr5/crtatmega32u4.o
 .debug_info    0x00000000000009f4      0x1be .build/obj_ergodox_ez_profet_80/twimaster.o
 .debug_info    0x0000000000000bb2      0x6a6 .build/obj_ergodox_ez_profet_80/matrix.o
 .debug_info    0x0000000000001258       0xea .build/obj_ergodox_ez_profet_80/keyboards/ergodox/ergodox.o
 .debug_info    0x0000000000001342      0xd28 .build/obj_ergodox_ez_profet_80/keyboards/ergodox/ez/keymaps/profet_80/keymap.o
 .debug_info    0x000000000000206a     0x1385 .build/obj_ergodox_ez_profet_80/quantum/quantum.o
 .debug_info    0x00000000000033ef     0x1138 .build/obj_ergodox_ez_profet_80/quantum/keymap_common.o
 .debug_info    0x0000000000004527      0x583 .build/obj_ergodox_ez_profet_80/quantum/keycode_config.o
 .debug_info    0x0000000000004aaa      0x560 .build/obj_ergodox_ez_profet_80/quantum/process_keycode/process_leader.o
 .debug_info    0x000000000000500a      0x5c7 .build/obj_ergodox_ez_profet_80/keyboards/ergodox/ez/ez.o
 .debug_info    0x00000000000055d1      0xbd0 .build/obj_ergodox_ez_profet_80/quantum/process_keycode/process_unicode.o
 .debug_info    0x00000000000061a1      0x4a9 .build/obj_ergodox_ez_profet_80/common/host.o
 .debug_info    0x000000000000664a      0x428 .build/obj_ergodox_ez_profet_80/common/keyboard.o
 .debug_info    0x0000000000006a72     0x18dc .build/obj_ergodox_ez_profet_80/common/action.o
 .debug_info    0x000000000000834e      0xde0 .build/obj_ergodox_ez_profet_80/common/action_tapping.o
 .debug_info    0x000000000000912e      0x78c .build/obj_ergodox_ez_profet_80/common/action_macro.o
 .debug_info    0x00000000000098ba      0x8d6 .build/obj_ergodox_ez_profet_80/common/action_layer.o
 .debug_info    0x000000000000a190      0x964 .build/obj_ergodox_ez_profet_80/common/action_util.o
 .debug_info    0x000000000000aaf4       0xfc .build/obj_ergodox_ez_profet_80/common/debug.o
 .debug_info    0x000000000000abf0      0x2a2 .build/obj_ergodox_ez_profet_80/common/util.o
 .debug_info    0x000000000000ae92      0x37b .build/obj_ergodox_ez_profet_80/common/eeconfig.o
 .debug_info    0x000000000000b20d      0x2cd .build/obj_ergodox_ez_profet_80/common/avr/suspend.o
 .debug_info    0x000000000000b4da      0x204 .build/obj_ergodox_ez_profet_80/common/avr/timer.o
 .debug_info    0x000000000000b6de      0x206 .build/obj_ergodox_ez_profet_80/common/avr/bootloader.o
 .debug_info    0x000000000000b8e4      0x2af .build/obj_ergodox_ez_profet_80/common/magic.o
 .debug_info    0x000000000000bb93      0x5e6 .build/obj_ergodox_ez_profet_80/common/mousekey.o
 .debug_info    0x000000000000c179      0xa9a .build/obj_ergodox_ez_profet_80/common/command.o
 .debug_info    0x000000000000cc13     0x1087 .build/obj_ergodox_ez_profet_80/lufa.o
 .debug_info    0x000000000000dc9a      0x7c6 .build/obj_ergodox_ez_profet_80/descriptor.o
 .debug_info    0x000000000000e460       0xd2 .build/obj_ergodox_ez_profet_80/protocol/lufa/LUFA-git/LUFA/Drivers/USB/Core/AVR8/Device_AVR8.o
 .debug_info    0x000000000000e532     0x17c8 .build/obj_ergodox_ez_profet_80/protocol/lufa/LUFA-git/LUFA/Drivers/USB/Core/AVR8/EndpointStream_AVR8.o
 .debug_info    0x000000000000fcfa      0x620 .build/obj_ergodox_ez_profet_80/protocol/lufa/LUFA-git/LUFA/Drivers/USB/Core/AVR8/Endpoint_AVR8.o
 .debug_info    0x000000000001031a      0x4e7 .build/obj_ergodox_ez_profet_80/protocol/lufa/LUFA-git/LUFA/Drivers/USB/Core/AVR8/USBController_AVR8.o
 .debug_info    0x0000000000010801      0x7e7 .build/obj_ergodox_ez_profet_80/protocol/lufa/LUFA-git/LUFA/Drivers/USB/Core/AVR8/USBInterrupt_AVR8.o
 .debug_info    0x0000000000010fe8      0xa2b .build/obj_ergodox_ez_profet_80/protocol/lufa/LUFA-git/LUFA/Drivers/USB/Core/DeviceStandardReq.o
 .debug_info    0x0000000000011a13       0x78 .build/obj_ergodox_ez_profet_80/protocol/lufa/LUFA-git/LUFA/Drivers/USB/Core/Events.o
 .debug_info    0x0000000000011a8b      0x272 .build/obj_ergodox_ez_profet_80/protocol/lufa/LUFA-git/LUFA/Drivers/USB/Core/USBTask.o

.debug_abbrev   0x0000000000000000     0x4944
 *(.debug_abbrev)
 .debug_abbrev  0x0000000000000000      0x96a /usr/lib/gcc/avr/5.4.0/../../../avr/lib/avr5/crtatmega32u4.o
 .debug_abbrev  0x000000000000096a       0xe8 .build/obj_ergodox_ez_profet_80/twimaster.o
 .debug_abbrev  0x0000000000000a52      0x29f .build/obj_ergodox_ez_profet_80/matrix.o
 .debug_abbrev  0x0000000000000cf1       0x91 .build/obj_ergodox_ez_profet_80/keyboards/ergodox/ergodox.o
 .debug_abbrev  0x0000000000000d82      0x1c7 .build/obj_ergodox_ez_profet_80/keyboards/ergodox/ez/keymaps/profet_80/keymap.o
 .debug_abbrev  0x0000000000000f49      0x388 .build/obj_ergodox_ez_profet_80/quantum/quantum.o
 .debug_abbrev  0x00000000000012d1      0x2b0 .build/obj_ergodox_ez_profet_80/quantum/keymap_common.o
 .debug_abbrev  0x0000000000001581       0xd2 .build/obj_ergodox_ez_profet_80/quantum/keycode_config.o
 .debug_abbrev  0x0000000000001653      0x152 .build/obj_ergodox_ez_profet_80/quantum/process_keycode/process_leader.o
 .debug_abbrev  0x00000000000017a5      0x18f .build/obj_ergodox_ez_profet_80/keyboards/ergodox/ez/ez.o
 .debug_abbrev  0x0000000000001934      0x249 .build/obj_ergodox_ez_profet_80/quantum/process_keycode/process_unicode.o
 .debug_abbrev  0x0000000000001b7d      0x183 .build/obj_ergodox_ez_profet_80/common/host.o
 .debug_abbrev  0x0000000000001d00      0x1fc .build/obj_ergodox_ez_profet_80/common/keyboard.o
 .debug_abbrev  0x0000000000001efc      0x324 .build/obj_ergodox_ez_profet_80/common/action.o
 .debug_abbrev  0x0000000000002220      0x2c3 .build/obj_ergodox_ez_profet_80/common/action_tapping.o
 .debug_abbrev  0x00000000000024e3      0x162 .build/obj_ergodox_ez_profet_80/common/action_macro.o
 .debug_abbrev  0x0000000000002645      0x233 .build/obj_ergodox_ez_profet_80/common/action_layer.o
 .debug_abbrev  0x0000000000002878      0x2e0 .build/obj_ergodox_ez_profet_80/common/action_util.o
 .debug_abbrev  0x0000000000002b58       0x87 .build/obj_ergodox_ez_profet_80/common/debug.o
 .debug_abbrev  0x0000000000002bdf       0xcb .build/obj_ergodox_ez_profet_80/common/util.o
 .debug_abbrev  0x0000000000002caa       0xc2 .build/obj_ergodox_ez_profet_80/common/eeconfig.o
 .debug_abbrev  0x0000000000002d6c      0x1ce .build/obj_ergodox_ez_profet_80/common/avr/suspend.o
 .debug_abbrev  0x0000000000002f3a      0x11e .build/obj_ergodox_ez_profet_80/common/avr/timer.o
 .debug_abbrev  0x0000000000003058      0x171 .build/obj_ergodox_ez_profet_80/common/avr/bootloader.o
 .debug_abbrev  0x00000000000031c9       0xf9 .build/obj_ergodox_ez_profet_80/common/magic.o
 .debug_abbrev  0x00000000000032c2      0x1b4 .build/obj_ergodox_ez_profet_80/common/mousekey.o
 .debug_abbrev  0x0000000000003476      0x2e1 .build/obj_ergodox_ez_profet_80/common/command.o
 .debug_abbrev  0x0000000000003757      0x3ea .build/obj_ergodox_ez_profet_80/lufa.o
 .debug_abbrev  0x0000000000003b41      0x184 .build/obj_ergodox_ez_profet_80/descriptor.o
 .debug_abbrev  0x0000000000003cc5       0x80 .build/obj_ergodox_ez_profet_80/protocol/lufa/LUFA-git/LUFA/Drivers/USB/Core/AVR8/Device_AVR8.o
 .debug_abbrev  0x0000000000003d45      0x1ea .build/obj_ergodox_ez_profet_80/protocol/lufa/LUFA-git/LUFA/Drivers/USB/Core/AVR8/EndpointStream_AVR8.o
 .debug_abbrev  0x0000000000003f2f      0x226 .build/obj_ergodox_ez_profet_80/protocol/lufa/LUFA-git/LUFA/Drivers/USB/Core/AVR8/Endpoint_AVR8.o
 .debug_abbrev  0x0000000000004155      0x191 .build/obj_ergodox_ez_profet_80/protocol/lufa/LUFA-git/LUFA/Drivers/USB/Core/AVR8/USBController_AVR8.o
 .debug_abbrev  0x00000000000042e6      0x213 .build/obj_ergodox_ez_profet_80/protocol/lufa/LUFA-git/LUFA/Drivers/USB/Core/AVR8/USBInterrupt_AVR8.o
 .debug_abbrev  0x00000000000044f9      0x29c .build/obj_ergodox_ez_profet_80/protocol/lufa/LUFA-git/LUFA/Drivers/USB/Core/DeviceStandardReq.o
 .debug_abbrev  0x0000000000004795       0x44 .build/obj_ergodox_ez_profet_80/protocol/lufa/LUFA-git/LUFA/Drivers/USB/Core/Events.o
 .debug_abbrev  0x00000000000047d9      0x16b .build/obj_ergodox_ez_profet_80/protocol/lufa/LUFA-git/LUFA/Drivers/USB/Core/USBTask.o

.debug_line     0x0000000000000000     0x8112
 *(.debug_line .debug_line.* .debug_line_end)
 .debug_line    0x0000000000000000       0x1a /usr/lib/gcc/avr/5.4.0/../../../avr/lib/avr5/crtatmega32u4.o
 .debug_line    0x000000000000001a      0x247 .build/obj_ergodox_ez_profet_80/twimaster.o
 .debug_line    0x0000000000000261      0x48f .build/obj_ergodox_ez_profet_80/matrix.o
 .debug_line    0x00000000000006f0       0xbf .build/obj_ergodox_ez_profet_80/keyboards/ergodox/ergodox.o
 .debug_line    0x00000000000007af      0x1dd .build/obj_ergodox_ez_profet_80/keyboards/ergodox/ez/keymaps/profet_80/keymap.o
 .debug_line    0x000000000000098c      0x61d .build/obj_ergodox_ez_profet_80/quantum/quantum.o
 .debug_line    0x0000000000000fa9      0x326 .build/obj_ergodox_ez_profet_80/quantum/keymap_common.o
 .debug_line    0x00000000000012cf      0x13a .build/obj_ergodox_ez_profet_80/quantum/keycode_config.o
 .debug_line    0x0000000000001409      0x199 .build/obj_ergodox_ez_profet_80/quantum/process_keycode/process_leader.o
 .debug_line    0x00000000000015a2      0x270 .build/obj_ergodox_ez_profet_80/keyboards/ergodox/ez/ez.o
 .debug_line    0x0000000000001812      0x28d .build/obj_ergodox_ez_profet_80/quantum/process_keycode/process_unicode.o
 .debug_line    0x0000000000001a9f      0x1ca .build/obj_ergodox_ez_profet_80/common/host.o
 .debug_line    0x0000000000001c69      0x215 .build/obj_ergodox_ez_profet_80/common/keyboard.o
 .debug_line    0x0000000000001e7e      0x983 .build/obj_ergodox_ez_profet_80/common/action.o
 .debug_line    0x0000000000002801      0x51d .build/obj_ergodox_ez_profet_80/common/action_tapping.o
 .debug_line    0x0000000000002d1e      0x1bb .build/obj_ergodox_ez_profet_80/common/action_macro.o
 .debug_line    0x0000000000002ed9      0x28c .build/obj_ergodox_ez_profet_80/common/action_layer.o
 .debug_line    0x0000000000003165      0x53d .build/obj_ergodox_ez_profet_80/common/action_util.o
 .debug_line    0x00000000000036a2       0x63 .build/obj_ergodox_ez_profet_80/common/debug.o
 .debug_line    0x0000000000003705      0x283 .build/obj_ergodox_ez_profet_80/common/util.o
 .debug_line    0x0000000000003988      0x178 .build/obj_ergodox_ez_profet_80/common/eeconfig.o
 .debug_line    0x0000000000003b00      0x279 .build/obj_ergodox_ez_profet_80/common/avr/suspend.o
 .debug_line    0x0000000000003d79      0x1ba .build/obj_ergodox_ez_profet_80/common/avr/timer.o
 .debug_line    0x0000000000003f33      0x1c1 .build/obj_ergodox_ez_profet_80/common/avr/bootloader.o
 .debug_line    0x00000000000040f4      0x11a .build/obj_ergodox_ez_profet_80/common/magic.o
 .debug_line    0x000000000000420e      0x5ea .build/obj_ergodox_ez_profet_80/common/mousekey.o
 .debug_line    0x00000000000047f8      0x4ae .build/obj_ergodox_ez_profet_80/common/command.o
 .debug_line    0x0000000000004ca6      0x7dd .build/obj_ergodox_ez_profet_80/lufa.o
 .debug_line    0x0000000000005483      0x208 .build/obj_ergodox_ez_profet_80/descriptor.o
 .debug_line    0x000000000000568b      0x13c .build/obj_ergodox_ez_profet_80/protocol/lufa/LUFA-git/LUFA/Drivers/USB/Core/AVR8/Device_AVR8.o
 .debug_line    0x00000000000057c7     0x1454 .build/obj_ergodox_ez_profet_80/protocol/lufa/LUFA-git/LUFA/Drivers/USB/Core/AVR8/EndpointStream_AVR8.o
 .debug_line    0x0000000000006c1b      0x50b .build/obj_ergodox_ez_profet_80/protocol/lufa/LUFA-git/LUFA/Drivers/USB/Core/AVR8/Endpoint_AVR8.o
 .debug_line    0x0000000000007126      0x357 .build/obj_ergodox_ez_profet_80/protocol/lufa/LUFA-git/LUFA/Drivers/USB/Core/AVR8/USBController_AVR8.o
 .debug_line    0x000000000000747d      0x5b9 .build/obj_ergodox_ez_profet_80/protocol/lufa/LUFA-git/LUFA/Drivers/USB/Core/AVR8/USBInterrupt_AVR8.o
 .debug_line    0x0000000000007a36      0x4c6 .build/obj_ergodox_ez_profet_80/protocol/lufa/LUFA-git/LUFA/Drivers/USB/Core/DeviceStandardReq.o
 .debug_line    0x0000000000007efc       0x6e .build/obj_ergodox_ez_profet_80/protocol/lufa/LUFA-git/LUFA/Drivers/USB/Core/Events.o
 .debug_line    0x0000000000007f6a      0x1a8 .build/obj_ergodox_ez_profet_80/protocol/lufa/LUFA-git/LUFA/Drivers/USB/Core/USBTask.o

.debug_frame    0x0000000000000000     0x1b00
 *(.debug_frame)
 .debug_frame   0x0000000000000000       0x94 .build/obj_ergodox_ez_profet_80/twimaster.o
 .debug_frame   0x0000000000000094      0x170 .build/obj_ergodox_ez_profet_80/matrix.o
 .debug_frame   0x0000000000000204       0x44 .build/obj_ergodox_ez_profet_80/keyboards/ergodox/ez/keymaps/profet_80/keymap.o
 .debug_frame   0x0000000000000248      0x1ec .build/obj_ergodox_ez_profet_80/quantum/quantum.o
 .debug_frame   0x0000000000000434       0x54 .build/obj_ergodox_ez_profet_80/quantum/keymap_common.o
 .debug_frame   0x0000000000000488       0x24 .build/obj_ergodox_ez_profet_80/quantum/keycode_config.o
 .debug_frame   0x00000000000004ac       0x58 .build/obj_ergodox_ez_profet_80/quantum/process_keycode/process_leader.o
 .debug_frame   0x0000000000000504       0x44 .build/obj_ergodox_ez_profet_80/keyboards/ergodox/ez/ez.o
 .debug_frame   0x0000000000000548       0xb0 .build/obj_ergodox_ez_profet_80/quantum/process_keycode/process_unicode.o
 .debug_frame   0x00000000000005f8       0xa4 .build/obj_ergodox_ez_profet_80/common/host.o
 .debug_frame   0x000000000000069c       0xa0 .build/obj_ergodox_ez_profet_80/common/keyboard.o
 .debug_frame   0x000000000000073c      0x1b4 .build/obj_ergodox_ez_profet_80/common/action.o
 .debug_frame   0x00000000000008f0       0xdc .build/obj_ergodox_ez_profet_80/common/action_tapping.o
 .debug_frame   0x00000000000009cc       0x48 .build/obj_ergodox_ez_profet_80/common/action_macro.o
 .debug_frame   0x0000000000000a14      0x1a8 .build/obj_ergodox_ez_profet_80/common/action_layer.o
 .debug_frame   0x0000000000000bbc      0x240 .build/obj_ergodox_ez_profet_80/common/action_util.o
 .debug_frame   0x0000000000000dfc      0x110 .build/obj_ergodox_ez_profet_80/common/util.o
 .debug_frame   0x0000000000000f0c       0xb4 .build/obj_ergodox_ez_profet_80/common/eeconfig.o
 .debug_frame   0x0000000000000fc0       0xb0 .build/obj_ergodox_ez_profet_80/common/avr/suspend.o
 .debug_frame   0x0000000000001070       0xf0 .build/obj_ergodox_ez_profet_80/common/avr/timer.o
 .debug_frame   0x0000000000001160       0x34 .build/obj_ergodox_ez_profet_80/common/avr/bootloader.o
 .debug_frame   0x0000000000001194       0x24 .build/obj_ergodox_ez_profet_80/common/magic.o
 .debug_frame   0x00000000000011b8       0x98 .build/obj_ergodox_ez_profet_80/common/mousekey.o
 .debug_frame   0x0000000000001250       0xa8 .build/obj_ergodox_ez_profet_80/common/command.o
 .debug_frame   0x00000000000012f8      0x128 .build/obj_ergodox_ez_profet_80/lufa.o
 .debug_frame   0x0000000000001420       0x24 .build/obj_ergodox_ez_profet_80/descriptor.o
 .debug_frame   0x0000000000001444       0x24 .build/obj_ergodox_ez_profet_80/protocol/lufa/LUFA-git/LUFA/Drivers/USB/Core/AVR8/Device_AVR8.o
 .debug_frame   0x0000000000001468      0x42c .build/obj_ergodox_ez_profet_80/protocol/lufa/LUFA-git/LUFA/Drivers/USB/Core/AVR8/EndpointStream_AVR8.o
 .debug_frame   0x0000000000001894       0x7c .build/obj_ergodox_ez_profet_80/protocol/lufa/LUFA-git/LUFA/Drivers/USB/Core/AVR8/Endpoint_AVR8.o
 .debug_frame   0x0000000000001910       0x5c .build/obj_ergodox_ez_profet_80/protocol/lufa/LUFA-git/LUFA/Drivers/USB/Core/AVR8/USBController_AVR8.o
 .debug_frame   0x000000000000196c      0x108 .build/obj_ergodox_ez_profet_80/protocol/lufa/LUFA-git/LUFA/Drivers/USB/Core/AVR8/USBInterrupt_AVR8.o
 .debug_frame   0x0000000000001a74       0x3c .build/obj_ergodox_ez_profet_80/protocol/lufa/LUFA-git/LUFA/Drivers/USB/Core/DeviceStandardReq.o
 .debug_frame   0x0000000000001ab0       0x24 .build/obj_ergodox_ez_profet_80/protocol/lufa/LUFA-git/LUFA/Drivers/USB/Core/Events.o
 .debug_frame   0x0000000000001ad4       0x2c .build/obj_ergodox_ez_profet_80/protocol/lufa/LUFA-git/LUFA/Drivers/USB/Core/USBTask.o

.debug_str      0x0000000000000000     0x4943
 *(.debug_str)
 .debug_str     0x0000000000000000      0x371 /usr/lib/gcc/avr/5.4.0/../../../avr/lib/avr5/crtatmega32u4.o
 .debug_str     0x0000000000000371      0x1ce .build/obj_ergodox_ez_profet_80/twimaster.o
                                        0x207 (size before relaxing)
 .debug_str     0x000000000000053f      0x1f4 .build/obj_ergodox_ez_profet_80/matrix.o
                                        0x3bf (size before relaxing)
 .debug_str     0x0000000000000733       0x36 .build/obj_ergodox_ez_profet_80/keyboards/ergodox/ergodox.o
                                        0x1d3 (size before relaxing)
 .debug_str     0x0000000000000769     0x1093 .build/obj_ergodox_ez_profet_80/keyboards/ergodox/ez/keymaps/profet_80/keymap.o
                                       0x1289 (size before relaxing)
 .debug_str     0x00000000000017fc      0x32d .build/obj_ergodox_ez_profet_80/quantum/quantum.o
                                       0x10a2 (size before relaxing)
 .debug_str     0x0000000000001b29      0x1b5 .build/obj_ergodox_ez_profet_80/quantum/keymap_common.o
                                       0x136d (size before relaxing)
 .debug_str     0x0000000000001cde       0x19 .build/obj_ergodox_ez_profet_80/quantum/keycode_config.o
                                        0x806 (size before relaxing)
 .debug_str     0x0000000000001cf7       0x86 .build/obj_ergodox_ez_profet_80/quantum/process_keycode/process_leader.o
                                        0x77a (size before relaxing)
 .debug_str     0x0000000000001d7d       0xb1 .build/obj_ergodox_ez_profet_80/keyboards/ergodox/ez/ez.o
                                        0x3a9 (size before relaxing)
 .debug_str     0x0000000000001e2e       0xad .build/obj_ergodox_ez_profet_80/quantum/process_keycode/process_unicode.o
                                        0xdda (size before relaxing)
 .debug_str     0x0000000000001edb      0x12f .build/obj_ergodox_ez_profet_80/common/host.o
                                        0x376 (size before relaxing)
 .debug_str     0x000000000000200a       0xd2 .build/obj_ergodox_ez_profet_80/common/keyboard.o
                                        0x347 (size before relaxing)
 .debug_str     0x00000000000020dc      0x3e5 .build/obj_ergodox_ez_profet_80/common/action.o
                                       0x12ed (size before relaxing)
 .debug_str     0x00000000000024c1       0xe8 .build/obj_ergodox_ez_profet_80/common/action_tapping.o
                                        0xb0d (size before relaxing)
 .debug_str     0x00000000000025a9       0x76 .build/obj_ergodox_ez_profet_80/common/action_macro.o
                                        0x891 (size before relaxing)
 .debug_str     0x000000000000261f       0x66 .build/obj_ergodox_ez_profet_80/common/action_layer.o
                                        0x431 (size before relaxing)
 .debug_str     0x0000000000002685      0x196 .build/obj_ergodox_ez_profet_80/common/action_util.o
                                        0x606 (size before relaxing)
 .debug_str     0x000000000000281b       0x1a .build/obj_ergodox_ez_profet_80/common/debug.o
                                        0x1db (size before relaxing)
 .debug_str     0x0000000000002835       0x43 .build/obj_ergodox_ez_profet_80/common/util.o
                                        0x1f1 (size before relaxing)
 .debug_str     0x0000000000002878       0xea .build/obj_ergodox_ez_profet_80/common/eeconfig.o
                                        0x2c0 (size before relaxing)
 .debug_str     0x0000000000002962      0x159 .build/obj_ergodox_ez_profet_80/common/avr/suspend.o
                                        0x35d (size before relaxing)
 .debug_str     0x0000000000002abb       0x5d .build/obj_ergodox_ez_profet_80/common/avr/timer.o
                                        0x218 (size before relaxing)
 .debug_str     0x0000000000002b18       0x6f .build/obj_ergodox_ez_profet_80/common/avr/bootloader.o
                                        0x285 (size before relaxing)
 .debug_str     0x0000000000002b87       0x1a .build/obj_ergodox_ez_profet_80/common/magic.o
                                        0x332 (size before relaxing)
 .debug_str     0x0000000000002ba1       0xc2 .build/obj_ergodox_ez_profet_80/common/mousekey.o
                                        0x683 (size before relaxing)
 .debug_str     0x0000000000002c63       0xdd .build/obj_ergodox_ez_profet_80/common/command.o
                                        0xa50 (size before relaxing)
 .debug_str     0x0000000000002d40      0x4b9 .build/obj_ergodox_ez_profet_80/lufa.o
                                        0x972 (size before relaxing)
 .debug_str     0x00000000000031f9      0x76e .build/obj_ergodox_ez_profet_80/descriptor.o
                                        0x97b (size before relaxing)
 .debug_str     0x0000000000003967       0x77 .build/obj_ergodox_ez_profet_80/protocol/lufa/LUFA-git/LUFA/Drivers/USB/Core/AVR8/Device_AVR8.o
                                        0x21b (size before relaxing)
 .debug_str     0x00000000000039de      0x4d5 .build/obj_ergodox_ez_profet_80/protocol/lufa/LUFA-git/LUFA/Drivers/USB/Core/AVR8/EndpointStream_AVR8.o
                                        0x87d (size before relaxing)
 .debug_str     0x0000000000003eb3      0x26d .build/obj_ergodox_ez_profet_80/protocol/lufa/LUFA-git/LUFA/Drivers/USB/Core/AVR8/Endpoint_AVR8.o
                                        0x63d (size before relaxing)
 .debug_str     0x0000000000004120      0x1d9 .build/obj_ergodox_ez_profet_80/protocol/lufa/LUFA-git/LUFA/Drivers/USB/Core/AVR8/USBController_AVR8.o
                                        0x57c (size before relaxing)
 .debug_str     0x00000000000042f9      0x176 .build/obj_ergodox_ez_profet_80/protocol/lufa/LUFA-git/LUFA/Drivers/USB/Core/AVR8/USBInterrupt_AVR8.o
                                        0x5fb (size before relaxing)
 .debug_str     0x000000000000446f      0x426 .build/obj_ergodox_ez_profet_80/protocol/lufa/LUFA-git/LUFA/Drivers/USB/Core/DeviceStandardReq.o
                                        0x9ef (size before relaxing)
 .debug_str     0x0000000000004895       0x50 .build/obj_ergodox_ez_profet_80/protocol/lufa/LUFA-git/LUFA/Drivers/USB/Core/Events.o
                                        0x1c1 (size before relaxing)
 .debug_str     0x00000000000048e5       0x5e .build/obj_ergodox_ez_profet_80/protocol/lufa/LUFA-git/LUFA/Drivers/USB/Core/USBTask.o
                                        0x3a2 (size before relaxing)

.debug_loc      0x0000000000000000     0x7ac3
 *(.debug_loc)
 .debug_loc     0x0000000000000000      0x109 .build/obj_ergodox_ez_profet_80/twimaster.o
 .debug_loc     0x0000000000000109      0x396 .build/obj_ergodox_ez_profet_80/matrix.o
 .debug_loc     0x000000000000049f       0x78 .build/obj_ergodox_ez_profet_80/keyboards/ergodox/ez/keymaps/profet_80/keymap.o
 .debug_loc     0x0000000000000517      0x6e4 .build/obj_ergodox_ez_profet_80/quantum/quantum.o
 .debug_loc     0x0000000000000bfb      0x4a5 .build/obj_ergodox_ez_profet_80/quantum/keymap_common.o
 .debug_loc     0x00000000000010a0      0x116 .build/obj_ergodox_ez_profet_80/quantum/keycode_config.o
 .debug_loc     0x00000000000011b6       0xf2 .build/obj_ergodox_ez_profet_80/quantum/process_keycode/process_leader.o
 .debug_loc     0x00000000000012a8      0x204 .build/obj_ergodox_ez_profet_80/keyboards/ergodox/ez/ez.o
 .debug_loc     0x00000000000014ac      0x224 .build/obj_ergodox_ez_profet_80/quantum/process_keycode/process_unicode.o