Archive member included to satisfy reference by file (symbol)

/usr/lib/gcc/avr/5.4.0/avr5/libgcc.a(_exit.o)
                              /usr/lib/gcc/avr/5.4.0/../../../avr/lib/avr5/crtatmega32u4.o (exit)
/usr/lib/gcc/avr/5.4.0/avr5/libgcc.a(_tablejump2.o)
                              .build/obj_ergodox_ez_steno/quantum/quantum.o (__tablejump2__)
/usr/lib/gcc/avr/5.4.0/avr5/libgcc.a(_copy_data.o)
                              .build/obj_ergodox_ez_steno/matrix.o (__do_copy_data)
/usr/lib/gcc/avr/5.4.0/avr5/libgcc.a(_clear_bss.o)
                              .build/obj_ergodox_ez_steno/matrix.o (__do_clear_bss)
/usr/lib/gcc/avr/5.4.0/../../../avr/lib/avr5/libatmega32u4.a(eerd_byte.o)
                              .build/obj_ergodox_ez_steno/common/eeconfig.o (eeprom_read_byte)
/usr/lib/gcc/avr/5.4.0/../../../avr/lib/avr5/libatmega32u4.a(eerd_word.o)
                              .build/obj_ergodox_ez_steno/common/eeconfig.o (eeprom_read_word)
/usr/lib/gcc/avr/5.4.0/../../../avr/lib/avr5/libatmega32u4.a(eeupd_byte.o)
                              .build/obj_ergodox_ez_steno/common/eeconfig.o (eeprom_update_byte)
/usr/lib/gcc/avr/5.4.0/../../../avr/lib/avr5/libatmega32u4.a(eeupd_word.o)
                              .build/obj_ergodox_ez_steno/common/eeconfig.o (eeprom_update_word)
/usr/lib/gcc/avr/5.4.0/../../../avr/lib/avr5/libatmega32u4.a(eerd_block.o)
                              /usr/lib/gcc/avr/5.4.0/../../../avr/lib/avr5/libatmega32u4.a(eerd_word.o) (eeprom_read_blraw)

Allocating common symbols
Common symbol       size              file

USB_IsInitialized   0x1               .build/obj_ergodox_ez_steno/protocol/lufa/LUFA-git/LUFA/Drivers/USB/Core/USBTask.o
keymap_config       0x2               .build/obj_ergodox_ez_steno/common/magic.o
USB_DeviceState     0x1               .build/obj_ergodox_ez_steno/protocol/lufa/LUFA-git/LUFA/Drivers/USB/Core/USBTask.o
USB_Device_ConfigurationNumber
                    0x1               .build/obj_ergodox_ez_steno/protocol/lufa/LUFA-git/LUFA/Drivers/USB/Core/DeviceStandardReq.o
USB_Device_CurrentlySelfPowered
                    0x1               .build/obj_ergodox_ez_steno/protocol/lufa/LUFA-git/LUFA/Drivers/USB/Core/DeviceStandardReq.o
USB_ControlRequest  0x8               .build/obj_ergodox_ez_steno/protocol/lufa/LUFA-git/LUFA/Drivers/USB/Core/USBTask.o
USB_Device_RemoteWakeupEnabled
                    0x1               .build/obj_ergodox_ez_steno/protocol/lufa/LUFA-git/LUFA/Drivers/USB/Core/DeviceStandardReq.o

Discarded input sections

 .data          0x0000000000000000        0x0 /usr/lib/gcc/avr/5.4.0/../../../avr/lib/avr5/crtatmega32u4.o
 .bss           0x0000000000000000        0x0 /usr/lib/gcc/avr/5.4.0/../../../avr/lib/avr5/crtatmega32u4.o
 .text          0x0000000000000000        0x0 .build/obj_ergodox_ez_steno/twimaster.o
 .data          0x0000000000000000        0x0 .build/obj_ergodox_ez_steno/twimaster.o
 .bss           0x0000000000000000        0x0 .build/obj_ergodox_ez_steno/twimaster.o
 .text.i2c_start_wait
                0x0000000000000000       0x4e .build/obj_ergodox_ez_steno/twimaster.o
 .text.i2c_rep_start
                0x0000000000000000        0x4 .build/obj_ergodox_ez_steno/twimaster.o
 .text.i2c_readAck
                0x0000000000000000       0x14 .build/obj_ergodox_ez_steno/twimaster.o
 .text          0x0000000000000000        0x0 .build/obj_ergodox_ez_steno/matrix.o
 .data          0x0000000000000000        0x0 .build/obj_ergodox_ez_steno/matrix.o
 .bss           0x0000000000000000        0x0 .build/obj_ergodox_ez_steno/matrix.o
 .text.matrix_scan_user
                0x0000000000000000        0x2 .build/obj_ergodox_ez_steno/matrix.o
 .text.matrix_init_user
                0x0000000000000000        0x4 .build/obj_ergodox_ez_steno/matrix.o
 .text.matrix_init_kb
                0x0000000000000000        0x4 .build/obj_ergodox_ez_steno/matrix.o
 .text.matrix_rows
                0x0000000000000000        0x4 .build/obj_ergodox_ez_steno/matrix.o
 .text.matrix_cols
                0x0000000000000000        0x4 .build/obj_ergodox_ez_steno/matrix.o
 .text.matrix_is_modified
                0x0000000000000000        0xc .build/obj_ergodox_ez_steno/matrix.o
 .text.matrix_is_on
                0x0000000000000000       0x2a .build/obj_ergodox_ez_steno/matrix.o
 .text.matrix_key_count
                0x0000000000000000       0x2c .build/obj_ergodox_ez_steno/matrix.o
 .text          0x0000000000000000        0x0 .build/obj_ergodox_ez_steno/keyboards/ergodox/ergodox.o
 .data          0x0000000000000000        0x0 .build/obj_ergodox_ez_steno/keyboards/ergodox/ergodox.o
 .bss           0x0000000000000000        0x0 .build/obj_ergodox_ez_steno/keyboards/ergodox/ergodox.o
 .text          0x0000000000000000        0x0 .build/obj_ergodox_ez_steno/keyboards/ergodox/ez/keymaps/steno/keymap.o
 .data          0x0000000000000000        0x0 .build/obj_ergodox_ez_steno/keyboards/ergodox/ez/keymaps/steno/keymap.o
[...]
Memory Configuration

Name             Origin             Length             Attributes
text             0x0000000000000000 0x0000000000020000 xr
data             0x0000000000800060 0x000000000000ffa0 rw !x
eeprom           0x0000000000810000 0x0000000000010000 rw !x
fuse             0x0000000000820000 0x0000000000000003 rw !x
lock             0x0000000000830000 0x0000000000000400 rw !x
signature        0x0000000000840000 0x0000000000000400 rw !x
user_signatures  0x0000000000850000 0x0000000000000400 rw !x
*default*        0x0000000000000000 0xffffffffffffffff

Linker script and memory map

Address of section .data set to 0x800100
LOAD /usr/lib/gcc/avr/5.4.0/../../../avr/lib/avr5/crtatmega32u4.o
LOAD .build/obj_ergodox_ez_steno/twimaster.o
LOAD .build/obj_ergodox_ez_steno/matrix.o
LOAD .build/obj_ergodox_ez_steno/keyboards/ergodox/ergodox.o
LOAD .build/obj_ergodox_ez_steno/keyboards/ergodox/ez/keymaps/steno/keymap.o
LOAD .build/obj_ergodox_ez_steno/quantum/quantum.o
LOAD .build/obj_ergodox_ez_steno/quantum/keymap_common.o
LOAD .build/obj_ergodox_ez_steno/quantum/keycode_config.o
LOAD .build/obj_ergodox_ez_steno/quantum/process_keycode/process_leader.o
LOAD .build/obj_ergodox_ez_steno/keyboards/ergodox/ez/ez.o
LOAD .build/obj_ergodox_ez_steno/quantum/process_keycode/process_unicode.o
LOAD .build/obj_ergodox_ez_steno/common/host.o
LOAD .build/obj_ergodox_ez_steno/common/keyboard.o
LOAD .build/obj_ergodox_ez_steno/common/action.o
LOAD .build/obj_ergodox_ez_steno/common/action_tapping.o
LOAD .build/obj_ergodox_ez_steno/common/action_macro.o
LOAD .build/obj_ergodox_ez_steno/common/action_layer.o
LOAD .build/obj_ergodox_ez_steno/common/action_util.o
LOAD .build/obj_ergodox_ez_steno/common/print.o
LOAD .build/obj_ergodox_ez_steno/common/debug.o
LOAD .build/obj_ergodox_ez_steno/common/util.o
LOAD .build/obj_ergodox_ez_steno/common/eeconfig.o
LOAD .build/obj_ergodox_ez_steno/common/avr/suspend.o
LOAD .build/obj_ergodox_ez_steno/common/avr/timer.o
LOAD .build/obj_ergodox_ez_steno/common/avr/bootloader.o
LOAD .build/obj_ergodox_ez_steno/common/avr/xprintf.o
LOAD .build/obj_ergodox_ez_steno/common/magic.o
LOAD .build/obj_ergodox_ez_steno/common/command.o
LOAD .build/obj_ergodox_ez_steno/lufa.o
LOAD .build/obj_ergodox_ez_steno/descriptor.o
LOAD .build/obj_ergodox_ez_steno/protocol/lufa/LUFA-git/LUFA/Drivers/USB/Class/Common/HIDParser.o
LOAD .build/obj_ergodox_ez_steno/protocol/lufa/LUFA-git/LUFA/Drivers/USB/Core/AVR8/Device_AVR8.o
LOAD .build/obj_ergodox_ez_steno/protocol/lufa/LUFA-git/LUFA/Drivers/USB/Core/AVR8/EndpointStream_AVR8.o
LOAD .build/obj_ergodox_ez_steno/protocol/lufa/LUFA-git/LUFA/Drivers/USB/Core/AVR8/Endpoint_AVR8.o
LOAD .build/obj_ergodox_ez_steno/protocol/lufa/LUFA-git/LUFA/Drivers/USB/Core/AVR8/Host_AVR8.o
LOAD .build/obj_ergodox_ez_steno/protocol/lufa/LUFA-git/LUFA/Drivers/USB/Core/AVR8/PipeStream_AVR8.o
LOAD .build/obj_ergodox_ez_steno/protocol/lufa/LUFA-git/LUFA/Drivers/USB/Core/AVR8/Pipe_AVR8.o
LOAD .build/obj_ergodox_ez_steno/protocol/lufa/LUFA-git/LUFA/Drivers/USB/Core/AVR8/USBController_AVR8.o
LOAD .build/obj_ergodox_ez_steno/protocol/lufa/LUFA-git/LUFA/Drivers/USB/Core/AVR8/USBInterrupt_AVR8.o
LOAD .build/obj_ergodox_ez_steno/protocol/lufa/LUFA-git/LUFA/Drivers/USB/Core/ConfigDescriptors.o
LOAD .build/obj_ergodox_ez_steno/protocol/lufa/LUFA-git/LUFA/Drivers/USB/Core/DeviceStandardReq.o
LOAD .build/obj_ergodox_ez_steno/protocol/lufa/LUFA-git/LUFA/Drivers/USB/Core/Events.o
LOAD .build/obj_ergodox_ez_steno/protocol/lufa/LUFA-git/LUFA/Drivers/USB/Core/HostStandardReq.o
LOAD .build/obj_ergodox_ez_steno/protocol/lufa/LUFA-git/LUFA/Drivers/USB/Core/USBTask.o
LOAD .build/obj_ergodox_ez_steno/protocol/lufa/LUFA-git/LUFA/Drivers/USB/Class/Device/CDCClassDevice.o
LOAD /usr/lib/gcc/avr/5.4.0/../../../avr/lib/avr5/libm.a
START GROUP
LOAD /usr/lib/gcc/avr/5.4.0/avr5/libgcc.a
LOAD /usr/lib/gcc/avr/5.4.0/../../../avr/lib/avr5/libm.a
LOAD /usr/lib/gcc/avr/5.4.0/../../../avr/lib/avr5/libc.a
LOAD /usr/lib/gcc/avr/5.4.0/../../../avr/lib/avr5/libatmega32u4.a
END GROUP
                0x0000000000000000                __TEXT_REGION_ORIGIN__ = DEFINED (__TEXT_REGION_ORIGIN__)?__TEXT_REGION_ORIGIN__:0x0
                0x0000000000800060                __DATA_REGION_ORIGIN__ = DEFINED (__DATA_REGION_ORIGIN__)?__DATA_REGION_ORIGIN__:0x800060
                0x0000000000020000                __TEXT_REGION_LENGTH__ = DEFINED (__TEXT_REGION_LENGTH__)?__TEXT_REGION_LENGTH__:0x20000
                0x000000000000ffa0                __DATA_REGION_LENGTH__ = DEFINED (__DATA_REGION_LENGTH__)?__DATA_REGION_LENGTH__:0xffa0
                0x0000000000010000                __EEPROM_REGION_LENGTH__ = DEFINED (__EEPROM_REGION_LENGTH__)?__EEPROM_REGION_LENGTH__:0x10000
                [0x0000000000000003]                __FUSE_REGION_LENGTH__ = DEFINED (__FUSE_REGION_LENGTH__)?__FUSE_REGION_LENGTH__:0x400
                0x0000000000000400                __LOCK_REGION_LENGTH__ = DEFINED (__LOCK_REGION_LENGTH__)?__LOCK_REGION_LENGTH__:0x400
                0x0000000000000400                __SIGNATURE_REGION_LENGTH__ = DEFINED (__SIGNATURE_REGION_LENGTH__)?__SIGNATURE_REGION_LENGTH__:0x400
                0x0000000000000400                __USER_SIGNATURE_REGION_LENGTH__ = DEFINED (__USER_SIGNATURE_REGION_LENGTH__)?__USER_SIGNATURE_REGION_LENGTH__:0x400

.hash
 *(.hash)

.dynsym
 *(.dynsym)

.dynstr
 *(.dynstr)

.gnu.version
 *(.gnu.version)

.gnu.version_d
 *(.gnu.version_d)

.gnu.version_r
 *(.gnu.version_r)

.rel.init
 *(.rel.init)

.rela.init
 *(.rela.init)

.rel.text
 *(.rel.text)
 *(.rel.text.*)
 *(.rel.gnu.linkonce.t*)

.rela.text
 *(.rela.text)
 *(.rela.text.*)
 *(.rela.gnu.linkonce.t*)

.rel.fini
 *(.rel.fini)

.rela.fini
 *(.rela.fini)

.rel.rodata
 *(.rel.rodata)
 *(.rel.rodata.*)
 *(.rel.gnu.linkonce.r*)

.rela.rodata
 *(.rela.rodata)
 *(.rela.rodata.*)
 *(.rela.gnu.linkonce.r*)

.rel.data
 *(.rel.data)
 *(.rel.data.*)
 *(.rel.gnu.linkonce.d*)

.rela.data
 *(.rela.data)
 *(.rela.data.*)
 *(.rela.gnu.linkonce.d*)

.rel.ctors
 *(.rel.ctors)

.rela.ctors
 *(.rela.ctors)

.rel.dtors
 *(.rel.dtors)

.rela.dtors
 *(.rela.dtors)

.rel.got
 *(.rel.got)

.rela.got
 *(.rela.got)

.rel.bss
 *(.rel.bss)

.rela.bss
 *(.rela.bss)

.rel.plt
 *(.rel.plt)

.rela.plt
 *(.rela.plt)

.text           0x0000000000000000     0x42ba
 *(.vectors)
 .vectors       0x0000000000000000       0xac /usr/lib/gcc/avr/5.4.0/../../../avr/lib/avr5/crtatmega32u4.o
                0x0000000000000000                __vectors
                0x0000000000000000                __vector_default
 *(.vectors)
 *(.progmem.gcc*)
 .progmem.gcc_sw_table.process_record_quantum
                0x00000000000000ac       0x24 .build/obj_ergodox_ez_steno/quantum/quantum.o
 .progmem.gcc_sw_table.process_action
                0x00000000000000d0       0x4a .build/obj_ergodox_ez_steno/common/action.o
 .progmem.gcc_sw_table.is_tap_key
                0x000000000000011a       0x1c .build/obj_ergodox_ez_steno/common/action.o
 .progmem.gcc_sw_table.USB_Device_ProcessControlRequest
                0x0000000000000136       0x14 .build/obj_ergodox_ez_steno/protocol/lufa/LUFA-git/LUFA/Drivers/USB/Core/DeviceStandardReq.o
                0x000000000000014a                . = ALIGN (0x2)
                0x000000000000014a                __trampolines_start = .
 *(.trampolines)
 .trampolines   0x000000000000014a        0x0 linker stubs
 *(.trampolines*)
                0x000000000000014a                __trampolines_end = .
 *libprintf_flt.a:*(.progmem.data)
 *libc.a:*(.progmem.data)
 *(.progmem*)
 .progmem.data.fn_actions
                0x000000000000014a        0x4 .build/obj_ergodox_ez_steno/keyboards/ergodox/ez/keymaps/steno/keymap.o
                0x000000000000014a                fn_actions
 .progmem.data.keymaps
                0x000000000000014e      0x348 .build/obj_ergodox_ez_steno/keyboards/ergodox/ez/keymaps/steno/keymap.o
                0x000000000000014e                keymaps
 .progmem.data.ProductString
                0x0000000000000496       0x18 .build/obj_ergodox_ez_steno/descriptor.o
                0x0000000000000496                ProductString
 .progmem.data.ManufacturerString
                0x00000000000004ae       0x18 .build/obj_ergodox_ez_steno/descriptor.o
                0x00000000000004ae                ManufacturerString
 .progmem.data.LanguageString
                0x00000000000004c6        0x4 .build/obj_ergodox_ez_steno/descriptor.o
                0x00000000000004c6                LanguageString
 .progmem.data.ConfigurationDescriptor
                0x00000000000004ca       0x91 .build/obj_ergodox_ez_steno/descriptor.o
                0x00000000000004ca                ConfigurationDescriptor
 .progmem.data.DeviceDescriptor
                0x000000000000055b       0x12 .build/obj_ergodox_ez_steno/descriptor.o
                0x000000000000055b                DeviceDescriptor
 .progmem.data.NKROReport
                0x000000000000056d       0x39 .build/obj_ergodox_ez_steno/descriptor.o
                0x000000000000056d                NKROReport
 .progmem.data.ExtrakeyReport
                0x00000000000005a6       0x36 .build/obj_ergodox_ez_steno/descriptor.o
                0x00000000000005a6                ExtrakeyReport
 .progmem.data.KeyboardReport
                0x00000000000005dc       0x40 .build/obj_ergodox_ez_steno/descriptor.o
                0x00000000000005dc                KeyboardReport
                0x000000000000061c                . = ALIGN (0x2)
 *(.jumptables)
 *(.jumptables*)
 *(.lowtext)
 *(.lowtext*)
                0x000000000000061c                __ctors_start = .
 *(.ctors)
                0x000000000000061c                __ctors_end = .
                0x000000000000061c                __dtors_start = .
 *(.dtors)
                0x000000000000061c                __dtors_end = .
 SORT(*)(.ctors)
 SORT(*)(.dtors)
 *(.init0)
 .init0         0x000000000000061c        0x0 /usr/lib/gcc/avr/5.4.0/../../../avr/lib/avr5/crtatmega32u4.o
                0x000000000000061c                __init
 *(.init0)
 *(.init1)
 *(.init1)
 *(.init2)
 .init2         0x000000000000061c        0xc /usr/lib/gcc/avr/5.4.0/../../../avr/lib/avr5/crtatmega32u4.o
 *(.init2)
 *(.init3)
 .init3         0x0000000000000628       0x54 .build/obj_ergodox_ez_steno/common/avr/bootloader.o
                0x0000000000000628                bootloader_jump_after_watchdog_reset
 *(.init3)
 *(.init4)
 .init4         0x000000000000067c       0x16 /usr/lib/gcc/avr/5.4.0/avr5/libgcc.a(_copy_data.o)
                0x000000000000067c                __do_copy_data
 .init4         0x0000000000000692       0x10 /usr/lib/gcc/avr/5.4.0/avr5/libgcc.a(_clear_bss.o)
                0x0000000000000692                __do_clear_bss
 *(.init4)
 *(.init5)
 *(.init5)
 *(.init6)
 *(.init6)
 *(.init7)
 *(.init7)
 *(.init8)
 *(.init8)
 *(.init9)
 .init9         0x00000000000006a2        0x8 /usr/lib/gcc/avr/5.4.0/../../../avr/lib/avr5/crtatmega32u4.o
 *(.init9)
 *(.text)
 .text          0x00000000000006aa        0x4 /usr/lib/gcc/avr/5.4.0/../../../avr/lib/avr5/crtatmega32u4.o
                0x00000000000006aa                __vector_38
                0x00000000000006aa                __vector_22
                0x00000000000006aa                __vector_28
                0x00000000000006aa                __vector_1
                0x00000000000006aa                __vector_32
                0x00000000000006aa                __vector_34
                0x00000000000006aa                __vector_24
                0x00000000000006aa                __bad_interrupt
                0x00000000000006aa                __vector_6
                0x00000000000006aa                __vector_31
                0x00000000000006aa                __vector_35
                0x00000000000006aa                __vector_39
                0x00000000000006aa                __vector_3
                0x00000000000006aa                __vector_23
                0x00000000000006aa                __vector_30
                0x00000000000006aa                __vector_25
                0x00000000000006aa                __vector_13
                0x00000000000006aa                __vector_17
                0x00000000000006aa                __vector_19
                0x00000000000006aa                __vector_7
                0x00000000000006aa                __vector_41
                0x00000000000006aa                __vector_27
                0x00000000000006aa                __vector_5
                0x00000000000006aa                __vector_33
                0x00000000000006aa                __vector_37
                0x00000000000006aa                __vector_4
                0x00000000000006aa                __vector_9
                0x00000000000006aa                __vector_2
                0x00000000000006aa                __vector_15
                0x00000000000006aa                __vector_36
                0x00000000000006aa                __vector_29
                0x00000000000006aa                __vector_40
                0x00000000000006aa                __vector_8
                0x00000000000006aa                __vector_26
                0x00000000000006aa                __vector_14
                0x00000000000006aa                __vector_16
                0x00000000000006aa                __vector_18
                0x00000000000006aa                __vector_20
                0x00000000000006aa                __vector_42
                0x00000000000006ae                . = ALIGN (0x2)
 *(.text.*)
 .text.i2c_init
                0x00000000000006ae        0xc .build/obj_ergodox_ez_steno/twimaster.o
                0x00000000000006ae                i2c_init
 .text.i2c_start
                0x00000000000006ba       0x44 .build/obj_ergodox_ez_steno/twimaster.o
                0x00000000000006ba                i2c_start
 .text.i2c_stop
                0x00000000000006fe       0x10 .build/obj_ergodox_ez_steno/twimaster.o
                0x00000000000006fe                i2c_stop
 .text.i2c_write
                0x000000000000070e       0x22 .build/obj_ergodox_ez_steno/twimaster.o
                0x000000000000070e                i2c_write
 .text.i2c_readNak
                0x0000000000000730       0x14 .build/obj_ergodox_ez_steno/twimaster.o
                0x0000000000000730                i2c_readNak
 .text.init_cols
                0x0000000000000744        0xe .build/obj_ergodox_ez_steno/matrix.o
 .text.unselect_rows
                0x0000000000000752       0x50 .build/obj_ergodox_ez_steno/matrix.o
 .text.matrix_scan_kb
                0x00000000000007a2        0x4 .build/obj_ergodox_ez_steno/matrix.o
                0x00000000000007a2                matrix_scan_kb
 .text.matrix_init
                0x00000000000007a6       0x28 .build/obj_ergodox_ez_steno/matrix.o
                0x00000000000007a6                matrix_init
 .text.matrix_power_up
                0x00000000000007ce       0x26 .build/obj_ergodox_ez_steno/matrix.o
                0x00000000000007ce                matrix_power_up
 .text.matrix_scan
                0x00000000000007f4      0x1f0 .build/obj_ergodox_ez_steno/matrix.o
                0x00000000000007f4                matrix_scan
 .text.matrix_get_row
                0x00000000000009e4        0xc .build/obj_ergodox_ez_steno/matrix.o
                0x00000000000009e4                matrix_get_row
 .text.matrix_print
                0x00000000000009f0        0x2 .build/obj_ergodox_ez_steno/matrix.o
                0x00000000000009f0                matrix_print
 .text.send_chord
                0x00000000000009f2       0x22 .build/obj_ergodox_ez_steno/keyboards/ergodox/ez/keymaps/steno/keymap.o
                0x00000000000009f2                send_chord
 .text.process_record_user
                0x0000000000000a14       0x1a .build/obj_ergodox_ez_steno/keyboards/ergodox/ez/keymaps/steno/keymap.o
                0x0000000000000a14                process_record_user
 .text.action_get_macro
                0x0000000000000a2e       0x42 .build/obj_ergodox_ez_steno/keyboards/ergodox/ez/keymaps/steno/keymap.o
                0x0000000000000a2e                action_get_macro
 .text.matrix_init_user
                0x0000000000000a70        0x2 .build/obj_ergodox_ez_steno/keyboards/ergodox/ez/keymaps/steno/keymap.o
                0x0000000000000a70                matrix_init_user
 .text.matrix_scan_user
                0x0000000000000a72       0x3a .build/obj_ergodox_ez_steno/keyboards/ergodox/ez/keymaps/steno/keymap.o
                0x0000000000000a72                matrix_scan_user
 .text.process_action_kb
                0x0000000000000aac        0x4 .build/obj_ergodox_ez_steno/quantum/quantum.o
                0x0000000000000aac                process_action_kb
 .text.process_record_kb
                0x0000000000000ab0        0x4 .build/obj_ergodox_ez_steno/quantum/quantum.o
                0x0000000000000ab0                process_record_kb
 .text.reset_keyboard
                0x0000000000000ab4       0x1a .build/obj_ergodox_ez_steno/quantum/quantum.o
                0x0000000000000ab4                reset_keyboard
 .text.process_record_quantum
                0x0000000000000ace      0x1b8 .build/obj_ergodox_ez_steno/quantum/quantum.o
                0x0000000000000ace                process_record_quantum
 .text.matrix_scan_quantum
                0x0000000000000c86        0x4 .build/obj_ergodox_ez_steno/quantum/quantum.o
                0x0000000000000c86                matrix_scan_quantum
 .text.led_set_user
                0x0000000000000c8a        0x2 .build/obj_ergodox_ez_steno/quantum/quantum.o
                0x0000000000000c8a                led_set_user
 .text.led_set_kb
                0x0000000000000c8c        0x4 .build/obj_ergodox_ez_steno/quantum/quantum.o
                0x0000000000000c8c                led_set_kb
 .text.led_set  0x0000000000000c90        0x4 .build/obj_ergodox_ez_steno/quantum/quantum.o
                0x0000000000000c90                led_set
 .text.action_for_key
                0x0000000000000c94      0x322 .build/obj_ergodox_ez_steno/quantum/keymap_common.o
                0x0000000000000c94                action_for_key
 .text.action_function
                0x0000000000000fb6        0x2 .build/obj_ergodox_ez_steno/quantum/keymap_common.o
                0x0000000000000fb6                action_function
 .text.keymap_key_to_keycode
                0x0000000000000fb8       0x26 .build/obj_ergodox_ez_steno/quantum/keymap_common.o
                0x0000000000000fb8                keymap_key_to_keycode
 .text.keycode_config
                0x0000000000000fde       0xf8 .build/obj_ergodox_ez_steno/quantum/keycode_config.o
                0x0000000000000fde                keycode_config
 .text.leader_start
                0x00000000000010d6        0x2 .build/obj_ergodox_ez_steno/quantum/process_keycode/process_leader.o
                0x00000000000010d6                leader_start
 .text.process_leader
                0x00000000000010d8       0x9e .build/obj_ergodox_ez_steno/quantum/process_keycode/process_leader.o
                0x00000000000010d8                process_leader
 .text.ergodox_blink_all_leds
                0x0000000000001176       0xb0 .build/obj_ergodox_ez_steno/keyboards/ergodox/ez/ez.o
                0x0000000000001176                ergodox_blink_all_leds
 .text.matrix_init_kb
                0x0000000000001226       0x2c .build/obj_ergodox_ez_steno/keyboards/ergodox/ez/ez.o
                0x0000000000001226                matrix_init_kb
 .text.init_mcp23018
                0x0000000000001252       0x9e .build/obj_ergodox_ez_steno/keyboards/ergodox/ez/ez.o
                0x0000000000001252                init_mcp23018
 .text.hex_to_keycode
                0x00000000000012f0       0x18 .build/obj_ergodox_ez_steno/quantum/process_keycode/process_unicode.o
                0x00000000000012f0                hex_to_keycode
 .text.unicode_input_start
                0x0000000000001308       0x58 .build/obj_ergodox_ez_steno/quantum/process_keycode/process_unicode.o
                0x0000000000001308                unicode_input_start
 .text.unicode_input_finish
                0x0000000000001360       0x20 .build/obj_ergodox_ez_steno/quantum/process_keycode/process_unicode.o
                0x0000000000001360                unicode_input_finish
 .text.register_hex
                0x0000000000001380       0x4c .build/obj_ergodox_ez_steno/quantum/process_keycode/process_unicode.o
                0x0000000000001380                register_hex
 .text.process_unicode
                0x00000000000013cc       0x2e .build/obj_ergodox_ez_steno/quantum/process_keycode/process_unicode.o
                0x00000000000013cc                process_unicode
 .text.host_set_driver
                0x00000000000013fa        0xa .build/obj_ergodox_ez_steno/common/host.o
                0x00000000000013fa                host_set_driver
 .text.host_keyboard_leds
                0x0000000000001404       0x18 .build/obj_ergodox_ez_steno/common/host.o
                0x0000000000001404                host_keyboard_leds
 .text.host_keyboard_send
                0x000000000000141c       0x16 .build/obj_ergodox_ez_steno/common/host.o
                0x000000000000141c                host_keyboard_send
 .text.host_system_send
                0x0000000000001432       0x2c .build/obj_ergodox_ez_steno/common/host.o
                0x0000000000001432                host_system_send
 .text.host_consumer_send
                0x000000000000145e       0x2c .build/obj_ergodox_ez_steno/common/host.o
                0x000000000000145e                host_consumer_send
 .text.matrix_setup
                0x000000000000148a        0x2 .build/obj_ergodox_ez_steno/common/keyboard.o
                0x000000000000148a                matrix_setup
 .text.keyboard_setup
                0x000000000000148c        0x4 .build/obj_ergodox_ez_steno/common/keyboard.o
                0x000000000000148c                keyboard_setup
 .text.keyboard_init
                0x0000000000001490        0xc .build/obj_ergodox_ez_steno/common/keyboard.o
                0x0000000000001490                keyboard_init
 .text.keyboard_task
                0x000000000000149c      0x144 .build/obj_ergodox_ez_steno/common/keyboard.o
                0x000000000000149c                keyboard_task
 .text.process_hand_swap
                0x00000000000015e0       0x78 .build/obj_ergodox_ez_steno/common/action.o
                0x00000000000015e0                process_hand_swap
 .text.action_exec
                0x0000000000001658       0x86 .build/obj_ergodox_ez_steno/common/action.o
                0x0000000000001658                action_exec
 .text.register_code
                0x00000000000016de      0x1a6 .build/obj_ergodox_ez_steno/common/action.o
                0x00000000000016de                register_code
 .text.unregister_code
                0x0000000000001884       0x9e .build/obj_ergodox_ez_steno/common/action.o
                0x0000000000001884                unregister_code
 .text.register_mods
                0x0000000000001922        0xe .build/obj_ergodox_ez_steno/common/action.o
                0x0000000000001922                register_mods
 .text.unregister_mods
                0x0000000000001930        0xe .build/obj_ergodox_ez_steno/common/action.o
                0x0000000000001930                unregister_mods
 .text.process_action
                0x000000000000193e      0x458 .build/obj_ergodox_ez_steno/common/action.o
                0x000000000000193e                process_action
 .text.process_record
                0x0000000000001d96       0x5c .build/obj_ergodox_ez_steno/common/action.o
                0x0000000000001d96                process_record
 .text.clear_keyboard_but_mods
                0x0000000000001df2       0x20 .build/obj_ergodox_ez_steno/common/action.o
                0x0000000000001df2                clear_keyboard_but_mods
 .text.clear_keyboard
                0x0000000000001e12        0x8 .build/obj_ergodox_ez_steno/common/action.o
                0x0000000000001e12                clear_keyboard
 .text.is_tap_key
                0x0000000000001e1a       0x4c .build/obj_ergodox_ez_steno/common/action.o
                0x0000000000001e1a                is_tap_key
 .text.debug_event
                0x0000000000001e66       0x1e .build/obj_ergodox_ez_steno/common/action.o
                0x0000000000001e66                debug_event
 .text.debug_record
                0x0000000000001e84       0x20 .build/obj_ergodox_ez_steno/common/action.o
                0x0000000000001e84                debug_record
 .text.debug_waiting_buffer
                0x0000000000001ea4       0x42 .build/obj_ergodox_ez_steno/common/action_tapping.o
 .text.debug_tapping_key
                0x0000000000001ee6       0x1c .build/obj_ergodox_ez_steno/common/action_tapping.o
 .text.waiting_buffer_scan_tap
                0x0000000000001f02       0xd0 .build/obj_ergodox_ez_steno/common/action_tapping.o
 .text.process_tapping
                0x0000000000001fd2      0x3c0 .build/obj_ergodox_ez_steno/common/action_tapping.o
 .text.action_tapping_process
                0x0000000000002392      0x15c .build/obj_ergodox_ez_steno/common/action_tapping.o
                0x0000000000002392                action_tapping_process
 .text.action_macro_play
                0x00000000000024ee       0xfa .build/obj_ergodox_ez_steno/common/action_macro.o
                0x00000000000024ee                action_macro_play
 .text.default_layer_debug
                0x00000000000025e8        0x2 .build/obj_ergodox_ez_steno/common/action_layer.o
                0x00000000000025e8                default_layer_debug
 .text.default_layer_set
                0x00000000000025ea       0x14 .build/obj_ergodox_ez_steno/common/action_layer.o
                0x00000000000025ea                default_layer_set
 .text.default_layer_or
                0x00000000000025fe       0x38 .build/obj_ergodox_ez_steno/common/action_layer.o
                0x00000000000025fe                default_layer_or
 .text.default_layer_and
                0x0000000000002636       0x38 .build/obj_ergodox_ez_steno/common/action_layer.o
                0x0000000000002636                default_layer_and
 .text.default_layer_xor
                0x000000000000266e       0x38 .build/obj_ergodox_ez_steno/common/action_layer.o
                0x000000000000266e                default_layer_xor
 .text.layer_clear
                0x00000000000026a6       0x14 .build/obj_ergodox_ez_steno/common/action_layer.o
                0x00000000000026a6                layer_clear
 .text.layer_move
                0x00000000000026ba       0x2a .build/obj_ergodox_ez_steno/common/action_layer.o
                0x00000000000026ba                layer_move
 .text.layer_on
                0x00000000000026e4       0x42 .build/obj_ergodox_ez_steno/common/action_layer.o
                0x00000000000026e4                layer_on
 .text.layer_off
                0x0000000000002726       0x4a .build/obj_ergodox_ez_steno/common/action_layer.o
                0x0000000000002726                layer_off
 .text.layer_invert
                0x0000000000002770       0x42 .build/obj_ergodox_ez_steno/common/action_layer.o
                0x0000000000002770                layer_invert
 .text.layer_or
                0x00000000000027b2       0x38 .build/obj_ergodox_ez_steno/common/action_layer.o
                0x00000000000027b2                layer_or
 .text.layer_and
                0x00000000000027ea       0x38 .build/obj_ergodox_ez_steno/common/action_layer.o
                0x00000000000027ea                layer_and
 .text.layer_xor
                0x0000000000002822       0x38 .build/obj_ergodox_ez_steno/common/action_layer.o
                0x0000000000002822                layer_xor
 .text.layer_debug
                0x000000000000285a        0x2 .build/obj_ergodox_ez_steno/common/action_layer.o
                0x000000000000285a                layer_debug
 .text.layer_switch_get_layer
                0x000000000000285c       0x7e .build/obj_ergodox_ez_steno/common/action_layer.o
                0x000000000000285c                layer_switch_get_layer
 .text.layer_switch_get_action
                0x00000000000028da       0x16 .build/obj_ergodox_ez_steno/common/action_layer.o
                0x00000000000028da                layer_switch_get_action
 .text.store_or_get_action
                0x00000000000028f0        0x8 .build/obj_ergodox_ez_steno/common/action_layer.o
                0x00000000000028f0                store_or_get_action
 .text.get_oneshot_layer
                0x00000000000028f8        0xc .build/obj_ergodox_ez_steno/common/action_util.o
                0x00000000000028f8                get_oneshot_layer
 .text.get_oneshot_layer_state
                0x0000000000002904        0x8 .build/obj_ergodox_ez_steno/common/action_util.o
                0x0000000000002904                get_oneshot_layer_state
 .text.set_oneshot_layer
                0x000000000000290c       0x12 .build/obj_ergodox_ez_steno/common/action_util.o
                0x000000000000290c                set_oneshot_layer
 .text.clear_oneshot_layer_state
                0x000000000000291e       0x2e .build/obj_ergodox_ez_steno/common/action_util.o
                0x000000000000291e                clear_oneshot_layer_state
 .text.is_oneshot_layer_active
                0x000000000000294c        0xe .build/obj_ergodox_ez_steno/common/action_util.o
                0x000000000000294c                is_oneshot_layer_active
 .text.add_key  0x000000000000295a       0x7e .build/obj_ergodox_ez_steno/common/action_util.o
                0x000000000000295a                add_key
 .text.del_key  0x00000000000029d8       0x66 .build/obj_ergodox_ez_steno/common/action_util.o
                0x00000000000029d8                del_key
 .text.clear_keys
                0x0000000000002a3e       0x1c .build/obj_ergodox_ez_steno/common/action_util.o
                0x0000000000002a3e                clear_keys
 .text.add_mods
                0x0000000000002a5a        0xc .build/obj_ergodox_ez_steno/common/action_util.o
                0x0000000000002a5a                add_mods
 .text.del_mods
                0x0000000000002a66        0xe .build/obj_ergodox_ez_steno/common/action_util.o
                0x0000000000002a66                del_mods
 .text.clear_mods
                0x0000000000002a74        0x6 .build/obj_ergodox_ez_steno/common/action_util.o
                0x0000000000002a74                clear_mods
 .text.add_weak_mods
                0x0000000000002a7a        0xc .build/obj_ergodox_ez_steno/common/action_util.o
                0x0000000000002a7a                add_weak_mods
 .text.del_weak_mods
                0x0000000000002a86        0xe .build/obj_ergodox_ez_steno/common/action_util.o
                0x0000000000002a86                del_weak_mods
 .text.clear_weak_mods
                0x0000000000002a94        0x6 .build/obj_ergodox_ez_steno/common/action_util.o
                0x0000000000002a94                clear_weak_mods
 .text.add_macro_mods
                0x0000000000002a9a        0xc .build/obj_ergodox_ez_steno/common/action_util.o
                0x0000000000002a9a                add_macro_mods
 .text.del_macro_mods
                0x0000000000002aa6        0xe .build/obj_ergodox_ez_steno/common/action_util.o
                0x0000000000002aa6                del_macro_mods
 .text.clear_macro_mods
                0x0000000000002ab4        0x6 .build/obj_ergodox_ez_steno/common/action_util.o
                0x0000000000002ab4                clear_macro_mods
 .text.set_oneshot_mods
                0x0000000000002aba        0x6 .build/obj_ergodox_ez_steno/common/action_util.o
                0x0000000000002aba                set_oneshot_mods
 .text.clear_oneshot_mods
                0x0000000000002ac0        0x6 .build/obj_ergodox_ez_steno/common/action_util.o
                0x0000000000002ac0                clear_oneshot_mods
 .text.has_anykey
                0x0000000000002ac6       0x22 .build/obj_ergodox_ez_steno/common/action_util.o
                0x0000000000002ac6                has_anykey
 .text.send_keyboard_report
                0x0000000000002ae8       0x5e .build/obj_ergodox_ez_steno/common/action_util.o
                0x0000000000002ae8                send_keyboard_report
 .text.biton32  0x0000000000002b46       0xa0 .build/obj_ergodox_ez_steno/common/util.o
                0x0000000000002b46                biton32
 .text.eeconfig_init
                0x0000000000002be6       0x34 .build/obj_ergodox_ez_steno/common/eeconfig.o
                0x0000000000002be6                eeconfig_init
 .text.eeconfig_is_enabled
                0x0000000000002c1a       0x16 .build/obj_ergodox_ez_steno/common/eeconfig.o
                0x0000000000002c1a                eeconfig_is_enabled
 .text.eeconfig_read_debug
                0x0000000000002c30        0x8 .build/obj_ergodox_ez_steno/common/eeconfig.o
                0x0000000000002c30                eeconfig_read_debug
 .text.eeconfig_read_default_layer
                0x0000000000002c38        0x8 .build/obj_ergodox_ez_steno/common/eeconfig.o
                0x0000000000002c38                eeconfig_read_default_layer
 .text.eeconfig_read_keymap
                0x0000000000002c40        0x8 .build/obj_ergodox_ez_steno/common/eeconfig.o
                0x0000000000002c40                eeconfig_read_keymap
 .text.eeconfig_update_keymap
                0x0000000000002c48        0xa .build/obj_ergodox_ez_steno/common/eeconfig.o
                0x0000000000002c48                eeconfig_update_keymap
 .text.suspend_power_down
                0x0000000000002c52       0x58 .build/obj_ergodox_ez_steno/common/avr/suspend.o
                0x0000000000002c52                suspend_power_down
 .text.matrix_power_down
                0x0000000000002caa        0x2 .build/obj_ergodox_ez_steno/common/avr/suspend.o
                0x0000000000002caa                matrix_power_down
 .text.suspend_wakeup_condition
                0x0000000000002cac       0x28 .build/obj_ergodox_ez_steno/common/avr/suspend.o
                0x0000000000002cac                suspend_wakeup_condition
 .text.suspend_wakeup_init
                0x0000000000002cd4        0xc .build/obj_ergodox_ez_steno/common/avr/suspend.o
                0x0000000000002cd4                suspend_wakeup_init
 .text.__vector_12
                0x0000000000002ce0       0x52 .build/obj_ergodox_ez_steno/common/avr/suspend.o
                0x0000000000002ce0                __vector_12
 .text.timer_init
                0x0000000000002d32       0x12 .build/obj_ergodox_ez_steno/common/avr/timer.o
                0x0000000000002d32                timer_init
 .text.timer_read
                0x0000000000002d44       0x18 .build/obj_ergodox_ez_steno/common/avr/timer.o
                0x0000000000002d44                timer_read
 .text.timer_elapsed
                0x0000000000002d5c       0x54 .build/obj_ergodox_ez_steno/common/avr/timer.o
                0x0000000000002d5c                timer_elapsed
 .text.__vector_21
                0x0000000000002db0       0x4a .build/obj_ergodox_ez_steno/common/avr/timer.o
                0x0000000000002db0                __vector_21
 .text.bootloader_jump
                0x0000000000002dfa       0x44 .build/obj_ergodox_ez_steno/common/avr/bootloader.o
                0x0000000000002dfa                bootloader_jump
 .text.magic    0x0000000000002e3e       0x32 .build/obj_ergodox_ez_steno/common/magic.o
                0x0000000000002e3e                magic
 .text.switch_default_layer
                0x0000000000002e70       0x2e .build/obj_ergodox_ez_steno/common/command.o
 .text.command_common
                0x0000000000002e9e      0x142 .build/obj_ergodox_ez_steno/common/command.o
 .text.command_console_extra
                0x0000000000002fe0        0x4 .build/obj_ergodox_ez_steno/common/command.o
                0x0000000000002fe0                command_console_extra
 .text.command_extra
                0x0000000000002fe4        0x4 .build/obj_ergodox_ez_steno/common/command.o
                0x0000000000002fe4                command_extra
 .text.command_proc
                0x0000000000002fe8       0x8c .build/obj_ergodox_ez_steno/common/command.o
                0x0000000000002fe8                command_proc
 .text.keyboard_leds
                0x0000000000003074        0x6 .build/obj_ergodox_ez_steno/lufa.o
 .text.send_mouse
                0x000000000000307a        0x2 .build/obj_ergodox_ez_steno/lufa.o
 .text.send_consumer
                0x000000000000307c       0x68 .build/obj_ergodox_ez_steno/lufa.o
 .text.send_system
                0x00000000000030e4       0x68 .build/obj_ergodox_ez_steno/lufa.o
 .text.send_keyboard
                0x000000000000314c       0xa4 .build/obj_ergodox_ez_steno/lufa.o
 .text.EVENT_USB_Device_Connect
                0x00000000000031f0       0x1c .build/obj_ergodox_ez_steno/lufa.o
                0x00000000000031f0                EVENT_USB_Device_Connect
 .text.EVENT_USB_Device_Disconnect
                0x000000000000320c        0x6 .build/obj_ergodox_ez_steno/lufa.o
                0x000000000000320c                EVENT_USB_Device_Disconnect
 .text.EVENT_USB_Device_Reset
                0x0000000000003212        0x2 .build/obj_ergodox_ez_steno/lufa.o
                0x0000000000003212                EVENT_USB_Device_Reset
 .text.EVENT_USB_Device_Suspend
                0x0000000000003214        0x2 .build/obj_ergodox_ez_steno/lufa.o
                0x0000000000003214                EVENT_USB_Device_Suspend
 .text.EVENT_USB_Device_WakeUp
                0x0000000000003216        0x4 .build/obj_ergodox_ez_steno/lufa.o
                0x0000000000003216                EVENT_USB_Device_WakeUp
 .text.EVENT_USB_Device_ConfigurationChanged
                0x000000000000321a       0x3c .build/obj_ergodox_ez_steno/lufa.o
                0x000000000000321a                EVENT_USB_Device_ConfigurationChanged
 .text.EVENT_USB_Device_ControlRequest
                0x0000000000003256      0x16c .build/obj_ergodox_ez_steno/lufa.o
                0x0000000000003256                EVENT_USB_Device_ControlRequest
 .text.virtser_init
                0x00000000000033c2       0x14 .build/obj_ergodox_ez_steno/lufa.o
                0x00000000000033c2                virtser_init
 .text.virtser_recv
                0x00000000000033d6        0x2 .build/obj_ergodox_ez_steno/lufa.o
                0x00000000000033d6                virtser_recv
 .text.virtser_task
                0x00000000000033d8       0x1a .build/obj_ergodox_ez_steno/lufa.o
                0x00000000000033d8                virtser_task
 .text.virtser_send
                0x00000000000033f2       0x78 .build/obj_ergodox_ez_steno/lufa.o
                0x00000000000033f2                virtser_send
 .text.startup.main
                0x000000000000346a       0x86 .build/obj_ergodox_ez_steno/lufa.o
                0x000000000000346a                main
 .text.CALLBACK_USB_GetDescriptor
                0x00000000000034f0       0xac .build/obj_ergodox_ez_steno/descriptor.o
                0x00000000000034f0                CALLBACK_USB_GetDescriptor
 .text.USB_Device_SendRemoteWakeup
                0x000000000000359c       0x2c .build/obj_ergodox_ez_steno/protocol/lufa/LUFA-git/LUFA/Drivers/USB/Core/AVR8/Device_AVR8.o
                0x000000000000359c                USB_Device_SendRemoteWakeup
 .text.Endpoint_Write_Stream_LE
                0x00000000000035c8       0x96 .build/obj_ergodox_ez_steno/protocol/lufa/LUFA-git/LUFA/Drivers/USB/Core/AVR8/EndpointStream_AVR8.o
                0x00000000000035c8                Endpoint_Write_Stream_LE
 .text.Endpoint_Write_Control_Stream_LE
                0x000000000000365e       0xbc .build/obj_ergodox_ez_steno/protocol/lufa/LUFA-git/LUFA/Drivers/USB/Core/AVR8/EndpointStream_AVR8.o
                0x000000000000365e                Endpoint_Write_Control_Stream_LE
 .text.Endpoint_Write_Control_PStream_LE
                0x000000000000371a       0xc2 .build/obj_ergodox_ez_steno/protocol/lufa/LUFA-git/LUFA/Drivers/USB/Core/AVR8/EndpointStream_AVR8.o
                0x000000000000371a                Endpoint_Write_Control_PStream_LE
 .text.Endpoint_ConfigureEndpoint_Prv
                0x00000000000037dc       0x6a .build/obj_ergodox_ez_steno/protocol/lufa/LUFA-git/LUFA/Drivers/USB/Core/AVR8/Endpoint_AVR8.o
                0x00000000000037dc                Endpoint_ConfigureEndpoint_Prv
 .text.Endpoint_ClearStatusStage
                0x0000000000003846       0x3e .build/obj_ergodox_ez_steno/protocol/lufa/LUFA-git/LUFA/Drivers/USB/Core/AVR8/Endpoint_AVR8.o
                0x0000000000003846                Endpoint_ClearStatusStage
 .text.Endpoint_WaitUntilReady
                0x0000000000003884       0x66 .build/obj_ergodox_ez_steno/protocol/lufa/LUFA-git/LUFA/Drivers/USB/Core/AVR8/Endpoint_AVR8.o
                0x0000000000003884                Endpoint_WaitUntilReady
 .text.USB_Disable
                0x00000000000038ea       0x34 .build/obj_ergodox_ez_steno/protocol/lufa/LUFA-git/LUFA/Drivers/USB/Core/AVR8/USBController_AVR8.o
                0x00000000000038ea                USB_Disable
 .text.USB_ResetInterface
                0x000000000000391e       0x86 .build/obj_ergodox_ez_steno/protocol/lufa/LUFA-git/LUFA/Drivers/USB/Core/AVR8/USBController_AVR8.o
                0x000000000000391e                USB_ResetInterface
 .text.USB_Init
                0x00000000000039a4       0x22 .build/obj_ergodox_ez_steno/protocol/lufa/LUFA-git/LUFA/Drivers/USB/Core/AVR8/USBController_AVR8.o
                0x00000000000039a4                USB_Init
 .text.USB_INT_DisableAllInterrupts
                0x00000000000039c6       0x10 .build/obj_ergodox_ez_steno/protocol/lufa/LUFA-git/LUFA/Drivers/USB/Core/AVR8/USBInterrupt_AVR8.o
                0x00000000000039c6                USB_INT_DisableAllInterrupts
 .text.USB_INT_ClearAllInterrupts
                0x00000000000039d6        0xa .build/obj_ergodox_ez_steno/protocol/lufa/LUFA-git/LUFA/Drivers/USB/Core/AVR8/USBInterrupt_AVR8.o
                0x00000000000039d6                USB_INT_ClearAllInterrupts
 .text.__vector_10
                0x00000000000039e0      0x1a4 .build/obj_ergodox_ez_steno/protocol/lufa/LUFA-git/LUFA/Drivers/USB/Core/AVR8/USBInterrupt_AVR8.o
                0x00000000000039e0                __vector_10
 .text.__vector_11
                0x0000000000003b84       0x88 .build/obj_ergodox_ez_steno/protocol/lufa/LUFA-git/LUFA/Drivers/USB/Core/AVR8/USBInterrupt_AVR8.o
                0x0000000000003b84                __vector_11
 .text.USB_Device_ProcessControlRequest
                0x0000000000003c0c      0x2ac .build/obj_ergodox_ez_steno/protocol/lufa/LUFA-git/LUFA/Drivers/USB/Core/DeviceStandardReq.o
                0x0000000000003c0c                USB_Device_ProcessControlRequest
 .text.USB_Event_Stub
                0x0000000000003eb8        0x2 .build/obj_ergodox_ez_steno/protocol/lufa/LUFA-git/LUFA/Drivers/USB/Core/Events.o
                0x0000000000003eb8                USB_Event_Stub
                0x0000000000003eb8                EVENT_USB_Device_StartOfFrame
 .text.USB_USBTask
                0x0000000000003eba       0x36 .build/obj_ergodox_ez_steno/protocol/lufa/LUFA-git/LUFA/Drivers/USB/Core/USBTask.o
                0x0000000000003eba                USB_USBTask
 .text.CDC_Device_Flush
                0x0000000000003ef0       0x5e .build/obj_ergodox_ez_steno/protocol/lufa/LUFA-git/LUFA/Drivers/USB/Class/Device/CDCClassDevice.o
                0x0000000000003ef0                CDC_Device_Flush
 .text.CDC_Device_USBTask
                0x0000000000003f4e       0x2e .build/obj_ergodox_ez_steno/protocol/lufa/LUFA-git/LUFA/Drivers/USB/Class/Device/CDCClassDevice.o
                0x0000000000003f4e                CDC_Device_USBTask
 .text.CDC_Device_BytesReceived
                0x0000000000003f7c       0x5a .build/obj_ergodox_ez_steno/protocol/lufa/LUFA-git/LUFA/Drivers/USB/Class/Device/CDCClassDevice.o
                0x0000000000003f7c                CDC_Device_BytesReceived
 .text.CDC_Device_ReceiveByte
                0x0000000000003fd6       0x6a .build/obj_ergodox_ez_steno/protocol/lufa/LUFA-git/LUFA/Drivers/USB/Class/Device/CDCClassDevice.o
                0x0000000000003fd6                CDC_Device_ReceiveByte
 .text.CDC_Device_SendControlLineStateChange
                0x0000000000004040       0x8e .build/obj_ergodox_ez_steno/protocol/lufa/LUFA-git/LUFA/Drivers/USB/Class/Device/CDCClassDevice.o
                0x0000000000004040                CDC_Device_SendControlLineStateChange
 .text.CDC_Device_Event_Stub
                0x00000000000040ce        0x2 .build/obj_ergodox_ez_steno/protocol/lufa/LUFA-git/LUFA/Drivers/USB/Class/Device/CDCClassDevice.o
                0x00000000000040ce                EVENT_CDC_Device_LineEncodingChanged
                0x00000000000040ce                EVENT_CDC_Device_ControLineStateChanged
                0x00000000000040ce                EVENT_CDC_Device_BreakSent
                0x00000000000040ce                CDC_Device_Event_Stub
 .text.CDC_Device_ProcessControlRequest
                0x00000000000040d0      0x16e .build/obj_ergodox_ez_steno/protocol/lufa/LUFA-git/LUFA/Drivers/USB/Class/Device/CDCClassDevice.o
                0x00000000000040d0                CDC_Device_ProcessControlRequest
 .text.libgcc   0x000000000000423e        0xc /usr/lib/gcc/avr/5.4.0/avr5/libgcc.a(_tablejump2.o)
                0x000000000000423e                __tablejump2__
 .text.avr-libc
                0x000000000000424a       0x10 /usr/lib/gcc/avr/5.4.0/../../../avr/lib/avr5/libatmega32u4.a(eerd_byte.o)
                0x000000000000424a                eeprom_read_byte
 .text.avr-libc
                0x000000000000425a        0xc /usr/lib/gcc/avr/5.4.0/../../../avr/lib/avr5/libatmega32u4.a(eerd_word.o)
                0x000000000000425a                eeprom_read_word
 .text.avr-libc
                0x0000000000004266       0x24 /usr/lib/gcc/avr/5.4.0/../../../avr/lib/avr5/libatmega32u4.a(eeupd_byte.o)
                0x0000000000004266                eeprom_update_byte
                0x0000000000004268                eeprom_update_r18
 .text.avr-libc
                0x000000000000428a        0xc /usr/lib/gcc/avr/5.4.0/../../../avr/lib/avr5/libatmega32u4.a(eeupd_word.o)
                0x000000000000428a                eeprom_update_word
 .text.avr-libc
                0x0000000000004296       0x20 /usr/lib/gcc/avr/5.4.0/../../../avr/lib/avr5/libatmega32u4.a(eerd_block.o)
                0x0000000000004296                eeprom_read_block
                0x000000000000429a                eeprom_read_blraw
                0x00000000000042b6                . = ALIGN (0x2)
 *(.fini9)
 .fini9         0x00000000000042b6        0x0 /usr/lib/gcc/avr/5.4.0/avr5/libgcc.a(_exit.o)
                0x00000000000042b6                exit
                0x00000000000042b6                _exit
 *(.fini9)
 *(.fini8)
 *(.fini8)
 *(.fini7)
 *(.fini7)
 *(.fini6)
 *(.fini6)
 *(.fini5)
 *(.fini5)
 *(.fini4)
 *(.fini4)
 *(.fini3)
 *(.fini3)
 *(.fini2)
 *(.fini2)
 *(.fini1)
 *(.fini1)
 *(.fini0)
 .fini0         0x00000000000042b6        0x4 /usr/lib/gcc/avr/5.4.0/avr5/libgcc.a(_exit.o)
 *(.fini0)
                0x00000000000042ba                _etext = .

.data           0x0000000000800100       0xea load address 0x00000000000042ba
                0x0000000000800100                PROVIDE (__data_start, .)
 *(.data)
 *(.data*)
 .data.debouncing
                0x0000000000800100        0x1 .build/obj_ergodox_ez_steno/matrix.o
 .data.mcp23018_status
                0x0000000000800101        0x1 .build/obj_ergodox_ez_steno/keyboards/ergodox/ez/ez.o
                0x0000000000800101                mcp23018_status
 .data.keyboard_report
                0x0000000000800102        0x2 .build/obj_ergodox_ez_steno/common/action_util.o
                0x0000000000800102                keyboard_report
 .data.cdc_device
                0x0000000000800104       0x1b .build/obj_ergodox_ez_steno/lufa.o
                0x0000000000800104                cdc_device
 .data.lufa_driver
                0x000000000080011f        0xa .build/obj_ergodox_ez_steno/lufa.o
                0x000000000080011f                lufa_driver
 .data.keyboard_protocol
                0x0000000000800129        0x1 .build/obj_ergodox_ez_steno/lufa.o
                0x0000000000800129                keyboard_protocol
 *(.gnu.linkonce.d*)
 *(.rodata)
 .rodata        0x000000000080012a        0x8 .build/obj_ergodox_ez_steno/protocol/lufa/LUFA-git/LUFA/Drivers/USB/Class/Device/CDCClassDevice.o
 *(.rodata*)
 .rodata.hand_swap_config
                0x0000000000800132       0xa8 .build/obj_ergodox_ez_steno/keyboards/ergodox/ergodox.o
                0x0000000000800132                hand_swap_config
 .rodata.CSWTCH.3
                0x00000000008001da        0x3 .build/obj_ergodox_ez_steno/descriptor.o
 .rodata.CSWTCH.2
                0x00000000008001dd        0x6 .build/obj_ergodox_ez_steno/descriptor.o
 .rodata.CSWTCH.1
                0x00000000008001e3        0x6 .build/obj_ergodox_ez_steno/descriptor.o
 *(.gnu.linkonce.r*)
                0x00000000008001ea                . = ALIGN (0x2)
 *fill*         0x00000000008001e9        0x1 
                0x00000000008001ea                _edata = .
                0x00000000008001ea                PROVIDE (__data_end, .)

.bss            0x00000000008001ea       0xf5
                0x00000000008001ea                PROVIDE (__bss_start, .)
 *(.bss)
 *(.bss*)
 .bss.mcp23018_reset_loop
                0x00000000008001ea        0x1 .build/obj_ergodox_ez_steno/matrix.o
 .bss.matrix_debouncing
                0x00000000008001eb        0xe .build/obj_ergodox_ez_steno/matrix.o
 .bss.matrix    0x00000000008001f9        0xe .build/obj_ergodox_ez_steno/matrix.o
 .bss.pressed_count
                0x0000000000800207        0x1 .build/obj_ergodox_ez_steno/keyboards/ergodox/ez/keymaps/steno/keymap.o
                0x0000000000800207                pressed_count
 .bss.chord     0x0000000000800208        0x4 .build/obj_ergodox_ez_steno/keyboards/ergodox/ez/keymaps/steno/keymap.o
                0x0000000000800208                chord
 .bss.shift_interrupted
                0x000000000080020c        0x2 .build/obj_ergodox_ez_steno/quantum/quantum.o
 .bss.leader_sequence_size
                0x000000000080020e        0x1 .build/obj_ergodox_ez_steno/quantum/process_keycode/process_leader.o
                0x000000000080020e                leader_sequence_size
 .bss.leader_sequence
                0x000000000080020f        0xa .build/obj_ergodox_ez_steno/quantum/process_keycode/process_leader.o
                0x000000000080020f                leader_sequence
 .bss.leader_time
                0x0000000000800219        0x2 .build/obj_ergodox_ez_steno/quantum/process_keycode/process_leader.o
                0x0000000000800219                leader_time
 .bss.leading   0x000000000080021b        0x1 .build/obj_ergodox_ez_steno/quantum/process_keycode/process_leader.o
                0x000000000080021b                leading
 .bss.i2c_initialized
                0x000000000080021c        0x1 .build/obj_ergodox_ez_steno/keyboards/ergodox/ez/ez.o
                0x000000000080021c                i2c_initialized
 .bss.input_mode
                0x000000000080021d        0x1 .build/obj_ergodox_ez_steno/quantum/process_keycode/process_unicode.o
 .bss.last_consumer_report
                0x000000000080021e        0x2 .build/obj_ergodox_ez_steno/common/host.o
 .bss.last_system_report
                0x0000000000800220        0x2 .build/obj_ergodox_ez_steno/common/host.o
 .bss.driver    0x0000000000800222        0x2 .build/obj_ergodox_ez_steno/common/host.o
 .bss.led_status.5048
                0x0000000000800224        0x1 .build/obj_ergodox_ez_steno/common/keyboard.o
 .bss.matrix_prev.5047
                0x0000000000800225        0xe .build/obj_ergodox_ez_steno/common/keyboard.o
 .bss.swap_state.4950
                0x0000000000800233        0xe .build/obj_ergodox_ez_steno/common/action.o
 .bss.swap_hands
                0x0000000000800241        0x1 .build/obj_ergodox_ez_steno/common/action.o
                0x0000000000800241                swap_hands
 .bss.waiting_buffer_tail
                0x0000000000800242        0x1 .build/obj_ergodox_ez_steno/common/action_tapping.o
 .bss.waiting_buffer_head
                0x0000000000800243        0x1 .build/obj_ergodox_ez_steno/common/action_tapping.o
 .bss.waiting_buffer
                0x0000000000800244       0x30 .build/obj_ergodox_ez_steno/common/action_tapping.o
 .bss.tapping_key
                0x0000000000800274        0x6 .build/obj_ergodox_ez_steno/common/action_tapping.o
 .bss.layer_state
                0x000000000080027a        0x4 .build/obj_ergodox_ez_steno/common/action_layer.o
                0x000000000080027a                layer_state
 .bss.default_layer_state
                0x000000000080027e        0x4 .build/obj_ergodox_ez_steno/common/action_layer.o
                0x000000000080027e                default_layer_state
 .bss.oneshot_layer_data
                0x0000000000800282        0x1 .build/obj_ergodox_ez_steno/common/action_util.o
 .bss.oneshot_mods
                0x0000000000800283        0x1 .build/obj_ergodox_ez_steno/common/action_util.o
 .bss.__compound_literal.0
                0x0000000000800284       0x20 .build/obj_ergodox_ez_steno/common/action_util.o
 .bss.macro_mods
                0x00000000008002a4        0x1 .build/obj_ergodox_ez_steno/common/action_util.o
 .bss.weak_mods
                0x00000000008002a5        0x1 .build/obj_ergodox_ez_steno/common/action_util.o
 .bss.real_mods
                0x00000000008002a6        0x1 .build/obj_ergodox_ez_steno/common/action_util.o
 .bss.debug_config
                0x00000000008002a7        0x1 .build/obj_ergodox_ez_steno/common/debug.o
                0x00000000008002a7                debug_config
 .bss.wdt_timeout
                0x00000000008002a8        0x1 .build/obj_ergodox_ez_steno/common/avr/suspend.o
 .bss.timer_count
                0x00000000008002a9        0x4 .build/obj_ergodox_ez_steno/common/avr/timer.o
                0x00000000008002a9                timer_count
 .bss.command_state
                0x00000000008002ad        0x1 .build/obj_ergodox_ez_steno/common/command.o
                0x00000000008002ad                command_state
 .bss.keyboard_report_sent
                0x00000000008002ae       0x20 .build/obj_ergodox_ez_steno/lufa.o
 .bss.keyboard_led_stats
                0x00000000008002ce        0x1 .build/obj_ergodox_ez_steno/lufa.o
 .bss.keyboard_idle
                0x00000000008002cf        0x1 .build/obj_ergodox_ez_steno/lufa.o
                0x00000000008002cf                keyboard_idle
 *(COMMON)
 COMMON         0x00000000008002d0        0x2 .build/obj_ergodox_ez_steno/common/magic.o
                0x00000000008002d0                keymap_config
 COMMON         0x00000000008002d2        0x3 .build/obj_ergodox_ez_steno/protocol/lufa/LUFA-git/LUFA/Drivers/USB/Core/DeviceStandardReq.o
                0x00000000008002d2                USB_Device_ConfigurationNumber
                0x00000000008002d3                USB_Device_CurrentlySelfPowered
                0x00000000008002d4                USB_Device_RemoteWakeupEnabled
 COMMON         0x00000000008002d5        0xa .build/obj_ergodox_ez_steno/protocol/lufa/LUFA-git/LUFA/Drivers/USB/Core/USBTask.o
                0x00000000008002d5                USB_IsInitialized
                0x00000000008002d6                USB_DeviceState
                0x00000000008002d7                USB_ControlRequest
                0x00000000008002df                PROVIDE (__bss_end, .)
                0x00000000000042ba                __data_load_start = LOADADDR (.data)
                0x00000000000043a4                __data_load_end = (__data_load_start + SIZEOF (.data))

.noinit         0x00000000008002df        0x4
                [!provide]                        PROVIDE (__noinit_start, .)
 *(.noinit*)
 .noinit        0x00000000008002df        0x4 .build/obj_ergodox_ez_steno/common/avr/bootloader.o
                0x00000000008002df                reset_key
                [!provide]                        PROVIDE (__noinit_end, .)
                0x00000000008002e3                _end = .
                [!provide]                        PROVIDE (__heap_start, .)

.eeprom         0x0000000000810000        0x0
 *(.eeprom*)
                0x0000000000810000                __eeprom_end = .

.fuse
 *(.fuse)
 *(.lfuse)
 *(.hfuse)
 *(.efuse)

.lock
 *(.lock*)

.signature
 *(.signature*)

.user_signatures
 *(.user_signatures*)

.stab
 *(.stab)

.stabstr        0x0000000000000000       0x6f
 *(.stabstr)
 .stabstr       0x0000000000000000       0x6f .build/obj_ergodox_ez_steno/common/avr/xprintf.o

.stab.excl
 *(.stab.excl)

.stab.exclstr
 *(.stab.exclstr)

.stab.index
 *(.stab.index)

.stab.indexstr
 *(.stab.indexstr)

.comment        0x0000000000000000       0x11
 *(.comment)
 .comment       0x0000000000000000       0x11 .build/obj_ergodox_ez_steno/twimaster.o
                                         0x12 (size before relaxing)
 .comment       0x0000000000000011       0x12 .build/obj_ergodox_ez_steno/matrix.o
 .comment       0x0000000000000011       0x12 .build/obj_ergodox_ez_steno/keyboards/ergodox/ergodox.o
 .comment       0x0000000000000011       0x12 .build/obj_ergodox_ez_steno/keyboards/ergodox/ez/keymaps/steno/keymap.o
 .comment       0x0000000000000011       0x12 .build/obj_ergodox_ez_steno/quantum/quantum.o
 .comment       0x0000000000000011       0x12 .build/obj_ergodox_ez_steno/quantum/keymap_common.o
 .comment       0x0000000000000011       0x12 .build/obj_ergodox_ez_steno/quantum/keycode_config.o
 .comment       0x0000000000000011       0x12 .build/obj_ergodox_ez_steno/quantum/process_keycode/process_leader.o
 .comment       0x0000000000000011       0x12 .build/obj_ergodox_ez_steno/keyboards/ergodox/ez/ez.o
 .comment       0x0000000000000011       0x12 .build/obj_ergodox_ez_steno/quantum/process_keycode/process_unicode.o
 .comment       0x0000000000000011       0x12 .build/obj_ergodox_ez_steno/common/host.o
 .comment       0x0000000000000011       0x12 .build/obj_ergodox_ez_steno/common/keyboard.o
 .comment       0x0000000000000011       0x12 .build/obj_ergodox_ez_steno/common/action.o
 .comment       0x0000000000000011       0x12 .build/obj_ergodox_ez_steno/common/action_tapping.o
 .comment       0x0000000000000011       0x12 .build/obj_ergodox_ez_steno/common/action_macro.o
 .comment       0x0000000000000011       0x12 .build/obj_ergodox_ez_steno/common/action_layer.o
 .comment       0x0000000000000011       0x12 .build/obj_ergodox_ez_steno/common/action_util.o
 .comment       0x0000000000000011       0x12 .build/obj_ergodox_ez_steno/common/debug.o
 .comment       0x0000000000000011       0x12 .build/obj_ergodox_ez_steno/common/util.o
 .comment       0x0000000000000011       0x12 .build/obj_ergodox_ez_steno/common/eeconfig.o
 .comment       0x0000000000000011       0x12 .build/obj_ergodox_ez_steno/common/avr/suspend.o
 .comment       0x0000000000000011       0x12 .build/obj_ergodox_ez_steno/common/avr/timer.o
 .comment       0x0000000000000011       0x12 .build/obj_ergodox_ez_steno/common/avr/bootloader.o
 .comment       0x0000000000000011       0x12 .build/obj_ergodox_ez_steno/common/magic.o
 .comment       0x0000000000000011       0x12 .build/obj_ergodox_ez_steno/common/command.o
 .comment       0x0000000000000011       0x12 .build/obj_ergodox_ez_steno/lufa.o
 .comment       0x0000000000000011       0x12 .build/obj_ergodox_ez_steno/descriptor.o
 .comment       0x0000000000000011       0x12 .build/obj_ergodox_ez_steno/protocol/lufa/LUFA-git/LUFA/Drivers/USB/Core/AVR8/Device_AVR8.o
 .comment       0x0000000000000011       0x12 .build/obj_ergodox_ez_steno/protocol/lufa/LUFA-git/LUFA/Drivers/USB/Core/AVR8/EndpointStream_AVR8.o
 .comment       0x0000000000000011       0x12 .build/obj_ergodox_ez_steno/protocol/lufa/LUFA-git/LUFA/Drivers/USB/Core/AVR8/Endpoint_AVR8.o
 .comment       0x0000000000000011       0x12 .build/obj_ergodox_ez_steno/protocol/lufa/LUFA-git/LUFA/Drivers/USB/Core/AVR8/USBController_AVR8.o
 .comment       0x0000000000000011       0x12 .build/obj_ergodox_ez_steno/protocol/lufa/LUFA-git/LUFA/Drivers/USB/Core/AVR8/USBInterrupt_AVR8.o
 .comment       0x0000000000000011       0x12 .build/obj_ergodox_ez_steno/protocol/lufa/LUFA-git/LUFA/Drivers/USB/Core/DeviceStandardReq.o
 .comment       0x0000000000000011       0x12 .build/obj_ergodox_ez_steno/protocol/lufa/LUFA-git/LUFA/Drivers/USB/Core/Events.o
 .comment       0x0000000000000011       0x12 .build/obj_ergodox_ez_steno/protocol/lufa/LUFA-git/LUFA/Drivers/USB/Core/USBTask.o
 .comment       0x0000000000000011       0x12 .build/obj_ergodox_ez_steno/protocol/lufa/LUFA-git/LUFA/Drivers/USB/Class/Device/CDCClassDevice.o

.note.gnu.avr.deviceinfo
                0x0000000000000000       0x40
 .note.gnu.avr.deviceinfo
                0x0000000000000000       0x40 /usr/lib/gcc/avr/5.4.0/../../../avr/lib/avr5/crtatmega32u4.o

.note.gnu.build-id
 *(.note.gnu.build-id)

.debug
 *(.debug)

.line
 *(.line)

.debug_srcinfo
 *(.debug_srcinfo)

.debug_sfnames
 *(.debug_sfnames)

.debug_aranges  0x0000000000000000      0xb80
 *(.debug_aranges)
 .debug_aranges
                0x0000000000000000       0x58 .build/obj_ergodox_ez_steno/twimaster.o
 .debug_aranges
                0x0000000000000058       0x90 .build/obj_ergodox_ez_steno/matrix.o
 .debug_aranges
                0x00000000000000e8       0x18 .build/obj_ergodox_ez_steno/keyboards/ergodox/ergodox.o
 .debug_aranges
                0x0000000000000100       0x40 .build/obj_ergodox_ez_steno/keyboards/ergodox/ez/keymaps/steno/keymap.o
 .debug_aranges
                0x0000000000000140       0xa0 .build/obj_ergodox_ez_steno/quantum/quantum.o
 .debug_aranges
                0x00000000000001e0       0x38 .build/obj_ergodox_ez_steno/quantum/keymap_common.o
 .debug_aranges
                0x0000000000000218       0x20 .build/obj_ergodox_ez_steno/quantum/keycode_config.o
 .debug_aranges
                0x0000000000000238       0x28 .build/obj_ergodox_ez_steno/quantum/process_keycode/process_leader.o
 .debug_aranges
                0x0000000000000260       0x30 .build/obj_ergodox_ez_steno/keyboards/ergodox/ez/ez.o
 .debug_aranges
                0x0000000000000290       0x50 .build/obj_ergodox_ez_steno/quantum/process_keycode/process_unicode.o
 .debug_aranges
                0x00000000000002e0       0x60 .build/obj_ergodox_ez_steno/common/host.o
 .debug_aranges
                0x0000000000000340       0x40 .build/obj_ergodox_ez_steno/common/keyboard.o
 .debug_aranges
                0x0000000000000380       0x98 .build/obj_ergodox_ez_steno/common/action.o
 .debug_aranges
                0x0000000000000418       0x40 .build/obj_ergodox_ez_steno/common/action_tapping.o
 .debug_aranges
                0x0000000000000458       0x20 .build/obj_ergodox_ez_steno/common/action_macro.o
 .debug_aranges
                0x0000000000000478       0x98 .build/obj_ergodox_ez_steno/common/action_layer.o
 .debug_aranges
                0x0000000000000510      0x128 .build/obj_ergodox_ez_steno/common/action_util.o
 .debug_aranges
                0x0000000000000638       0x18 .build/obj_ergodox_ez_steno/common/debug.o
 .debug_aranges
                0x0000000000000650       0x60 .build/obj_ergodox_ez_steno/common/util.o
 .debug_aranges
                0x00000000000006b0       0x68 .build/obj_ergodox_ez_steno/common/eeconfig.o
 .debug_aranges
                0x0000000000000718       0x48 .build/obj_ergodox_ez_steno/common/avr/suspend.o
 .debug_aranges
                0x0000000000000760       0x50 .build/obj_ergodox_ez_steno/common/avr/timer.o
 .debug_aranges
                0x00000000000007b0       0x28 .build/obj_ergodox_ez_steno/common/avr/bootloader.o
 .debug_aranges
                0x00000000000007d8       0x20 .build/obj_ergodox_ez_steno/common/magic.o
 .debug_aranges
                0x00000000000007f8       0x40 .build/obj_ergodox_ez_steno/common/command.o
 .debug_aranges
                0x0000000000000838       0xa0 .build/obj_ergodox_ez_steno/lufa.o
 .debug_aranges
                0x00000000000008d8       0x20 .build/obj_ergodox_ez_steno/descriptor.o
 .debug_aranges
                0x00000000000008f8       0x20 .build/obj_ergodox_ez_steno/protocol/lufa/LUFA-git/LUFA/Drivers/USB/Core/AVR8/Device_AVR8.o
 .debug_aranges
                0x0000000000000918       0xc8 .build/obj_ergodox_ez_steno/protocol/lufa/LUFA-git/LUFA/Drivers/USB/Core/AVR8/EndpointStream_AVR8.o
 .debug_aranges
                0x00000000000009e0       0x40 .build/obj_ergodox_ez_steno/protocol/lufa/LUFA-git/LUFA/Drivers/USB/Core/AVR8/Endpoint_AVR8.o
 .debug_aranges
                0x0000000000000a20       0x30 .build/obj_ergodox_ez_steno/protocol/lufa/LUFA-git/LUFA/Drivers/USB/Core/AVR8/USBController_AVR8.o
 .debug_aranges
                0x0000000000000a50       0x38 .build/obj_ergodox_ez_steno/protocol/lufa/LUFA-git/LUFA/Drivers/USB/Core/AVR8/USBInterrupt_AVR8.o
 .debug_aranges
                0x0000000000000a88       0x20 .build/obj_ergodox_ez_steno/protocol/lufa/LUFA-git/LUFA/Drivers/USB/Core/DeviceStandardReq.o
 .debug_aranges
                0x0000000000000aa8       0x20 .build/obj_ergodox_ez_steno/protocol/lufa/LUFA-git/LUFA/Drivers/USB/Core/Events.o
 .debug_aranges
                0x0000000000000ac8       0x20 .build/obj_ergodox_ez_steno/protocol/lufa/LUFA-git/LUFA/Drivers/USB/Core/USBTask.o
 .debug_aranges
                0x0000000000000ae8       0x98 .build/obj_ergodox_ez_steno/protocol/lufa/LUFA-git/LUFA/Drivers/USB/Class/Device/CDCClassDevice.o

.debug_pubnames
 *(.debug_pubnames)

.debug_info     0x0000000000000000    0x12b03
 *(.debug_info .gnu.linkonce.wi.*)
 .debug_info    0x0000000000000000      0x9f4 /usr/lib/gcc/avr/5.4.0/../../../avr/lib/avr5/crtatmega32u4.o
 .debug_info    0x00000000000009f4      0x1be .build/obj_ergodox_ez_steno/twimaster.o
 .debug_info    0x0000000000000bb2      0x6a6 .build/obj_ergodox_ez_steno/matrix.o
 .debug_info    0x0000000000001258       0xea .build/obj_ergodox_ez_steno/keyboards/ergodox/ergodox.o
 .debug_info    0x0000000000001342      0xe0e .build/obj_ergodox_ez_steno/keyboards/ergodox/ez/keymaps/steno/keymap.o
 .debug_info    0x0000000000002150     0x1385 .build/obj_ergodox_ez_steno/quantum/quantum.o
 .debug_info    0x00000000000034d5     0x1138 .build/obj_ergodox_ez_steno/quantum/keymap_common.o
 .debug_info    0x000000000000460d      0x583 .build/obj_ergodox_ez_steno/quantum/keycode_config.o
 .debug_info    0x0000000000004b90      0x560 .build/obj_ergodox_ez_steno/quantum/process_keycode/process_leader.o
 .debug_info    0x00000000000050f0      0x5c7 .build/obj_ergodox_ez_steno/keyboards/ergodox/ez/ez.o
 .debug_info    0x00000000000056b7      0xbd0 .build/obj_ergodox_ez_steno/quantum/process_keycode/process_unicode.o
 .debug_info    0x0000000000006287      0x4a9 .build/obj_ergodox_ez_steno/common/host.o
 .debug_info    0x0000000000006730      0x412 .build/obj_ergodox_ez_steno/common/keyboard.o
 .debug_info    0x0000000000006b42     0x1870 .build/obj_ergodox_ez_steno/common/action.o
 .debug_info    0x00000000000083b2      0xde0 .build/obj_ergodox_ez_steno/common/action_tapping.o
 .debug_info    0x0000000000009192      0x78c .build/obj_ergodox_ez_steno/common/action_macro.o
 .debug_info    0x000000000000991e      0x8d6 .build/obj_ergodox_ez_steno/common/action_layer.o
 .debug_info    0x000000000000a1f4      0x964 .build/obj_ergodox_ez_steno/common/action_util.o
 .debug_info    0x000000000000ab58       0xfc .build/obj_ergodox_ez_steno/common/debug.o
 .debug_info    0x000000000000ac54      0x2a2 .build/obj_ergodox_ez_steno/common/util.o
 .debug_info    0x000000000000aef6      0x37b .build/obj_ergodox_ez_steno/common/eeconfig.o
 .debug_info    0x000000000000b271      0x2cd .build/obj_ergodox_ez_steno/common/avr/suspend.o
 .debug_info    0x000000000000b53e      0x204 .build/obj_ergodox_ez_steno/common/avr/timer.o
 .debug_info    0x000000000000b742      0x206 .build/obj_ergodox_ez_steno/common/avr/bootloader.o
 .debug_info    0x000000000000b948      0x2af .build/obj_ergodox_ez_steno/common/magic.o
 .debug_info    0x000000000000bbf7      0x964 .build/obj_ergodox_ez_steno/common/command.o
 .debug_info    0x000000000000c55b     0x1510 .build/obj_ergodox_ez_steno/lufa.o
 .debug_info    0x000000000000da6b      0x98e .build/obj_ergodox_ez_steno/descriptor.o
 .debug_info    0x000000000000e3f9       0xd2 .build/obj_ergodox_ez_steno/protocol/lufa/LUFA-git/LUFA/Drivers/USB/Core/AVR8/Device_AVR8.o
 .debug_info    0x000000000000e4cb     0x17c8 .build/obj_ergodox_ez_steno/protocol/lufa/LUFA-git/LUFA/Drivers/USB/Core/AVR8/EndpointStream_AVR8.o
 .debug_info    0x000000000000fc93      0x620 .build/obj_ergodox_ez_steno/protocol/lufa/LUFA-git/LUFA/Drivers/USB/Core/AVR8/Endpoint_AVR8.o
 .debug_info    0x00000000000102b3      0x4e7 .build/obj_ergodox_ez_steno/protocol/lufa/LUFA-git/LUFA/Drivers/USB/Core/AVR8/USBController_AVR8.o
 .debug_info    0x000000000001079a      0x7e7 .build/obj_ergodox_ez_steno/protocol/lufa/LUFA-git/LUFA/Drivers/USB/Core/AVR8/USBInterrupt_AVR8.o
 .debug_info    0x0000000000010f81      0xa2b .build/obj_ergodox_ez_steno/protocol/lufa/LUFA-git/LUFA/Drivers/USB/Core/DeviceStandardReq.o
 .debug_info    0x00000000000119ac       0x78 .build/obj_ergodox_ez_steno/protocol/lufa/LUFA-git/LUFA/Drivers/USB/Core/Events.o
 .debug_info    0x0000000000011a24      0x272 .build/obj_ergodox_ez_steno/protocol/lufa/LUFA-git/LUFA/Drivers/USB/Core/USBTask.o
 .debug_info    0x0000000000011c96      0xe6d .build/obj_ergodox_ez_steno/protocol/lufa/LUFA-git/LUFA/Drivers/USB/Class/Device/CDCClassDevice.o

.debug_abbrev   0x0000000000000000     0x4c3b
 *(.debug_abbrev)
 .debug_abbrev  0x0000000000000000      0x96a /usr/lib/gcc/avr/5.4.0/../../../avr/lib/avr5/crtatmega32u4.o
 .debug_abbrev  0x000000000000096a       0xe8 .build/obj_ergodox_ez_steno/twimaster.o
 .debug_abbrev  0x0000000000000a52      0x29f .build/obj_ergodox_ez_steno/matrix.o
 .debug_abbrev  0x0000000000000cf1       0x91 .build/obj_ergodox_ez_steno/keyboards/ergodox/ergodox.o
 .debug_abbrev  0x0000000000000d82      0x21e .build/obj_ergodox_ez_steno/keyboards/ergodox/ez/keymaps/steno/keymap.o
 .debug_abbrev  0x0000000000000fa0      0x388 .build/obj_ergodox_ez_steno/quantum/quantum.o
 .debug_abbrev  0x0000000000001328      0x2b0 .build/obj_ergodox_ez_steno/quantum/keymap_common.o
 .debug_abbrev  0x00000000000015d8       0xd2 .build/obj_ergodox_ez_steno/quantum/keycode_config.o
 .debug_abbrev  0x00000000000016aa      0x152 .build/obj_ergodox_ez_steno/quantum/process_keycode/process_leader.o
 .debug_abbrev  0x00000000000017fc      0x18f .build/obj_ergodox_ez_steno/keyboards/ergodox/ez/ez.o
 .debug_abbrev  0x000000000000198b      0x249 .build/obj_ergodox_ez_steno/quantum/process_keycode/process_unicode.o
 .debug_abbrev  0x0000000000001bd4      0x183 .build/obj_ergodox_ez_steno/common/host.o
 .debug_abbrev  0x0000000000001d57      0x1fc .build/obj_ergodox_ez_steno/common/keyboard.o
 .debug_abbrev  0x0000000000001f53      0x324 .build/obj_ergodox_ez_steno/common/action.o
 .debug_abbrev  0x0000000000002277      0x2c3 .build/obj_ergodox_ez_steno/common/action_tapping.o
 .debug_abbrev  0x000000000000253a      0x162 .build/obj_ergodox_ez_steno/common/action_macro.o
 .debug_abbrev  0x000000000000269c      0x233 .build/obj_ergodox_ez_steno/common/action_layer.o
 .debug_abbrev  0x00000000000028cf      0x2e0 .build/obj_ergodox_ez_steno/common/action_util.o
 .debug_abbrev  0x0000000000002baf       0x87 .build/obj_ergodox_ez_steno/common/debug.o
 .debug_abbrev  0x0000000000002c36       0xcb .build/obj_ergodox_ez_steno/common/util.o
 .debug_abbrev  0x0000000000002d01       0xc2 .build/obj_ergodox_ez_steno/common/eeconfig.o
 .debug_abbrev  0x0000000000002dc3      0x1ce .build/obj_ergodox_ez_steno/common/avr/suspend.o
 .debug_abbrev  0x0000000000002f91      0x11e .build/obj_ergodox_ez_steno/common/avr/timer.o
 .debug_abbrev  0x00000000000030af      0x171 .build/obj_ergodox_ez_steno/common/avr/bootloader.o
 .debug_abbrev  0x0000000000003220       0xf9 .build/obj_ergodox_ez_steno/common/magic.o
 .debug_abbrev  0x0000000000003319      0x29c .build/obj_ergodox_ez_steno/common/command.o
 .debug_abbrev  0x00000000000035b5      0x49f .build/obj_ergodox_ez_steno/lufa.o
 .debug_abbrev  0x0000000000003a54      0x184 .build/obj_ergodox_ez_steno/descriptor.o
 .debug_abbrev  0x0000000000003bd8       0x80 .build/obj_ergodox_ez_steno/protocol/lufa/LUFA-git/LUFA/Drivers/USB/Core/AVR8/Device_AVR8.o
 .debug_abbrev  0x0000000000003c58      0x1ea .build/obj_ergodox_ez_steno/protocol/lufa/LUFA-git/LUFA/Drivers/USB/Core/AVR8/EndpointStream_AVR8.o
 .debug_abbrev  0x0000000000003e42      0x226 .build/obj_ergodox_ez_steno/protocol/lufa/LUFA-git/LUFA/Drivers/USB/Core/AVR8/Endpoint_AVR8.o
 .debug_abbrev  0x0000000000004068      0x191 .build/obj_ergodox_ez_steno/protocol/lufa/LUFA-git/LUFA/Drivers/USB/Core/AVR8/USBController_AVR8.o
 .debug_abbrev  0x00000000000041f9      0x213 .build/obj_ergodox_ez_steno/protocol/lufa/LUFA-git/LUFA/Drivers/USB/Core/AVR8/USBInterrupt_AVR8.o
 .debug_abbrev  0x000000000000440c      0x29c .build/obj_ergodox_ez_steno/protocol/lufa/LUFA-git/LUFA/Drivers/USB/Core/DeviceStandardReq.o
 .debug_abbrev  0x00000000000046a8       0x44 .build/obj_ergodox_ez_steno/protocol/lufa/LUFA-git/LUFA/Drivers/USB/Core/Events.o
 .debug_abbrev  0x00000000000046ec      0x16b .build/obj_ergodox_ez_steno/protocol/lufa/LUFA-git/LUFA/Drivers/USB/Core/USBTask.o
 .debug_abbrev  0x0000000000004857      0x3e4 .build/obj_ergodox_ez_steno/protocol/lufa/LUFA-git/LUFA/Drivers/USB/Class/Device/CDCClassDevice.o

.debug_line     0x0000000000000000     0x8378
 *(.debug_line .debug_line.* .debug_line_end)
 .debug_line    0x0000000000000000       0x1a /usr/lib/gcc/avr/5.4.0/../../../avr/lib/avr5/crtatmega32u4.o
 .debug_line    0x000000000000001a      0x247 .build/obj_ergodox_ez_steno/twimaster.o
 .debug_line    0x0000000000000261      0x48f .build/obj_ergodox_ez_steno/matrix.o
 .debug_line    0x00000000000006f0       0xbf .build/obj_ergodox_ez_steno/keyboards/ergodox/ergodox.o
 .debug_line    0x00000000000007af      0x254 .build/obj_ergodox_ez_steno/keyboards/ergodox/ez/keymaps/steno/keymap.o
 .debug_line    0x0000000000000a03      0x61d .build/obj_ergodox_ez_steno/quantum/quantum.o
 .debug_line    0x0000000000001020      0x326 .build/obj_ergodox_ez_steno/quantum/keymap_common.o
 .debug_line    0x0000000000001346      0x13a .build/obj_ergodox_ez_steno/quantum/keycode_config.o
 .debug_line    0x0000000000001480      0x199 .build/obj_ergodox_ez_steno/quantum/process_keycode/process_leader.o
 .debug_line    0x0000000000001619      0x270 .build/obj_ergodox_ez_steno/keyboards/ergodox/ez/ez.o
 .debug_line    0x0000000000001889      0x28d .build/obj_ergodox_ez_steno/quantum/process_keycode/process_unicode.o
 .debug_line    0x0000000000001b16      0x1ca .build/obj_ergodox_ez_steno/common/host.o
 .debug_line    0x0000000000001ce0      0x201 .build/obj_ergodox_ez_steno/common/keyboard.o
 .debug_line    0x0000000000001ee1      0x94b .build/obj_ergodox_ez_steno/common/action.o
 .debug_line    0x000000000000282c      0x51d .build/obj_ergodox_ez_steno/common/action_tapping.o
 .debug_line    0x0000000000002d49      0x1bb .build/obj_ergodox_ez_steno/common/action_macro.o
 .debug_line    0x0000000000002f04      0x28c .build/obj_ergodox_ez_steno/common/action_layer.o
 .debug_line    0x0000000000003190      0x53d .build/obj_ergodox_ez_steno/common/action_util.o
 .debug_line    0x00000000000036cd       0x63 .build/obj_ergodox_ez_steno/common/debug.o
 .debug_line    0x0000000000003730      0x283 .build/obj_ergodox_ez_steno/common/util.o
 .debug_line    0x00000000000039b3      0x178 .build/obj_ergodox_ez_steno/common/eeconfig.o
 .debug_line    0x0000000000003b2b      0x279 .build/obj_ergodox_ez_steno/common/avr/suspend.o
 .debug_line    0x0000000000003da4      0x1ba .build/obj_ergodox_ez_steno/common/avr/timer.o
 .debug_line    0x0000000000003f5e      0x1c1 .build/obj_ergodox_ez_steno/common/avr/bootloader.o
 .debug_line    0x000000000000411f      0x11a .build/obj_ergodox_ez_steno/common/magic.o
 .debug_line    0x0000000000004239      0x31a .build/obj_ergodox_ez_steno/common/command.o
 .debug_line    0x0000000000004553      0x930 .build/obj_ergodox_ez_steno/lufa.o
 .debug_line    0x0000000000004e83      0x21c .build/obj_ergodox_ez_steno/descriptor.o
 .debug_line    0x000000000000509f      0x13c .build/obj_ergodox_ez_steno/protocol/lufa/LUFA-git/LUFA/Drivers/USB/Core/AVR8/Device_AVR8.o
 .debug_line    0x00000000000051db     0x1454 .build/obj_ergodox_ez_steno/protocol/lufa/LUFA-git/LUFA/Drivers/USB/Core/AVR8/EndpointStream_AVR8.o
 .debug_line    0x000000000000662f      0x50b .build/obj_ergodox_ez_steno/protocol/lufa/LUFA-git/LUFA/Drivers/USB/Core/AVR8/Endpoint_AVR8.o
 .debug_line    0x0000000000006b3a      0x357 .build/obj_ergodox_ez_steno/protocol/lufa/LUFA-git/LUFA/Drivers/USB/Core/AVR8/USBController_AVR8.o
 .debug_line    0x0000000000006e91      0x5b9 .build/obj_ergodox_ez_steno/protocol/lufa/LUFA-git/LUFA/Drivers/USB/Core/AVR8/USBInterrupt_AVR8.o
 .debug_line    0x000000000000744a      0x4c6 .build/obj_ergodox_ez_steno/protocol/lufa/LUFA-git/LUFA/Drivers/USB/Core/DeviceStandardReq.o
 .debug_line    0x0000000000007910       0x6e .build/obj_ergodox_ez_steno/protocol/lufa/LUFA-git/LUFA/Drivers/USB/Core/Events.o
 .debug_line    0x000000000000797e      0x1a8 .build/obj_ergodox_ez_steno/protocol/lufa/LUFA-git/LUFA/Drivers/USB/Core/USBTask.o
 .debug_line    0x0000000000007b26      0x852 .build/obj_ergodox_ez_steno/protocol/lufa/LUFA-git/LUFA/Drivers/USB/Class/Device/CDCClassDevice.o

.debug_frame    0x0000000000000000     0x1c28
 *(.debug_frame)
 .debug_frame   0x0000000000000000       0x94 .build/obj_ergodox_ez_steno/twimaster.o
 .debug_frame   0x0000000000000094      0x170 .build/obj_ergodox_ez_steno/matrix.o
 .debug_frame   0x0000000000000204       0x70 .build/obj_ergodox_ez_steno/keyboards/ergodox/ez/keymaps/steno/keymap.o
 .debug_frame   0x0000000000000274      0x1ec .build/obj_ergodox_ez_steno/quantum/quantum.o
 .debug_frame   0x0000000000000460       0x54 .build/obj_ergodox_ez_steno/quantum/keymap_common.o
 .debug_frame   0x00000000000004b4       0x24 .build/obj_ergodox_ez_steno/quantum/keycode_config.o
 .debug_frame   0x00000000000004d8       0x58 .build/obj_ergodox_ez_steno/quantum/process_keycode/process_leader.o
 .debug_frame   0x0000000000000530       0x44 .build/obj_ergodox_ez_steno/keyboards/ergodox/ez/ez.o
 .debug_frame   0x0000000000000574       0xb0 .build/obj_ergodox_ez_steno/quantum/process_keycode/process_unicode.o
 .debug_frame   0x0000000000000624       0xa4 .build/obj_ergodox_ez_steno/common/host.o
 .debug_frame   0x00000000000006c8       0xa0 .build/obj_ergodox_ez_steno/common/keyboard.o
 .debug_frame   0x0000000000000768      0x1b4 .build/obj_ergodox_ez_steno/common/action.o
 .debug_frame   0x000000000000091c       0xdc .build/obj_ergodox_ez_steno/common/action_tapping.o
 .debug_frame   0x00000000000009f8       0x48 .build/obj_ergodox_ez_steno/common/action_macro.o
 .debug_frame   0x0000000000000a40      0x1a8 .build/obj_ergodox_ez_steno/common/action_layer.o
 .debug_frame   0x0000000000000be8      0x240 .build/obj_ergodox_ez_steno/common/action_util.o
 .debug_frame   0x0000000000000e28      0x110 .build/obj_ergodox_ez_steno/common/util.o
 .debug_frame   0x0000000000000f38       0xb4 .build/obj_ergodox_ez_steno/common/eeconfig.o
 .debug_frame   0x0000000000000fec       0xb0 .build/obj_ergodox_ez_steno/common/avr/suspend.o
 .debug_frame   0x000000000000109c       0xf0 .build/obj_ergodox_ez_steno/common/avr/timer.o
 .debug_frame   0x000000000000118c       0x34 .build/obj_ergodox_ez_steno/common/avr/bootloader.o
 .debug_frame   0x00000000000011c0       0x24 .build/obj_ergodox_ez_steno/common/magic.o
 .debug_frame   0x00000000000011e4       0x88 .build/obj_ergodox_ez_steno/common/command.o
 .debug_frame   0x000000000000126c      0x170 .build/obj_ergodox_ez_steno/lufa.o
 .debug_frame   0x00000000000013dc       0x24 .build/obj_ergodox_ez_steno/descriptor.o
 .debug_frame   0x0000000000001400       0x24 .build/obj_ergodox_ez_steno/protocol/lufa/LUFA-git/LUFA/Drivers/USB/Core/AVR8/Device_AVR8.o
 .debug_frame   0x0000000000001424      0x42c .build/obj_ergodox_ez_steno/protocol/lufa/LUFA-git/LUFA/Drivers/USB/Core/AVR8/EndpointStream_AVR8.o
 .debug_frame   0x0000000000001850       0x7c .build/obj_ergodox_ez_steno/protocol/lufa/LUFA-git/LUFA/Drivers/USB/Core/AVR8/Endpoint_AVR8.o
 .debug_frame   0x00000000000018cc       0x5c .build/obj_ergodox_ez_steno/protocol/lufa/LUFA-git/LUFA/Drivers/USB/Core/AVR8/USBController_AVR8.o
 .debug_frame   0x0000000000001928      0x108 .build/obj_ergodox_ez_steno/protocol/lufa/LUFA-git/LUFA/Drivers/USB/Core/AVR8/USBInterrupt_AVR8.o
 .debug_frame   0x0000000000001a30       0x3c .build/obj_ergodox_ez_steno/protocol/lufa/LUFA-git/LUFA/Drivers/USB/Core/DeviceStandardReq.o
 .debug_frame   0x0000000000001a6c       0x24 .build/obj_ergodox_ez_steno/protocol/lufa/LUFA-git/LUFA/Drivers/USB/Core/Events.o
 .debug_frame   0x0000000000001a90       0x2c .build/obj_ergodox_ez_steno/protocol/lufa/LUFA-git/LUFA/Drivers/USB/Core/USBTask.o
 .debug_frame   0x0000000000001abc      0x16c .build/obj_ergodox_ez_steno/protocol/lufa/LUFA-git/LUFA/Drivers/USB/Class/Device/CDCClassDevice.o

.debug_str      0x0000000000000000     0x4ecb
 *(.debug_str)
 .debug_str     0x0000000000000000      0x371 /usr/lib/gcc/avr/5.4.0/../../../avr/lib/avr5/crtatmega32u4.o
 .debug_str     0x0000000000000371      0x1ce .build/obj_ergodox_ez_steno/twimaster.o
                                        0x207 (size before relaxing)
 .debug_str     0x000000000000053f      0x1f4 .build/obj_ergodox_ez_steno/matrix.o
                                        0x3bf (size before relaxing)
 .debug_str     0x0000000000000733       0x36 .build/obj_ergodox_ez_steno/keyboards/ergodox/ergodox.o
                                        0x1d3 (size before relaxing)
 .debug_str     0x0000000000000769     0x10bd .build/obj_ergodox_ez_steno/keyboards/ergodox/ez/keymaps/steno/keymap.o
                                       0x12c1 (size before relaxing)
 .debug_str     0x0000000000001826      0x325 .build/obj_ergodox_ez_steno/quantum/quantum.o
                                       0x10a2 (size before relaxing)
 .debug_str     0x0000000000001b4b      0x1bb .build/obj_ergodox_ez_steno/quantum/keymap_common.o
                                       0x136d (size before relaxing)
 .debug_str     0x0000000000001d06       0x19 .build/obj_ergodox_ez_steno/quantum/keycode_config.o
                                        0x806 (size before relaxing)
 .debug_str     0x0000000000001d1f       0x86 .build/obj_ergodox_ez_steno/quantum/process_keycode/process_leader.o
                                        0x77a (size before relaxing)
 .debug_str     0x0000000000001da5       0xb1 .build/obj_ergodox_ez_steno/keyboards/ergodox/ez/ez.o
                                        0x3a9 (size before relaxing)
 .debug_str     0x0000000000001e56       0xad .build/obj_ergodox_ez_steno/quantum/process_keycode/process_unicode.o
                                        0xdda (size before relaxing)
 .debug_str     0x0000000000001f03      0x12f .build/obj_ergodox_ez_steno/common/host.o
                                        0x376 (size before relaxing)
 .debug_str     0x0000000000002032       0xc4 .build/obj_ergodox_ez_steno/common/keyboard.o
                                        0x339 (size before relaxing)
 .debug_str     0x00000000000020f6      0x3af .build/obj_ergodox_ez_steno/common/action.o
                                       0x12b7 (size before relaxing)
 .debug_str     0x00000000000024a5       0xe8 .build/obj_ergodox_ez_steno/common/action_tapping.o
                                        0xb0d (size before relaxing)
 .debug_str     0x000000000000258d       0x7f .build/obj_ergodox_ez_steno/common/action_macro.o
                                        0x891 (size before relaxing)
 .debug_str     0x000000000000260c       0x66 .build/obj_ergodox_ez_steno/common/action_layer.o
                                        0x431 (size before relaxing)
 .debug_str     0x0000000000002672      0x196 .build/obj_ergodox_ez_steno/common/action_util.o
                                        0x606 (size before relaxing)
 .debug_str     0x0000000000002808       0x1a .build/obj_ergodox_ez_steno/common/debug.o
                                        0x1db (size before relaxing)
 .debug_str     0x0000000000002822       0x43 .build/obj_ergodox_ez_steno/common/util.o
                                        0x1f1 (size before relaxing)
 .debug_str     0x0000000000002865       0xea .build/obj_ergodox_ez_steno/common/eeconfig.o
                                        0x2c0 (size before relaxing)
 .debug_str     0x000000000000294f      0x159 .build/obj_ergodox_ez_steno/common/avr/suspend.o
                                        0x35d (size before relaxing)
 .debug_str     0x0000000000002aa8       0x5d .build/obj_ergodox_ez_steno/common/avr/timer.o
                                        0x218 (size before relaxing)
 .debug_str     0x0000000000002b05       0x6f .build/obj_ergodox_ez_steno/common/avr/bootloader.o
                                        0x285 (size before relaxing)
 .debug_str     0x0000000000002b74       0x1a .build/obj_ergodox_ez_steno/common/magic.o
                                        0x332 (size before relaxing)
 .debug_str     0x0000000000002b8e       0x97 .build/obj_ergodox_ez_steno/common/command.o
                                        0x9ab (size before relaxing)
 .debug_str     0x0000000000002c25      0x6c0 .build/obj_ergodox_ez_steno/lufa.o
                                        0xbb9 (size before relaxing)
 .debug_str     0x00000000000032e5      0x9e9 .build/obj_ergodox_ez_steno/descriptor.o
                                        0xc0d (size before relaxing)
 .debug_str     0x0000000000003cce       0x77 .build/obj_ergodox_ez_steno/protocol/lufa/LUFA-git/LUFA/Drivers/USB/Core/AVR8/Device_AVR8.o
                                        0x21b (size before relaxing)
 .debug_str     0x0000000000003d45      0x4d5 .build/obj_ergodox_ez_steno/protocol/lufa/LUFA-git/LUFA/Drivers/USB/Core/AVR8/EndpointStream_AVR8.o
                                        0x87d (size before relaxing)
 .debug_str     0x000000000000421a      0x224 .build/obj_ergodox_ez_steno/protocol/lufa/LUFA-git/LUFA/Drivers/USB/Core/AVR8/Endpoint_AVR8.o
                                        0x63d (size before relaxing)
 .debug_str     0x000000000000443e      0x1d9 .build/obj_ergodox_ez_steno/protocol/lufa/LUFA-git/LUFA/Drivers/USB/Core/AVR8/USBController_AVR8.o
                                        0x57c (size before relaxing)
 .debug_str     0x0000000000004617      0x15a .build/obj_ergodox_ez_steno/protocol/lufa/LUFA-git/LUFA/Drivers/USB/Core/AVR8/USBInterrupt_AVR8.o
                                        0x5fb (size before relaxing)
 .debug_str     0x0000000000004771      0x413 .build/obj_ergodox_ez_steno/protocol/lufa/LUFA-git/LUFA/Drivers/USB/Core/DeviceStandardReq.o
                                        0x9ef (size before relaxing)
 .debug_str     0x0000000000004b84       0x50 .build/obj_ergodox_ez_steno/protocol/lufa/LUFA-git/LUFA/Drivers/USB/Core/Events.o
                                        0x1c1 (size before relaxing)
 .debug_str     0x0000000000004bd4       0x5e .build/obj_ergodox_ez_steno/protocol/lufa/LUFA-git/LUFA/Drivers/USB/Core/USBTask.o
                                        0x3a2 (size before relaxing)
 .debug_str     0x0000000000004c32      0x299 .build/obj_ergodox_ez_steno/protocol/lufa/LUFA-git/LUFA/Drivers/USB/Class/Device/CDCClassDevice.o
                                        0xa31 (size before relaxing)

.debug_loc      0x0000000000000000     0x7f42
 *(.debug_loc)
 .debug_loc     0x0000000000000000      0x109 .build/obj_ergodox_ez_steno/twimaster.o
 .debug_loc     0x0000000000000109      0x396 .build/obj_ergodox_ez_steno/matrix.o
 .debug_loc     0x000000000000049f      0x179 .build/obj_ergodox_ez_steno/keyboards/ergodox/ez/keymaps/steno/keymap.o
 .debug_loc     0x0000000000000618      0x6e4 .build/obj_ergodox_ez_steno/quantum/quantum.o
 .debug_loc     0x0000000000000cfc      0x4a5 .build/obj_ergodox_ez_steno/quantum/keymap_common.o
 .debug_loc     0x00000000000011a1      0x116 .build/obj_ergodox_ez_steno/quantum/keycode_config.o
 .debug_loc     0x00000000000012b7       0xf2 .build/obj_ergodox_ez_steno/quantum/process_keycode/process_leader.o
 .debug_loc     0x00000000000013a9      0x204 .build/obj_ergodox_ez_steno/keyboards/ergodox/ez/ez.o
 .debug_loc     0x00000000000015ad      0x224 .build/obj_ergodox_ez_steno/quantum/process_keycode/process_unicode.o
 .debug_loc     0x00000000000017d1       0xd8 .build/obj_ergodox_ez_steno/common/host.o
 .debug_loc     0x00000000000018a9      0x198 .build/obj_ergodox_ez_steno/common/keyboard.o
 .debug_loc     0x0000000000001a41      0x7f5 .build/obj_ergodox_ez_steno/common/action.o
 .debug_loc     0x0000000000002236      0x5bc .build/obj_ergodox_ez_steno/common/action_tapping.o
 .debug_loc     0x00000000000027f2      0x48c .build/obj_ergodox_ez_steno/common/action_macro.o
 .debug_loc     0x0000000000002c7e      0x741 .build/obj_ergodox_ez_steno/common/action_layer.o
 .debug_loc     0x00000000000033bf      0x369 .build/obj_ergodox_ez_steno/common/action_util.o
 .debug_loc     0x0000000000003728      0x4fe .build/obj_ergodox_ez_steno/common/util.o
 .debug_loc     0x0000000000003c26       0x84 .build/obj_ergodox_ez_steno/common/eeconfig.o
 .debug_loc     0x0000000000003caa       0xd9 .build/obj_ergodox_ez_steno/common/avr/suspend.o
 .debug_loc     0x0000000000003d83      0x20a .build/obj_ergodox_ez_steno/common/avr/timer.o
 .debug_loc     0x0000000000003f8d       0x48 .build/obj_ergodox_ez_steno/common/avr/bootloader.o
 .debug_loc     0x0000000000003fd5       0x2a .build/obj_ergodox_ez_steno/common/magic.o
 .debug_loc     0x0000000000003fff      0x262 .build/obj_ergodox_ez_steno/common/command.o
 .debug_loc     0x0000000000004261      0x780 .build/obj_ergodox_ez_steno/lufa.o
 .debug_loc     0x00000000000049e1      0x20a .build/obj_ergodox_ez_steno/descriptor.o
 .debug_loc     0x0000000000004beb     0x1f97 .build/obj_ergodox_ez_steno/protocol/lufa/LUFA-git/LUFA/Drivers/USB/Core/AVR8/EndpointStream_AVR8.o
 .debug_loc     0x0000000000006b82      0x38d .build/obj_ergodox_ez_steno/protocol/lufa/LUFA-git/LUFA/Drivers/USB/Core/AVR8/Endpoint_AVR8.o
 .debug_loc     0x0000000000006f0f       0xd5 .build/obj_ergodox_ez_steno/protocol/lufa/LUFA-git/LUFA/Drivers/USB/Core/AVR8/USBController_AVR8.o
 .debug_loc     0x0000000000006fe4      0x3f4 .build/obj_ergodox_ez_steno/protocol/lufa/LUFA-git/LUFA/Drivers/USB/Core/AVR8/USBInterrupt_AVR8.o
 .debug_loc     0x00000000000073d8      0x2d7 .build/obj_ergodox_ez_steno/protocol/lufa/LUFA-git/LUFA/Drivers/USB/Core/DeviceStandardReq.o
 .debug_loc     0x00000000000076af       0x49 .build/obj_ergodox_ez_steno/protocol/lufa/LUFA-git/LUFA/Drivers/USB/Core/USBTask.o
 .debug_loc     0x00000000000076f8      0x84a .build/obj_ergodox_ez_steno/protocol/lufa/LUFA-git/LUFA/Drivers/USB/Class/Device/CDCClassDevice.o

.debug_macinfo
 *(.debug_macinfo)

.debug_weaknames
 *(.debug_weaknames)

.debug_funcnames
 *(.debug_funcnames)

.debug_typenames
 *(.debug_typenames)

.debug_varnames
 *(.debug_varnames)

.debug_pubtypes
 *(.debug_pubtypes)

.debug_ranges   0x0000000000000000      0xc40
 *(.debug_ranges)
 .debug_ranges  0x0000000000000000       0x48 .build/obj_ergodox_ez_steno/twimaster.o
 .debug_ranges  0x0000000000000048       0x98 .build/obj_ergodox_ez_steno/matrix.o
 .debug_ranges  0x00000000000000e0       0x30 .build/obj_ergodox_ez_steno/keyboards/ergodox/ez/keymaps/steno/keymap.o
 .debug_ranges  0x0000000000000110       0x90 .build/obj_ergodox_ez_steno/quantum/quantum.o
 .debug_ranges  0x00000000000001a0       0x28 .build/obj_ergodox_ez_steno/quantum/keymap_common.o
 .debug_ranges  0x00000000000001c8       0x10 .build/obj_ergodox_ez_steno/quantum/keycode_config.o
 .debug_ranges  0x00000000000001d8       0x18 .build/obj_ergodox_ez_steno/quantum/process_keycode/process_leader.o
 .debug_ranges  0x00000000000001f0       0x20 .build/obj_ergodox_ez_steno/keyboards/ergodox/ez/ez.o
 .debug_ranges  0x0000000000000210       0x40 .build/obj_ergodox_ez_steno/quantum/process_keycode/process_unicode.o
 .debug_ranges  0x0000000000000250       0x50 .build/obj_ergodox_ez_steno/common/host.o
 .debug_ranges  0x00000000000002a0       0x50 .build/obj_ergodox_ez_steno/common/keyboard.o
 .debug_ranges  0x00000000000002f0       0x88 .build/obj_ergodox_ez_steno/common/action.o
 .debug_ranges  0x0000000000000378       0x60 .build/obj_ergodox_ez_steno/common/action_tapping.o
 .debug_ranges  0x00000000000003d8       0x28 .build/obj_ergodox_ez_steno/common/action_macro.o
 .debug_ranges  0x0000000000000400      0x130 .build/obj_ergodox_ez_steno/common/action_layer.o
 .debug_ranges  0x0000000000000530      0x130 .build/obj_ergodox_ez_steno/common/action_util.o
 .debug_ranges  0x0000000000000660       0x50 .build/obj_ergodox_ez_steno/common/util.o
 .debug_ranges  0x00000000000006b0       0x58 .build/obj_ergodox_ez_steno/common/eeconfig.o
 .debug_ranges  0x0000000000000708       0x38 .build/obj_ergodox_ez_steno/common/avr/suspend.o
 .debug_ranges  0x0000000000000740       0x40 .build/obj_ergodox_ez_steno/common/avr/timer.o
 .debug_ranges  0x0000000000000780       0x18 .build/obj_ergodox_ez_steno/common/avr/bootloader.o
 .debug_ranges  0x0000000000000798       0x10 .build/obj_ergodox_ez_steno/common/magic.o
 .debug_ranges  0x00000000000007a8       0x30 .build/obj_ergodox_ez_steno/common/command.o
 .debug_ranges  0x00000000000007d8       0xa8 .build/obj_ergodox_ez_steno/lufa.o
 .debug_ranges  0x0000000000000880       0x28 .build/obj_ergodox_ez_steno/descriptor.o
 .debug_ranges  0x00000000000008a8       0x10 .build/obj_ergodox_ez_steno/protocol/lufa/LUFA-git/LUFA/Drivers/USB/Core/AVR8/Device_AVR8.o
 .debug_ranges  0x00000000000008b8      0x1f8 .build/obj_ergodox_ez_steno/protocol/lufa/LUFA-git/LUFA/Drivers/USB/Core/AVR8/EndpointStream_AVR8.o
 .debug_ranges  0x0000000000000ab0       0x78 .build/obj_ergodox_ez_steno/protocol/lufa/LUFA-git/LUFA/Drivers/USB/Core/AVR8/Endpoint_AVR8.o