Archive member included to satisfy reference by file (symbol)

/usr/local/Cellar/avr-gcc/8.1.0/lib/avr-gcc/8/gcc/avr/8.1.0/avr5/libgcc.a(_udivmodhi4.o)
                              .build/obj_ergodox_ez_alexjj/quantum/debounce/eager_pr.o (__udivmodhi4)
/usr/local/Cellar/avr-gcc/8.1.0/lib/avr-gcc/8/gcc/avr/8.1.0/avr5/libgcc.a(_divmodhi4.o)
                              .build/obj_ergodox_ez_alexjj/quantum/rgblight.o (__divmodhi4)
/usr/local/Cellar/avr-gcc/8.1.0/lib/avr-gcc/8/gcc/avr/8.1.0/avr5/libgcc.a(_exit.o)
                              /usr/local/Cellar/avr-gcc/8.1.0/lib/avr-gcc/8/gcc/avr/8.1.0/../../../../../../avr/lib/avr5/crtatmega32u4.o (exit)
/usr/local/Cellar/avr-gcc/8.1.0/lib/avr-gcc/8/gcc/avr/8.1.0/avr5/libgcc.a(_tablejump2.o)
                              .build/obj_ergodox_ez_alexjj/quantum/quantum.o (__tablejump2__)
/usr/local/Cellar/avr-gcc/8.1.0/lib/avr-gcc/8/gcc/avr/8.1.0/avr5/libgcc.a(_copy_data.o)
                              .build/obj_ergodox_ez_alexjj/keyboards/ergodox_ez/ergodox_ez.o (__do_copy_data)
/usr/local/Cellar/avr-gcc/8.1.0/lib/avr-gcc/8/gcc/avr/8.1.0/avr5/libgcc.a(_clear_bss.o)
                              .build/obj_ergodox_ez_alexjj/matrix.o (__do_clear_bss)
/usr/local/Cellar/avr-gcc/8.1.0/lib/avr-gcc/8/gcc/avr/8.1.0/../../../../../../avr/lib/avr5/libc.a(malloc.o)
                              .build/obj_ergodox_ez_alexjj/quantum/debounce/eager_pr.o (malloc)
/usr/local/Cellar/avr-gcc/8.1.0/lib/avr-gcc/8/gcc/avr/8.1.0/../../../../../../avr/lib/avr5/libc.a(tolower.o)
                              .build/obj_ergodox_ez_alexjj/quantum/process_keycode/process_unicode_common.o (tolower)
/usr/local/Cellar/avr-gcc/8.1.0/lib/avr-gcc/8/gcc/avr/8.1.0/../../../../../../avr/lib/avr5/libc.a(memchr.o)
                              .build/obj_ergodox_ez_alexjj/quantum/rgblight.o (memchr)
/usr/local/Cellar/avr-gcc/8.1.0/lib/avr-gcc/8/gcc/avr/8.1.0/../../../../../../avr/lib/avr5/libc.a(memmove.o)
                              .build/obj_ergodox_ez_alexjj/lib/lufa/LUFA/Drivers/USB/Class/Common/HIDParser.o (memmove)
/usr/local/Cellar/avr-gcc/8.1.0/lib/avr-gcc/8/gcc/avr/8.1.0/../../../../../../avr/lib/avr5/libc.a(strcspn.o)
                              .build/obj_ergodox_ez_alexjj/quantum/process_keycode/process_unicode_common.o (strcspn)
/usr/local/Cellar/avr-gcc/8.1.0/lib/avr-gcc/8/gcc/avr/8.1.0/../../../../../../avr/lib/avr5/libc.a(strncpy.o)
                              .build/obj_ergodox_ez_alexjj/quantum/process_keycode/process_unicode_common.o (strncpy)
/usr/local/Cellar/avr-gcc/8.1.0/lib/avr-gcc/8/gcc/avr/8.1.0/../../../../../../avr/lib/avr5/libc.a(memcpy.o)
                              /usr/local/Cellar/avr-gcc/8.1.0/lib/avr-gcc/8/gcc/avr/8.1.0/../../../../../../avr/lib/avr5/libc.a(memmove.o) (memcpy)
/usr/local/Cellar/avr-gcc/8.1.0/lib/avr-gcc/8/gcc/avr/8.1.0/../../../../../../avr/lib/avr5/libatmega32u4.a(eerd_byte.o)
                              .build/obj_ergodox_ez_alexjj/quantum/process_keycode/process_unicode_common.o (eeprom_read_byte)
/usr/local/Cellar/avr-gcc/8.1.0/lib/avr-gcc/8/gcc/avr/8.1.0/../../../../../../avr/lib/avr5/libatmega32u4.a(eerd_dword.o)
                              .build/obj_ergodox_ez_alexjj/quantum/rgblight.o (eeprom_read_dword)
/usr/local/Cellar/avr-gcc/8.1.0/lib/avr-gcc/8/gcc/avr/8.1.0/../../../../../../avr/lib/avr5/libatmega32u4.a(eerd_word.o)
                              .build/obj_ergodox_ez_alexjj/common/eeconfig.o (eeprom_read_word)
/usr/local/Cellar/avr-gcc/8.1.0/lib/avr-gcc/8/gcc/avr/8.1.0/../../../../../../avr/lib/avr5/libatmega32u4.a(eeupd_byte.o)
                              .build/obj_ergodox_ez_alexjj/quantum/process_keycode/process_unicode_common.o (eeprom_update_byte)
/usr/local/Cellar/avr-gcc/8.1.0/lib/avr-gcc/8/gcc/avr/8.1.0/../../../../../../avr/lib/avr5/libatmega32u4.a(eeupd_dword.o)
                              .build/obj_ergodox_ez_alexjj/quantum/rgblight.o (eeprom_update_dword)
/usr/local/Cellar/avr-gcc/8.1.0/lib/avr-gcc/8/gcc/avr/8.1.0/../../../../../../avr/lib/avr5/libatmega32u4.a(eeupd_word.o)
                              .build/obj_ergodox_ez_alexjj/common/eeconfig.o (eeprom_update_word)
/usr/local/Cellar/avr-gcc/8.1.0/lib/avr-gcc/8/gcc/avr/8.1.0/../../../../../../avr/lib/avr5/libatmega32u4.a(eerd_block.o)
                              /usr/local/Cellar/avr-gcc/8.1.0/lib/avr-gcc/8/gcc/avr/8.1.0/../../../../../../avr/lib/avr5/libatmega32u4.a(eerd_dword.o) (eeprom_read_blraw)

Allocating common symbols
Common symbol       size              file

rgblight_config     0x5               .build/obj_ergodox_ez_alexjj/quantum/rgblight.o
USB_IsInitialized   0x1               .build/obj_ergodox_ez_alexjj/lib/lufa/LUFA/Drivers/USB/Core/USBTask.o
keymap_config       0x2               .build/obj_ergodox_ez_alexjj/common/magic.o
unicode_config      0x4               .build/obj_ergodox_ez_alexjj/quantum/process_keycode/process_unicode_common.o
[...]
Memory Configuration

Name             Origin             Length             Attributes
text             0x0000000000000000 0x0000000000020000 xr
data             0x0000000000800060 0x000000000000ffa0 rw !x
eeprom           0x0000000000810000 0x0000000000010000 rw !x
fuse             0x0000000000820000 0x0000000000000400 rw !x
lock             0x0000000000830000 0x0000000000000400 rw !x
signature        0x0000000000840000 0x0000000000000400 rw !x
user_signatures  0x0000000000850000 0x0000000000000400 rw !x
*default*        0x0000000000000000 0xffffffffffffffff

Linker script and memory map

Address of section .data set to 0x800100
LOAD /usr/local/Cellar/avr-gcc/8.1.0/lib/avr-gcc/8/gcc/avr/8.1.0/../../../../../../avr/lib/avr5/crtatmega32u4.o
LOAD .build/obj_ergodox_ez_alexjj/matrix.o
LOAD .build/obj_ergodox_ez_alexjj/i2c_master.o
LOAD .build/obj_ergodox_ez_alexjj/keyboards/ergodox_ez/ergodox_ez.o
LOAD .build/obj_ergodox_ez_alexjj/layouts/community/ergodox/alexjj/keymap.o
LOAD .build/obj_ergodox_ez_alexjj/quantum/quantum.o
LOAD .build/obj_ergodox_ez_alexjj/quantum/keymap_common.o
LOAD .build/obj_ergodox_ez_alexjj/quantum/keycode_config.o
LOAD .build/obj_ergodox_ez_alexjj/quantum/debounce/eager_pr.o
LOAD .build/obj_ergodox_ez_alexjj/quantum/process_keycode/process_unicode.o
LOAD .build/obj_ergodox_ez_alexjj/quantum/process_keycode/process_unicode_common.o
LOAD .build/obj_ergodox_ez_alexjj/quantum/color.o
LOAD .build/obj_ergodox_ez_alexjj/quantum/rgblight.o
LOAD .build/obj_ergodox_ez_alexjj/ws2812.o
LOAD .build/obj_ergodox_ez_alexjj/quantum/led_tables.o
LOAD .build/obj_ergodox_ez_alexjj/quantum/process_keycode/process_space_cadet.o
LOAD .build/obj_ergodox_ez_alexjj/common/host.o
LOAD .build/obj_ergodox_ez_alexjj/common/keyboard.o
LOAD .build/obj_ergodox_ez_alexjj/common/action.o
LOAD .build/obj_ergodox_ez_alexjj/common/action_tapping.o
LOAD .build/obj_ergodox_ez_alexjj/common/action_macro.o
LOAD .build/obj_ergodox_ez_alexjj/common/action_layer.o
LOAD .build/obj_ergodox_ez_alexjj/common/action_util.o
LOAD .build/obj_ergodox_ez_alexjj/common/print.o
LOAD .build/obj_ergodox_ez_alexjj/common/debug.o
LOAD .build/obj_ergodox_ez_alexjj/common/util.o
LOAD .build/obj_ergodox_ez_alexjj/common/eeconfig.o
LOAD .build/obj_ergodox_ez_alexjj/common/report.o
LOAD .build/obj_ergodox_ez_alexjj/common/avr/suspend.o
LOAD .build/obj_ergodox_ez_alexjj/common/avr/timer.o
LOAD .build/obj_ergodox_ez_alexjj/common/avr/bootloader.o
LOAD .build/obj_ergodox_ez_alexjj/common/avr/xprintf.o
LOAD .build/obj_ergodox_ez_alexjj/common/magic.o
LOAD .build/obj_ergodox_ez_alexjj/common/mousekey.o
LOAD .build/obj_ergodox_ez_alexjj/common/command.o
LOAD .build/obj_ergodox_ez_alexjj/lufa.o
LOAD .build/obj_ergodox_ez_alexjj/usb_descriptor.o
LOAD .build/obj_ergodox_ez_alexjj/outputselect.o
LOAD .build/obj_ergodox_ez_alexjj/lib/lufa/LUFA/Drivers/USB/Class/Common/HIDParser.o
LOAD .build/obj_ergodox_ez_alexjj/lib/lufa/LUFA/Drivers/USB/Core/AVR8/Device_AVR8.o
LOAD .build/obj_ergodox_ez_alexjj/lib/lufa/LUFA/Drivers/USB/Core/AVR8/EndpointStream_AVR8.o
LOAD .build/obj_ergodox_ez_alexjj/lib/lufa/LUFA/Drivers/USB/Core/AVR8/Endpoint_AVR8.o
LOAD .build/obj_ergodox_ez_alexjj/lib/lufa/LUFA/Drivers/USB/Core/AVR8/Host_AVR8.o
LOAD .build/obj_ergodox_ez_alexjj/lib/lufa/LUFA/Drivers/USB/Core/AVR8/PipeStream_AVR8.o
LOAD .build/obj_ergodox_ez_alexjj/lib/lufa/LUFA/Drivers/USB/Core/AVR8/Pipe_AVR8.o
LOAD .build/obj_ergodox_ez_alexjj/lib/lufa/LUFA/Drivers/USB/Core/AVR8/USBController_AVR8.o
LOAD .build/obj_ergodox_ez_alexjj/lib/lufa/LUFA/Drivers/USB/Core/AVR8/USBInterrupt_AVR8.o
LOAD .build/obj_ergodox_ez_alexjj/lib/lufa/LUFA/Drivers/USB/Core/ConfigDescriptors.o
LOAD .build/obj_ergodox_ez_alexjj/lib/lufa/LUFA/Drivers/USB/Core/DeviceStandardReq.o
LOAD .build/obj_ergodox_ez_alexjj/lib/lufa/LUFA/Drivers/USB/Core/Events.o
LOAD .build/obj_ergodox_ez_alexjj/lib/lufa/LUFA/Drivers/USB/Core/HostStandardReq.o
LOAD .build/obj_ergodox_ez_alexjj/lib/lufa/LUFA/Drivers/USB/Core/USBTask.o
LOAD /usr/local/Cellar/avr-gcc/8.1.0/lib/avr-gcc/8/gcc/avr/8.1.0/../../../../../../avr/lib/avr5/libm.a
START GROUP
LOAD /usr/local/Cellar/avr-gcc/8.1.0/lib/avr-gcc/8/gcc/avr/8.1.0/avr5/libgcc.a
LOAD /usr/local/Cellar/avr-gcc/8.1.0/lib/avr-gcc/8/gcc/avr/8.1.0/../../../../../../avr/lib/avr5/libm.a
LOAD /usr/local/Cellar/avr-gcc/8.1.0/lib/avr-gcc/8/gcc/avr/8.1.0/../../../../../../avr/lib/avr5/libc.a
LOAD /usr/local/Cellar/avr-gcc/8.1.0/lib/avr-gcc/8/gcc/avr/8.1.0/../../../../../../avr/lib/avr5/libatmega32u4.a
END GROUP
                0x0000000000020000                __TEXT_REGION_LENGTH__ = DEFINED (__TEXT_REGION_LENGTH__)?__TEXT_REGION_LENGTH__:0x20000
                0x000000000000ffa0                __DATA_REGION_LENGTH__ = DEFINED (__DATA_REGION_LENGTH__)?__DATA_REGION_LENGTH__:0xffa0
                0x0000000000010000                __EEPROM_REGION_LENGTH__ = DEFINED (__EEPROM_REGION_LENGTH__)?__EEPROM_REGION_LENGTH__:0x10000
                0x0000000000000400                __FUSE_REGION_LENGTH__ = DEFINED (__FUSE_REGION_LENGTH__)?__FUSE_REGION_LENGTH__:0x400
                0x0000000000000400                __LOCK_REGION_LENGTH__ = DEFINED (__LOCK_REGION_LENGTH__)?__LOCK_REGION_LENGTH__:0x400
                0x0000000000000400                __SIGNATURE_REGION_LENGTH__ = DEFINED (__SIGNATURE_REGION_LENGTH__)?__SIGNATURE_REGION_LENGTH__:0x400
                0x0000000000000400                __USER_SIGNATURE_REGION_LENGTH__ = DEFINED (__USER_SIGNATURE_REGION_LENGTH__)?__USER_SIGNATURE_REGION_LENGTH__:0x400

.hash
 *(.hash)

.dynsym
 *(.dynsym)

.dynstr
 *(.dynstr)

.gnu.version
 *(.gnu.version)

.gnu.version_d
 *(.gnu.version_d)

.gnu.version_r
 *(.gnu.version_r)

.rel.init
 *(.rel.init)

.rela.init
 *(.rela.init)

.rel.text
 *(.rel.text)
 *(.rel.text.*)
 *(.rel.gnu.linkonce.t*)

.rela.text
 *(.rela.text)
 *(.rela.text.*)
 *(.rela.gnu.linkonce.t*)

.rel.fini
 *(.rel.fini)

.rela.fini
 *(.rela.fini)

.rel.rodata
 *(.rel.rodata)
 *(.rel.rodata.*)
 *(.rel.gnu.linkonce.r*)

.rela.rodata
 *(.rela.rodata)
 *(.rela.rodata.*)
 *(.rela.gnu.linkonce.r*)

.rel.data
 *(.rel.data)
 *(.rel.data.*)
 *(.rel.gnu.linkonce.d*)

.rela.data
 *(.rela.data)
 *(.rela.data.*)
 *(.rela.gnu.linkonce.d*)

.rel.ctors
 *(.rel.ctors)

.rela.ctors
 *(.rela.ctors)

.rel.dtors
 *(.rel.dtors)

.rela.dtors
 *(.rela.dtors)

.rel.got
 *(.rel.got)

.rela.got
 *(.rela.got)

.rel.bss
 *(.rel.bss)

.rela.bss
 *(.rela.bss)

.rel.plt
 *(.rel.plt)

.rela.plt
 *(.rela.plt)

.text           0x0000000000000000     0x6186
 *(.vectors)
 .vectors       0x0000000000000000       0xac /usr/local/Cellar/avr-gcc/8.1.0/lib/avr-gcc/8/gcc/avr/8.1.0/../../../../../../avr/lib/avr5/crtatmega32u4.o
                0x0000000000000000                __vectors
                0x0000000000000000                __vector_default
 *(.vectors)
 *(.progmem.gcc*)
                0x00000000000000ac                . = ALIGN (0x2)
                0x00000000000000ac                __trampolines_start = .
 *(.trampolines)
 .trampolines   0x00000000000000ac        0x0 linker stubs
 *(.trampolines*)
                0x00000000000000ac                __trampolines_end = .
 *libprintf_flt.a:*(.progmem.data)
 *libc.a:*(.progmem.data)
 *(.progmem.*)
 .progmem.data.__m.6056
                0x00000000000000ac       0x13 .build/obj_ergodox_ez_alexjj/layouts/community/ergodox/alexjj/keymap.o
 .progmem.data.keymaps
                0x00000000000000bf      0x2a0 .build/obj_ergodox_ez_alexjj/layouts/community/ergodox/alexjj/keymap.o
                0x00000000000000bf                keymaps
 .progmem.data.fn_actions
                0x000000000000035f        0x0 .build/obj_ergodox_ez_alexjj/quantum/keymap_common.o
                0x000000000000035f                fn_actions
 .progmem.data.RGBLED_RGBTEST_INTERVALS
                0x000000000000035f        0x2 .build/obj_ergodox_ez_alexjj/quantum/rgblight.o
                0x000000000000035f                RGBLED_RGBTEST_INTERVALS
 .progmem.data.RGBLED_KNIGHT_INTERVALS
                0x0000000000000361        0x3 .build/obj_ergodox_ez_alexjj/quantum/rgblight.o
                0x0000000000000361                RGBLED_KNIGHT_INTERVALS
 .progmem.data.RGBLED_SNAKE_INTERVALS
                0x0000000000000364        0x3 .build/obj_ergodox_ez_alexjj/quantum/rgblight.o
                0x0000000000000364                RGBLED_SNAKE_INTERVALS
 .progmem.data.RGBLED_RAINBOW_SWIRL_INTERVALS
                0x0000000000000367        0x3 .build/obj_ergodox_ez_alexjj/quantum/rgblight.o
                0x0000000000000367                RGBLED_RAINBOW_SWIRL_INTERVALS
 .progmem.data.RGBLED_RAINBOW_MOOD_INTERVALS
                0x000000000000036a        0x3 .build/obj_ergodox_ez_alexjj/quantum/rgblight.o
                0x000000000000036a                RGBLED_RAINBOW_MOOD_INTERVALS
 .progmem.data.RGBLED_BREATHING_INTERVALS
                0x000000000000036d        0x4 .build/obj_ergodox_ez_alexjj/quantum/rgblight.o
                0x000000000000036d                RGBLED_BREATHING_INTERVALS
 .progmem.data.rgblight_effect_breathe_table
                0x0000000000000371      0x100 .build/obj_ergodox_ez_alexjj/quantum/rgblight.o
                0x0000000000000371                rgblight_effect_breathe_table
 .progmem.data.RGBLED_GRADIENT_RANGES
                0x0000000000000471        0x5 .build/obj_ergodox_ez_alexjj/quantum/rgblight.o
                0x0000000000000471                RGBLED_GRADIENT_RANGES
 .progmem.data.CIE1931_CURVE
                0x0000000000000476      0x100 .build/obj_ergodox_ez_alexjj/quantum/led_tables.o
                0x0000000000000476                CIE1931_CURVE
 .progmem.data.SerialNumberString
                0x0000000000000576        0x6 .build/obj_ergodox_ez_alexjj/usb_descriptor.o
                0x0000000000000576                SerialNumberString
 .progmem.data.ProductString
                0x000000000000057c       0x18 .build/obj_ergodox_ez_alexjj/usb_descriptor.o
                0x000000000000057c                ProductString
 .progmem.data.ManufacturerString
                0x0000000000000594       0x18 .build/obj_ergodox_ez_alexjj/usb_descriptor.o
                0x0000000000000594                ManufacturerString
 .progmem.data.LanguageString
                0x00000000000005ac        0x4 .build/obj_ergodox_ez_alexjj/usb_descriptor.o
                0x00000000000005ac                LanguageString
 .progmem.data.ConfigurationDescriptor
                0x00000000000005b0       0x3b .build/obj_ergodox_ez_alexjj/usb_descriptor.o
                0x00000000000005b0                ConfigurationDescriptor
 .progmem.data.DeviceDescriptor
                0x00000000000005eb       0x12 .build/obj_ergodox_ez_alexjj/usb_descriptor.o
                0x00000000000005eb                DeviceDescriptor
 .progmem.data.SharedReport
                0x00000000000005fd       0xc0 .build/obj_ergodox_ez_alexjj/usb_descriptor.o
                0x00000000000005fd                SharedReport
 .progmem.data.KeyboardReport
                0x00000000000006bd       0x40 .build/obj_ergodox_ez_alexjj/usb_descriptor.o
                0x00000000000006bd                KeyboardReport
                0x00000000000006fe                . = ALIGN (0x2)
 *fill*         0x00000000000006fd        0x1 
 *(.lowtext)
 *(.lowtext*)
                0x00000000000006fe                __ctors_start = .
 *(.ctors)
                0x00000000000006fe                __ctors_end = .
                0x00000000000006fe                __dtors_start = .
 *(.dtors)
                0x00000000000006fe                __dtors_end = .
 SORT_BY_NAME(*)(.ctors)
 SORT_BY_NAME(*)(.dtors)
 *(.init0)
 .init0         0x00000000000006fe        0x0 /usr/local/Cellar/avr-gcc/8.1.0/lib/avr-gcc/8/gcc/avr/8.1.0/../../../../../../avr/lib/avr5/crtatmega32u4.o
                0x00000000000006fe                __init
 *(.init0)
 *(.init1)
 *(.init1)
 *(.init2)
 .init2         0x00000000000006fe        0xc /usr/local/Cellar/avr-gcc/8.1.0/lib/avr-gcc/8/gcc/avr/8.1.0/../../../../../../avr/lib/avr5/crtatmega32u4.o
 *(.init2)
 *(.init3)
 .init3         0x000000000000070a        0x0 .build/obj_ergodox_ez_alexjj/common/avr/bootloader.o
                0x000000000000070a                bootloader_jump_after_watchdog_reset
 *(.init3)
 *(.init4)
 .init4         0x000000000000070a       0x16 /usr/local/Cellar/avr-gcc/8.1.0/lib/avr-gcc/8/gcc/avr/8.1.0/avr5/libgcc.a(_copy_data.o)
                0x000000000000070a                __do_copy_data
 .init4         0x0000000000000720       0x10 /usr/local/Cellar/avr-gcc/8.1.0/lib/avr-gcc/8/gcc/avr/8.1.0/avr5/libgcc.a(_clear_bss.o)
                0x0000000000000720                __do_clear_bss
 *(.init4)
 *(.init5)
 *(.init5)
 *(.init6)
 *(.init6)
 *(.init7)
 *(.init7)
 *(.init8)
 *(.init8)
 *(.init9)
 .init9         0x0000000000000730        0x8 /usr/local/Cellar/avr-gcc/8.1.0/lib/avr-gcc/8/gcc/avr/8.1.0/../../../../../../avr/lib/avr5/crtatmega32u4.o
 *(.init9)
 *(.text)
 .text          0x0000000000000738        0x4 /usr/local/Cellar/avr-gcc/8.1.0/lib/avr-gcc/8/gcc/avr/8.1.0/../../../../../../avr/lib/avr5/crtatmega32u4.o
                0x0000000000000738                __vector_42
                0x0000000000000738                __vector_22
                0x0000000000000738                __vector_28
                0x0000000000000738                __vector_1
                0x0000000000000738                __vector_32
                0x0000000000000738                __vector_34
                0x0000000000000738                __vector_24
                0x0000000000000738                __bad_interrupt
                0x0000000000000738                __vector_6
                0x0000000000000738                __vector_31
                0x0000000000000738                __vector_35
                0x0000000000000738                __vector_39
                0x0000000000000738                __vector_3
                0x0000000000000738                __vector_23
                0x0000000000000738                __vector_30
                0x0000000000000738                __vector_25
                0x0000000000000738                __vector_13
                0x0000000000000738                __vector_17
                0x0000000000000738                __vector_19
                0x0000000000000738                __vector_7
                0x0000000000000738                __vector_41
                0x0000000000000738                __vector_27
                0x0000000000000738                __vector_5
                0x0000000000000738                __vector_33
                0x0000000000000738                __vector_37
                0x0000000000000738                __vector_4
                0x0000000000000738                __vector_9
                0x0000000000000738                __vector_2
                0x0000000000000738                __vector_15
                0x0000000000000738                __vector_36
                0x0000000000000738                __vector_29
                0x0000000000000738                __vector_40
                0x0000000000000738                __vector_8
                0x0000000000000738                __vector_26
                0x0000000000000738                __vector_14
                0x0000000000000738                __vector_16
                0x0000000000000738                __vector_18
                0x0000000000000738                __vector_20
                0x0000000000000738                __vector_38
                0x000000000000073c                . = ALIGN (0x2)
 *(.text.*)
 .text.init_cols
                0x000000000000073c        0xe .build/obj_ergodox_ez_alexjj/matrix.o
 .text.unselect_rows
                0x000000000000074a       0x1e .build/obj_ergodox_ez_alexjj/matrix.o
 .text.select_row
                0x0000000000000768       0xa8 .build/obj_ergodox_ez_alexjj/matrix.o
 .text.read_cols
                0x0000000000000810       0x9c .build/obj_ergodox_ez_alexjj/matrix.o
 .text.matrix_scan_kb
                0x00000000000008ac        0x4 .build/obj_ergodox_ez_alexjj/matrix.o
                0x00000000000008ac                matrix_scan_kb
 .text.matrix_init
                0x00000000000008b0       0x34 .build/obj_ergodox_ez_alexjj/matrix.o
                0x00000000000008b0                matrix_init
 .text.matrix_power_up
                0x00000000000008e4       0x26 .build/obj_ergodox_ez_alexjj/matrix.o
                0x00000000000008e4                matrix_power_up
 .text.matrix_scan
                0x000000000000090a       0xb8 .build/obj_ergodox_ez_alexjj/matrix.o
                0x000000000000090a                matrix_scan
 .text.matrix_get_row
                0x00000000000009c2        0xc .build/obj_ergodox_ez_alexjj/matrix.o
                0x00000000000009c2                matrix_get_row
 .text.matrix_print
                0x00000000000009ce        0x2 .build/obj_ergodox_ez_alexjj/matrix.o
                0x00000000000009ce                matrix_print
 .text.i2c_init
                0x00000000000009d0        0xc .build/obj_ergodox_ez_alexjj/i2c_master.o
                0x00000000000009d0                i2c_init
 .text.i2c_start
                0x00000000000009dc       0xb8 .build/obj_ergodox_ez_alexjj/i2c_master.o
                0x00000000000009dc                i2c_start
 .text.i2c_write
                0x0000000000000a94       0x5e .build/obj_ergodox_ez_alexjj/i2c_master.o
                0x0000000000000a94                i2c_write
 .text.i2c_read_nack
                0x0000000000000af2       0x48 .build/obj_ergodox_ez_alexjj/i2c_master.o
                0x0000000000000af2                i2c_read_nack
 .text.i2c_stop
                0x0000000000000b3a        0x8 .build/obj_ergodox_ez_alexjj/i2c_master.o
                0x0000000000000b3a                i2c_stop
 .text.ergodox_right_led_1_on
                0x0000000000000b42        0x6 .build/obj_ergodox_ez_alexjj/keyboards/ergodox_ez/ergodox_ez.o
                0x0000000000000b42                ergodox_right_led_1_on
 .text.ergodox_right_led_2_on
                0x0000000000000b48        0x6 .build/obj_ergodox_ez_alexjj/keyboards/ergodox_ez/ergodox_ez.o
                0x0000000000000b48                ergodox_right_led_2_on
 .text.ergodox_right_led_3_on
                0x0000000000000b4e        0x6 .build/obj_ergodox_ez_alexjj/keyboards/ergodox_ez/ergodox_ez.o
                0x0000000000000b4e                ergodox_right_led_3_on
 .text.ergodox_board_led_off
                0x0000000000000b54        0x6 .build/obj_ergodox_ez_alexjj/keyboards/ergodox_ez/ergodox_ez.o
                0x0000000000000b54                ergodox_board_led_off
 .text.ergodox_right_led_1_off
                0x0000000000000b5a        0x6 .build/obj_ergodox_ez_alexjj/keyboards/ergodox_ez/ergodox_ez.o
                0x0000000000000b5a                ergodox_right_led_1_off
 .text.ergodox_right_led_2_off
                0x0000000000000b60        0x6 .build/obj_ergodox_ez_alexjj/keyboards/ergodox_ez/ergodox_ez.o
                0x0000000000000b60                ergodox_right_led_2_off
 .text.ergodox_right_led_3_off
                0x0000000000000b66        0x6 .build/obj_ergodox_ez_alexjj/keyboards/ergodox_ez/ergodox_ez.o
                0x0000000000000b66                ergodox_right_led_3_off
 .text.ergodox_led_all_off
                0x0000000000000b6c       0x10 .build/obj_ergodox_ez_alexjj/keyboards/ergodox_ez/ergodox_ez.o
                0x0000000000000b6c                ergodox_led_all_off
 .text.ergodox_led_all_set
                0x0000000000000b7c       0x1c .build/obj_ergodox_ez_alexjj/keyboards/ergodox_ez/ergodox_ez.o
                0x0000000000000b7c                ergodox_led_all_set
 .text.ergodox_blink_all_leds
                0x0000000000000b98       0x80 .build/obj_ergodox_ez_alexjj/keyboards/ergodox_ez/ergodox_ez.o
                0x0000000000000b98                ergodox_blink_all_leds
 .text.matrix_init_kb
                0x0000000000000c18       0x2c .build/obj_ergodox_ez_alexjj/keyboards/ergodox_ez/ergodox_ez.o
                0x0000000000000c18                matrix_init_kb
 .text.init_mcp23018
                0x0000000000000c44       0xee .build/obj_ergodox_ez_alexjj/keyboards/ergodox_ez/ergodox_ez.o
                0x0000000000000c44                init_mcp23018
 .text.action_get_macro
                0x0000000000000d32       0x38 .build/obj_ergodox_ez_alexjj/layouts/community/ergodox/alexjj/keymap.o
                0x0000000000000d32                action_get_macro
 .text.matrix_init_user
                0x0000000000000d6a        0x2 .build/obj_ergodox_ez_alexjj/layouts/community/ergodox/alexjj/keymap.o
                0x0000000000000d6a                matrix_init_user
 .text.matrix_scan_user
                0x0000000000000d6c       0x4a .build/obj_ergodox_ez_alexjj/layouts/community/ergodox/alexjj/keymap.o
                0x0000000000000d6c                matrix_scan_user
 .text.do_code16
                0x0000000000000db6       0x6c .build/obj_ergodox_ez_alexjj/quantum/quantum.o
 .text.qk_register_weak_mods
                0x0000000000000e22       0x16 .build/obj_ergodox_ez_alexjj/quantum/quantum.o
 .text.qk_register_mods
                0x0000000000000e38        0x4 .build/obj_ergodox_ez_alexjj/quantum/quantum.o
 .text.qk_unregister_weak_mods
                0x0000000000000e3c       0x16 .build/obj_ergodox_ez_alexjj/quantum/quantum.o
 .text.qk_unregister_mods
                0x0000000000000e52        0x4 .build/obj_ergodox_ez_alexjj/quantum/quantum.o
 .text.register_code16
                0x0000000000000e56       0x2a .build/obj_ergodox_ez_alexjj/quantum/quantum.o
                0x0000000000000e56                register_code16
 .text.unregister_code16
                0x0000000000000e80       0x2a .build/obj_ergodox_ez_alexjj/quantum/quantum.o
                0x0000000000000e80                unregister_code16
 .text.tap_code16
                0x0000000000000eaa       0x14 .build/obj_ergodox_ez_alexjj/quantum/quantum.o
                0x0000000000000eaa                tap_code16
 .text.process_action_kb
                0x0000000000000ebe        0x4 .build/obj_ergodox_ez_alexjj/quantum/quantum.o
                0x0000000000000ebe                process_action_kb
 .text.process_record_user
                0x0000000000000ec2        0x4 .build/obj_ergodox_ez_alexjj/quantum/quantum.o
                0x0000000000000ec2                process_record_user
 .text.process_record_kb
                0x0000000000000ec6        0x4 .build/obj_ergodox_ez_alexjj/quantum/quantum.o
                0x0000000000000ec6                process_record_kb
 .text.get_event_keycode
                0x0000000000000eca       0x62 .build/obj_ergodox_ez_alexjj/quantum/quantum.o
                0x0000000000000eca                get_event_keycode
 .text.get_record_keycode
                0x0000000000000f2c       0x10 .build/obj_ergodox_ez_alexjj/quantum/quantum.o
                0x0000000000000f2c                get_record_keycode
 .text.matrix_init_quantum
                0x0000000000000f3c       0x14 .build/obj_ergodox_ez_alexjj/quantum/quantum.o
                0x0000000000000f3c                matrix_init_quantum
 .text.matrix_scan_quantum
                0x0000000000000f50        0x4 .build/obj_ergodox_ez_alexjj/quantum/quantum.o
                0x0000000000000f50                matrix_scan_quantum
 .text.hex_to_keycode
                0x0000000000000f54       0x1c .build/obj_ergodox_ez_alexjj/quantum/quantum.o
                0x0000000000000f54                hex_to_keycode
 .text.led_set_user
                0x0000000000000f70        0x2 .build/obj_ergodox_ez_alexjj/quantum/quantum.o
                0x0000000000000f70                led_set_user
 .text.led_set_kb
                0x0000000000000f72        0x4 .build/obj_ergodox_ez_alexjj/quantum/quantum.o
                0x0000000000000f72                led_set_kb
 .text.led_set  0x0000000000000f76        0x4 .build/obj_ergodox_ez_alexjj/quantum/quantum.o
                0x0000000000000f76                led_set
 .text.shutdown_user
                0x0000000000000f7a        0x2 .build/obj_ergodox_ez_alexjj/quantum/quantum.o
                0x0000000000000f7a                shutdown_user
 .text.reset_keyboard
                0x0000000000000f7c       0x1e .build/obj_ergodox_ez_alexjj/quantum/quantum.o
                0x0000000000000f7c                reset_keyboard
 .text.process_record_quantum
                0x0000000000000f9a      0x42c .build/obj_ergodox_ez_alexjj/quantum/quantum.o
                0x0000000000000f9a                process_record_quantum
 .text.action_function
                0x00000000000013c6        0x2 .build/obj_ergodox_ez_alexjj/quantum/keymap_common.o
                0x00000000000013c6                action_function
 .text.keymap_key_to_keycode
                0x00000000000013c8       0x28 .build/obj_ergodox_ez_alexjj/quantum/keymap_common.o
                0x00000000000013c8                keymap_key_to_keycode
 .text.keymap_function_id_to_action
                0x00000000000013f0       0x10 .build/obj_ergodox_ez_alexjj/quantum/keymap_common.o
                0x00000000000013f0                keymap_function_id_to_action
 .text.action_for_key
                0x0000000000001400      0x38c .build/obj_ergodox_ez_alexjj/quantum/keymap_common.o
                0x0000000000001400                action_for_key
 .text.keycode_config
                0x000000000000178c       0xf6 .build/obj_ergodox_ez_alexjj/quantum/keycode_config.o
                0x000000000000178c                keycode_config
 .text.mod_config
                0x0000000000001882       0x46 .build/obj_ergodox_ez_alexjj/quantum/keycode_config.o
                0x0000000000001882                mod_config
 .text.debounce_init
                0x00000000000018c8       0x28 .build/obj_ergodox_ez_alexjj/quantum/debounce/eager_pr.o
                0x00000000000018c8                debounce_init
 .text.update_debounce_counters
                0x00000000000018f0       0x7c .build/obj_ergodox_ez_alexjj/quantum/debounce/eager_pr.o
                0x00000000000018f0                update_debounce_counters
 .text.transfer_matrix_values
                0x000000000000196c       0x72 .build/obj_ergodox_ez_alexjj/quantum/debounce/eager_pr.o
                0x000000000000196c                transfer_matrix_values
 .text.debounce
                0x00000000000019de       0x70 .build/obj_ergodox_ez_alexjj/quantum/debounce/eager_pr.o
                0x00000000000019de                debounce
 .text.process_unicode
                0x0000000000001a4e       0x2a .build/obj_ergodox_ez_alexjj/quantum/process_keycode/process_unicode.o
                0x0000000000001a4e                process_unicode
 .text.unicode_input_mode_init
                0x0000000000001a78       0x20 .build/obj_ergodox_ez_alexjj/quantum/process_keycode/process_unicode_common.o
                0x0000000000001a78                unicode_input_mode_init
 .text.persist_unicode_input_mode
                0x0000000000001a98        0xc .build/obj_ergodox_ez_alexjj/quantum/process_keycode/process_unicode_common.o
                0x0000000000001a98                persist_unicode_input_mode
 .text.unicode_input_start
                0x0000000000001aa4       0x58 .build/obj_ergodox_ez_alexjj/quantum/process_keycode/process_unicode_common.o
                0x0000000000001aa4                unicode_input_start
 .text.unicode_input_finish
                0x0000000000001afc       0x30 .build/obj_ergodox_ez_alexjj/quantum/process_keycode/process_unicode_common.o
                0x0000000000001afc                unicode_input_finish
 .text.register_hex
                0x0000000000001b2c       0x3a .build/obj_ergodox_ez_alexjj/quantum/process_keycode/process_unicode_common.o
                0x0000000000001b2c                register_hex
 .text.process_unicode_common
                0x0000000000001b66       0x6a .build/obj_ergodox_ez_alexjj/quantum/process_keycode/process_unicode_common.o
                0x0000000000001b66                process_unicode_common
 .text.hsv_to_rgb
                0x0000000000001bd0      0x12c .build/obj_ergodox_ez_alexjj/quantum/color.o
                0x0000000000001bd0                hsv_to_rgb
 .text.rgblight_effect_dummy
                0x0000000000001cfc        0x2 .build/obj_ergodox_ez_alexjj/quantum/rgblight.o
 .text.sethsv   0x0000000000001cfe       0x20 .build/obj_ergodox_ez_alexjj/quantum/rgblight.o
                0x0000000000001cfe                sethsv
 .text.rgblight_check_config
                0x0000000000001d1e       0x1e .build/obj_ergodox_ez_alexjj/quantum/rgblight.o
                0x0000000000001d1e                rgblight_check_config
 .text.eeconfig_read_rgblight
                0x0000000000001d3c        0x8 .build/obj_ergodox_ez_alexjj/quantum/rgblight.o
                0x0000000000001d3c                eeconfig_read_rgblight
 .text.eeconfig_update_rgblight
                0x0000000000001d44       0x24 .build/obj_ergodox_ez_alexjj/quantum/rgblight.o
                0x0000000000001d44                eeconfig_update_rgblight
 .text.eeconfig_update_rgblight_default
                0x0000000000001d68       0x1e .build/obj_ergodox_ez_alexjj/quantum/rgblight.o
                0x0000000000001d68                eeconfig_update_rgblight_default
 .text.rgblight_get_mode
                0x0000000000001d86       0x10 .build/obj_ergodox_ez_alexjj/quantum/rgblight.o
                0x0000000000001d86                rgblight_get_mode
 .text.rgblight_increase_speed
                0x0000000000001d96       0x22 .build/obj_ergodox_ez_alexjj/quantum/rgblight.o
                0x0000000000001d96                rgblight_increase_speed
 .text.rgblight_decrease_speed
                0x0000000000001db8       0x22 .build/obj_ergodox_ez_alexjj/quantum/rgblight.o
                0x0000000000001db8                rgblight_decrease_speed
 .text.rgblight_set
                0x0000000000001dda       0x36 .build/obj_ergodox_ez_alexjj/quantum/rgblight.o
                0x0000000000001dda                rgblight_set
 .text.rgblight_setrgb
                0x0000000000001e10       0x22 .build/obj_ergodox_ez_alexjj/quantum/rgblight.o
                0x0000000000001e10                rgblight_setrgb
 .text.rgblight_sethsv_noeeprom_old
                0x0000000000001e32       0x36 .build/obj_ergodox_ez_alexjj/quantum/rgblight.o
                0x0000000000001e32                rgblight_sethsv_noeeprom_old
 .text.rgblight_effect_breathing
                0x0000000000001e68       0x28 .build/obj_ergodox_ez_alexjj/quantum/rgblight.o
                0x0000000000001e68                rgblight_effect_breathing
 .text.rgblight_effect_rainbow_mood
                0x0000000000001e90       0x20 .build/obj_ergodox_ez_alexjj/quantum/rgblight.o
                0x0000000000001e90                rgblight_effect_rainbow_mood
 .text.rgblight_effect_rgbtest
                0x0000000000001eb0       0x82 .build/obj_ergodox_ez_alexjj/quantum/rgblight.o
                0x0000000000001eb0                rgblight_effect_rgbtest
 .text.rgblight_sethsv_eeprom_helper
                0x0000000000001f32      0x12c .build/obj_ergodox_ez_alexjj/quantum/rgblight.o
                0x0000000000001f32                rgblight_sethsv_eeprom_helper
 .text.rgblight_increase_hue_helper
                0x000000000000205e       0x14 .build/obj_ergodox_ez_alexjj/quantum/rgblight.o
                0x000000000000205e                rgblight_increase_hue_helper
 .text.rgblight_increase_hue
                0x0000000000002072        0x6 .build/obj_ergodox_ez_alexjj/quantum/rgblight.o
                0x0000000000002072                rgblight_increase_hue
 .text.rgblight_decrease_hue_helper
                0x0000000000002078       0x14 .build/obj_ergodox_ez_alexjj/quantum/rgblight.o
                0x0000000000002078                rgblight_decrease_hue_helper
 .text.rgblight_decrease_hue
                0x000000000000208c        0x6 .build/obj_ergodox_ez_alexjj/quantum/rgblight.o
                0x000000000000208c                rgblight_decrease_hue
 .text.rgblight_increase_sat_helper
                0x0000000000002092       0x18 .build/obj_ergodox_ez_alexjj/quantum/rgblight.o
                0x0000000000002092                rgblight_increase_sat_helper
 .text.rgblight_increase_sat
                0x00000000000020aa        0x6 .build/obj_ergodox_ez_alexjj/quantum/rgblight.o
                0x00000000000020aa                rgblight_increase_sat
 .text.rgblight_decrease_sat_helper
                0x00000000000020b0       0x18 .build/obj_ergodox_ez_alexjj/quantum/rgblight.o
                0x00000000000020b0                rgblight_decrease_sat_helper
 .text.rgblight_decrease_sat
                0x00000000000020c8        0x6 .build/obj_ergodox_ez_alexjj/quantum/rgblight.o
                0x00000000000020c8                rgblight_decrease_sat
 .text.rgblight_increase_val_helper
                0x00000000000020ce       0x18 .build/obj_ergodox_ez_alexjj/quantum/rgblight.o
                0x00000000000020ce                rgblight_increase_val_helper
 .text.rgblight_increase_val
                0x00000000000020e6        0x6 .build/obj_ergodox_ez_alexjj/quantum/rgblight.o
                0x00000000000020e6                rgblight_increase_val
 .text.rgblight_decrease_val_helper
                0x00000000000020ec       0x18 .build/obj_ergodox_ez_alexjj/quantum/rgblight.o
                0x00000000000020ec                rgblight_decrease_val_helper
 .text.rgblight_decrease_val
                0x0000000000002104        0x6 .build/obj_ergodox_ez_alexjj/quantum/rgblight.o
                0x0000000000002104                rgblight_decrease_val
 .text.rgblight_sethsv_noeeprom
                0x000000000000210a        0x6 .build/obj_ergodox_ez_alexjj/quantum/rgblight.o
                0x000000000000210a                rgblight_sethsv_noeeprom
 .text.rgblight_effect_rainbow_swirl
                0x0000000000002110       0x54 .build/obj_ergodox_ez_alexjj/quantum/rgblight.o
                0x0000000000002110                rgblight_effect_rainbow_swirl
 .text.rgblight_effect_snake
                0x0000000000002164       0xc2 .build/obj_ergodox_ez_alexjj/quantum/rgblight.o
                0x0000000000002164                rgblight_effect_snake
 .text.rgblight_effect_knight
                0x0000000000002226       0x9c .build/obj_ergodox_ez_alexjj/quantum/rgblight.o
                0x0000000000002226                rgblight_effect_knight
 .text.rgblight_effect_christmas
                0x00000000000022c2       0x68 .build/obj_ergodox_ez_alexjj/quantum/rgblight.o
                0x00000000000022c2                rgblight_effect_christmas
 .text.rgblight_effect_alternating
                0x000000000000232a       0x72 .build/obj_ergodox_ez_alexjj/quantum/rgblight.o
                0x000000000000232a                rgblight_effect_alternating
 .text.rgblight_disable
                0x000000000000239c       0x30 .build/obj_ergodox_ez_alexjj/quantum/rgblight.o
                0x000000000000239c                rgblight_disable
 .text.rgblight_timer_enable
                0x00000000000023cc       0x2c .build/obj_ergodox_ez_alexjj/quantum/rgblight.o
                0x00000000000023cc                rgblight_timer_enable
 .text.rgblight_mode_eeprom_helper
                0x00000000000023f8       0x74 .build/obj_ergodox_ez_alexjj/quantum/rgblight.o
                0x00000000000023f8                rgblight_mode_eeprom_helper
 .text.rgblight_step_helper
                0x000000000000246c       0x16 .build/obj_ergodox_ez_alexjj/quantum/rgblight.o
                0x000000000000246c                rgblight_step_helper
 .text.rgblight_step
                0x0000000000002482        0x6 .build/obj_ergodox_ez_alexjj/quantum/rgblight.o
                0x0000000000002482                rgblight_step
 .text.rgblight_step_reverse_helper
                0x0000000000002488       0x14 .build/obj_ergodox_ez_alexjj/quantum/rgblight.o
                0x0000000000002488                rgblight_step_reverse_helper
 .text.rgblight_step_reverse
                0x000000000000249c        0x6 .build/obj_ergodox_ez_alexjj/quantum/rgblight.o
                0x000000000000249c                rgblight_step_reverse
 .text.rgblight_mode
                0x00000000000024a2        0x6 .build/obj_ergodox_ez_alexjj/quantum/rgblight.o
                0x00000000000024a2                rgblight_mode
 .text.rgblight_enable
                0x00000000000024a8       0x10 .build/obj_ergodox_ez_alexjj/quantum/rgblight.o
                0x00000000000024a8                rgblight_enable
 .text.rgblight_toggle
                0x00000000000024b8        0xe .build/obj_ergodox_ez_alexjj/quantum/rgblight.o
                0x00000000000024b8                rgblight_toggle
 .text.rgblight_mode_noeeprom
                0x00000000000024c6        0x6 .build/obj_ergodox_ez_alexjj/quantum/rgblight.o
                0x00000000000024c6                rgblight_mode_noeeprom
 .text.rgblight_init
                0x00000000000024cc       0x70 .build/obj_ergodox_ez_alexjj/quantum/rgblight.o
                0x00000000000024cc                rgblight_init
 .text.rgblight_task
                0x000000000000253c      0x136 .build/obj_ergodox_ez_alexjj/quantum/rgblight.o
                0x000000000000253c                rgblight_task
 .text.I2C_WriteBit
                0x0000000000002672       0x38 .build/obj_ergodox_ez_alexjj/ws2812.o
                0x0000000000002672                I2C_WriteBit
 .text.I2C_Init
                0x00000000000026aa       0x18 .build/obj_ergodox_ez_alexjj/ws2812.o
                0x00000000000026aa                I2C_Init
 .text.I2C_Start
                0x00000000000026c2       0x28 .build/obj_ergodox_ez_alexjj/ws2812.o
                0x00000000000026c2                I2C_Start
 .text.I2C_Stop
                0x00000000000026ea       0x1a .build/obj_ergodox_ez_alexjj/ws2812.o
                0x00000000000026ea                I2C_Stop
 .text.I2C_Write
                0x0000000000002704       0x34 .build/obj_ergodox_ez_alexjj/ws2812.o
                0x0000000000002704                I2C_Write
 .text.ws2812_sendarray_mask
                0x0000000000002738       0x44 .build/obj_ergodox_ez_alexjj/ws2812.o
                0x0000000000002738                ws2812_sendarray_mask
 .text.ws2812_setleds_rgbw
                0x000000000000277c       0x80 .build/obj_ergodox_ez_alexjj/ws2812.o
                0x000000000000277c                ws2812_setleds_rgbw
 .text.perform_space_cadet
                0x00000000000027fc       0xda .build/obj_ergodox_ez_alexjj/quantum/process_keycode/process_space_cadet.o
                0x00000000000027fc                perform_space_cadet
 .text.process_space_cadet
                0x00000000000028d6       0x82 .build/obj_ergodox_ez_alexjj/quantum/process_keycode/process_space_cadet.o
                0x00000000000028d6                process_space_cadet
 .text.host_set_driver
                0x0000000000002958        0xa .build/obj_ergodox_ez_alexjj/common/host.o
                0x0000000000002958                host_set_driver
 .text.host_keyboard_leds
                0x0000000000002962       0x18 .build/obj_ergodox_ez_alexjj/common/host.o
                0x0000000000002962                host_keyboard_leds
 .text.host_keyboard_send
                0x000000000000297a       0x34 .build/obj_ergodox_ez_alexjj/common/host.o
                0x000000000000297a                host_keyboard_send
 .text.host_mouse_send
                0x00000000000029ae       0x1c .build/obj_ergodox_ez_alexjj/common/host.o
                0x00000000000029ae                host_mouse_send
 .text.host_system_send
                0x00000000000029ca       0x2c .build/obj_ergodox_ez_alexjj/common/host.o
                0x00000000000029ca                host_system_send
 .text.host_consumer_send
                0x00000000000029f6       0x2c .build/obj_ergodox_ez_alexjj/common/host.o
                0x00000000000029f6                host_consumer_send
 .text.disable_jtag
                0x0000000000002a22        0xe .build/obj_ergodox_ez_alexjj/common/keyboard.o
                0x0000000000002a22                disable_jtag
 .text.keyboard_pre_init_user
                0x0000000000002a30        0x2 .build/obj_ergodox_ez_alexjj/common/keyboard.o
                0x0000000000002a30                keyboard_pre_init_user
 .text.matrix_setup
                0x0000000000002a32        0x2 .build/obj_ergodox_ez_alexjj/common/keyboard.o
                0x0000000000002a32                matrix_setup
 .text.keyboard_pre_init_kb
                0x0000000000002a34        0x4 .build/obj_ergodox_ez_alexjj/common/keyboard.o
                0x0000000000002a34                keyboard_pre_init_kb
 .text.keyboard_post_init_user
                0x0000000000002a38        0x2 .build/obj_ergodox_ez_alexjj/common/keyboard.o
                0x0000000000002a38                keyboard_post_init_user
 .text.keyboard_post_init_kb
                0x0000000000002a3a        0x4 .build/obj_ergodox_ez_alexjj/common/keyboard.o
                0x0000000000002a3a                keyboard_post_init_kb
 .text.keyboard_setup
                0x0000000000002a3e        0xc .build/obj_ergodox_ez_alexjj/common/keyboard.o
                0x0000000000002a3e                keyboard_setup
 .text.is_keyboard_master
                0x0000000000002a4a        0x4 .build/obj_ergodox_ez_alexjj/common/keyboard.o
                0x0000000000002a4a                is_keyboard_master
 .text.keyboard_init
                0x0000000000002a4e       0x14 .build/obj_ergodox_ez_alexjj/common/keyboard.o
                0x0000000000002a4e                keyboard_init
 .text.keyboard_task
                0x0000000000002a62      0x154 .build/obj_ergodox_ez_alexjj/common/keyboard.o
                0x0000000000002a62                keyboard_task
 .text.process_hand_swap
                0x0000000000002bb6       0x70 .build/obj_ergodox_ez_alexjj/common/action.o
                0x0000000000002bb6                process_hand_swap
 .text.action_exec
                0x0000000000002c26       0x70 .build/obj_ergodox_ez_alexjj/common/action.o
                0x0000000000002c26                action_exec
 .text.process_record_tap_hint
                0x0000000000002c96       0x24 .build/obj_ergodox_ez_alexjj/common/action.o
                0x0000000000002c96                process_record_tap_hint
 .text.register_code
                0x0000000000002cba      0x1da .build/obj_ergodox_ez_alexjj/common/action.o
                0x0000000000002cba                register_code
 .text.unregister_code
                0x0000000000002e94       0xac .build/obj_ergodox_ez_alexjj/common/action.o
                0x0000000000002e94                unregister_code
 .text.tap_code
                0x0000000000002f40       0x10 .build/obj_ergodox_ez_alexjj/common/action.o
                0x0000000000002f40                tap_code
 .text.register_mods
                0x0000000000002f50        0xe .build/obj_ergodox_ez_alexjj/common/action.o
                0x0000000000002f50                register_mods
 .text.unregister_mods
                0x0000000000002f5e        0xe .build/obj_ergodox_ez_alexjj/common/action.o
                0x0000000000002f5e                unregister_mods
 .text.process_action
                0x0000000000002f6c      0x550 .build/obj_ergodox_ez_alexjj/common/action.o
                0x0000000000002f6c                process_action
 .text.process_record
                0x00000000000034bc       0x54 .build/obj_ergodox_ez_alexjj/common/action.o
                0x00000000000034bc                process_record
 .text.clear_keyboard_but_mods_and_keys
                0x0000000000003510       0x24 .build/obj_ergodox_ez_alexjj/common/action.o
                0x0000000000003510                clear_keyboard_but_mods_and_keys
 .text.clear_keyboard_but_mods
                0x0000000000003534        0x8 .build/obj_ergodox_ez_alexjj/common/action.o
                0x0000000000003534                clear_keyboard_but_mods
 .text.clear_keyboard
                0x000000000000353c        0x8 .build/obj_ergodox_ez_alexjj/common/action.o
                0x000000000000353c                clear_keyboard
 .text.is_tap_action
                0x0000000000003544       0x3e .build/obj_ergodox_ez_alexjj/common/action.o
                0x0000000000003544                is_tap_action
 .text.is_tap_key
                0x0000000000003582        0x8 .build/obj_ergodox_ez_alexjj/common/action.o
                0x0000000000003582                is_tap_key
 .text.debug_event
                0x000000000000358a       0x1e .build/obj_ergodox_ez_alexjj/common/action.o
                0x000000000000358a                debug_event
 .text.debug_record
                0x00000000000035a8       0x20 .build/obj_ergodox_ez_alexjj/common/action.o
                0x00000000000035a8                debug_record
 .text.debug_waiting_buffer
                0x00000000000035c8       0x42 .build/obj_ergodox_ez_alexjj/common/action_tapping.o
 .text.debug_tapping_key
                0x000000000000360a       0x1c .build/obj_ergodox_ez_alexjj/common/action_tapping.o
 .text.waiting_buffer_scan_tap
                0x0000000000003626       0xc8 .build/obj_ergodox_ez_alexjj/common/action_tapping.o
 .text.process_tapping
                0x00000000000036ee      0x38e .build/obj_ergodox_ez_alexjj/common/action_tapping.o
 .text.action_tapping_process
                0x0000000000003a7c      0x134 .build/obj_ergodox_ez_alexjj/common/action_tapping.o
                0x0000000000003a7c                action_tapping_process
 .text.action_macro_play
                0x0000000000003bb0       0xf0 .build/obj_ergodox_ez_alexjj/common/action_macro.o
                0x0000000000003bb0                action_macro_play
 .text.default_layer_state_set_user
                0x0000000000003ca0        0x2 .build/obj_ergodox_ez_alexjj/common/action_layer.o
                0x0000000000003ca0                default_layer_state_set_user
 .text.default_layer_state_set_kb
                0x0000000000003ca2        0x4 .build/obj_ergodox_ez_alexjj/common/action_layer.o
                0x0000000000003ca2                default_layer_state_set_kb
 .text.default_layer_state_set
                0x0000000000003ca6       0x18 .build/obj_ergodox_ez_alexjj/common/action_layer.o
 .text.default_layer_debug
                0x0000000000003cbe        0x2 .build/obj_ergodox_ez_alexjj/common/action_layer.o
                0x0000000000003cbe                default_layer_debug
 .text.default_layer_set
                0x0000000000003cc0        0x4 .build/obj_ergodox_ez_alexjj/common/action_layer.o
                0x0000000000003cc0                default_layer_set
 .text.default_layer_or
                0x0000000000003cc4       0x24 .build/obj_ergodox_ez_alexjj/common/action_layer.o
                0x0000000000003cc4                default_layer_or
 .text.default_layer_and
                0x0000000000003ce8       0x24 .build/obj_ergodox_ez_alexjj/common/action_layer.o
                0x0000000000003ce8                default_layer_and
 .text.default_layer_xor
                0x0000000000003d0c       0x24 .build/obj_ergodox_ez_alexjj/common/action_layer.o
                0x0000000000003d0c                default_layer_xor
 .text.layer_state_set_user
                0x0000000000003d30        0x4 .build/obj_ergodox_ez_alexjj/common/action_layer.o
                0x0000000000003d30                layer_state_set_user
 .text.layer_state_set_kb
                0x0000000000003d34        0x4 .build/obj_ergodox_ez_alexjj/common/action_layer.o
                0x0000000000003d34                layer_state_set_kb
 .text.layer_state_set
                0x0000000000003d38       0x18 .build/obj_ergodox_ez_alexjj/common/action_layer.o
                0x0000000000003d38                layer_state_set
 .text.layer_clear
                0x0000000000003d50        0xa .build/obj_ergodox_ez_alexjj/common/action_layer.o
                0x0000000000003d50                layer_clear
 .text.layer_move
                0x0000000000003d5a       0x2a .build/obj_ergodox_ez_alexjj/common/action_layer.o
                0x0000000000003d5a                layer_move
 .text.layer_on
                0x0000000000003d84       0x42 .build/obj_ergodox_ez_alexjj/common/action_layer.o
                0x0000000000003d84                layer_on
 .text.layer_off
                0x0000000000003dc6       0x46 .build/obj_ergodox_ez_alexjj/common/action_layer.o
                0x0000000000003dc6                layer_off
 .text.layer_invert
                0x0000000000003e0c       0x42 .build/obj_ergodox_ez_alexjj/common/action_layer.o
                0x0000000000003e0c                layer_invert
 .text.layer_or
                0x0000000000003e4e       0x24 .build/obj_ergodox_ez_alexjj/common/action_layer.o
                0x0000000000003e4e                layer_or
 .text.layer_and
                0x0000000000003e72       0x24 .build/obj_ergodox_ez_alexjj/common/action_layer.o
                0x0000000000003e72                layer_and
 .text.layer_xor
                0x0000000000003e96       0x24 .build/obj_ergodox_ez_alexjj/common/action_layer.o
                0x0000000000003e96                layer_xor
 .text.layer_debug
                0x0000000000003eba        0x2 .build/obj_ergodox_ez_alexjj/common/action_layer.o
                0x0000000000003eba                layer_debug
 .text.update_source_layers_cache
                0x0000000000003ebc       0x5c .build/obj_ergodox_ez_alexjj/common/action_layer.o
                0x0000000000003ebc                update_source_layers_cache
 .text.read_source_layers_cache
                0x0000000000003f18       0x52 .build/obj_ergodox_ez_alexjj/common/action_layer.o
                0x0000000000003f18                read_source_layers_cache
 .text.layer_switch_get_layer
                0x0000000000003f6a       0x84 .build/obj_ergodox_ez_alexjj/common/action_layer.o
                0x0000000000003f6a                layer_switch_get_layer
 .text.layer_switch_get_action
                0x0000000000003fee       0x14 .build/obj_ergodox_ez_alexjj/common/action_layer.o
                0x0000000000003fee                layer_switch_get_action
 .text.store_or_get_action
                0x0000000000004002       0x48 .build/obj_ergodox_ez_alexjj/common/action_layer.o
                0x0000000000004002                store_or_get_action
 .text.add_key  0x000000000000404a        0xe .build/obj_ergodox_ez_alexjj/common/action_util.o
                0x000000000000404a                add_key
 .text.del_key  0x0000000000004058        0xe .build/obj_ergodox_ez_alexjj/common/action_util.o
                0x0000000000004058                del_key
 .text.clear_keys
                0x0000000000004066        0xc .build/obj_ergodox_ez_alexjj/common/action_util.o
                0x0000000000004066                clear_keys
 .text.get_oneshot_layer
                0x0000000000004072        0xc .build/obj_ergodox_ez_alexjj/common/action_util.o
                0x0000000000004072                get_oneshot_layer
 .text.get_oneshot_layer_state
                0x000000000000407e        0x8 .build/obj_ergodox_ez_alexjj/common/action_util.o
                0x000000000000407e                get_oneshot_layer_state
 .text.is_oneshot_layer_active
                0x0000000000004086        0xe .build/obj_ergodox_ez_alexjj/common/action_util.o
                0x0000000000004086                is_oneshot_layer_active
 .text.get_mods
                0x0000000000004094        0x6 .build/obj_ergodox_ez_alexjj/common/action_util.o
                0x0000000000004094                get_mods
 .text.add_mods
                0x000000000000409a        0xc .build/obj_ergodox_ez_alexjj/common/action_util.o
                0x000000000000409a                add_mods
 .text.del_mods
                0x00000000000040a6        0xe .build/obj_ergodox_ez_alexjj/common/action_util.o
                0x00000000000040a6                del_mods
 .text.set_mods
                0x00000000000040b4        0x6 .build/obj_ergodox_ez_alexjj/common/action_util.o
                0x00000000000040b4                set_mods
 .text.clear_mods
                0x00000000000040ba        0x6 .build/obj_ergodox_ez_alexjj/common/action_util.o
                0x00000000000040ba                clear_mods
 .text.add_weak_mods
                0x00000000000040c0        0xc .build/obj_ergodox_ez_alexjj/common/action_util.o
                0x00000000000040c0                add_weak_mods
 .text.del_weak_mods
                0x00000000000040cc        0xe .build/obj_ergodox_ez_alexjj/common/action_util.o
                0x00000000000040cc                del_weak_mods
 .text.clear_weak_mods
                0x00000000000040da        0x6 .build/obj_ergodox_ez_alexjj/common/action_util.o
                0x00000000000040da                clear_weak_mods
 .text.add_macro_mods
                0x00000000000040e0        0xc .build/obj_ergodox_ez_alexjj/common/action_util.o
                0x00000000000040e0                add_macro_mods
 .text.del_macro_mods
                0x00000000000040ec        0xe .build/obj_ergodox_ez_alexjj/common/action_util.o
                0x00000000000040ec                del_macro_mods
 .text.clear_macro_mods
                0x00000000000040fa        0x6 .build/obj_ergodox_ez_alexjj/common/action_util.o
                0x00000000000040fa                clear_macro_mods
 .text.get_oneshot_mods
                0x0000000000004100        0x6 .build/obj_ergodox_ez_alexjj/common/action_util.o
                0x0000000000004100                get_oneshot_mods
 .text.oneshot_mods_changed_user
                0x0000000000004106        0x2 .build/obj_ergodox_ez_alexjj/common/action_util.o
                0x0000000000004106                oneshot_mods_changed_user
 .text.oneshot_mods_changed_kb
                0x0000000000004108        0x4 .build/obj_ergodox_ez_alexjj/common/action_util.o
                0x0000000000004108                oneshot_mods_changed_kb
 .text.set_oneshot_mods
                0x000000000000410c       0x12 .build/obj_ergodox_ez_alexjj/common/action_util.o
                0x000000000000410c                set_oneshot_mods
 .text.clear_oneshot_mods
                0x000000000000411e       0x14 .build/obj_ergodox_ez_alexjj/common/action_util.o
                0x000000000000411e                clear_oneshot_mods
 .text.send_keyboard_report
                0x0000000000004132       0x66 .build/obj_ergodox_ez_alexjj/common/action_util.o
                0x0000000000004132                send_keyboard_report
 .text.oneshot_layer_changed_user
                0x0000000000004198        0x2 .build/obj_ergodox_ez_alexjj/common/action_util.o
                0x0000000000004198                oneshot_layer_changed_user
 .text.oneshot_layer_changed_kb
                0x000000000000419a        0x4 .build/obj_ergodox_ez_alexjj/common/action_util.o
                0x000000000000419a                oneshot_layer_changed_kb
 .text.set_oneshot_layer
                0x000000000000419e       0x20 .build/obj_ergodox_ez_alexjj/common/action_util.o
                0x000000000000419e                set_oneshot_layer
 .text.reset_oneshot_layer
                0x00000000000041be        0xa .build/obj_ergodox_ez_alexjj/common/action_util.o
                0x00000000000041be                reset_oneshot_layer
 .text.clear_oneshot_layer_state
                0x00000000000041c8       0x30 .build/obj_ergodox_ez_alexjj/common/action_util.o
                0x00000000000041c8                clear_oneshot_layer_state
 .text.biton32  0x00000000000041f8       0x9a .build/obj_ergodox_ez_alexjj/common/util.o
                0x00000000000041f8                biton32
 .text.eeconfig_is_enabled
                0x0000000000004292       0x16 .build/obj_ergodox_ez_alexjj/common/eeconfig.o
                0x0000000000004292                eeconfig_is_enabled
 .text.eeconfig_read_debug
                0x00000000000042a8        0x8 .build/obj_ergodox_ez_alexjj/common/eeconfig.o
                0x00000000000042a8                eeconfig_read_debug
 .text.eeconfig_read_default_layer
                0x00000000000042b0        0x8 .build/obj_ergodox_ez_alexjj/common/eeconfig.o
                0x00000000000042b0                eeconfig_read_default_layer
 .text.eeconfig_read_keymap
                0x00000000000042b8        0x8 .build/obj_ergodox_ez_alexjj/common/eeconfig.o
                0x00000000000042b8                eeconfig_read_keymap
 .text.eeconfig_update_keymap
                0x00000000000042c0        0xa .build/obj_ergodox_ez_alexjj/common/eeconfig.o
                0x00000000000042c0                eeconfig_update_keymap
 .text.eeconfig_update_kb
                0x00000000000042ca        0xc .build/obj_ergodox_ez_alexjj/common/eeconfig.o
                0x00000000000042ca                eeconfig_update_kb
 .text.eeconfig_update_user
                0x00000000000042d6        0xc .build/obj_ergodox_ez_alexjj/common/eeconfig.o
                0x00000000000042d6                eeconfig_update_user
 .text.eeconfig_init_user
                0x00000000000042e2        0xa .build/obj_ergodox_ez_alexjj/common/eeconfig.o
                0x00000000000042e2                eeconfig_init_user
 .text.eeconfig_init_kb
                0x00000000000042ec        0xe .build/obj_ergodox_ez_alexjj/common/eeconfig.o
                0x00000000000042ec                eeconfig_init_kb
 .text.eeconfig_init_quantum
                0x00000000000042fa       0x8c .build/obj_ergodox_ez_alexjj/common/eeconfig.o
                0x00000000000042fa                eeconfig_init_quantum
 .text.eeconfig_init
                0x0000000000004386        0x4 .build/obj_ergodox_ez_alexjj/common/eeconfig.o
                0x0000000000004386                eeconfig_init
 .text.has_anykey
                0x000000000000438a       0x28 .build/obj_ergodox_ez_alexjj/common/report.o
                0x000000000000438a                has_anykey
 .text.add_key_byte
                0x00000000000043b2       0x34 .build/obj_ergodox_ez_alexjj/common/report.o
                0x00000000000043b2                add_key_byte
 .text.del_key_byte
                0x00000000000043e6       0x1a .build/obj_ergodox_ez_alexjj/common/report.o
                0x00000000000043e6                del_key_byte
 .text.add_key_bit
                0x0000000000004400       0x28 .build/obj_ergodox_ez_alexjj/common/report.o
                0x0000000000004400                add_key_bit
 .text.del_key_bit
                0x0000000000004428       0x2a .build/obj_ergodox_ez_alexjj/common/report.o
                0x0000000000004428                del_key_bit
 .text.add_key_to_report
                0x0000000000004452       0x16 .build/obj_ergodox_ez_alexjj/common/report.o
                0x0000000000004452                add_key_to_report
 .text.del_key_from_report
                0x0000000000004468       0x16 .build/obj_ergodox_ez_alexjj/common/report.o
                0x0000000000004468                del_key_from_report
 .text.clear_keys_from_report
                0x000000000000447e       0x24 .build/obj_ergodox_ez_alexjj/common/report.o
                0x000000000000447e                clear_keys_from_report
 .text.suspend_power_down_user
                0x00000000000044a2        0x2 .build/obj_ergodox_ez_alexjj/common/avr/suspend.o
                0x00000000000044a2                suspend_power_down_user
 .text.suspend_power_down_kb
                0x00000000000044a4        0x4 .build/obj_ergodox_ez_alexjj/common/avr/suspend.o
                0x00000000000044a4                suspend_power_down_kb
 .text.suspend_power_down
                0x00000000000044a8       0x60 .build/obj_ergodox_ez_alexjj/common/avr/suspend.o
                0x00000000000044a8                suspend_power_down
 .text.matrix_power_down
                0x0000000000004508        0x2 .build/obj_ergodox_ez_alexjj/common/avr/suspend.o
                0x0000000000004508                matrix_power_down
 .text.suspend_wakeup_condition
                0x000000000000450a       0x28 .build/obj_ergodox_ez_alexjj/common/avr/suspend.o
                0x000000000000450a                suspend_wakeup_condition
 .text.suspend_wakeup_init_user
                0x0000000000004532        0x2 .build/obj_ergodox_ez_alexjj/common/avr/suspend.o
                0x0000000000004532                suspend_wakeup_init_user
 .text.suspend_wakeup_init_kb
                0x0000000000004534        0x4 .build/obj_ergodox_ez_alexjj/common/avr/suspend.o
                0x0000000000004534                suspend_wakeup_init_kb
 .text.suspend_wakeup_init
                0x0000000000004538       0x10 .build/obj_ergodox_ez_alexjj/common/avr/suspend.o
                0x0000000000004538                suspend_wakeup_init
 .text.__vector_12
                0x0000000000004548       0x4e .build/obj_ergodox_ez_alexjj/common/avr/suspend.o
                0x0000000000004548                __vector_12
 .text.timer_init
                0x0000000000004596       0x12 .build/obj_ergodox_ez_alexjj/common/avr/timer.o
                0x0000000000004596                timer_init
 .text.timer_read
                0x00000000000045a8       0x18 .build/obj_ergodox_ez_alexjj/common/avr/timer.o
                0x00000000000045a8                timer_read
 .text.timer_elapsed
                0x00000000000045c0       0x54 .build/obj_ergodox_ez_alexjj/common/avr/timer.o
                0x00000000000045c0                timer_elapsed
 .text.__vector_21
                0x0000000000004614       0x48 .build/obj_ergodox_ez_alexjj/common/avr/timer.o
                0x0000000000004614                __vector_21
 .text.bootloader_jump
                0x000000000000465c       0x64 .build/obj_ergodox_ez_alexjj/common/avr/bootloader.o
                0x000000000000465c                bootloader_jump
 .text.magic    0x00000000000046c0       0x32 .build/obj_ergodox_ez_alexjj/common/magic.o
                0x00000000000046c0                magic
 .text.move_unit
                0x00000000000046f2       0x94 .build/obj_ergodox_ez_alexjj/common/mousekey.o
 .text.wheel_unit
                0x0000000000004786       0x72 .build/obj_ergodox_ez_alexjj/common/mousekey.o
 .text.mousekey_on
                0x00000000000047f8       0xd0 .build/obj_ergodox_ez_alexjj/common/mousekey.o
                0x00000000000047f8                mousekey_on
 .text.mousekey_off
                0x00000000000048c8       0xfe .build/obj_ergodox_ez_alexjj/common/mousekey.o
                0x00000000000048c8                mousekey_off
 .text.mousekey_send
                0x00000000000049c6       0x16 .build/obj_ergodox_ez_alexjj/common/mousekey.o
                0x00000000000049c6                mousekey_send
 .text.mousekey_task
                0x00000000000049dc      0x12e .build/obj_ergodox_ez_alexjj/common/mousekey.o
                0x00000000000049dc                mousekey_task
 .text.mousekey_clear
                0x0000000000004b0a       0x18 .build/obj_ergodox_ez_alexjj/common/mousekey.o
                0x0000000000004b0a                mousekey_clear
 .text.mousekey_param_inc
                0x0000000000004b22       0xec .build/obj_ergodox_ez_alexjj/common/command.o
 .text.mousekey_param_dec
                0x0000000000004c0e       0xa0 .build/obj_ergodox_ez_alexjj/common/command.o
 .text.switch_default_layer
                0x0000000000004cae       0x2e .build/obj_ergodox_ez_alexjj/common/command.o
 .text.command_common
                0x0000000000004cdc       0xd8 .build/obj_ergodox_ez_alexjj/common/command.o
 .text.command_extra
                0x0000000000004db4        0x4 .build/obj_ergodox_ez_alexjj/common/command.o
                0x0000000000004db4                command_extra
 .text.command_console_extra
                0x0000000000004db8        0x4 .build/obj_ergodox_ez_alexjj/common/command.o
                0x0000000000004db8                command_console_extra
 .text.numkey2num
                0x0000000000004dbc       0x16 .build/obj_ergodox_ez_alexjj/common/command.o
                0x0000000000004dbc                numkey2num
 .text.command_proc
                0x0000000000004dd2      0x120 .build/obj_ergodox_ez_alexjj/common/command.o
                0x0000000000004dd2                command_proc
 .text.keyboard_leds
                0x0000000000004ef2        0x6 .build/obj_ergodox_ez_alexjj/lufa.o
 .text.send_consumer
                0x0000000000004ef8       0x76 .build/obj_ergodox_ez_alexjj/lufa.o
 .text.send_system
                0x0000000000004f6e       0x6c .build/obj_ergodox_ez_alexjj/lufa.o
 .text.send_mouse
                0x0000000000004fda       0x56 .build/obj_ergodox_ez_alexjj/lufa.o
 .text.send_keyboard
                0x0000000000005030       0x8c .build/obj_ergodox_ez_alexjj/lufa.o
 .text.EVENT_USB_Device_Connect
                0x00000000000050bc       0x1c .build/obj_ergodox_ez_alexjj/lufa.o
                0x00000000000050bc                EVENT_USB_Device_Connect
 .text.EVENT_USB_Device_Disconnect
                0x00000000000050d8        0x6 .build/obj_ergodox_ez_alexjj/lufa.o
                0x00000000000050d8                EVENT_USB_Device_Disconnect
 .text.EVENT_USB_Device_Reset
                0x00000000000050de        0x2 .build/obj_ergodox_ez_alexjj/lufa.o
                0x00000000000050de                EVENT_USB_Device_Reset
 .text.EVENT_USB_Device_Suspend
                0x00000000000050e0        0x2 .build/obj_ergodox_ez_alexjj/lufa.o
                0x00000000000050e0                EVENT_USB_Device_Suspend
 .text.EVENT_USB_Device_WakeUp
                0x00000000000050e2        0x4 .build/obj_ergodox_ez_alexjj/lufa.o
                0x00000000000050e2                EVENT_USB_Device_WakeUp
 .text.EVENT_USB_Device_ConfigurationChanged
                0x00000000000050e6       0x14 .build/obj_ergodox_ez_alexjj/lufa.o
                0x00000000000050e6                EVENT_USB_Device_ConfigurationChanged
 .text.EVENT_USB_Device_ControlRequest
                0x00000000000050fa      0x16e .build/obj_ergodox_ez_alexjj/lufa.o
                0x00000000000050fa                EVENT_USB_Device_ControlRequest
 .text.startup.main
                0x0000000000005268       0x7a .build/obj_ergodox_ez_alexjj/lufa.o
                0x0000000000005268                main
 .text.CALLBACK_USB_GetDescriptor
                0x00000000000052e2        0x4 .build/obj_ergodox_ez_alexjj/lufa.o
                0x00000000000052e2                CALLBACK_USB_GetDescriptor
 .text.get_usb_descriptor
                0x00000000000052e6       0xbc .build/obj_ergodox_ez_alexjj/usb_descriptor.o
                0x00000000000052e6                get_usb_descriptor
 .text.set_output_user
                0x00000000000053a2        0x2 .build/obj_ergodox_ez_alexjj/outputselect.o
                0x00000000000053a2                set_output_user
 .text.set_output
                0x00000000000053a4       0x10 .build/obj_ergodox_ez_alexjj/outputselect.o
                0x00000000000053a4                set_output
 .text.auto_detect_output
                0x00000000000053b4       0x10 .build/obj_ergodox_ez_alexjj/outputselect.o
                0x00000000000053b4                auto_detect_output
 .text.where_to_send
                0x00000000000053c4        0xe .build/obj_ergodox_ez_alexjj/outputselect.o
                0x00000000000053c4                where_to_send
 .text.USB_Device_SendRemoteWakeup
                0x00000000000053d2       0x2c .build/obj_ergodox_ez_alexjj/lib/lufa/LUFA/Drivers/USB/Core/AVR8/Device_AVR8.o
                0x00000000000053d2                USB_Device_SendRemoteWakeup
 .text.Endpoint_Write_Stream_LE
                0x00000000000053fe       0x9e .build/obj_ergodox_ez_alexjj/lib/lufa/LUFA/Drivers/USB/Core/AVR8/EndpointStream_AVR8.o
                0x00000000000053fe                Endpoint_Write_Stream_LE
 .text.Endpoint_Write_Control_Stream_LE
                0x000000000000549c       0xbc .build/obj_ergodox_ez_alexjj/lib/lufa/LUFA/Drivers/USB/Core/AVR8/EndpointStream_AVR8.o
                0x000000000000549c                Endpoint_Write_Control_Stream_LE
 .text.Endpoint_Write_Control_PStream_LE
                0x0000000000005558       0xbe .build/obj_ergodox_ez_alexjj/lib/lufa/LUFA/Drivers/USB/Core/AVR8/EndpointStream_AVR8.o
                0x0000000000005558                Endpoint_Write_Control_PStream_LE
 .text.Endpoint_ConfigureEndpoint_Prv
                0x0000000000005616       0x68 .build/obj_ergodox_ez_alexjj/lib/lufa/LUFA/Drivers/USB/Core/AVR8/Endpoint_AVR8.o
                0x0000000000005616                Endpoint_ConfigureEndpoint_Prv
 .text.Endpoint_ClearStatusStage
                0x000000000000567e       0x3e .build/obj_ergodox_ez_alexjj/lib/lufa/LUFA/Drivers/USB/Core/AVR8/Endpoint_AVR8.o
                0x000000000000567e                Endpoint_ClearStatusStage
 .text.Endpoint_WaitUntilReady
                0x00000000000056bc       0x5e .build/obj_ergodox_ez_alexjj/lib/lufa/LUFA/Drivers/USB/Core/AVR8/Endpoint_AVR8.o
                0x00000000000056bc                Endpoint_WaitUntilReady
 .text.USB_Disable
                0x000000000000571a       0x34 .build/obj_ergodox_ez_alexjj/lib/lufa/LUFA/Drivers/USB/Core/AVR8/USBController_AVR8.o
                0x000000000000571a                USB_Disable
 .text.USB_ResetInterface
                0x000000000000574e       0x86 .build/obj_ergodox_ez_alexjj/lib/lufa/LUFA/Drivers/USB/Core/AVR8/USBController_AVR8.o
                0x000000000000574e                USB_ResetInterface
 .text.USB_Init
                0x00000000000057d4       0x22 .build/obj_ergodox_ez_alexjj/lib/lufa/LUFA/Drivers/USB/Core/AVR8/USBController_AVR8.o
                0x00000000000057d4                USB_Init
 .text.USB_INT_DisableAllInterrupts
                0x00000000000057f6       0x10 .build/obj_ergodox_ez_alexjj/lib/lufa/LUFA/Drivers/USB/Core/AVR8/USBInterrupt_AVR8.o
                0x00000000000057f6                USB_INT_DisableAllInterrupts
 .text.USB_INT_ClearAllInterrupts
                0x0000000000005806        0xa .build/obj_ergodox_ez_alexjj/lib/lufa/LUFA/Drivers/USB/Core/AVR8/USBInterrupt_AVR8.o
                0x0000000000005806                USB_INT_ClearAllInterrupts
 .text.__vector_10
                0x0000000000005810      0x1a6 .build/obj_ergodox_ez_alexjj/lib/lufa/LUFA/Drivers/USB/Core/AVR8/USBInterrupt_AVR8.o
                0x0000000000005810                __vector_10
 .text.__vector_11
                0x00000000000059b6       0x78 .build/obj_ergodox_ez_alexjj/lib/lufa/LUFA/Drivers/USB/Core/AVR8/USBInterrupt_AVR8.o
                0x00000000000059b6                __vector_11
 .text.USB_Device_ProcessControlRequest
                0x0000000000005a2e      0x2a4 .build/obj_ergodox_ez_alexjj/lib/lufa/LUFA/Drivers/USB/Core/DeviceStandardReq.o
                0x0000000000005a2e                USB_Device_ProcessControlRequest
 .text.USB_Event_Stub
                0x0000000000005cd2        0x2 .build/obj_ergodox_ez_alexjj/lib/lufa/LUFA/Drivers/USB/Core/Events.o
                0x0000000000005cd2                USB_Event_Stub
                0x0000000000005cd2                EVENT_USB_Device_StartOfFrame
 .text.USB_USBTask
                0x0000000000005cd4       0x38 .build/obj_ergodox_ez_alexjj/lib/lufa/LUFA/Drivers/USB/Core/USBTask.o
                0x0000000000005cd4                USB_USBTask
 .text.libgcc.div
                0x0000000000005d0c       0x28 /usr/local/Cellar/avr-gcc/8.1.0/lib/avr-gcc/8/gcc/avr/8.1.0/avr5/libgcc.a(_udivmodhi4.o)
                0x0000000000005d0c                __udivmodhi4
 .text.libgcc.div
                0x0000000000005d34       0x28 /usr/local/Cellar/avr-gcc/8.1.0/lib/avr-gcc/8/gcc/avr/8.1.0/avr5/libgcc.a(_divmodhi4.o)
                0x0000000000005d34                __divmodhi4
                0x0000000000005d34                _div
 .text.libgcc   0x0000000000005d5c        0xc /usr/local/Cellar/avr-gcc/8.1.0/lib/avr-gcc/8/gcc/avr/8.1.0/avr5/libgcc.a(_tablejump2.o)
                0x0000000000005d5c                __tablejump2__
 .text.avr-libc
                0x0000000000005d68      0x254 /usr/local/Cellar/avr-gcc/8.1.0/lib/avr-gcc/8/gcc/avr/8.1.0/../../../../../../avr/lib/avr5/libc.a(malloc.o)
                0x0000000000005d68                malloc
                0x0000000000005e9a                free
 .text.avr-libc
                0x0000000000005fbc       0x1a /usr/local/Cellar/avr-gcc/8.1.0/lib/avr-gcc/8/gcc/avr/8.1.0/../../../../../../avr/lib/avr5/libc.a(memchr.o)
                0x0000000000005fbc                memchr
 .text.avr-libc
                0x0000000000005fd6       0x10 /usr/local/Cellar/avr-gcc/8.1.0/lib/avr-gcc/8/gcc/avr/8.1.0/../../../../../../avr/lib/avr5/libatmega32u4.a(eerd_byte.o)
                0x0000000000005fd6                eeprom_read_byte
 .text.avr-libc
                0x0000000000005fe6        0xc /usr/local/Cellar/avr-gcc/8.1.0/lib/avr-gcc/8/gcc/avr/8.1.0/../../../../../../avr/lib/avr5/libatmega32u4.a(eerd_dword.o)
                0x0000000000005fe6                eeprom_read_dword
                0x0000000000005fe6                eeprom_read_float
 .text.avr-libc
                0x0000000000005ff2        0xc /usr/local/Cellar/avr-gcc/8.1.0/lib/avr-gcc/8/gcc/avr/8.1.0/../../../../../../avr/lib/avr5/libatmega32u4.a(eerd_word.o)
                0x0000000000005ff2                eeprom_read_word
 .text.avr-libc
                0x0000000000005ffe       0x24 /usr/local/Cellar/avr-gcc/8.1.0/lib/avr-gcc/8/gcc/avr/8.1.0/../../../../../../avr/lib/avr5/libatmega32u4.a(eeupd_byte.o)
                0x0000000000005ffe                eeprom_update_byte
                0x0000000000006000                eeprom_update_r18
 .text.avr-libc
                0x0000000000006022       0x18 /usr/local/Cellar/avr-gcc/8.1.0/lib/avr-gcc/8/gcc/avr/8.1.0/../../../../../../avr/lib/avr5/libatmega32u4.a(eeupd_dword.o)
                0x0000000000006022                eeprom_update_dword
                0x0000000000006022                eeprom_update_float
 .text.avr-libc
                0x000000000000603a        0xc /usr/local/Cellar/avr-gcc/8.1.0/lib/avr-gcc/8/gcc/avr/8.1.0/../../../../../../avr/lib/avr5/libatmega32u4.a(eeupd_word.o)
                0x000000000000603a                eeprom_update_word
 .text.avr-libc
                0x0000000000006046       0x20 /usr/local/Cellar/avr-gcc/8.1.0/lib/avr-gcc/8/gcc/avr/8.1.0/../../../../../../avr/lib/avr5/libatmega32u4.a(eerd_block.o)
                0x0000000000006046                eeprom_read_block
                0x000000000000604a                eeprom_read_blraw
                0x0000000000006066                . = ALIGN (0x2)
 *(.fini9)
 .fini9         0x0000000000006066        0x0 /usr/local/Cellar/avr-gcc/8.1.0/lib/avr-gcc/8/gcc/avr/8.1.0/avr5/libgcc.a(_exit.o)
                0x0000000000006066                exit
                0x0000000000006066                _exit
 *(.fini9)
 *(.fini8)
 *(.fini8)
 *(.fini7)
 *(.fini7)
 *(.fini6)
 *(.fini6)
 *(.fini5)
 *(.fini5)
 *(.fini4)
 *(.fini4)
 *(.fini3)
 *(.fini3)
 *(.fini2)
 *(.fini2)
 *(.fini1)
 *(.fini1)
 *(.fini0)
 .fini0         0x0000000000006066        0x4 /usr/local/Cellar/avr-gcc/8.1.0/lib/avr-gcc/8/gcc/avr/8.1.0/avr5/libgcc.a(_exit.o)
 *(.fini0)
 *(.hightext)
 *(.hightext*)
 *(.progmemx.*)
                0x000000000000606a                . = ALIGN (0x2)
 *(.jumptables)
 *(.jumptables*)
 .jumptables.gcc.process_record_quantum
                0x000000000000606a       0x24 .build/obj_ergodox_ez_alexjj/quantum/quantum.o
 .jumptables.gcc.process_action
                0x000000000000608e       0x4a .build/obj_ergodox_ez_alexjj/common/action.o
 .jumptables.gcc.is_tap_action
                0x00000000000060d8       0x1c .build/obj_ergodox_ez_alexjj/common/action.o
 .jumptables.gcc.command_common
                0x00000000000060f4       0x7e .build/obj_ergodox_ez_alexjj/common/command.o
 .jumptables.gcc.USB_Device_ProcessControlRequest
                0x0000000000006172       0x14 .build/obj_ergodox_ez_alexjj/lib/lufa/LUFA/Drivers/USB/Core/DeviceStandardReq.o
                0x0000000000006186                _etext = .

.data           0x0000000000800100      0x100 load address 0x0000000000006186
                0x0000000000800100                PROVIDE (__data_start = .)
 *(.data)
 .data          0x0000000000800100        0x6 /usr/local/Cellar/avr-gcc/8.1.0/lib/avr-gcc/8/gcc/avr/8.1.0/../../../../../../avr/lib/avr5/libc.a(malloc.o)
                0x0000000000800100                __malloc_heap_end
                0x0000000000800102                __malloc_heap_start
                0x0000000000800104                __malloc_margin
 *(.data*)
 .data.mcp23018_status
                0x0000000000800106        0x2 .build/obj_ergodox_ez_alexjj/keyboards/ergodox_ez/ergodox_ez.o
                0x0000000000800106                mcp23018_status
 .data.increment.3178
                0x0000000000800108        0x1 .build/obj_ergodox_ez_alexjj/quantum/rgblight.o
 .data.high_bound.3177
                0x0000000000800109        0x1 .build/obj_ergodox_ez_alexjj/quantum/rgblight.o
 .data.clipping_num_leds
                0x000000000080010a        0x1 .build/obj_ergodox_ez_alexjj/quantum/rgblight.o
 .data.static_effect_table
                0x000000000080010b        0xb .build/obj_ergodox_ez_alexjj/quantum/rgblight.o
 .data.keyboard_report
                0x0000000000800116        0x2 .build/obj_ergodox_ez_alexjj/common/action_util.o
                0x0000000000800116                keyboard_report
 .data.mk_wheel_time_to_max
                0x0000000000800118        0x1 .build/obj_ergodox_ez_alexjj/common/mousekey.o
                0x0000000000800118                mk_wheel_time_to_max
 .data.mk_wheel_max_speed
                0x0000000000800119        0x1 .build/obj_ergodox_ez_alexjj/common/mousekey.o
                0x0000000000800119                mk_wheel_max_speed
 .data.mk_time_to_max
                0x000000000080011a        0x1 .build/obj_ergodox_ez_alexjj/common/mousekey.o
                0x000000000080011a                mk_time_to_max
 .data.mk_max_speed
                0x000000000080011b        0x1 .build/obj_ergodox_ez_alexjj/common/mousekey.o
                0x000000000080011b                mk_max_speed
 .data.mk_interval
                0x000000000080011c        0x1 .build/obj_ergodox_ez_alexjj/common/mousekey.o
                0x000000000080011c                mk_interval
 .data.lufa_driver
                0x000000000080011d        0xa .build/obj_ergodox_ez_alexjj/lufa.o
                0x000000000080011d                lufa_driver
 .data.keyboard_protocol
                0x0000000000800127        0x1 .build/obj_ergodox_ez_alexjj/lufa.o
                0x0000000000800127                keyboard_protocol
 *(.gnu.linkonce.d*)
 *(.rodata)
 *(.rodata*)
 .rodata.hand_swap_config
                0x0000000000800128       0xa8 .build/obj_ergodox_ez_alexjj/keyboards/ergodox_ez/ergodox_ez.o
                0x0000000000800128                hand_swap_config
 .rodata.mode_base_table
                0x00000000008001d0       0x25 .build/obj_ergodox_ez_alexjj/quantum/rgblight.o
 .rodata.CSWTCH.34
                0x00000000008001f5        0xa .build/obj_ergodox_ez_alexjj/common/command.o
 *(.gnu.linkonce.r*)
                0x0000000000800200                . = ALIGN (0x2)
 *fill*         0x00000000008001ff        0x1 
                0x0000000000800200                _edata = .
                0x0000000000800200                PROVIDE (__data_end = .)

.bss            0x0000000000800200      0x185
                0x0000000000800200                PROVIDE (__bss_start = .)
 *(.bss)
 *(.bss*)
 .bss.mcp23018_reset_loop
                0x0000000000800200        0x1 .build/obj_ergodox_ez_alexjj/matrix.o
 .bss.matrix    0x0000000000800201        0xe .build/obj_ergodox_ez_alexjj/matrix.o
 .bss.raw_matrix
                0x000000000080020f        0xe .build/obj_ergodox_ez_alexjj/matrix.o
 .bss.i2c_initialized
                0x000000000080021d        0x1 .build/obj_ergodox_ez_alexjj/keyboards/ergodox_ez/ergodox_ez.o
                0x000000000080021d                i2c_initialized
 .bss.grave_esc_was_shifted
                0x000000000080021e        0x1 .build/obj_ergodox_ez_alexjj/quantum/quantum.o
 .bss.counters_need_update
                0x000000000080021f        0x1 .build/obj_ergodox_ez_alexjj/quantum/debounce/eager_pr.o
 .bss.debounce_counters
                0x0000000000800220        0x2 .build/obj_ergodox_ez_alexjj/quantum/debounce/eager_pr.o
 .bss.maxval.3199
                0x0000000000800222        0x1 .build/obj_ergodox_ez_alexjj/quantum/rgblight.o
 .bss.low_bound.3176
                0x0000000000800223        0x1 .build/obj_ergodox_ez_alexjj/quantum/rgblight.o
 .bss.pos.3161  0x0000000000800224        0x1 .build/obj_ergodox_ez_alexjj/quantum/rgblight.o
 .bss.clipping_start_pos
                0x0000000000800225        0x1 .build/obj_ergodox_ez_alexjj/quantum/rgblight.o
 .bss.animation_status
                0x0000000000800226        0x6 .build/obj_ergodox_ez_alexjj/quantum/rgblight.o
                0x0000000000800226                animation_status
 .bss.is_rgblight_initialized
                0x000000000080022c        0x1 .build/obj_ergodox_ez_alexjj/quantum/rgblight.o
                0x000000000080022c                is_rgblight_initialized
 .bss.rgblight_status
                0x000000000080022d        0x2 .build/obj_ergodox_ez_alexjj/quantum/rgblight.o
                0x000000000080022d                rgblight_status
 .bss.sc_timer  0x000000000080022f        0x2 .build/obj_ergodox_ez_alexjj/quantum/process_keycode/process_space_cadet.o
 .bss.sc_last   0x0000000000800231        0x1 .build/obj_ergodox_ez_alexjj/quantum/process_keycode/process_space_cadet.o
 .bss.last_consumer_report
                0x0000000000800232        0x2 .build/obj_ergodox_ez_alexjj/common/host.o
 .bss.last_system_report
                0x0000000000800234        0x2 .build/obj_ergodox_ez_alexjj/common/host.o
 .bss.driver    0x0000000000800236        0x2 .build/obj_ergodox_ez_alexjj/common/host.o
 .bss.led_status.5638
                0x0000000000800238        0x1 .build/obj_ergodox_ez_alexjj/common/keyboard.o
 .bss.matrix_prev.5637
                0x0000000000800239        0xe .build/obj_ergodox_ez_alexjj/common/keyboard.o
 .bss.swap_state.4990
                0x0000000000800247        0xe .build/obj_ergodox_ez_alexjj/common/action.o
 .bss.disable_action_cache
                0x0000000000800255        0x1 .build/obj_ergodox_ez_alexjj/common/action.o
                0x0000000000800255                disable_action_cache
 .bss.swap_held
                0x0000000000800256        0x1 .build/obj_ergodox_ez_alexjj/common/action.o
                0x0000000000800256                swap_held
 .bss.swap_hands
                0x0000000000800257        0x1 .build/obj_ergodox_ez_alexjj/common/action.o
                0x0000000000800257                swap_hands
 .bss.waiting_buffer_tail
                0x0000000000800258        0x1 .build/obj_ergodox_ez_alexjj/common/action_tapping.o
 .bss.waiting_buffer_head
                0x0000000000800259        0x1 .build/obj_ergodox_ez_alexjj/common/action_tapping.o
 .bss.waiting_buffer
                0x000000000080025a       0x30 .build/obj_ergodox_ez_alexjj/common/action_tapping.o
 .bss.tapping_key
                0x000000000080028a        0x6 .build/obj_ergodox_ez_alexjj/common/action_tapping.o
 .bss.source_layers_cache
                0x0000000000800290       0x37 .build/obj_ergodox_ez_alexjj/common/action_layer.o
                0x0000000000800290                source_layers_cache
 .bss.layer_state
                0x00000000008002c7        0x4 .build/obj_ergodox_ez_alexjj/common/action_layer.o
                0x00000000008002c7                layer_state
 .bss.default_layer_state
                0x00000000008002cb        0x4 .build/obj_ergodox_ez_alexjj/common/action_layer.o
                0x00000000008002cb                default_layer_state
 .bss.oneshot_layer_data
                0x00000000008002cf        0x1 .build/obj_ergodox_ez_alexjj/common/action_util.o
 .bss.oneshot_mods
                0x00000000008002d0        0x1 .build/obj_ergodox_ez_alexjj/common/action_util.o
 .bss.__compound_literal.0
                0x00000000008002d1       0x20 .build/obj_ergodox_ez_alexjj/common/action_util.o
 .bss.macro_mods
                0x00000000008002f1        0x1 .build/obj_ergodox_ez_alexjj/common/action_util.o
 .bss.weak_mods
                0x00000000008002f2        0x1 .build/obj_ergodox_ez_alexjj/common/action_util.o
 .bss.real_mods
                0x00000000008002f3        0x1 .build/obj_ergodox_ez_alexjj/common/action_util.o
 .bss.debug_config
                0x00000000008002f4        0x1 .build/obj_ergodox_ez_alexjj/common/debug.o
                0x00000000008002f4                debug_config
 .bss.wdt_timeout
                0x00000000008002f5        0x1 .build/obj_ergodox_ez_alexjj/common/avr/suspend.o
 .bss.mk_delay  0x00000000008002f6        0x1 .build/obj_ergodox_ez_alexjj/common/mousekey.o
                0x00000000008002f6                mk_delay
 .bss.last_timer
                0x00000000008002f7        0x2 .build/obj_ergodox_ez_alexjj/common/mousekey.o
 .bss.mousekey_repeat
                0x00000000008002f9        0x1 .build/obj_ergodox_ez_alexjj/common/mousekey.o
 .bss.mousekey_accel
                0x00000000008002fa        0x1 .build/obj_ergodox_ez_alexjj/common/mousekey.o
 .bss.mouse_report
                0x00000000008002fb        0x6 .build/obj_ergodox_ez_alexjj/common/mousekey.o
 .bss.mousekey_param
                0x0000000000800301        0x1 .build/obj_ergodox_ez_alexjj/common/command.o
 .bss.command_state
                0x0000000000800302        0x1 .build/obj_ergodox_ez_alexjj/common/command.o
                0x0000000000800302                command_state
 .bss.keyboard_report_sent
                0x0000000000800303       0x20 .build/obj_ergodox_ez_alexjj/lufa.o
 .bss.keyboard_led_stats
                0x0000000000800323        0x1 .build/obj_ergodox_ez_alexjj/lufa.o
 .bss.keyboard_idle
                0x0000000000800324        0x1 .build/obj_ergodox_ez_alexjj/lufa.o
                0x0000000000800324                keyboard_idle
 .bss.desired_output
                0x0000000000800325        0x1 .build/obj_ergodox_ez_alexjj/outputselect.o
                0x0000000000800325                desired_output
 *(COMMON)
 COMMON         0x0000000000800326        0x5 .build/obj_ergodox_ez_alexjj/quantum/process_keycode/process_unicode_common.o
                0x0000000000800326                unicode_config
                0x000000000080032a                unicode_saved_mods
 COMMON         0x000000000080032b       0x41 .build/obj_ergodox_ez_alexjj/quantum/rgblight.o
                0x000000000080032b                rgblight_config
                0x0000000000800330                led
 COMMON         0x000000000080036c        0x2 .build/obj_ergodox_ez_alexjj/common/action.o
                0x000000000080036c                tp_buttons
 COMMON         0x000000000080036e        0x4 .build/obj_ergodox_ez_alexjj/common/avr/timer.o
                0x000000000080036e                timer_count
 COMMON         0x0000000000800372        0x2 .build/obj_ergodox_ez_alexjj/common/magic.o
                0x0000000000800372                keymap_config
 COMMON         0x0000000000800374        0x3 .build/obj_ergodox_ez_alexjj/lib/lufa/LUFA/Drivers/USB/Core/DeviceStandardReq.o
                0x0000000000800374                USB_Device_ConfigurationNumber
                0x0000000000800375                USB_Device_CurrentlySelfPowered
                0x0000000000800376                USB_Device_RemoteWakeupEnabled
 COMMON         0x0000000000800377        0xa .build/obj_ergodox_ez_alexjj/lib/lufa/LUFA/Drivers/USB/Core/USBTask.o
                0x0000000000800377                USB_IsInitialized
                0x0000000000800378                USB_DeviceState
                0x0000000000800379                USB_ControlRequest
 COMMON         0x0000000000800381        0x4 /usr/local/Cellar/avr-gcc/8.1.0/lib/avr-gcc/8/gcc/avr/8.1.0/../../../../../../avr/lib/avr5/libc.a(malloc.o)
                0x0000000000800381                __brkval
                0x0000000000800383                __flp
                0x0000000000800385                PROVIDE (__bss_end = .)
                0x0000000000006186                __data_load_start = LOADADDR (.data)
                0x0000000000006286                __data_load_end = (__data_load_start + SIZEOF (.data))

.noinit         0x0000000000800385        0x0
                [!provide]                        PROVIDE (__noinit_start = .)
 *(.noinit*)
                [!provide]                        PROVIDE (__noinit_end = .)
                0x0000000000800385                _end = .
                0x0000000000800385                PROVIDE (__heap_start = .)

.eeprom         0x0000000000810000        0x0
 *(.eeprom*)
                0x0000000000810000                __eeprom_end = .

.fuse
 *(.fuse)
 *(.lfuse)
 *(.hfuse)
 *(.efuse)

.lock
 *(.lock*)

.signature
 *(.signature*)

.stab
 *(.stab)

.stabstr        0x0000000000000000       0x9a
 *(.stabstr)
 .stabstr       0x0000000000000000       0x9a .build/obj_ergodox_ez_alexjj/common/avr/xprintf.o

.stab.excl
 *(.stab.excl)

.stab.exclstr
 *(.stab.exclstr)

.stab.index
 *(.stab.index)

.stab.indexstr
 *(.stab.indexstr)

.comment        0x0000000000000000       0x11
 *(.comment)
 .comment       0x0000000000000000       0x11 .build/obj_ergodox_ez_alexjj/matrix.o
                                         0x12 (size before relaxing)
 .comment       0x0000000000000011       0x12 .build/obj_ergodox_ez_alexjj/i2c_master.o
 .comment       0x0000000000000011       0x12 .build/obj_ergodox_ez_alexjj/keyboards/ergodox_ez/ergodox_ez.o
 .comment       0x0000000000000011       0x12 .build/obj_ergodox_ez_alexjj/layouts/community/ergodox/alexjj/keymap.o
 .comment       0x0000000000000011       0x12 .build/obj_ergodox_ez_alexjj/quantum/quantum.o
 .comment       0x0000000000000011       0x12 .build/obj_ergodox_ez_alexjj/quantum/keymap_common.o
 .comment       0x0000000000000011       0x12 .build/obj_ergodox_ez_alexjj/quantum/keycode_config.o
 .comment       0x0000000000000011       0x12 .build/obj_ergodox_ez_alexjj/quantum/debounce/eager_pr.o
 .comment       0x0000000000000011       0x12 .build/obj_ergodox_ez_alexjj/quantum/process_keycode/process_unicode.o
 .comment       0x0000000000000011       0x12 .build/obj_ergodox_ez_alexjj/quantum/process_keycode/process_unicode_common.o
 .comment       0x0000000000000011       0x12 .build/obj_ergodox_ez_alexjj/quantum/color.o
 .comment       0x0000000000000011       0x12 .build/obj_ergodox_ez_alexjj/quantum/rgblight.o
 .comment       0x0000000000000011       0x12 .build/obj_ergodox_ez_alexjj/ws2812.o
 .comment       0x0000000000000011       0x12 .build/obj_ergodox_ez_alexjj/quantum/led_tables.o
 .comment       0x0000000000000011       0x12 .build/obj_ergodox_ez_alexjj/quantum/process_keycode/process_space_cadet.o
 .comment       0x0000000000000011       0x12 .build/obj_ergodox_ez_alexjj/common/host.o
 .comment       0x0000000000000011       0x12 .build/obj_ergodox_ez_alexjj/common/keyboard.o
 .comment       0x0000000000000011       0x12 .build/obj_ergodox_ez_alexjj/common/action.o
 .comment       0x0000000000000011       0x12 .build/obj_ergodox_ez_alexjj/common/action_tapping.o
 .comment       0x0000000000000011       0x12 .build/obj_ergodox_ez_alexjj/common/action_macro.o
 .comment       0x0000000000000011       0x12 .build/obj_ergodox_ez_alexjj/common/action_layer.o
 .comment       0x0000000000000011       0x12 .build/obj_ergodox_ez_alexjj/common/action_util.o
 .comment       0x0000000000000011       0x12 .build/obj_ergodox_ez_alexjj/common/debug.o
 .comment       0x0000000000000011       0x12 .build/obj_ergodox_ez_alexjj/common/util.o
 .comment       0x0000000000000011       0x12 .build/obj_ergodox_ez_alexjj/common/eeconfig.o
 .comment       0x0000000000000011       0x12 .build/obj_ergodox_ez_alexjj/common/report.o
 .comment       0x0000000000000011       0x12 .build/obj_ergodox_ez_alexjj/common/avr/suspend.o
 .comment       0x0000000000000011       0x12 .build/obj_ergodox_ez_alexjj/common/avr/timer.o
 .comment       0x0000000000000011       0x12 .build/obj_ergodox_ez_alexjj/common/avr/bootloader.o
 .comment       0x0000000000000011       0x12 .build/obj_ergodox_ez_alexjj/common/magic.o
 .comment       0x0000000000000011       0x12 .build/obj_ergodox_ez_alexjj/common/mousekey.o
 .comment       0x0000000000000011       0x12 .build/obj_ergodox_ez_alexjj/common/command.o
 .comment       0x0000000000000011       0x12 .build/obj_ergodox_ez_alexjj/lufa.o
 .comment       0x0000000000000011       0x12 .build/obj_ergodox_ez_alexjj/usb_descriptor.o
 .comment       0x0000000000000011       0x12 .build/obj_ergodox_ez_alexjj/outputselect.o
 .comment       0x0000000000000011       0x12 .build/obj_ergodox_ez_alexjj/lib/lufa/LUFA/Drivers/USB/Core/AVR8/Device_AVR8.o
 .comment       0x0000000000000011       0x12 .build/obj_ergodox_ez_alexjj/lib/lufa/LUFA/Drivers/USB/Core/AVR8/EndpointStream_AVR8.o
 .comment       0x0000000000000011       0x12 .build/obj_ergodox_ez_alexjj/lib/lufa/LUFA/Drivers/USB/Core/AVR8/Endpoint_AVR8.o
 .comment       0x0000000000000011       0x12 .build/obj_ergodox_ez_alexjj/lib/lufa/LUFA/Drivers/USB/Core/AVR8/USBController_AVR8.o
 .comment       0x0000000000000011       0x12 .build/obj_ergodox_ez_alexjj/lib/lufa/LUFA/Drivers/USB/Core/AVR8/USBInterrupt_AVR8.o
 .comment       0x0000000000000011       0x12 .build/obj_ergodox_ez_alexjj/lib/lufa/LUFA/Drivers/USB/Core/DeviceStandardReq.o
 .comment       0x0000000000000011       0x12 .build/obj_ergodox_ez_alexjj/lib/lufa/LUFA/Drivers/USB/Core/Events.o
 .comment       0x0000000000000011       0x12 .build/obj_ergodox_ez_alexjj/lib/lufa/LUFA/Drivers/USB/Core/USBTask.o
 .comment       0x0000000000000011       0x12 /usr/local/Cellar/avr-gcc/8.1.0/lib/avr-gcc/8/gcc/avr/8.1.0/../../../../../../avr/lib/avr5/libc.a(malloc.o)

.note.gnu.avr.deviceinfo
                0x0000000000000000       0x40
 .note.gnu.avr.deviceinfo
                0x0000000000000000       0x40 /usr/local/Cellar/avr-gcc/8.1.0/lib/avr-gcc/8/gcc/avr/8.1.0/../../../../../../avr/lib/avr5/crtatmega32u4.o

.note.gnu.build-id
 *(.note.gnu.build-id)

.debug
 *(.debug)

.line
 *(.line)

.debug_srcinfo
 *(.debug_srcinfo)

.debug_sfnames
 *(.debug_sfnames)

.debug_aranges  0x0000000000000000     0x12a0
 *(.debug_aranges)
 .debug_aranges