Archive member included to satisfy reference by file (symbol)

/usr/local/Cellar/avr-gcc/8.1.0/lib/avr-gcc/8/gcc/avr/8.1.0/avr5/libgcc.a(_udivmodhi4.o)
                              .build/obj_ergodox_ez_pydemia/quantum/debounce/eager_pr.o (__udivmodhi4)
/usr/local/Cellar/avr-gcc/8.1.0/lib/avr-gcc/8/gcc/avr/8.1.0/avr5/libgcc.a(_divmodhi4.o)
                              .build/obj_ergodox_ez_pydemia/keyboards/ergodox_ez/keymaps/pydemia/keymap.o (__divmodhi4)
/usr/local/Cellar/avr-gcc/8.1.0/lib/avr-gcc/8/gcc/avr/8.1.0/avr5/libgcc.a(_exit.o)
                              /usr/local/Cellar/avr-gcc/8.1.0/lib/avr-gcc/8/gcc/avr/8.1.0/../../../../../../avr/lib/avr5/crtatmega32u4.o (exit)
/usr/local/Cellar/avr-gcc/8.1.0/lib/avr-gcc/8/gcc/avr/8.1.0/avr5/libgcc.a(_tablejump2.o)
                              .build/obj_ergodox_ez_pydemia/keyboards/ergodox_ez/keymaps/pydemia/keymap.o (__tablejump2__)
/usr/local/Cellar/avr-gcc/8.1.0/lib/avr-gcc/8/gcc/avr/8.1.0/avr5/libgcc.a(_copy_data.o)
                              .build/obj_ergodox_ez_pydemia/keyboards/ergodox_ez/ergodox_ez.o (__do_copy_data)
/usr/local/Cellar/avr-gcc/8.1.0/lib/avr-gcc/8/gcc/avr/8.1.0/avr5/libgcc.a(_clear_bss.o)
                              .build/obj_ergodox_ez_pydemia/matrix.o (__do_clear_bss)
/usr/local/Cellar/avr-gcc/8.1.0/lib/avr-gcc/8/gcc/avr/8.1.0/../../../../../../avr/lib/avr5/libc.a(malloc.o)
                              .build/obj_ergodox_ez_pydemia/quantum/debounce/eager_pr.o (malloc)
/usr/local/Cellar/avr-gcc/8.1.0/lib/avr-gcc/8/gcc/avr/8.1.0/../../../../../../avr/lib/avr5/libc.a(tolower.o)
                              .build/obj_ergodox_ez_pydemia/quantum/process_keycode/process_unicode_common.o (tolower)
/usr/local/Cellar/avr-gcc/8.1.0/lib/avr-gcc/8/gcc/avr/8.1.0/../../../../../../avr/lib/avr5/libc.a(memchr.o)
                              .build/obj_ergodox_ez_pydemia/quantum/rgblight.o (memchr)
/usr/local/Cellar/avr-gcc/8.1.0/lib/avr-gcc/8/gcc/avr/8.1.0/../../../../../../avr/lib/avr5/libc.a(memmove.o)
                              .build/obj_ergodox_ez_pydemia/lib/lufa/LUFA/Drivers/USB/Class/Common/HIDParser.o (memmove)
/usr/local/Cellar/avr-gcc/8.1.0/lib/avr-gcc/8/gcc/avr/8.1.0/../../../../../../avr/lib/avr5/libc.a(strcspn.o)
                              .build/obj_ergodox_ez_pydemia/quantum/process_keycode/process_unicode_common.o (strcspn)
/usr/local/Cellar/avr-gcc/8.1.0/lib/avr-gcc/8/gcc/avr/8.1.0/../../../../../../avr/lib/avr5/libc.a(strncpy.o)
                              .build/obj_ergodox_ez_pydemia/quantum/process_keycode/process_unicode_common.o (strncpy)
/usr/local/Cellar/avr-gcc/8.1.0/lib/avr-gcc/8/gcc/avr/8.1.0/../../../../../../avr/lib/avr5/libc.a(strstr.o)
                              .build/obj_ergodox_ez_pydemia/keyboards/ergodox_ez/keymaps/pydemia/keymap.o (strstr)
/usr/local/Cellar/avr-gcc/8.1.0/lib/avr-gcc/8/gcc/avr/8.1.0/../../../../../../avr/lib/avr5/libc.a(sscanf.o)
                              .build/obj_ergodox_ez_pydemia/keyboards/ergodox_ez/keymaps/pydemia/keymap.o (sscanf)
/usr/local/Cellar/avr-gcc/8.1.0/lib/avr-gcc/8/gcc/avr/8.1.0/../../../../../../avr/lib/avr5/libc.a(vfscanf_std.o)
                              /usr/local/Cellar/avr-gcc/8.1.0/lib/avr-gcc/8/gcc/avr/8.1.0/../../../../../../avr/lib/avr5/libc.a(sscanf.o) (vfscanf)
/usr/local/Cellar/avr-gcc/8.1.0/lib/avr-gcc/8/gcc/avr/8.1.0/../../../../../../avr/lib/avr5/libc.a(isspace.o)
                              /usr/local/Cellar/avr-gcc/8.1.0/lib/avr-gcc/8/gcc/avr/8.1.0/../../../../../../avr/lib/avr5/libc.a(vfscanf_std.o) (isspace)
/usr/local/Cellar/avr-gcc/8.1.0/lib/avr-gcc/8/gcc/avr/8.1.0/../../../../../../avr/lib/avr5/libc.a(strchr_P.o)
                              /usr/local/Cellar/avr-gcc/8.1.0/lib/avr-gcc/8/gcc/avr/8.1.0/../../../../../../avr/lib/avr5/libc.a(vfscanf_std.o) (strchr_P)
/usr/local/Cellar/avr-gcc/8.1.0/lib/avr-gcc/8/gcc/avr/8.1.0/../../../../../../avr/lib/avr5/libc.a(memcpy.o)
                              /usr/local/Cellar/avr-gcc/8.1.0/lib/avr-gcc/8/gcc/avr/8.1.0/../../../../../../avr/lib/avr5/libc.a(memmove.o) (memcpy)
/usr/local/Cellar/avr-gcc/8.1.0/lib/avr-gcc/8/gcc/avr/8.1.0/../../../../../../avr/lib/avr5/libc.a(fgetc.o)
                              /usr/local/Cellar/avr-gcc/8.1.0/lib/avr-gcc/8/gcc/avr/8.1.0/../../../../../../avr/lib/avr5/libc.a(vfscanf_std.o) (fgetc)
/usr/local/Cellar/avr-gcc/8.1.0/lib/avr-gcc/8/gcc/avr/8.1.0/../../../../../../avr/lib/avr5/libc.a(ungetc.o)
                              /usr/local/Cellar/avr-gcc/8.1.0/lib/avr-gcc/8/gcc/avr/8.1.0/../../../../../../avr/lib/avr5/libc.a(vfscanf_std.o) (ungetc)
/usr/local/Cellar/avr-gcc/8.1.0/lib/avr-gcc/8/gcc/avr/8.1.0/../../../../../../avr/lib/avr5/libc.a(cty_isfalse.o)
                              /usr/local/Cellar/avr-gcc/8.1.0/lib/avr-gcc/8/gcc/avr/8.1.0/../../../../../../avr/lib/avr5/libc.a(isspace.o) (__ctype_isfalse)
/usr/local/Cellar/avr-gcc/8.1.0/lib/avr-gcc/8/gcc/avr/8.1.0/../../../../../../avr/lib/avr5/libatmega32u4.a(eerd_byte.o)
[...]
Memory Configuration

Name             Origin             Length             Attributes
text             0x0000000000000000 0x0000000000020000 xr
data             0x0000000000800060 0x000000000000ffa0 rw !x
eeprom           0x0000000000810000 0x0000000000010000 rw !x
fuse             0x0000000000820000 0x0000000000000400 rw !x
lock             0x0000000000830000 0x0000000000000400 rw !x
signature        0x0000000000840000 0x0000000000000400 rw !x
user_signatures  0x0000000000850000 0x0000000000000400 rw !x
*default*        0x0000000000000000 0xffffffffffffffff

Linker script and memory map

Address of section .data set to 0x800100
LOAD /usr/local/Cellar/avr-gcc/8.1.0/lib/avr-gcc/8/gcc/avr/8.1.0/../../../../../../avr/lib/avr5/crtatmega32u4.o
LOAD .build/obj_ergodox_ez_pydemia/matrix.o
LOAD .build/obj_ergodox_ez_pydemia/i2c_master.o
LOAD .build/obj_ergodox_ez_pydemia/keyboards/ergodox_ez/ergodox_ez.o
LOAD .build/obj_ergodox_ez_pydemia/keyboards/ergodox_ez/keymaps/pydemia/keymap.o
LOAD .build/obj_ergodox_ez_pydemia/quantum/quantum.o
LOAD .build/obj_ergodox_ez_pydemia/quantum/keymap_common.o
LOAD .build/obj_ergodox_ez_pydemia/quantum/keycode_config.o
LOAD .build/obj_ergodox_ez_pydemia/quantum/debounce/eager_pr.o
LOAD .build/obj_ergodox_ez_pydemia/quantum/process_keycode/process_unicode.o
LOAD .build/obj_ergodox_ez_pydemia/quantum/process_keycode/process_unicode_common.o
LOAD .build/obj_ergodox_ez_pydemia/quantum/color.o
LOAD .build/obj_ergodox_ez_pydemia/quantum/rgblight.o
LOAD .build/obj_ergodox_ez_pydemia/ws2812.o
LOAD .build/obj_ergodox_ez_pydemia/quantum/process_keycode/process_tap_dance.o
LOAD .build/obj_ergodox_ez_pydemia/quantum/led_tables.o
LOAD .build/obj_ergodox_ez_pydemia/quantum/process_keycode/process_space_cadet.o
LOAD .build/obj_ergodox_ez_pydemia/common/host.o
LOAD .build/obj_ergodox_ez_pydemia/common/keyboard.o
LOAD .build/obj_ergodox_ez_pydemia/common/action.o
LOAD .build/obj_ergodox_ez_pydemia/common/action_tapping.o
LOAD .build/obj_ergodox_ez_pydemia/common/action_macro.o
LOAD .build/obj_ergodox_ez_pydemia/common/action_layer.o
LOAD .build/obj_ergodox_ez_pydemia/common/action_util.o
LOAD .build/obj_ergodox_ez_pydemia/common/print.o
LOAD .build/obj_ergodox_ez_pydemia/common/debug.o
LOAD .build/obj_ergodox_ez_pydemia/common/util.o
LOAD .build/obj_ergodox_ez_pydemia/common/eeconfig.o
LOAD .build/obj_ergodox_ez_pydemia/common/report.o
LOAD .build/obj_ergodox_ez_pydemia/common/avr/suspend.o
LOAD .build/obj_ergodox_ez_pydemia/common/avr/timer.o
LOAD .build/obj_ergodox_ez_pydemia/common/avr/bootloader.o
LOAD .build/obj_ergodox_ez_pydemia/common/avr/xprintf.o
LOAD .build/obj_ergodox_ez_pydemia/common/magic.o
LOAD .build/obj_ergodox_ez_pydemia/common/mousekey.o
LOAD .build/obj_ergodox_ez_pydemia/common/command.o
LOAD .build/obj_ergodox_ez_pydemia/lufa.o
LOAD .build/obj_ergodox_ez_pydemia/usb_descriptor.o
LOAD .build/obj_ergodox_ez_pydemia/outputselect.o
LOAD .build/obj_ergodox_ez_pydemia/lib/lufa/LUFA/Drivers/USB/Class/Common/HIDParser.o
LOAD .build/obj_ergodox_ez_pydemia/lib/lufa/LUFA/Drivers/USB/Core/AVR8/Device_AVR8.o
LOAD .build/obj_ergodox_ez_pydemia/lib/lufa/LUFA/Drivers/USB/Core/AVR8/EndpointStream_AVR8.o
LOAD .build/obj_ergodox_ez_pydemia/lib/lufa/LUFA/Drivers/USB/Core/AVR8/Endpoint_AVR8.o
LOAD .build/obj_ergodox_ez_pydemia/lib/lufa/LUFA/Drivers/USB/Core/AVR8/Host_AVR8.o
LOAD .build/obj_ergodox_ez_pydemia/lib/lufa/LUFA/Drivers/USB/Core/AVR8/PipeStream_AVR8.o
LOAD .build/obj_ergodox_ez_pydemia/lib/lufa/LUFA/Drivers/USB/Core/AVR8/Pipe_AVR8.o
LOAD .build/obj_ergodox_ez_pydemia/lib/lufa/LUFA/Drivers/USB/Core/AVR8/USBController_AVR8.o
LOAD .build/obj_ergodox_ez_pydemia/lib/lufa/LUFA/Drivers/USB/Core/AVR8/USBInterrupt_AVR8.o
LOAD .build/obj_ergodox_ez_pydemia/lib/lufa/LUFA/Drivers/USB/Core/ConfigDescriptors.o
LOAD .build/obj_ergodox_ez_pydemia/lib/lufa/LUFA/Drivers/USB/Core/DeviceStandardReq.o
LOAD .build/obj_ergodox_ez_pydemia/lib/lufa/LUFA/Drivers/USB/Core/Events.o
LOAD .build/obj_ergodox_ez_pydemia/lib/lufa/LUFA/Drivers/USB/Core/HostStandardReq.o
LOAD .build/obj_ergodox_ez_pydemia/lib/lufa/LUFA/Drivers/USB/Core/USBTask.o
LOAD /usr/local/Cellar/avr-gcc/8.1.0/lib/avr-gcc/8/gcc/avr/8.1.0/../../../../../../avr/lib/avr5/libm.a
START GROUP
LOAD /usr/local/Cellar/avr-gcc/8.1.0/lib/avr-gcc/8/gcc/avr/8.1.0/avr5/libgcc.a
LOAD /usr/local/Cellar/avr-gcc/8.1.0/lib/avr-gcc/8/gcc/avr/8.1.0/../../../../../../avr/lib/avr5/libm.a
LOAD /usr/local/Cellar/avr-gcc/8.1.0/lib/avr-gcc/8/gcc/avr/8.1.0/../../../../../../avr/lib/avr5/libc.a
LOAD /usr/local/Cellar/avr-gcc/8.1.0/lib/avr-gcc/8/gcc/avr/8.1.0/../../../../../../avr/lib/avr5/libatmega32u4.a
END GROUP
                0x0000000000020000                __TEXT_REGION_LENGTH__ = DEFINED (__TEXT_REGION_LENGTH__)?__TEXT_REGION_LENGTH__:0x20000
                0x000000000000ffa0                __DATA_REGION_LENGTH__ = DEFINED (__DATA_REGION_LENGTH__)?__DATA_REGION_LENGTH__:0xffa0
                0x0000000000010000                __EEPROM_REGION_LENGTH__ = DEFINED (__EEPROM_REGION_LENGTH__)?__EEPROM_REGION_LENGTH__:0x10000
                0x0000000000000400                __FUSE_REGION_LENGTH__ = DEFINED (__FUSE_REGION_LENGTH__)?__FUSE_REGION_LENGTH__:0x400
                0x0000000000000400                __LOCK_REGION_LENGTH__ = DEFINED (__LOCK_REGION_LENGTH__)?__LOCK_REGION_LENGTH__:0x400
                0x0000000000000400                __SIGNATURE_REGION_LENGTH__ = DEFINED (__SIGNATURE_REGION_LENGTH__)?__SIGNATURE_REGION_LENGTH__:0x400
                0x0000000000000400                __USER_SIGNATURE_REGION_LENGTH__ = DEFINED (__USER_SIGNATURE_REGION_LENGTH__)?__USER_SIGNATURE_REGION_LENGTH__:0x400

.hash
 *(.hash)

.dynsym
 *(.dynsym)

.dynstr
 *(.dynstr)

.gnu.version
 *(.gnu.version)

.gnu.version_d
 *(.gnu.version_d)

.gnu.version_r
 *(.gnu.version_r)

.rel.init
 *(.rel.init)

.rela.init
 *(.rela.init)

.rel.text
 *(.rel.text)
 *(.rel.text.*)
 *(.rel.gnu.linkonce.t*)

.rela.text
 *(.rela.text)
 *(.rela.text.*)
 *(.rela.gnu.linkonce.t*)

.rel.fini
 *(.rel.fini)

.rela.fini
 *(.rela.fini)

.rel.rodata
 *(.rel.rodata)
 *(.rel.rodata.*)
 *(.rel.gnu.linkonce.r*)

.rela.rodata
 *(.rela.rodata)
 *(.rela.rodata.*)
 *(.rela.gnu.linkonce.r*)

.rel.data
 *(.rel.data)
 *(.rel.data.*)
 *(.rel.gnu.linkonce.d*)

.rela.data
 *(.rela.data)
 *(.rela.data.*)
 *(.rela.gnu.linkonce.d*)

.rel.ctors
 *(.rel.ctors)

.rela.ctors
 *(.rela.ctors)

.rel.dtors
 *(.rel.dtors)

.rela.dtors
 *(.rela.dtors)

.rel.got
 *(.rel.got)

.rela.got
 *(.rela.got)

.rel.bss
 *(.rel.bss)

.rela.bss
 *(.rela.bss)

.rel.plt
 *(.rel.plt)

.rela.plt
 *(.rela.plt)

.text           0x0000000000000000     0x6f48
 *(.vectors)
 .vectors       0x0000000000000000       0xac /usr/local/Cellar/avr-gcc/8.1.0/lib/avr-gcc/8/gcc/avr/8.1.0/../../../../../../avr/lib/avr5/crtatmega32u4.o
                0x0000000000000000                __vectors
                0x0000000000000000                __vector_default
 *(.vectors)
 *(.progmem.gcc*)
                0x00000000000000ac                . = ALIGN (0x2)
                0x00000000000000ac                __trampolines_start = .
 *(.trampolines)
 .trampolines   0x00000000000000ac        0x0 linker stubs
 *(.trampolines*)
                0x00000000000000ac                __trampolines_end = .
 *libprintf_flt.a:*(.progmem.data)
 *libc.a:*(.progmem.data)
 *(.progmem.*)
 .progmem.data.__m.6173
                0x00000000000000ac       0x25 .build/obj_ergodox_ez_pydemia/keyboards/ergodox_ez/keymaps/pydemia/keymap.o
 .progmem.data.__m.6170
                0x00000000000000d1        0x9 .build/obj_ergodox_ez_pydemia/keyboards/ergodox_ez/keymaps/pydemia/keymap.o
 .progmem.data.__m.6167
                0x00000000000000da        0x9 .build/obj_ergodox_ez_pydemia/keyboards/ergodox_ez/keymaps/pydemia/keymap.o
 .progmem.data.__m.6164
                0x00000000000000e3       0x11 .build/obj_ergodox_ez_pydemia/keyboards/ergodox_ez/keymaps/pydemia/keymap.o
 .progmem.data.__m.6161
                0x00000000000000f4       0x11 .build/obj_ergodox_ez_pydemia/keyboards/ergodox_ez/keymaps/pydemia/keymap.o
 .progmem.data.__m.6158
                0x0000000000000105        0xd .build/obj_ergodox_ez_pydemia/keyboards/ergodox_ez/keymaps/pydemia/keymap.o
 .progmem.data.__m.6155
                0x0000000000000112        0x9 .build/obj_ergodox_ez_pydemia/keyboards/ergodox_ez/keymaps/pydemia/keymap.o
 .progmem.data.__c.6152
                0x000000000000011b       0x15 .build/obj_ergodox_ez_pydemia/keyboards/ergodox_ez/keymaps/pydemia/keymap.o
 .progmem.data.__c.6149
                0x0000000000000130        0x9 .build/obj_ergodox_ez_pydemia/keyboards/ergodox_ez/keymaps/pydemia/keymap.o
 .progmem.data.__c.6146
                0x0000000000000139        0xc .build/obj_ergodox_ez_pydemia/keyboards/ergodox_ez/keymaps/pydemia/keymap.o
 .progmem.data.__c.6143
                0x0000000000000145       0x24 .build/obj_ergodox_ez_pydemia/keyboards/ergodox_ez/keymaps/pydemia/keymap.o
 .progmem.data.__c.6140
                0x0000000000000169      0x159 .build/obj_ergodox_ez_pydemia/keyboards/ergodox_ez/keymaps/pydemia/keymap.o
 .progmem.data.__c.6137
                0x00000000000002c2       0xd9 .build/obj_ergodox_ez_pydemia/keyboards/ergodox_ez/keymaps/pydemia/keymap.o
 .progmem.data.__c.6134
                0x000000000000039b       0x7b .build/obj_ergodox_ez_pydemia/keyboards/ergodox_ez/keymaps/pydemia/keymap.o
 .progmem.data.__m.6131
                0x0000000000000416       0x35 .build/obj_ergodox_ez_pydemia/keyboards/ergodox_ez/keymaps/pydemia/keymap.o
 .progmem.data.__m.6128
                0x000000000000044b       0x15 .build/obj_ergodox_ez_pydemia/keyboards/ergodox_ez/keymaps/pydemia/keymap.o
 .progmem.data.__c.6125
                0x0000000000000460       0x11 .build/obj_ergodox_ez_pydemia/keyboards/ergodox_ez/keymaps/pydemia/keymap.o
 .progmem.data.__m.6122
                0x0000000000000471        0xd .build/obj_ergodox_ez_pydemia/keyboards/ergodox_ez/keymaps/pydemia/keymap.o
 .progmem.data.__c.6119
                0x000000000000047e       0x79 .build/obj_ergodox_ez_pydemia/keyboards/ergodox_ez/keymaps/pydemia/keymap.o
 .progmem.data.__c.6115
                0x00000000000004f7       0x22 .build/obj_ergodox_ez_pydemia/keyboards/ergodox_ez/keymaps/pydemia/keymap.o
 .progmem.data.keymaps
                0x0000000000000519      0x540 .build/obj_ergodox_ez_pydemia/keyboards/ergodox_ez/keymaps/pydemia/keymap.o
                0x0000000000000519                keymaps
 .progmem.data.ascii_to_keycode_lut
                0x0000000000000a59       0x80 .build/obj_ergodox_ez_pydemia/quantum/quantum.o
                0x0000000000000a59                ascii_to_keycode_lut
 .progmem.data.ascii_to_altgr_lut
                0x0000000000000ad9       0x80 .build/obj_ergodox_ez_pydemia/quantum/quantum.o
                0x0000000000000ad9                ascii_to_altgr_lut
 .progmem.data.ascii_to_shift_lut
                0x0000000000000b59       0x80 .build/obj_ergodox_ez_pydemia/quantum/quantum.o
                0x0000000000000b59                ascii_to_shift_lut
 .progmem.data.fn_actions
                0x0000000000000bd9        0x0 .build/obj_ergodox_ez_pydemia/quantum/keymap_common.o
                0x0000000000000bd9                fn_actions
 .progmem.data.RGBLED_RGBTEST_INTERVALS
                0x0000000000000bd9        0x2 .build/obj_ergodox_ez_pydemia/quantum/rgblight.o
                0x0000000000000bd9                RGBLED_RGBTEST_INTERVALS
 .progmem.data.RGBLED_KNIGHT_INTERVALS
                0x0000000000000bdb        0x3 .build/obj_ergodox_ez_pydemia/quantum/rgblight.o
                0x0000000000000bdb                RGBLED_KNIGHT_INTERVALS
 .progmem.data.RGBLED_SNAKE_INTERVALS
                0x0000000000000bde        0x3 .build/obj_ergodox_ez_pydemia/quantum/rgblight.o
                0x0000000000000bde                RGBLED_SNAKE_INTERVALS
 .progmem.data.RGBLED_RAINBOW_SWIRL_INTERVALS
                0x0000000000000be1        0x3 .build/obj_ergodox_ez_pydemia/quantum/rgblight.o
                0x0000000000000be1                RGBLED_RAINBOW_SWIRL_INTERVALS
 .progmem.data.RGBLED_RAINBOW_MOOD_INTERVALS
                0x0000000000000be4        0x3 .build/obj_ergodox_ez_pydemia/quantum/rgblight.o
                0x0000000000000be4                RGBLED_RAINBOW_MOOD_INTERVALS
 .progmem.data.RGBLED_BREATHING_INTERVALS
                0x0000000000000be7        0x4 .build/obj_ergodox_ez_pydemia/quantum/rgblight.o
                0x0000000000000be7                RGBLED_BREATHING_INTERVALS
 .progmem.data.rgblight_effect_breathe_table
                0x0000000000000beb      0x100 .build/obj_ergodox_ez_pydemia/quantum/rgblight.o
                0x0000000000000beb                rgblight_effect_breathe_table
 .progmem.data.RGBLED_GRADIENT_RANGES
                0x0000000000000ceb        0x5 .build/obj_ergodox_ez_pydemia/quantum/rgblight.o
                0x0000000000000ceb                RGBLED_GRADIENT_RANGES
 .progmem.data.CIE1931_CURVE
                0x0000000000000cf0      0x100 .build/obj_ergodox_ez_pydemia/quantum/led_tables.o
                0x0000000000000cf0                CIE1931_CURVE
 .progmem.data.SerialNumberString
                0x0000000000000df0        0x6 .build/obj_ergodox_ez_pydemia/usb_descriptor.o
                0x0000000000000df0                SerialNumberString
 .progmem.data.ProductString
                0x0000000000000df6       0x18 .build/obj_ergodox_ez_pydemia/usb_descriptor.o
                0x0000000000000df6                ProductString
 .progmem.data.ManufacturerString
                0x0000000000000e0e       0x18 .build/obj_ergodox_ez_pydemia/usb_descriptor.o
                0x0000000000000e0e                ManufacturerString
 .progmem.data.LanguageString
                0x0000000000000e26        0x4 .build/obj_ergodox_ez_pydemia/usb_descriptor.o
                0x0000000000000e26                LanguageString
 .progmem.data.ConfigurationDescriptor
                0x0000000000000e2a       0x3b .build/obj_ergodox_ez_pydemia/usb_descriptor.o
                0x0000000000000e2a                ConfigurationDescriptor
 .progmem.data.DeviceDescriptor
                0x0000000000000e65       0x12 .build/obj_ergodox_ez_pydemia/usb_descriptor.o
                0x0000000000000e65                DeviceDescriptor
 .progmem.data.SharedReport
                0x0000000000000e77       0xc0 .build/obj_ergodox_ez_pydemia/usb_descriptor.o
                0x0000000000000e77                SharedReport
 .progmem.data.KeyboardReport
                0x0000000000000f37       0x40 .build/obj_ergodox_ez_pydemia/usb_descriptor.o
                0x0000000000000f37                KeyboardReport
                0x0000000000000f78                . = ALIGN (0x2)
 *fill*         0x0000000000000f77        0x1 
 *(.lowtext)
 *(.lowtext*)
                0x0000000000000f78                __ctors_start = .
 *(.ctors)
                0x0000000000000f78                __ctors_end = .
                0x0000000000000f78                __dtors_start = .
 *(.dtors)
                0x0000000000000f78                __dtors_end = .
 SORT_BY_NAME(*)(.ctors)
 SORT_BY_NAME(*)(.dtors)
 *(.init0)
 .init0         0x0000000000000f78        0x0 /usr/local/Cellar/avr-gcc/8.1.0/lib/avr-gcc/8/gcc/avr/8.1.0/../../../../../../avr/lib/avr5/crtatmega32u4.o
                0x0000000000000f78                __init
 *(.init0)
 *(.init1)
 *(.init1)
 *(.init2)
 .init2         0x0000000000000f78        0xc /usr/local/Cellar/avr-gcc/8.1.0/lib/avr-gcc/8/gcc/avr/8.1.0/../../../../../../avr/lib/avr5/crtatmega32u4.o
 *(.init2)
 *(.init3)
 .init3         0x0000000000000f84        0x0 .build/obj_ergodox_ez_pydemia/common/avr/bootloader.o
                0x0000000000000f84                bootloader_jump_after_watchdog_reset
 *(.init3)
 *(.init4)
 .init4         0x0000000000000f84       0x16 /usr/local/Cellar/avr-gcc/8.1.0/lib/avr-gcc/8/gcc/avr/8.1.0/avr5/libgcc.a(_copy_data.o)
                0x0000000000000f84                __do_copy_data
 .init4         0x0000000000000f9a       0x10 /usr/local/Cellar/avr-gcc/8.1.0/lib/avr-gcc/8/gcc/avr/8.1.0/avr5/libgcc.a(_clear_bss.o)
                0x0000000000000f9a                __do_clear_bss
 *(.init4)
 *(.init5)
 *(.init5)
 *(.init6)
 *(.init6)
 *(.init7)
 *(.init7)
 *(.init8)
 *(.init8)
 *(.init9)
 .init9         0x0000000000000faa        0x8 /usr/local/Cellar/avr-gcc/8.1.0/lib/avr-gcc/8/gcc/avr/8.1.0/../../../../../../avr/lib/avr5/crtatmega32u4.o
 *(.init9)
 *(.text)
 .text          0x0000000000000fb2        0x4 /usr/local/Cellar/avr-gcc/8.1.0/lib/avr-gcc/8/gcc/avr/8.1.0/../../../../../../avr/lib/avr5/crtatmega32u4.o
                0x0000000000000fb2                __vector_42
                0x0000000000000fb2                __vector_22
                0x0000000000000fb2                __vector_28
                0x0000000000000fb2                __vector_1
                0x0000000000000fb2                __vector_32
                0x0000000000000fb2                __vector_34
                0x0000000000000fb2                __vector_24
                0x0000000000000fb2                __bad_interrupt
                0x0000000000000fb2                __vector_6
                0x0000000000000fb2                __vector_31
                0x0000000000000fb2                __vector_35
                0x0000000000000fb2                __vector_39
                0x0000000000000fb2                __vector_3
                0x0000000000000fb2                __vector_23
                0x0000000000000fb2                __vector_30
                0x0000000000000fb2                __vector_25
                0x0000000000000fb2                __vector_13
                0x0000000000000fb2                __vector_17
                0x0000000000000fb2                __vector_19
                0x0000000000000fb2                __vector_7
                0x0000000000000fb2                __vector_41
                0x0000000000000fb2                __vector_27
                0x0000000000000fb2                __vector_5
                0x0000000000000fb2                __vector_33
                0x0000000000000fb2                __vector_37
                0x0000000000000fb2                __vector_4
                0x0000000000000fb2                __vector_9
                0x0000000000000fb2                __vector_2
                0x0000000000000fb2                __vector_15
                0x0000000000000fb2                __vector_36
                0x0000000000000fb2                __vector_29
                0x0000000000000fb2                __vector_40
                0x0000000000000fb2                __vector_8
                0x0000000000000fb2                __vector_26
                0x0000000000000fb2                __vector_14
                0x0000000000000fb2                __vector_16
                0x0000000000000fb2                __vector_18
                0x0000000000000fb2                __vector_20
                0x0000000000000fb2                __vector_38
                0x0000000000000fb6                . = ALIGN (0x2)
 *(.text.*)
 .text.init_cols
                0x0000000000000fb6        0xe .build/obj_ergodox_ez_pydemia/matrix.o
 .text.unselect_rows
                0x0000000000000fc4       0x1e .build/obj_ergodox_ez_pydemia/matrix.o
 .text.select_row
                0x0000000000000fe2       0xa8 .build/obj_ergodox_ez_pydemia/matrix.o
 .text.read_cols
                0x000000000000108a       0x9c .build/obj_ergodox_ez_pydemia/matrix.o
 .text.matrix_scan_kb
                0x0000000000001126        0x4 .build/obj_ergodox_ez_pydemia/matrix.o
                0x0000000000001126                matrix_scan_kb
 .text.matrix_init
                0x000000000000112a       0x34 .build/obj_ergodox_ez_pydemia/matrix.o
                0x000000000000112a                matrix_init
 .text.matrix_power_up
                0x000000000000115e       0x26 .build/obj_ergodox_ez_pydemia/matrix.o
                0x000000000000115e                matrix_power_up
 .text.matrix_scan
                0x0000000000001184       0xb8 .build/obj_ergodox_ez_pydemia/matrix.o
                0x0000000000001184                matrix_scan
 .text.matrix_get_row
                0x000000000000123c        0xc .build/obj_ergodox_ez_pydemia/matrix.o
                0x000000000000123c                matrix_get_row
 .text.matrix_print
                0x0000000000001248        0x2 .build/obj_ergodox_ez_pydemia/matrix.o
                0x0000000000001248                matrix_print
 .text.i2c_init
                0x000000000000124a        0xc .build/obj_ergodox_ez_pydemia/i2c_master.o
                0x000000000000124a                i2c_init
 .text.i2c_start
                0x0000000000001256       0xb8 .build/obj_ergodox_ez_pydemia/i2c_master.o
                0x0000000000001256                i2c_start
 .text.i2c_write
                0x000000000000130e       0x5e .build/obj_ergodox_ez_pydemia/i2c_master.o
                0x000000000000130e                i2c_write
 .text.i2c_read_nack
                0x000000000000136c       0x48 .build/obj_ergodox_ez_pydemia/i2c_master.o
                0x000000000000136c                i2c_read_nack
 .text.i2c_stop
                0x00000000000013b4        0x8 .build/obj_ergodox_ez_pydemia/i2c_master.o
                0x00000000000013b4                i2c_stop
 .text.ergodox_right_led_1_on
                0x00000000000013bc        0x6 .build/obj_ergodox_ez_pydemia/keyboards/ergodox_ez/ergodox_ez.o
                0x00000000000013bc                ergodox_right_led_1_on
 .text.ergodox_right_led_2_on
                0x00000000000013c2        0x6 .build/obj_ergodox_ez_pydemia/keyboards/ergodox_ez/ergodox_ez.o
                0x00000000000013c2                ergodox_right_led_2_on
 .text.ergodox_right_led_3_on
                0x00000000000013c8        0x6 .build/obj_ergodox_ez_pydemia/keyboards/ergodox_ez/ergodox_ez.o
                0x00000000000013c8                ergodox_right_led_3_on
 .text.ergodox_board_led_off
                0x00000000000013ce        0x6 .build/obj_ergodox_ez_pydemia/keyboards/ergodox_ez/ergodox_ez.o
                0x00000000000013ce                ergodox_board_led_off
 .text.ergodox_right_led_1_off
                0x00000000000013d4        0x6 .build/obj_ergodox_ez_pydemia/keyboards/ergodox_ez/ergodox_ez.o
                0x00000000000013d4                ergodox_right_led_1_off
 .text.ergodox_right_led_2_off
                0x00000000000013da        0x6 .build/obj_ergodox_ez_pydemia/keyboards/ergodox_ez/ergodox_ez.o
                0x00000000000013da                ergodox_right_led_2_off
 .text.ergodox_right_led_3_off
                0x00000000000013e0        0x6 .build/obj_ergodox_ez_pydemia/keyboards/ergodox_ez/ergodox_ez.o
                0x00000000000013e0                ergodox_right_led_3_off
 .text.ergodox_led_all_off
                0x00000000000013e6       0x10 .build/obj_ergodox_ez_pydemia/keyboards/ergodox_ez/ergodox_ez.o
                0x00000000000013e6                ergodox_led_all_off
 .text.ergodox_led_all_set
                0x00000000000013f6       0x1c .build/obj_ergodox_ez_pydemia/keyboards/ergodox_ez/ergodox_ez.o
                0x00000000000013f6                ergodox_led_all_set
 .text.ergodox_blink_all_leds
                0x0000000000001412       0x80 .build/obj_ergodox_ez_pydemia/keyboards/ergodox_ez/ergodox_ez.o
                0x0000000000001412                ergodox_blink_all_leds
 .text.matrix_init_kb
                0x0000000000001492       0x2c .build/obj_ergodox_ez_pydemia/keyboards/ergodox_ez/ergodox_ez.o
                0x0000000000001492                matrix_init_kb
 .text.init_mcp23018
                0x00000000000014be       0xee .build/obj_ergodox_ez_pydemia/keyboards/ergodox_ez/ergodox_ez.o
                0x00000000000014be                init_mcp23018
 .text.dance_press_equal
                0x00000000000015ac       0x18 .build/obj_ergodox_ez_pydemia/keyboards/ergodox_ez/keymaps/pydemia/keymap.o
                0x00000000000015ac                dance_press_equal
 .text.dance_press_rassign
                0x00000000000015c4       0x30 .build/obj_ergodox_ez_pydemia/keyboards/ergodox_ez/keymaps/pydemia/keymap.o
                0x00000000000015c4                dance_press_rassign
 .text.action_get_macro
                0x00000000000015f4       0xf4 .build/obj_ergodox_ez_pydemia/keyboards/ergodox_ez/keymaps/pydemia/keymap.o
                0x00000000000015f4                action_get_macro
 .text.matrix_init_user
                0x00000000000016e8        0x2 .build/obj_ergodox_ez_pydemia/keyboards/ergodox_ez/keymaps/pydemia/keymap.o
                0x00000000000016e8                matrix_init_user
 .text.matrix_scan_user
                0x00000000000016ea       0x72 .build/obj_ergodox_ez_pydemia/keyboards/ergodox_ez/keymaps/pydemia/keymap.o
                0x00000000000016ea                matrix_scan_user
 .text.do_code16
                0x000000000000175c       0x6c .build/obj_ergodox_ez_pydemia/quantum/quantum.o
 .text.qk_register_weak_mods
                0x00000000000017c8       0x16 .build/obj_ergodox_ez_pydemia/quantum/quantum.o
 .text.qk_register_mods
                0x00000000000017de        0x4 .build/obj_ergodox_ez_pydemia/quantum/quantum.o
 .text.qk_unregister_weak_mods
                0x00000000000017e2       0x16 .build/obj_ergodox_ez_pydemia/quantum/quantum.o
 .text.qk_unregister_mods
                0x00000000000017f8        0x4 .build/obj_ergodox_ez_pydemia/quantum/quantum.o
 .text.register_code16
                0x00000000000017fc       0x2a .build/obj_ergodox_ez_pydemia/quantum/quantum.o
                0x00000000000017fc                register_code16
 .text.unregister_code16
                0x0000000000001826       0x2a .build/obj_ergodox_ez_pydemia/quantum/quantum.o
                0x0000000000001826                unregister_code16
 .text.tap_code16
                0x0000000000001850       0x14 .build/obj_ergodox_ez_pydemia/quantum/quantum.o
                0x0000000000001850                tap_code16
 .text.process_action_kb
                0x0000000000001864        0x4 .build/obj_ergodox_ez_pydemia/quantum/quantum.o
                0x0000000000001864                process_action_kb
 .text.process_record_user
                0x0000000000001868        0x4 .build/obj_ergodox_ez_pydemia/quantum/quantum.o
                0x0000000000001868                process_record_user
 .text.process_record_kb
                0x000000000000186c        0x4 .build/obj_ergodox_ez_pydemia/quantum/quantum.o
                0x000000000000186c                process_record_kb
 .text.get_event_keycode
                0x0000000000001870       0x62 .build/obj_ergodox_ez_pydemia/quantum/quantum.o
                0x0000000000001870                get_event_keycode
 .text.get_record_keycode
                0x00000000000018d2       0x10 .build/obj_ergodox_ez_pydemia/quantum/quantum.o
                0x00000000000018d2                get_record_keycode
 .text.send_char
                0x00000000000018e2       0x5c .build/obj_ergodox_ez_pydemia/quantum/quantum.o
                0x00000000000018e2                send_char
 .text.send_string_with_delay_P
                0x000000000000193e       0x74 .build/obj_ergodox_ez_pydemia/quantum/quantum.o
                0x000000000000193e                send_string_with_delay_P
 .text.send_string_P
                0x00000000000019b2        0x6 .build/obj_ergodox_ez_pydemia/quantum/quantum.o
                0x00000000000019b2                send_string_P
 .text.matrix_init_quantum
                0x00000000000019b8       0x14 .build/obj_ergodox_ez_pydemia/quantum/quantum.o
                0x00000000000019b8                matrix_init_quantum
 .text.matrix_scan_quantum
                0x00000000000019cc        0x8 .build/obj_ergodox_ez_pydemia/quantum/quantum.o
                0x00000000000019cc                matrix_scan_quantum
 .text.hex_to_keycode
                0x00000000000019d4       0x1c .build/obj_ergodox_ez_pydemia/quantum/quantum.o
                0x00000000000019d4                hex_to_keycode
 .text.led_set_user
                0x00000000000019f0        0x2 .build/obj_ergodox_ez_pydemia/quantum/quantum.o
                0x00000000000019f0                led_set_user
 .text.led_set_kb
                0x00000000000019f2        0x4 .build/obj_ergodox_ez_pydemia/quantum/quantum.o
                0x00000000000019f2                led_set_kb
 .text.led_set  0x00000000000019f6        0x4 .build/obj_ergodox_ez_pydemia/quantum/quantum.o
                0x00000000000019f6                led_set
 .text.shutdown_user
                0x00000000000019fa        0x2 .build/obj_ergodox_ez_pydemia/quantum/quantum.o
                0x00000000000019fa                shutdown_user
 .text.reset_keyboard
                0x00000000000019fc       0x1e .build/obj_ergodox_ez_pydemia/quantum/quantum.o
                0x00000000000019fc                reset_keyboard
 .text.process_record_quantum
                0x0000000000001a1a      0x442 .build/obj_ergodox_ez_pydemia/quantum/quantum.o
                0x0000000000001a1a                process_record_quantum
 .text.action_function
                0x0000000000001e5c        0x2 .build/obj_ergodox_ez_pydemia/quantum/keymap_common.o
                0x0000000000001e5c                action_function
 .text.keymap_key_to_keycode
                0x0000000000001e5e       0x28 .build/obj_ergodox_ez_pydemia/quantum/keymap_common.o
                0x0000000000001e5e                keymap_key_to_keycode
 .text.keymap_function_id_to_action
                0x0000000000001e86       0x10 .build/obj_ergodox_ez_pydemia/quantum/keymap_common.o
                0x0000000000001e86                keymap_function_id_to_action
 .text.action_for_key
                0x0000000000001e96      0x38c .build/obj_ergodox_ez_pydemia/quantum/keymap_common.o
                0x0000000000001e96                action_for_key
 .text.keycode_config
                0x0000000000002222       0xf6 .build/obj_ergodox_ez_pydemia/quantum/keycode_config.o
                0x0000000000002222                keycode_config
 .text.mod_config
                0x0000000000002318       0x46 .build/obj_ergodox_ez_pydemia/quantum/keycode_config.o
                0x0000000000002318                mod_config
 .text.debounce_init
                0x000000000000235e       0x28 .build/obj_ergodox_ez_pydemia/quantum/debounce/eager_pr.o
                0x000000000000235e                debounce_init
 .text.update_debounce_counters
                0x0000000000002386       0x7c .build/obj_ergodox_ez_pydemia/quantum/debounce/eager_pr.o
                0x0000000000002386                update_debounce_counters
 .text.transfer_matrix_values
                0x0000000000002402       0x72 .build/obj_ergodox_ez_pydemia/quantum/debounce/eager_pr.o
                0x0000000000002402                transfer_matrix_values
 .text.debounce
                0x0000000000002474       0x70 .build/obj_ergodox_ez_pydemia/quantum/debounce/eager_pr.o
                0x0000000000002474                debounce
 .text.process_unicode
                0x00000000000024e4       0x2a .build/obj_ergodox_ez_pydemia/quantum/process_keycode/process_unicode.o
                0x00000000000024e4                process_unicode
 .text.unicode_input_mode_init
                0x000000000000250e       0x20 .build/obj_ergodox_ez_pydemia/quantum/process_keycode/process_unicode_common.o
                0x000000000000250e                unicode_input_mode_init
 .text.persist_unicode_input_mode
                0x000000000000252e        0xc .build/obj_ergodox_ez_pydemia/quantum/process_keycode/process_unicode_common.o
                0x000000000000252e                persist_unicode_input_mode
 .text.unicode_input_start
                0x000000000000253a       0x58 .build/obj_ergodox_ez_pydemia/quantum/process_keycode/process_unicode_common.o
                0x000000000000253a                unicode_input_start
 .text.unicode_input_finish
                0x0000000000002592       0x30 .build/obj_ergodox_ez_pydemia/quantum/process_keycode/process_unicode_common.o
                0x0000000000002592                unicode_input_finish
 .text.register_hex
                0x00000000000025c2       0x3a .build/obj_ergodox_ez_pydemia/quantum/process_keycode/process_unicode_common.o
                0x00000000000025c2                register_hex
 .text.process_unicode_common
                0x00000000000025fc       0x6a .build/obj_ergodox_ez_pydemia/quantum/process_keycode/process_unicode_common.o
                0x00000000000025fc                process_unicode_common
 .text.hsv_to_rgb
                0x0000000000002666      0x12c .build/obj_ergodox_ez_pydemia/quantum/color.o
                0x0000000000002666                hsv_to_rgb
 .text.rgblight_effect_dummy
                0x0000000000002792        0x2 .build/obj_ergodox_ez_pydemia/quantum/rgblight.o
 .text.sethsv   0x0000000000002794       0x20 .build/obj_ergodox_ez_pydemia/quantum/rgblight.o
                0x0000000000002794                sethsv
 .text.rgblight_check_config
                0x00000000000027b4       0x1e .build/obj_ergodox_ez_pydemia/quantum/rgblight.o
                0x00000000000027b4                rgblight_check_config
 .text.eeconfig_read_rgblight
                0x00000000000027d2        0x8 .build/obj_ergodox_ez_pydemia/quantum/rgblight.o
                0x00000000000027d2                eeconfig_read_rgblight
 .text.eeconfig_update_rgblight
                0x00000000000027da       0x24 .build/obj_ergodox_ez_pydemia/quantum/rgblight.o
                0x00000000000027da                eeconfig_update_rgblight
 .text.eeconfig_update_rgblight_default
                0x00000000000027fe       0x1e .build/obj_ergodox_ez_pydemia/quantum/rgblight.o
                0x00000000000027fe                eeconfig_update_rgblight_default
 .text.rgblight_get_mode
                0x000000000000281c       0x10 .build/obj_ergodox_ez_pydemia/quantum/rgblight.o
                0x000000000000281c                rgblight_get_mode
 .text.rgblight_increase_speed
                0x000000000000282c       0x22 .build/obj_ergodox_ez_pydemia/quantum/rgblight.o
                0x000000000000282c                rgblight_increase_speed
 .text.rgblight_decrease_speed
                0x000000000000284e       0x22 .build/obj_ergodox_ez_pydemia/quantum/rgblight.o
                0x000000000000284e                rgblight_decrease_speed
 .text.rgblight_set
                0x0000000000002870       0x36 .build/obj_ergodox_ez_pydemia/quantum/rgblight.o
                0x0000000000002870                rgblight_set
 .text.rgblight_setrgb
                0x00000000000028a6       0x22 .build/obj_ergodox_ez_pydemia/quantum/rgblight.o
                0x00000000000028a6                rgblight_setrgb
 .text.rgblight_sethsv_noeeprom_old
                0x00000000000028c8       0x36 .build/obj_ergodox_ez_pydemia/quantum/rgblight.o
                0x00000000000028c8                rgblight_sethsv_noeeprom_old
 .text.rgblight_effect_breathing
                0x00000000000028fe       0x28 .build/obj_ergodox_ez_pydemia/quantum/rgblight.o
                0x00000000000028fe                rgblight_effect_breathing
 .text.rgblight_effect_rainbow_mood
                0x0000000000002926       0x20 .build/obj_ergodox_ez_pydemia/quantum/rgblight.o
                0x0000000000002926                rgblight_effect_rainbow_mood
 .text.rgblight_effect_rgbtest
                0x0000000000002946       0x82 .build/obj_ergodox_ez_pydemia/quantum/rgblight.o
                0x0000000000002946                rgblight_effect_rgbtest
 .text.rgblight_sethsv_eeprom_helper
                0x00000000000029c8      0x12c .build/obj_ergodox_ez_pydemia/quantum/rgblight.o
                0x00000000000029c8                rgblight_sethsv_eeprom_helper
 .text.rgblight_increase_hue_helper
                0x0000000000002af4       0x14 .build/obj_ergodox_ez_pydemia/quantum/rgblight.o
                0x0000000000002af4                rgblight_increase_hue_helper
 .text.rgblight_increase_hue
                0x0000000000002b08        0x6 .build/obj_ergodox_ez_pydemia/quantum/rgblight.o
                0x0000000000002b08                rgblight_increase_hue
 .text.rgblight_decrease_hue_helper
                0x0000000000002b0e       0x14 .build/obj_ergodox_ez_pydemia/quantum/rgblight.o
                0x0000000000002b0e                rgblight_decrease_hue_helper
 .text.rgblight_decrease_hue
                0x0000000000002b22        0x6 .build/obj_ergodox_ez_pydemia/quantum/rgblight.o
                0x0000000000002b22                rgblight_decrease_hue
 .text.rgblight_increase_sat_helper
                0x0000000000002b28       0x18 .build/obj_ergodox_ez_pydemia/quantum/rgblight.o
                0x0000000000002b28                rgblight_increase_sat_helper
 .text.rgblight_increase_sat
                0x0000000000002b40        0x6 .build/obj_ergodox_ez_pydemia/quantum/rgblight.o
                0x0000000000002b40                rgblight_increase_sat
 .text.rgblight_decrease_sat_helper
                0x0000000000002b46       0x18 .build/obj_ergodox_ez_pydemia/quantum/rgblight.o
                0x0000000000002b46                rgblight_decrease_sat_helper
 .text.rgblight_decrease_sat
                0x0000000000002b5e        0x6 .build/obj_ergodox_ez_pydemia/quantum/rgblight.o
                0x0000000000002b5e                rgblight_decrease_sat
 .text.rgblight_increase_val_helper
                0x0000000000002b64       0x18 .build/obj_ergodox_ez_pydemia/quantum/rgblight.o
                0x0000000000002b64                rgblight_increase_val_helper
 .text.rgblight_increase_val
                0x0000000000002b7c        0x6 .build/obj_ergodox_ez_pydemia/quantum/rgblight.o
                0x0000000000002b7c                rgblight_increase_val
 .text.rgblight_decrease_val_helper
                0x0000000000002b82       0x18 .build/obj_ergodox_ez_pydemia/quantum/rgblight.o
                0x0000000000002b82                rgblight_decrease_val_helper
 .text.rgblight_decrease_val
                0x0000000000002b9a        0x6 .build/obj_ergodox_ez_pydemia/quantum/rgblight.o
                0x0000000000002b9a                rgblight_decrease_val
 .text.rgblight_sethsv_noeeprom
                0x0000000000002ba0        0x6 .build/obj_ergodox_ez_pydemia/quantum/rgblight.o
                0x0000000000002ba0                rgblight_sethsv_noeeprom
 .text.rgblight_effect_rainbow_swirl
                0x0000000000002ba6       0x54 .build/obj_ergodox_ez_pydemia/quantum/rgblight.o
                0x0000000000002ba6                rgblight_effect_rainbow_swirl
 .text.rgblight_effect_snake
                0x0000000000002bfa       0xc2 .build/obj_ergodox_ez_pydemia/quantum/rgblight.o
                0x0000000000002bfa                rgblight_effect_snake
 .text.rgblight_effect_knight
                0x0000000000002cbc       0x9c .build/obj_ergodox_ez_pydemia/quantum/rgblight.o
                0x0000000000002cbc                rgblight_effect_knight
 .text.rgblight_effect_christmas
                0x0000000000002d58       0x68 .build/obj_ergodox_ez_pydemia/quantum/rgblight.o
                0x0000000000002d58                rgblight_effect_christmas
 .text.rgblight_effect_alternating
                0x0000000000002dc0       0x72 .build/obj_ergodox_ez_pydemia/quantum/rgblight.o
                0x0000000000002dc0                rgblight_effect_alternating
 .text.rgblight_disable
                0x0000000000002e32       0x30 .build/obj_ergodox_ez_pydemia/quantum/rgblight.o
                0x0000000000002e32                rgblight_disable
 .text.rgblight_timer_enable
                0x0000000000002e62       0x2c .build/obj_ergodox_ez_pydemia/quantum/rgblight.o
                0x0000000000002e62                rgblight_timer_enable
 .text.rgblight_mode_eeprom_helper
                0x0000000000002e8e       0x74 .build/obj_ergodox_ez_pydemia/quantum/rgblight.o
                0x0000000000002e8e                rgblight_mode_eeprom_helper
 .text.rgblight_step_helper
                0x0000000000002f02       0x16 .build/obj_ergodox_ez_pydemia/quantum/rgblight.o
                0x0000000000002f02                rgblight_step_helper
 .text.rgblight_step
                0x0000000000002f18        0x6 .build/obj_ergodox_ez_pydemia/quantum/rgblight.o
                0x0000000000002f18                rgblight_step
 .text.rgblight_step_reverse_helper
                0x0000000000002f1e       0x14 .build/obj_ergodox_ez_pydemia/quantum/rgblight.o
                0x0000000000002f1e                rgblight_step_reverse_helper
 .text.rgblight_step_reverse
                0x0000000000002f32        0x6 .build/obj_ergodox_ez_pydemia/quantum/rgblight.o
                0x0000000000002f32                rgblight_step_reverse
 .text.rgblight_mode
                0x0000000000002f38        0x6 .build/obj_ergodox_ez_pydemia/quantum/rgblight.o
                0x0000000000002f38                rgblight_mode
 .text.rgblight_enable
                0x0000000000002f3e       0x10 .build/obj_ergodox_ez_pydemia/quantum/rgblight.o
                0x0000000000002f3e                rgblight_enable
 .text.rgblight_toggle
                0x0000000000002f4e        0xe .build/obj_ergodox_ez_pydemia/quantum/rgblight.o
                0x0000000000002f4e                rgblight_toggle
 .text.rgblight_mode_noeeprom
                0x0000000000002f5c        0x6 .build/obj_ergodox_ez_pydemia/quantum/rgblight.o
                0x0000000000002f5c                rgblight_mode_noeeprom
 .text.rgblight_init
                0x0000000000002f62       0x70 .build/obj_ergodox_ez_pydemia/quantum/rgblight.o
                0x0000000000002f62                rgblight_init
 .text.rgblight_task
                0x0000000000002fd2      0x136 .build/obj_ergodox_ez_pydemia/quantum/rgblight.o
                0x0000000000002fd2                rgblight_task
 .text.I2C_WriteBit
                0x0000000000003108       0x38 .build/obj_ergodox_ez_pydemia/ws2812.o
                0x0000000000003108                I2C_WriteBit
 .text.I2C_Init
                0x0000000000003140       0x18 .build/obj_ergodox_ez_pydemia/ws2812.o
                0x0000000000003140                I2C_Init
 .text.I2C_Start
                0x0000000000003158       0x28 .build/obj_ergodox_ez_pydemia/ws2812.o
                0x0000000000003158                I2C_Start
 .text.I2C_Stop
                0x0000000000003180       0x1a .build/obj_ergodox_ez_pydemia/ws2812.o
                0x0000000000003180                I2C_Stop
 .text.I2C_Write
                0x000000000000319a       0x34 .build/obj_ergodox_ez_pydemia/ws2812.o
                0x000000000000319a                I2C_Write
 .text.ws2812_sendarray_mask
                0x00000000000031ce       0x44 .build/obj_ergodox_ez_pydemia/ws2812.o
                0x00000000000031ce                ws2812_sendarray_mask
 .text.ws2812_setleds_rgbw
                0x0000000000003212       0x80 .build/obj_ergodox_ez_pydemia/ws2812.o
                0x0000000000003212                ws2812_setleds_rgbw
 .text.process_tap_dance_action_on_dance_finished.part.0
                0x0000000000003292       0x36 .build/obj_ergodox_ez_pydemia/quantum/process_keycode/process_tap_dance.o
 .text.qk_tap_dance_pair_on_each_tap
                0x00000000000032c8       0x20 .build/obj_ergodox_ez_pydemia/quantum/process_keycode/process_tap_dance.o
                0x00000000000032c8                qk_tap_dance_pair_on_each_tap
 .text.qk_tap_dance_pair_finished
                0x00000000000032e8       0x20 .build/obj_ergodox_ez_pydemia/quantum/process_keycode/process_tap_dance.o
                0x00000000000032e8                qk_tap_dance_pair_finished
 .text.qk_tap_dance_pair_reset
                0x0000000000003308       0x20 .build/obj_ergodox_ez_pydemia/quantum/process_keycode/process_tap_dance.o
                0x0000000000003308                qk_tap_dance_pair_reset
 .text.reset_tap_dance
                0x0000000000003328       0x8a .build/obj_ergodox_ez_pydemia/quantum/process_keycode/process_tap_dance.o
                0x0000000000003328                reset_tap_dance
 .text.preprocess_tap_dance
                0x00000000000033b2       0x8c .build/obj_ergodox_ez_pydemia/quantum/process_keycode/process_tap_dance.o
                0x00000000000033b2                preprocess_tap_dance
 .text.process_tap_dance
                0x000000000000343e       0xb4 .build/obj_ergodox_ez_pydemia/quantum/process_keycode/process_tap_dance.o
                0x000000000000343e                process_tap_dance
 .text.matrix_scan_tap_dance
                0x00000000000034f2       0x9e .build/obj_ergodox_ez_pydemia/quantum/process_keycode/process_tap_dance.o
                0x00000000000034f2                matrix_scan_tap_dance
 .text.perform_space_cadet
                0x0000000000003590       0xda .build/obj_ergodox_ez_pydemia/quantum/process_keycode/process_space_cadet.o
                0x0000000000003590                perform_space_cadet
 .text.process_space_cadet
                0x000000000000366a       0x82 .build/obj_ergodox_ez_pydemia/quantum/process_keycode/process_space_cadet.o
                0x000000000000366a                process_space_cadet
 .text.host_set_driver
                0x00000000000036ec        0xa .build/obj_ergodox_ez_pydemia/common/host.o
                0x00000000000036ec                host_set_driver
 .text.host_keyboard_leds
                0x00000000000036f6       0x18 .build/obj_ergodox_ez_pydemia/common/host.o
                0x00000000000036f6                host_keyboard_leds
 .text.host_keyboard_send
                0x000000000000370e       0x34 .build/obj_ergodox_ez_pydemia/common/host.o
                0x000000000000370e                host_keyboard_send
 .text.host_mouse_send
                0x0000000000003742       0x1c .build/obj_ergodox_ez_pydemia/common/host.o
                0x0000000000003742                host_mouse_send
 .text.host_system_send
                0x000000000000375e       0x2c .build/obj_ergodox_ez_pydemia/common/host.o
                0x000000000000375e                host_system_send
 .text.host_consumer_send
                0x000000000000378a       0x2c .build/obj_ergodox_ez_pydemia/common/host.o
                0x000000000000378a                host_consumer_send
 .text.disable_jtag
                0x00000000000037b6        0xe .build/obj_ergodox_ez_pydemia/common/keyboard.o
                0x00000000000037b6                disable_jtag
 .text.keyboard_pre_init_user
                0x00000000000037c4        0x2 .build/obj_ergodox_ez_pydemia/common/keyboard.o
                0x00000000000037c4                keyboard_pre_init_user
 .text.matrix_setup
                0x00000000000037c6        0x2 .build/obj_ergodox_ez_pydemia/common/keyboard.o
                0x00000000000037c6                matrix_setup
 .text.keyboard_pre_init_kb
                0x00000000000037c8        0x4 .build/obj_ergodox_ez_pydemia/common/keyboard.o
                0x00000000000037c8                keyboard_pre_init_kb
 .text.keyboard_post_init_user
                0x00000000000037cc        0x2 .build/obj_ergodox_ez_pydemia/common/keyboard.o
                0x00000000000037cc                keyboard_post_init_user
 .text.keyboard_post_init_kb
                0x00000000000037ce        0x4 .build/obj_ergodox_ez_pydemia/common/keyboard.o
                0x00000000000037ce                keyboard_post_init_kb
 .text.keyboard_setup
                0x00000000000037d2        0xc .build/obj_ergodox_ez_pydemia/common/keyboard.o
                0x00000000000037d2                keyboard_setup
 .text.is_keyboard_master
                0x00000000000037de        0x4 .build/obj_ergodox_ez_pydemia/common/keyboard.o
                0x00000000000037de                is_keyboard_master
 .text.keyboard_init
                0x00000000000037e2       0x14 .build/obj_ergodox_ez_pydemia/common/keyboard.o
                0x00000000000037e2                keyboard_init
 .text.keyboard_task
                0x00000000000037f6      0x154 .build/obj_ergodox_ez_pydemia/common/keyboard.o
                0x00000000000037f6                keyboard_task
 .text.process_hand_swap
                0x000000000000394a       0x70 .build/obj_ergodox_ez_pydemia/common/action.o
                0x000000000000394a                process_hand_swap
 .text.action_exec
                0x00000000000039ba       0x70 .build/obj_ergodox_ez_pydemia/common/action.o
                0x00000000000039ba                action_exec
 .text.process_record_tap_hint
                0x0000000000003a2a       0x24 .build/obj_ergodox_ez_pydemia/common/action.o
                0x0000000000003a2a                process_record_tap_hint
 .text.register_code
                0x0000000000003a4e      0x1da .build/obj_ergodox_ez_pydemia/common/action.o
                0x0000000000003a4e                register_code
 .text.unregister_code
                0x0000000000003c28       0xac .build/obj_ergodox_ez_pydemia/common/action.o
                0x0000000000003c28                unregister_code
 .text.tap_code
                0x0000000000003cd4       0x10 .build/obj_ergodox_ez_pydemia/common/action.o
                0x0000000000003cd4                tap_code
 .text.register_mods
                0x0000000000003ce4        0xe .build/obj_ergodox_ez_pydemia/common/action.o
                0x0000000000003ce4                register_mods
 .text.unregister_mods
                0x0000000000003cf2        0xe .build/obj_ergodox_ez_pydemia/common/action.o
                0x0000000000003cf2                unregister_mods
 .text.process_action
                0x0000000000003d00      0x550 .build/obj_ergodox_ez_pydemia/common/action.o
                0x0000000000003d00                process_action
 .text.process_record
                0x0000000000004250       0x54 .build/obj_ergodox_ez_pydemia/common/action.o
                0x0000000000004250                process_record
 .text.clear_keyboard_but_mods_and_keys
                0x00000000000042a4       0x24 .build/obj_ergodox_ez_pydemia/common/action.o
                0x00000000000042a4                clear_keyboard_but_mods_and_keys
 .text.clear_keyboard_but_mods
                0x00000000000042c8        0x8 .build/obj_ergodox_ez_pydemia/common/action.o
                0x00000000000042c8                clear_keyboard_but_mods
 .text.clear_keyboard
                0x00000000000042d0        0x8 .build/obj_ergodox_ez_pydemia/common/action.o
                0x00000000000042d0                clear_keyboard
 .text.is_tap_action
                0x00000000000042d8       0x3e .build/obj_ergodox_ez_pydemia/common/action.o
                0x00000000000042d8                is_tap_action
 .text.is_tap_key
                0x0000000000004316        0x8 .build/obj_ergodox_ez_pydemia/common/action.o
                0x0000000000004316                is_tap_key
 .text.debug_event
                0x000000000000431e       0x1e .build/obj_ergodox_ez_pydemia/common/action.o
                0x000000000000431e                debug_event
 .text.debug_record
                0x000000000000433c       0x20 .build/obj_ergodox_ez_pydemia/common/action.o
                0x000000000000433c                debug_record
 .text.debug_waiting_buffer
                0x000000000000435c       0x42 .build/obj_ergodox_ez_pydemia/common/action_tapping.o
 .text.debug_tapping_key
                0x000000000000439e       0x1c .build/obj_ergodox_ez_pydemia/common/action_tapping.o
 .text.waiting_buffer_scan_tap
                0x00000000000043ba       0xc8 .build/obj_ergodox_ez_pydemia/common/action_tapping.o
 .text.process_tapping
                0x0000000000004482      0x38e .build/obj_ergodox_ez_pydemia/common/action_tapping.o
 .text.action_tapping_process
                0x0000000000004810      0x134 .build/obj_ergodox_ez_pydemia/common/action_tapping.o
                0x0000000000004810                action_tapping_process
 .text.action_macro_play
                0x0000000000004944       0xf0 .build/obj_ergodox_ez_pydemia/common/action_macro.o
                0x0000000000004944                action_macro_play
 .text.default_layer_state_set_user
                0x0000000000004a34        0x2 .build/obj_ergodox_ez_pydemia/common/action_layer.o
                0x0000000000004a34                default_layer_state_set_user
 .text.default_layer_state_set_kb
                0x0000000000004a36        0x4 .build/obj_ergodox_ez_pydemia/common/action_layer.o
                0x0000000000004a36                default_layer_state_set_kb
 .text.default_layer_state_set
                0x0000000000004a3a       0x18 .build/obj_ergodox_ez_pydemia/common/action_layer.o
 .text.default_layer_debug
                0x0000000000004a52        0x2 .build/obj_ergodox_ez_pydemia/common/action_layer.o
                0x0000000000004a52                default_layer_debug
 .text.default_layer_set
                0x0000000000004a54        0x4 .build/obj_ergodox_ez_pydemia/common/action_layer.o
                0x0000000000004a54                default_layer_set
 .text.default_layer_or
                0x0000000000004a58       0x24 .build/obj_ergodox_ez_pydemia/common/action_layer.o
                0x0000000000004a58                default_layer_or
 .text.default_layer_and
                0x0000000000004a7c       0x24 .build/obj_ergodox_ez_pydemia/common/action_layer.o
                0x0000000000004a7c                default_layer_and
 .text.default_layer_xor
                0x0000000000004aa0       0x24 .build/obj_ergodox_ez_pydemia/common/action_layer.o
                0x0000000000004aa0                default_layer_xor
 .text.layer_state_set_user
                0x0000000000004ac4        0x4 .build/obj_ergodox_ez_pydemia/common/action_layer.o
                0x0000000000004ac4                layer_state_set_user
 .text.layer_state_set_kb
                0x0000000000004ac8        0x4 .build/obj_ergodox_ez_pydemia/common/action_layer.o
                0x0000000000004ac8                layer_state_set_kb
 .text.layer_state_set
                0x0000000000004acc       0x18 .build/obj_ergodox_ez_pydemia/common/action_layer.o
                0x0000000000004acc                layer_state_set
 .text.layer_clear
                0x0000000000004ae4        0xa .build/obj_ergodox_ez_pydemia/common/action_layer.o
                0x0000000000004ae4                layer_clear
 .text.layer_move
                0x0000000000004aee       0x2a .build/obj_ergodox_ez_pydemia/common/action_layer.o
                0x0000000000004aee                layer_move
 .text.layer_on
                0x0000000000004b18       0x42 .build/obj_ergodox_ez_pydemia/common/action_layer.o
                0x0000000000004b18                layer_on
 .text.layer_off
                0x0000000000004b5a       0x46 .build/obj_ergodox_ez_pydemia/common/action_layer.o
                0x0000000000004b5a                layer_off
 .text.layer_invert
                0x0000000000004ba0       0x42 .build/obj_ergodox_ez_pydemia/common/action_layer.o
                0x0000000000004ba0                layer_invert
 .text.layer_or
                0x0000000000004be2       0x24 .build/obj_ergodox_ez_pydemia/common/action_layer.o
                0x0000000000004be2                layer_or
 .text.layer_and
                0x0000000000004c06       0x24 .build/obj_ergodox_ez_pydemia/common/action_layer.o
                0x0000000000004c06                layer_and
 .text.layer_xor
                0x0000000000004c2a       0x24 .build/obj_ergodox_ez_pydemia/common/action_layer.o
                0x0000000000004c2a                layer_xor
 .text.layer_debug
                0x0000000000004c4e        0x2 .build/obj_ergodox_ez_pydemia/common/action_layer.o
                0x0000000000004c4e                layer_debug
 .text.update_source_layers_cache
                0x0000000000004c50       0x5c .build/obj_ergodox_ez_pydemia/common/action_layer.o
                0x0000000000004c50                update_source_layers_cache
 .text.read_source_layers_cache
                0x0000000000004cac       0x52 .build/obj_ergodox_ez_pydemia/common/action_layer.o
                0x0000000000004cac                read_source_layers_cache
 .text.layer_switch_get_layer
                0x0000000000004cfe       0x84 .build/obj_ergodox_ez_pydemia/common/action_layer.o
                0x0000000000004cfe                layer_switch_get_layer
 .text.layer_switch_get_action
                0x0000000000004d82       0x14 .build/obj_ergodox_ez_pydemia/common/action_layer.o
                0x0000000000004d82                layer_switch_get_action
 .text.store_or_get_action
                0x0000000000004d96       0x48 .build/obj_ergodox_ez_pydemia/common/action_layer.o
                0x0000000000004d96                store_or_get_action
 .text.add_key  0x0000000000004dde        0xe .build/obj_ergodox_ez_pydemia/common/action_util.o
                0x0000000000004dde                add_key
 .text.del_key  0x0000000000004dec        0xe .build/obj_ergodox_ez_pydemia/common/action_util.o
                0x0000000000004dec                del_key
 .text.clear_keys
                0x0000000000004dfa        0xc .build/obj_ergodox_ez_pydemia/common/action_util.o
                0x0000000000004dfa                clear_keys
 .text.get_oneshot_layer
                0x0000000000004e06        0xc .build/obj_ergodox_ez_pydemia/common/action_util.o
                0x0000000000004e06                get_oneshot_layer
 .text.get_oneshot_layer_state
                0x0000000000004e12        0x8 .build/obj_ergodox_ez_pydemia/common/action_util.o
                0x0000000000004e12                get_oneshot_layer_state
 .text.is_oneshot_layer_active
                0x0000000000004e1a        0xe .build/obj_ergodox_ez_pydemia/common/action_util.o
                0x0000000000004e1a                is_oneshot_layer_active
 .text.get_mods
                0x0000000000004e28        0x6 .build/obj_ergodox_ez_pydemia/common/action_util.o
                0x0000000000004e28                get_mods
 .text.add_mods
                0x0000000000004e2e        0xc .build/obj_ergodox_ez_pydemia/common/action_util.o
                0x0000000000004e2e                add_mods
 .text.del_mods
                0x0000000000004e3a        0xe .build/obj_ergodox_ez_pydemia/common/action_util.o
                0x0000000000004e3a                del_mods
 .text.set_mods
                0x0000000000004e48        0x6 .build/obj_ergodox_ez_pydemia/common/action_util.o
                0x0000000000004e48                set_mods
 .text.clear_mods
                0x0000000000004e4e        0x6 .build/obj_ergodox_ez_pydemia/common/action_util.o
                0x0000000000004e4e                clear_mods
 .text.get_weak_mods
                0x0000000000004e54        0x6 .build/obj_ergodox_ez_pydemia/common/action_util.o
                0x0000000000004e54                get_weak_mods
 .text.add_weak_mods
                0x0000000000004e5a        0xc .build/obj_ergodox_ez_pydemia/common/action_util.o
                0x0000000000004e5a                add_weak_mods
 .text.del_weak_mods
                0x0000000000004e66        0xe .build/obj_ergodox_ez_pydemia/common/action_util.o
                0x0000000000004e66                del_weak_mods
 .text.clear_weak_mods
                0x0000000000004e74        0x6 .build/obj_ergodox_ez_pydemia/common/action_util.o
                0x0000000000004e74                clear_weak_mods
 .text.add_macro_mods
                0x0000000000004e7a        0xc .build/obj_ergodox_ez_pydemia/common/action_util.o
                0x0000000000004e7a                add_macro_mods
 .text.del_macro_mods
                0x0000000000004e86        0xe .build/obj_ergodox_ez_pydemia/common/action_util.o
                0x0000000000004e86                del_macro_mods
 .text.clear_macro_mods
                0x0000000000004e94        0x6 .build/obj_ergodox_ez_pydemia/common/action_util.o
                0x0000000000004e94                clear_macro_mods
 .text.get_oneshot_mods
                0x0000000000004e9a        0x6 .build/obj_ergodox_ez_pydemia/common/action_util.o
                0x0000000000004e9a                get_oneshot_mods
 .text.oneshot_mods_changed_user
                0x0000000000004ea0        0x2 .build/obj_ergodox_ez_pydemia/common/action_util.o
                0x0000000000004ea0                oneshot_mods_changed_user
 .text.oneshot_mods_changed_kb
                0x0000000000004ea2        0x4 .build/obj_ergodox_ez_pydemia/common/action_util.o
                0x0000000000004ea2                oneshot_mods_changed_kb
 .text.set_oneshot_mods
                0x0000000000004ea6       0x12 .build/obj_ergodox_ez_pydemia/common/action_util.o
                0x0000000000004ea6                set_oneshot_mods
 .text.clear_oneshot_mods
                0x0000000000004eb8       0x14 .build/obj_ergodox_ez_pydemia/common/action_util.o
                0x0000000000004eb8                clear_oneshot_mods
 .text.send_keyboard_report
                0x0000000000004ecc       0x66 .build/obj_ergodox_ez_pydemia/common/action_util.o
                0x0000000000004ecc                send_keyboard_report
 .text.oneshot_layer_changed_user
                0x0000000000004f32        0x2 .build/obj_ergodox_ez_pydemia/common/action_util.o
                0x0000000000004f32                oneshot_layer_changed_user
 .text.oneshot_layer_changed_kb
                0x0000000000004f34        0x4 .build/obj_ergodox_ez_pydemia/common/action_util.o
                0x0000000000004f34                oneshot_layer_changed_kb
 .text.set_oneshot_layer
                0x0000000000004f38       0x20 .build/obj_ergodox_ez_pydemia/common/action_util.o
                0x0000000000004f38                set_oneshot_layer
 .text.reset_oneshot_layer
                0x0000000000004f58        0xa .build/obj_ergodox_ez_pydemia/common/action_util.o
                0x0000000000004f58                reset_oneshot_layer
 .text.clear_oneshot_layer_state
                0x0000000000004f62       0x30 .build/obj_ergodox_ez_pydemia/common/action_util.o
                0x0000000000004f62                clear_oneshot_layer_state
 .text.biton32  0x0000000000004f92       0x9a .build/obj_ergodox_ez_pydemia/common/util.o
                0x0000000000004f92                biton32
 .text.eeconfig_is_enabled
                0x000000000000502c       0x16 .build/obj_ergodox_ez_pydemia/common/eeconfig.o
                0x000000000000502c                eeconfig_is_enabled
 .text.eeconfig_read_debug
                0x0000000000005042        0x8 .build/obj_ergodox_ez_pydemia/common/eeconfig.o
                0x0000000000005042                eeconfig_read_debug
 .text.eeconfig_read_default_layer
                0x000000000000504a        0x8 .build/obj_ergodox_ez_pydemia/common/eeconfig.o
                0x000000000000504a                eeconfig_read_default_layer
 .text.eeconfig_read_keymap
                0x0000000000005052        0x8 .build/obj_ergodox_ez_pydemia/common/eeconfig.o
                0x0000000000005052                eeconfig_read_keymap
 .text.eeconfig_update_keymap
                0x000000000000505a        0xa .build/obj_ergodox_ez_pydemia/common/eeconfig.o
                0x000000000000505a                eeconfig_update_keymap
 .text.eeconfig_update_kb
                0x0000000000005064        0xc .build/obj_ergodox_ez_pydemia/common/eeconfig.o
                0x0000000000005064                eeconfig_update_kb
 .text.eeconfig_update_user
                0x0000000000005070        0xc .build/obj_ergodox_ez_pydemia/common/eeconfig.o
                0x0000000000005070                eeconfig_update_user
 .text.eeconfig_init_user
                0x000000000000507c        0xa .build/obj_ergodox_ez_pydemia/common/eeconfig.o
                0x000000000000507c                eeconfig_init_user
 .text.eeconfig_init_kb
                0x0000000000005086        0xe .build/obj_ergodox_ez_pydemia/common/eeconfig.o
                0x0000000000005086                eeconfig_init_kb
 .text.eeconfig_init_quantum
                0x0000000000005094       0x8c .build/obj_ergodox_ez_pydemia/common/eeconfig.o
                0x0000000000005094                eeconfig_init_quantum
 .text.eeconfig_init
                0x0000000000005120        0x4 .build/obj_ergodox_ez_pydemia/common/eeconfig.o
                0x0000000000005120                eeconfig_init
 .text.has_anykey
                0x0000000000005124       0x28 .build/obj_ergodox_ez_pydemia/common/report.o
                0x0000000000005124                has_anykey
 .text.add_key_byte
                0x000000000000514c       0x34 .build/obj_ergodox_ez_pydemia/common/report.o
                0x000000000000514c                add_key_byte
 .text.del_key_byte
                0x0000000000005180       0x1a .build/obj_ergodox_ez_pydemia/common/report.o
                0x0000000000005180                del_key_byte
 .text.add_key_bit
                0x000000000000519a       0x28 .build/obj_ergodox_ez_pydemia/common/report.o
                0x000000000000519a                add_key_bit
 .text.del_key_bit
                0x00000000000051c2       0x2a .build/obj_ergodox_ez_pydemia/common/report.o
                0x00000000000051c2                del_key_bit
 .text.add_key_to_report
                0x00000000000051ec       0x16 .build/obj_ergodox_ez_pydemia/common/report.o
                0x00000000000051ec                add_key_to_report
 .text.del_key_from_report
                0x0000000000005202       0x16 .build/obj_ergodox_ez_pydemia/common/report.o
                0x0000000000005202                del_key_from_report
 .text.clear_keys_from_report
                0x0000000000005218       0x24 .build/obj_ergodox_ez_pydemia/common/report.o
                0x0000000000005218                clear_keys_from_report
 .text.suspend_power_down_user
                0x000000000000523c        0x2 .build/obj_ergodox_ez_pydemia/common/avr/suspend.o
                0x000000000000523c                suspend_power_down_user
 .text.suspend_power_down_kb
                0x000000000000523e        0x4 .build/obj_ergodox_ez_pydemia/common/avr/suspend.o
                0x000000000000523e                suspend_power_down_kb
 .text.suspend_power_down
                0x0000000000005242       0x60 .build/obj_ergodox_ez_pydemia/common/avr/suspend.o
                0x0000000000005242                suspend_power_down
 .text.matrix_power_down
                0x00000000000052a2        0x2 .build/obj_ergodox_ez_pydemia/common/avr/suspend.o
                0x00000000000052a2                matrix_power_down
 .text.suspend_wakeup_condition
                0x00000000000052a4       0x28 .build/obj_ergodox_ez_pydemia/common/avr/suspend.o
                0x00000000000052a4                suspend_wakeup_condition
 .text.suspend_wakeup_init_user
                0x00000000000052cc        0x2 .build/obj_ergodox_ez_pydemia/common/avr/suspend.o
                0x00000000000052cc                suspend_wakeup_init_user
 .text.suspend_wakeup_init_kb
                0x00000000000052ce        0x4 .build/obj_ergodox_ez_pydemia/common/avr/suspend.o
                0x00000000000052ce                suspend_wakeup_init_kb
 .text.suspend_wakeup_init
                0x00000000000052d2       0x10 .build/obj_ergodox_ez_pydemia/common/avr/suspend.o
                0x00000000000052d2                suspend_wakeup_init
 .text.__vector_12
                0x00000000000052e2       0x4e .build/obj_ergodox_ez_pydemia/common/avr/suspend.o
                0x00000000000052e2                __vector_12
 .text.timer_init
                0x0000000000005330       0x12 .build/obj_ergodox_ez_pydemia/common/avr/timer.o
                0x0000000000005330                timer_init
 .text.timer_read
                0x0000000000005342       0x18 .build/obj_ergodox_ez_pydemia/common/avr/timer.o
                0x0000000000005342                timer_read
 .text.timer_elapsed
                0x000000000000535a       0x54 .build/obj_ergodox_ez_pydemia/common/avr/timer.o
                0x000000000000535a                timer_elapsed
 .text.__vector_21
                0x00000000000053ae       0x48 .build/obj_ergodox_ez_pydemia/common/avr/timer.o
                0x00000000000053ae                __vector_21
 .text.bootloader_jump
                0x00000000000053f6       0x64 .build/obj_ergodox_ez_pydemia/common/avr/bootloader.o
                0x00000000000053f6                bootloader_jump
 .text.magic    0x000000000000545a       0x32 .build/obj_ergodox_ez_pydemia/common/magic.o
                0x000000000000545a                magic
 .text.move_unit
                0x000000000000548c       0x94 .build/obj_ergodox_ez_pydemia/common/mousekey.o
 .text.wheel_unit
                0x0000000000005520       0x72 .build/obj_ergodox_ez_pydemia/common/mousekey.o
 .text.mousekey_on
                0x0000000000005592       0xd0 .build/obj_ergodox_ez_pydemia/common/mousekey.o
                0x0000000000005592                mousekey_on
 .text.mousekey_off
                0x0000000000005662       0xfe .build/obj_ergodox_ez_pydemia/common/mousekey.o
                0x0000000000005662                mousekey_off
 .text.mousekey_send
                0x0000000000005760       0x16 .build/obj_ergodox_ez_pydemia/common/mousekey.o
                0x0000000000005760                mousekey_send
 .text.mousekey_task
                0x0000000000005776      0x12e .build/obj_ergodox_ez_pydemia/common/mousekey.o
                0x0000000000005776                mousekey_task
 .text.mousekey_clear
                0x00000000000058a4       0x18 .build/obj_ergodox_ez_pydemia/common/mousekey.o
                0x00000000000058a4                mousekey_clear
 .text.mousekey_param_inc
                0x00000000000058bc       0xec .build/obj_ergodox_ez_pydemia/common/command.o
 .text.mousekey_param_dec
                0x00000000000059a8       0xa0 .build/obj_ergodox_ez_pydemia/common/command.o
 .text.switch_default_layer
                0x0000000000005a48       0x2e .build/obj_ergodox_ez_pydemia/common/command.o
 .text.command_common
                0x0000000000005a76       0xd8 .build/obj_ergodox_ez_pydemia/common/command.o
 .text.command_extra
                0x0000000000005b4e        0x4 .build/obj_ergodox_ez_pydemia/common/command.o
                0x0000000000005b4e                command_extra
 .text.command_console_extra
                0x0000000000005b52        0x4 .build/obj_ergodox_ez_pydemia/common/command.o
                0x0000000000005b52                command_console_extra
 .text.numkey2num
                0x0000000000005b56       0x16 .build/obj_ergodox_ez_pydemia/common/command.o
                0x0000000000005b56                numkey2num
 .text.command_proc
                0x0000000000005b6c      0x120 .build/obj_ergodox_ez_pydemia/common/command.o
                0x0000000000005b6c                command_proc
 .text.keyboard_leds
                0x0000000000005c8c        0x6 .build/obj_ergodox_ez_pydemia/lufa.o
 .text.send_consumer
                0x0000000000005c92       0x76 .build/obj_ergodox_ez_pydemia/lufa.o
 .text.send_system
                0x0000000000005d08       0x6c .build/obj_ergodox_ez_pydemia/lufa.o
 .text.send_mouse
                0x0000000000005d74       0x56 .build/obj_ergodox_ez_pydemia/lufa.o
 .text.send_keyboard
                0x0000000000005dca       0x8c .build/obj_ergodox_ez_pydemia/lufa.o
 .text.EVENT_USB_Device_Connect
                0x0000000000005e56       0x1c .build/obj_ergodox_ez_pydemia/lufa.o
                0x0000000000005e56                EVENT_USB_Device_Connect
 .text.EVENT_USB_Device_Disconnect
                0x0000000000005e72        0x6 .build/obj_ergodox_ez_pydemia/lufa.o
                0x0000000000005e72                EVENT_USB_Device_Disconnect
 .text.EVENT_USB_Device_Reset
                0x0000000000005e78        0x2 .build/obj_ergodox_ez_pydemia/lufa.o
                0x0000000000005e78                EVENT_USB_Device_Reset
 .text.EVENT_USB_Device_Suspend
                0x0000000000005e7a        0x2 .build/obj_ergodox_ez_pydemia/lufa.o
                0x0000000000005e7a                EVENT_USB_Device_Suspend
 .text.EVENT_USB_Device_WakeUp
                0x0000000000005e7c        0x4 .build/obj_ergodox_ez_pydemia/lufa.o
                0x0000000000005e7c                EVENT_USB_Device_WakeUp
 .text.EVENT_USB_Device_ConfigurationChanged
                0x0000000000005e80       0x14 .build/obj_ergodox_ez_pydemia/lufa.o
                0x0000000000005e80                EVENT_USB_Device_ConfigurationChanged
 .text.EVENT_USB_Device_ControlRequest
                0x0000000000005e94      0x16e .build/obj_ergodox_ez_pydemia/lufa.o
                0x0000000000005e94                EVENT_USB_Device_ControlRequest
 .text.startup.main
                0x0000000000006002       0x7a .build/obj_ergodox_ez_pydemia/lufa.o
                0x0000000000006002                main
 .text.CALLBACK_USB_GetDescriptor
                0x000000000000607c        0x4 .build/obj_ergodox_ez_pydemia/lufa.o
                0x000000000000607c                CALLBACK_USB_GetDescriptor
 .text.get_usb_descriptor
                0x0000000000006080       0xbc .build/obj_ergodox_ez_pydemia/usb_descriptor.o
                0x0000000000006080                get_usb_descriptor
 .text.set_output_user
                0x000000000000613c        0x2 .build/obj_ergodox_ez_pydemia/outputselect.o
                0x000000000000613c                set_output_user
 .text.set_output
                0x000000000000613e       0x10 .build/obj_ergodox_ez_pydemia/outputselect.o
                0x000000000000613e                set_output
 .text.auto_detect_output
                0x000000000000614e       0x10 .build/obj_ergodox_ez_pydemia/outputselect.o
                0x000000000000614e                auto_detect_output
 .text.where_to_send
                0x000000000000615e        0xe .build/obj_ergodox_ez_pydemia/outputselect.o
                0x000000000000615e                where_to_send
 .text.USB_Device_SendRemoteWakeup
                0x000000000000616c       0x2c .build/obj_ergodox_ez_pydemia/lib/lufa/LUFA/Drivers/USB/Core/AVR8/Device_AVR8.o
                0x000000000000616c                USB_Device_SendRemoteWakeup
 .text.Endpoint_Write_Stream_LE
                0x0000000000006198       0x9e .build/obj_ergodox_ez_pydemia/lib/lufa/LUFA/Drivers/USB/Core/AVR8/EndpointStream_AVR8.o
                0x0000000000006198                Endpoint_Write_Stream_LE
 .text.Endpoint_Write_Control_Stream_LE
                0x0000000000006236       0xbc .build/obj_ergodox_ez_pydemia/lib/lufa/LUFA/Drivers/USB/Core/AVR8/EndpointStream_AVR8.o
                0x0000000000006236                Endpoint_Write_Control_Stream_LE
 .text.Endpoint_Write_Control_PStream_LE
                0x00000000000062f2       0xbe .build/obj_ergodox_ez_pydemia/lib/lufa/LUFA/Drivers/USB/Core/AVR8/EndpointStream_AVR8.o
                0x00000000000062f2                Endpoint_Write_Control_PStream_LE
 .text.Endpoint_ConfigureEndpoint_Prv
                0x00000000000063b0       0x68 .build/obj_ergodox_ez_pydemia/lib/lufa/LUFA/Drivers/USB/Core/AVR8/Endpoint_AVR8.o
                0x00000000000063b0                Endpoint_ConfigureEndpoint_Prv
 .text.Endpoint_ClearStatusStage
                0x0000000000006418       0x3e .build/obj_ergodox_ez_pydemia/lib/lufa/LUFA/Drivers/USB/Core/AVR8/Endpoint_AVR8.o
                0x0000000000006418                Endpoint_ClearStatusStage
 .text.Endpoint_WaitUntilReady
                0x0000000000006456       0x5e .build/obj_ergodox_ez_pydemia/lib/lufa/LUFA/Drivers/USB/Core/AVR8/Endpoint_AVR8.o
                0x0000000000006456                Endpoint_WaitUntilReady
 .text.USB_Disable
                0x00000000000064b4       0x34 .build/obj_ergodox_ez_pydemia/lib/lufa/LUFA/Drivers/USB/Core/AVR8/USBController_AVR8.o
                0x00000000000064b4                USB_Disable
 .text.USB_ResetInterface
                0x00000000000064e8       0x86 .build/obj_ergodox_ez_pydemia/lib/lufa/LUFA/Drivers/USB/Core/AVR8/USBController_AVR8.o
                0x00000000000064e8                USB_ResetInterface
 .text.USB_Init
                0x000000000000656e       0x22 .build/obj_ergodox_ez_pydemia/lib/lufa/LUFA/Drivers/USB/Core/AVR8/USBController_AVR8.o
                0x000000000000656e                USB_Init
 .text.USB_INT_DisableAllInterrupts
                0x0000000000006590       0x10 .build/obj_ergodox_ez_pydemia/lib/lufa/LUFA/Drivers/USB/Core/AVR8/USBInterrupt_AVR8.o
                0x0000000000006590                USB_INT_DisableAllInterrupts
 .text.USB_INT_ClearAllInterrupts
                0x00000000000065a0        0xa .build/obj_ergodox_ez_pydemia/lib/lufa/LUFA/Drivers/USB/Core/AVR8/USBInterrupt_AVR8.o
                0x00000000000065a0                USB_INT_ClearAllInterrupts
 .text.__vector_10
                0x00000000000065aa      0x1a6 .build/obj_ergodox_ez_pydemia/lib/lufa/LUFA/Drivers/USB/Core/AVR8/USBInterrupt_AVR8.o
                0x00000000000065aa                __vector_10
 .text.__vector_11
                0x0000000000006750       0x78 .build/obj_ergodox_ez_pydemia/lib/lufa/LUFA/Drivers/USB/Core/AVR8/USBInterrupt_AVR8.o
                0x0000000000006750                __vector_11
 .text.USB_Device_ProcessControlRequest
                0x00000000000067c8      0x2a4 .build/obj_ergodox_ez_pydemia/lib/lufa/LUFA/Drivers/USB/Core/DeviceStandardReq.o
                0x00000000000067c8                USB_Device_ProcessControlRequest
 .text.USB_Event_Stub
                0x0000000000006a6c        0x2 .build/obj_ergodox_ez_pydemia/lib/lufa/LUFA/Drivers/USB/Core/Events.o
                0x0000000000006a6c                USB_Event_Stub
                0x0000000000006a6c                EVENT_USB_Device_StartOfFrame
 .text.USB_USBTask
                0x0000000000006a6e       0x38 .build/obj_ergodox_ez_pydemia/lib/lufa/LUFA/Drivers/USB/Core/USBTask.o
                0x0000000000006a6e                USB_USBTask
 .text.libgcc.div
                0x0000000000006aa6       0x28 /usr/local/Cellar/avr-gcc/8.1.0/lib/avr-gcc/8/gcc/avr/8.1.0/avr5/libgcc.a(_udivmodhi4.o)
                0x0000000000006aa6                __udivmodhi4
 .text.libgcc.div
                0x0000000000006ace       0x28 /usr/local/Cellar/avr-gcc/8.1.0/lib/avr-gcc/8/gcc/avr/8.1.0/avr5/libgcc.a(_divmodhi4.o)
                0x0000000000006ace                __divmodhi4
                0x0000000000006ace                _div
 .text.libgcc   0x0000000000006af6        0xc /usr/local/Cellar/avr-gcc/8.1.0/lib/avr-gcc/8/gcc/avr/8.1.0/avr5/libgcc.a(_tablejump2.o)
                0x0000000000006af6                __tablejump2__
 .text.avr-libc
                0x0000000000006b02      0x254 /usr/local/Cellar/avr-gcc/8.1.0/lib/avr-gcc/8/gcc/avr/8.1.0/../../../../../../avr/lib/avr5/libc.a(malloc.o)
                0x0000000000006b02                malloc
                0x0000000000006c34                free
 .text.avr-libc
                0x0000000000006d56       0x1a /usr/local/Cellar/avr-gcc/8.1.0/lib/avr-gcc/8/gcc/avr/8.1.0/../../../../../../avr/lib/avr5/libc.a(memchr.o)
                0x0000000000006d56                memchr
 .text.avr-libc
                0x0000000000006d70       0x10 /usr/local/Cellar/avr-gcc/8.1.0/lib/avr-gcc/8/gcc/avr/8.1.0/../../../../../../avr/lib/avr5/libatmega32u4.a(eerd_byte.o)
                0x0000000000006d70                eeprom_read_byte
 .text.avr-libc
                0x0000000000006d80        0xc /usr/local/Cellar/avr-gcc/8.1.0/lib/avr-gcc/8/gcc/avr/8.1.0/../../../../../../avr/lib/avr5/libatmega32u4.a(eerd_dword.o)
                0x0000000000006d80                eeprom_read_dword
                0x0000000000006d80                eeprom_read_float
 .text.avr-libc
                0x0000000000006d8c        0xc /usr/local/Cellar/avr-gcc/8.1.0/lib/avr-gcc/8/gcc/avr/8.1.0/../../../../../../avr/lib/avr5/libatmega32u4.a(eerd_word.o)
                0x0000000000006d8c                eeprom_read_word
 .text.avr-libc
                0x0000000000006d98       0x24 /usr/local/Cellar/avr-gcc/8.1.0/lib/avr-gcc/8/gcc/avr/8.1.0/../../../../../../avr/lib/avr5/libatmega32u4.a(eeupd_byte.o)
                0x0000000000006d98                eeprom_update_byte
                0x0000000000006d9a                eeprom_update_r18
 .text.avr-libc
                0x0000000000006dbc       0x18 /usr/local/Cellar/avr-gcc/8.1.0/lib/avr-gcc/8/gcc/avr/8.1.0/../../../../../../avr/lib/avr5/libatmega32u4.a(eeupd_dword.o)
                0x0000000000006dbc                eeprom_update_dword
                0x0000000000006dbc                eeprom_update_float
 .text.avr-libc
                0x0000000000006dd4        0xc /usr/local/Cellar/avr-gcc/8.1.0/lib/avr-gcc/8/gcc/avr/8.1.0/../../../../../../avr/lib/avr5/libatmega32u4.a(eeupd_word.o)
                0x0000000000006dd4                eeprom_update_word
 .text.avr-libc
                0x0000000000006de0       0x20 /usr/local/Cellar/avr-gcc/8.1.0/lib/avr-gcc/8/gcc/avr/8.1.0/../../../../../../avr/lib/avr5/libatmega32u4.a(eerd_block.o)
                0x0000000000006de0                eeprom_read_block
                0x0000000000006de4                eeprom_read_blraw
                0x0000000000006e00                . = ALIGN (0x2)
 *(.fini9)
 .fini9         0x0000000000006e00        0x0 /usr/local/Cellar/avr-gcc/8.1.0/lib/avr-gcc/8/gcc/avr/8.1.0/avr5/libgcc.a(_exit.o)
                0x0000000000006e00                exit
                0x0000000000006e00                _exit
 *(.fini9)
 *(.fini8)
 *(.fini8)
 *(.fini7)
 *(.fini7)
 *(.fini6)
 *(.fini6)
 *(.fini5)
 *(.fini5)
 *(.fini4)
 *(.fini4)
 *(.fini3)
 *(.fini3)
 *(.fini2)
 *(.fini2)
 *(.fini1)
 *(.fini1)
 *(.fini0)
 .fini0         0x0000000000006e00        0x4 /usr/local/Cellar/avr-gcc/8.1.0/lib/avr-gcc/8/gcc/avr/8.1.0/avr5/libgcc.a(_exit.o)
 *(.fini0)
 *(.hightext)
 *(.hightext*)
 *(.progmemx.*)
                0x0000000000006e04                . = ALIGN (0x2)
 *(.jumptables)
 *(.jumptables*)
 .jumptables.gcc.action_get_macro
                0x0000000000006e04       0x28 .build/obj_ergodox_ez_pydemia/keyboards/ergodox_ez/keymaps/pydemia/keymap.o
 .jumptables.gcc.process_record_quantum
                0x0000000000006e2c       0x24 .build/obj_ergodox_ez_pydemia/quantum/quantum.o
 .jumptables.gcc.process_action
                0x0000000000006e50       0x4a .build/obj_ergodox_ez_pydemia/common/action.o
 .jumptables.gcc.is_tap_action
                0x0000000000006e9a       0x1c .build/obj_ergodox_ez_pydemia/common/action.o
 .jumptables.gcc.command_common
                0x0000000000006eb6       0x7e .build/obj_ergodox_ez_pydemia/common/command.o
 .jumptables.gcc.USB_Device_ProcessControlRequest
                0x0000000000006f34       0x14 .build/obj_ergodox_ez_pydemia/lib/lufa/LUFA/Drivers/USB/Core/DeviceStandardReq.o
                0x0000000000006f48                _etext = .

.data           0x0000000000800100      0x31e load address 0x0000000000006f48
                0x0000000000800100                PROVIDE (__data_start = .)
 *(.data)
 .data          0x0000000000800100        0x6 /usr/local/Cellar/avr-gcc/8.1.0/lib/avr-gcc/8/gcc/avr/8.1.0/../../../../../../avr/lib/avr5/libc.a(malloc.o)
                0x0000000000800100                __malloc_heap_end
                0x0000000000800102                __malloc_heap_start
                0x0000000000800104                __malloc_margin
 *(.data*)
 .data.mcp23018_status
                0x0000000000800106        0x2 .build/obj_ergodox_ez_pydemia/keyboards/ergodox_ez/ergodox_ez.o
                0x0000000000800106                mcp23018_status
 .data.tap_dance_actions
                0x0000000000800108      0x1ce .build/obj_ergodox_ez_pydemia/keyboards/ergodox_ez/keymaps/pydemia/keymap.o
                0x0000000000800108                tap_dance_actions
 .data.__compound_literal.19
                0x00000000008002d6        0x4 .build/obj_ergodox_ez_pydemia/keyboards/ergodox_ez/keymaps/pydemia/keymap.o
 .data.__compound_literal.18
                0x00000000008002da        0x4 .build/obj_ergodox_ez_pydemia/keyboards/ergodox_ez/keymaps/pydemia/keymap.o
 .data.__compound_literal.17
                0x00000000008002de        0x4 .build/obj_ergodox_ez_pydemia/keyboards/ergodox_ez/keymaps/pydemia/keymap.o
 .data.__compound_literal.16
                0x00000000008002e2        0x4 .build/obj_ergodox_ez_pydemia/keyboards/ergodox_ez/keymaps/pydemia/keymap.o
 .data.__compound_literal.15
                0x00000000008002e6        0x4 .build/obj_ergodox_ez_pydemia/keyboards/ergodox_ez/keymaps/pydemia/keymap.o
 .data.__compound_literal.14
                0x00000000008002ea        0x4 .build/obj_ergodox_ez_pydemia/keyboards/ergodox_ez/keymaps/pydemia/keymap.o
 .data.__compound_literal.13
                0x00000000008002ee        0x4 .build/obj_ergodox_ez_pydemia/keyboards/ergodox_ez/keymaps/pydemia/keymap.o
 .data.__compound_literal.12
                0x00000000008002f2        0x4 .build/obj_ergodox_ez_pydemia/keyboards/ergodox_ez/keymaps/pydemia/keymap.o
 .data.__compound_literal.11
                0x00000000008002f6        0x4 .build/obj_ergodox_ez_pydemia/keyboards/ergodox_ez/keymaps/pydemia/keymap.o
 .data.__compound_literal.10
                0x00000000008002fa        0x4 .build/obj_ergodox_ez_pydemia/keyboards/ergodox_ez/keymaps/pydemia/keymap.o
 .data.__compound_literal.9
                0x00000000008002fe        0x4 .build/obj_ergodox_ez_pydemia/keyboards/ergodox_ez/keymaps/pydemia/keymap.o
 .data.__compound_literal.8
                0x0000000000800302        0x4 .build/obj_ergodox_ez_pydemia/keyboards/ergodox_ez/keymaps/pydemia/keymap.o
 .data.__compound_literal.7
                0x0000000000800306        0x4 .build/obj_ergodox_ez_pydemia/keyboards/ergodox_ez/keymaps/pydemia/keymap.o
 .data.__compound_literal.6
                0x000000000080030a        0x4 .build/obj_ergodox_ez_pydemia/keyboards/ergodox_ez/keymaps/pydemia/keymap.o
 .data.__compound_literal.5
                0x000000000080030e        0x4 .build/obj_ergodox_ez_pydemia/keyboards/ergodox_ez/keymaps/pydemia/keymap.o
 .data.__compound_literal.4
                0x0000000000800312        0x4 .build/obj_ergodox_ez_pydemia/keyboards/ergodox_ez/keymaps/pydemia/keymap.o
 .data.__compound_literal.3
                0x0000000000800316        0x4 .build/obj_ergodox_ez_pydemia/keyboards/ergodox_ez/keymaps/pydemia/keymap.o
 .data.__compound_literal.2
                0x000000000080031a        0x4 .build/obj_ergodox_ez_pydemia/keyboards/ergodox_ez/keymaps/pydemia/keymap.o
 .data.__compound_literal.1
                0x000000000080031e        0x4 .build/obj_ergodox_ez_pydemia/keyboards/ergodox_ez/keymaps/pydemia/keymap.o
 .data.__compound_literal.0
                0x0000000000800322        0x4 .build/obj_ergodox_ez_pydemia/keyboards/ergodox_ez/keymaps/pydemia/keymap.o
 .data.increment.3178
                0x0000000000800326        0x1 .build/obj_ergodox_ez_pydemia/quantum/rgblight.o
 .data.high_bound.3177
                0x0000000000800327        0x1 .build/obj_ergodox_ez_pydemia/quantum/rgblight.o
 .data.clipping_num_leds
                0x0000000000800328        0x1 .build/obj_ergodox_ez_pydemia/quantum/rgblight.o
 .data.static_effect_table
                0x0000000000800329        0xb .build/obj_ergodox_ez_pydemia/quantum/rgblight.o
 .data.highest_td
                0x0000000000800334        0x1 .build/obj_ergodox_ez_pydemia/quantum/process_keycode/process_tap_dance.o
 .data.keyboard_report
                0x0000000000800335        0x2 .build/obj_ergodox_ez_pydemia/common/action_util.o
                0x0000000000800335                keyboard_report
 .data.mk_wheel_time_to_max
                0x0000000000800337        0x1 .build/obj_ergodox_ez_pydemia/common/mousekey.o
                0x0000000000800337                mk_wheel_time_to_max
 .data.mk_wheel_max_speed
                0x0000000000800338        0x1 .build/obj_ergodox_ez_pydemia/common/mousekey.o
                0x0000000000800338                mk_wheel_max_speed
 .data.mk_time_to_max
                0x0000000000800339        0x1 .build/obj_ergodox_ez_pydemia/common/mousekey.o
                0x0000000000800339                mk_time_to_max
 .data.mk_max_speed
                0x000000000080033a        0x1 .build/obj_ergodox_ez_pydemia/common/mousekey.o
                0x000000000080033a                mk_max_speed
 .data.mk_interval
                0x000000000080033b        0x1 .build/obj_ergodox_ez_pydemia/common/mousekey.o
                0x000000000080033b                mk_interval
 .data.lufa_driver
                0x000000000080033c        0xa .build/obj_ergodox_ez_pydemia/lufa.o
                0x000000000080033c                lufa_driver
 .data.keyboard_protocol
                0x0000000000800346        0x1 .build/obj_ergodox_ez_pydemia/lufa.o
                0x0000000000800346                keyboard_protocol
 *(.gnu.linkonce.d*)
 *(.rodata)
 *(.rodata*)
 .rodata.hand_swap_config
                0x0000000000800347       0xa8 .build/obj_ergodox_ez_pydemia/keyboards/ergodox_ez/ergodox_ez.o
                0x0000000000800347                hand_swap_config
 .rodata.mode_base_table
                0x00000000008003ef       0x25 .build/obj_ergodox_ez_pydemia/quantum/rgblight.o
 .rodata.CSWTCH.34
                0x0000000000800414        0xa .build/obj_ergodox_ez_pydemia/common/command.o
 *(.gnu.linkonce.r*)
                0x000000000080041e                . = ALIGN (0x2)
                0x000000000080041e                _edata = .
                0x000000000080041e                PROVIDE (__data_end = .)

.bss            0x000000000080041e      0x187
                0x000000000080041e                PROVIDE (__bss_start = .)
 *(.bss)
 *(.bss*)
 .bss.mcp23018_reset_loop
                0x000000000080041e        0x1 .build/obj_ergodox_ez_pydemia/matrix.o
 .bss.matrix    0x000000000080041f        0xe .build/obj_ergodox_ez_pydemia/matrix.o
 .bss.raw_matrix
                0x000000000080042d        0xe .build/obj_ergodox_ez_pydemia/matrix.o
 .bss.i2c_initialized
                0x000000000080043b        0x1 .build/obj_ergodox_ez_pydemia/keyboards/ergodox_ez/ergodox_ez.o
                0x000000000080043b                i2c_initialized
 .bss.grave_esc_was_shifted
                0x000000000080043c        0x1 .build/obj_ergodox_ez_pydemia/quantum/quantum.o
 .bss.counters_need_update
                0x000000000080043d        0x1 .build/obj_ergodox_ez_pydemia/quantum/debounce/eager_pr.o
 .bss.debounce_counters
                0x000000000080043e        0x2 .build/obj_ergodox_ez_pydemia/quantum/debounce/eager_pr.o
 .bss.maxval.3199
                0x0000000000800440        0x1 .build/obj_ergodox_ez_pydemia/quantum/rgblight.o
 .bss.low_bound.3176
                0x0000000000800441        0x1 .build/obj_ergodox_ez_pydemia/quantum/rgblight.o
 .bss.pos.3161  0x0000000000800442        0x1 .build/obj_ergodox_ez_pydemia/quantum/rgblight.o
 .bss.clipping_start_pos
                0x0000000000800443        0x1 .build/obj_ergodox_ez_pydemia/quantum/rgblight.o
 .bss.animation_status
                0x0000000000800444        0x6 .build/obj_ergodox_ez_pydemia/quantum/rgblight.o
                0x0000000000800444                animation_status
 .bss.is_rgblight_initialized
                0x000000000080044a        0x1 .build/obj_ergodox_ez_pydemia/quantum/rgblight.o
                0x000000000080044a                is_rgblight_initialized
 .bss.rgblight_status
                0x000000000080044b        0x2 .build/obj_ergodox_ez_pydemia/quantum/rgblight.o
                0x000000000080044b                rgblight_status
 .bss.last_td   0x000000000080044d        0x2 .build/obj_ergodox_ez_pydemia/quantum/process_keycode/process_tap_dance.o
 .bss.sc_timer  0x000000000080044f        0x2 .build/obj_ergodox_ez_pydemia/quantum/process_keycode/process_space_cadet.o
 .bss.sc_last   0x0000000000800451        0x1 .build/obj_ergodox_ez_pydemia/quantum/process_keycode/process_space_cadet.o
 .bss.last_consumer_report
                0x0000000000800452        0x2 .build/obj_ergodox_ez_pydemia/common/host.o
 .bss.last_system_report
                0x0000000000800454        0x2 .build/obj_ergodox_ez_pydemia/common/host.o
 .bss.driver    0x0000000000800456        0x2 .build/obj_ergodox_ez_pydemia/common/host.o
 .bss.led_status.5638
                0x0000000000800458        0x1 .build/obj_ergodox_ez_pydemia/common/keyboard.o
 .bss.matrix_prev.5637
                0x0000000000800459        0xe .build/obj_ergodox_ez_pydemia/common/keyboard.o
 .bss.swap_state.4990
                0x0000000000800467        0xe .build/obj_ergodox_ez_pydemia/common/action.o
 .bss.disable_action_cache
                0x0000000000800475        0x1 .build/obj_ergodox_ez_pydemia/common/action.o
                0x0000000000800475                disable_action_cache
 .bss.swap_held
                0x0000000000800476        0x1 .build/obj_ergodox_ez_pydemia/common/action.o
                0x0000000000800476                swap_held
 .bss.swap_hands
                0x0000000000800477        0x1 .build/obj_ergodox_ez_pydemia/common/action.o
                0x0000000000800477                swap_hands
 .bss.waiting_buffer_tail
                0x0000000000800478        0x1 .build/obj_ergodox_ez_pydemia/common/action_tapping.o
 .bss.waiting_buffer_head
                0x0000000000800479        0x1 .build/obj_ergodox_ez_pydemia/common/action_tapping.o
 .bss.waiting_buffer
                0x000000000080047a       0x30 .build/obj_ergodox_ez_pydemia/common/action_tapping.o
 .bss.tapping_key
                0x00000000008004aa        0x6 .build/obj_ergodox_ez_pydemia/common/action_tapping.o
 .bss.source_layers_cache
                0x00000000008004b0       0x37 .build/obj_ergodox_ez_pydemia/common/action_layer.o
                0x00000000008004b0                source_layers_cache
 .bss.layer_state
                0x00000000008004e7        0x4 .build/obj_ergodox_ez_pydemia/common/action_layer.o
                0x00000000008004e7                layer_state
 .bss.default_layer_state
                0x00000000008004eb        0x4 .build/obj_ergodox_ez_pydemia/common/action_layer.o
                0x00000000008004eb                default_layer_state
 .bss.oneshot_layer_data
                0x00000000008004ef        0x1 .build/obj_ergodox_ez_pydemia/common/action_util.o
 .bss.oneshot_mods
                0x00000000008004f0        0x1 .build/obj_ergodox_ez_pydemia/common/action_util.o